Archive member included because of file (symbol)

/opt/local/lib/gcc/arm-elf/4.3.2/../../../../arm-elf/lib/libc.a(lib_a-malloc.o)
                              ../lib/fat16.o (free)
/opt/local/lib/gcc/arm-elf/4.3.2/../../../../arm-elf/lib/libc.a(lib_a-mallocr.o)
                              /opt/local/lib/gcc/arm-elf/4.3.2/../../../../arm-elf/lib/libc.a(lib_a-malloc.o) (_malloc_r)
/opt/local/lib/gcc/arm-elf/4.3.2/../../../../arm-elf/lib/libc.a(lib_a-memcpy.o)
                              ../lib/sd_raw.o (memcpy)
/opt/local/lib/gcc/arm-elf/4.3.2/../../../../arm-elf/lib/libc.a(lib_a-memset.o)
                              ../lib/sd_raw.o (memset)
/opt/local/lib/gcc/arm-elf/4.3.2/../../../../arm-elf/lib/libc.a(lib_a-mlock.o)
                              /opt/local/lib/gcc/arm-elf/4.3.2/../../../../arm-elf/lib/libc.a(lib_a-mallocr.o) (__malloc_lock)
/opt/local/lib/gcc/arm-elf/4.3.2/../../../../arm-elf/lib/libc.a(lib_a-strchr.o)
                              ../lib/fat16.o (strchr)
/opt/local/lib/gcc/arm-elf/4.3.2/../../../../arm-elf/lib/libc.a(lib_a-strcmp.o)
                              ../lib/fat16.o (strcmp)
/opt/local/lib/gcc/arm-elf/4.3.2/../../../../arm-elf/lib/libc.a(lib_a-strlen.o)
                              ../lib/fat16.o (strlen)
/opt/local/lib/gcc/arm-elf/4.3.2/../../../../arm-elf/lib/libc.a(lib_a-strncmp.o)
                              ../lib/fat16.o (strncmp)
/opt/local/lib/gcc/arm-elf/4.3.2/../../../../arm-elf/lib/libc.a(lib_a-strncpy.o)
                              ../lib/fat16.o (strncpy)
/opt/local/lib/gcc/arm-elf/4.3.2/../../../../arm-elf/lib/libc.a(lib_a-strrchr.o)
                              ../lib/fat16.o (strrchr)
/opt/local/lib/gcc/arm-elf/4.3.2/../../../../arm-elf/lib/libc.a(lib_a-freer.o)
                              /opt/local/lib/gcc/arm-elf/4.3.2/../../../../arm-elf/lib/libc.a(lib_a-malloc.o) (_free_r)
/opt/local/lib/gcc/arm-elf/4.3.2/../../../../arm-elf/lib/libc.a(lib_a-impure.o)
                              /opt/local/lib/gcc/arm-elf/4.3.2/../../../../arm-elf/lib/libc.a(lib_a-malloc.o) (_impure_ptr)
/opt/local/lib/gcc/arm-elf/4.3.2/libgcc.a(_udivsi3.o)
                              ../lib/rprintf.o (__udivsi3)
/opt/local/lib/gcc/arm-elf/4.3.2/libgcc.a(_divsi3.o)
                              main.o (__divsi3)
/opt/local/lib/gcc/arm-elf/4.3.2/libgcc.a(_umodsi3.o)
                              ../lib/rprintf.o (__umodsi3)
/opt/local/lib/gcc/arm-elf/4.3.2/libgcc.a(_modsi3.o)
                              main.o (__modsi3)
/opt/local/lib/gcc/arm-elf/4.3.2/libgcc.a(_dvmd_tls.o)
                              /opt/local/lib/gcc/arm-elf/4.3.2/libgcc.a(_udivsi3.o) (__div0)

Allocating common symbols
Common symbol       size              file

fs                  0x4               ../lib/rootdir.o
dir_entry           0x2c              ../lib/rootdir.o
fd                  0x4               ../lib/rootdir.o
partition           0x4               ../lib/rootdir.o
dd                  0x4               ../lib/rootdir.o

Memory Configuration

Name             Origin             Length             Attributes
ROM              0x00010000         0x0005f000         xr
RAM              0x40000000         0x00008000         rw
*default*        0x00000000         0xffffffff

Linker script and memory map

LOAD Startup.o
LOAD main.o
LOAD ../lib/syscalls.o
LOAD ../lib/rprintf.o
LOAD ../lib/serial.o
LOAD ../lib/spi0.o
LOAD ../lib/rootdir.o
LOAD ../lib/sd_raw.o
LOAD ../lib/fat16.o
LOAD ../lib/partition.o
LOAD ../lib/MMA7260.o
LOAD ../lib/LCD_driver.o
LOAD ../lib/vs1002.o
LOAD ../lib/NS73.o
LOAD ../Bootloader/LPCUSB/main_msc.o
LOAD ../Bootloader/LPCUSB/msc_bot.o
LOAD ../Bootloader/LPCUSB/msc_scsi.o
LOAD ../Bootloader/LPCUSB/blockdev_sd.o
LOAD ../Bootloader/LPCUSB/lpc2000_spi.o
LOAD ../Bootloader/LPCUSB/usbinit.o
LOAD ../Bootloader/LPCUSB/usbhw_lpc.o
LOAD ../Bootloader/LPCUSB/usbcontrol.o
LOAD ../Bootloader/LPCUSB/usbstdreq.o
LOAD /opt/local/lib/gcc/arm-elf/4.3.2/../../../../arm-elf/lib/libc.a
LOAD /opt/local/lib/gcc/arm-elf/4.3.2/../../../../arm-elf/lib/libm.a
LOAD /opt/local/lib/gcc/arm-elf/4.3.2/../../../../arm-elf/lib/libc.a
LOAD /opt/local/lib/gcc/arm-elf/4.3.2/libgcc.a
START GROUP
LOAD /opt/local/lib/gcc/arm-elf/4.3.2/libgcc.a
LOAD /opt/local/lib/gcc/arm-elf/4.3.2/../../../../arm-elf/lib/libg.a
LOAD /opt/local/lib/gcc/arm-elf/4.3.2/../../../../arm-elf/lib/libc.a
END GROUP

.text           0x00010000     0x97d8
 *(.vectorg)
 .vectorg       0x00010000       0x98 Startup.o
                0x00010050                __IRQ_Wrapper
                0x00010098                . = ALIGN (0x4)
 *(.init)
 .init          0x00010098       0xfc Startup.o
                0x00010164                __exit_THUMB
                0x00010098                __startup
                0x00010160                __exit_ARM
 *(.text .text.*)
 .text          0x00010194        0x0 Startup.o
 .text          0x00010194     0x1a8c main.o
                0x00010470                isUSBConnected
                0x00011500                bootUp
                0x00010570                enableUIInterrupt
                0x0001103c                stopMP3Player
                0x0001054c                enableMP3Interrupt
                0x00010560                disableMP3Interrupt
                0x000111a8                handleMiddleButton
                0x000103a4                reset
                0x00010458                deselectRadio
                0x000105b4                exclusiveUIInterrupt
                0x00010ba8                raiseVolume
                0x00010484                initializeUITimer
                0x00010f8c                initializeRadio
                0x00010af4                lowerVolume
                0x000107fc                highlightRow
                0x000105f4                displayRadioMenu
                0x00010d5c                initializeMP3Player
                0x000103f0                selectSD
                0x00010954                handleUpButton
                0x00010ed0                enableRadio
                0x000101f8                getNewFiles
                0x000108d8                handleDownButton
                0x00010e18                disableRadio
                0x000116c8                main
                0x00010194                delay_ms
                0x00010424                selectRadio
                0x00010584                disableUIInterrupt
                0x000105c4                initializeLEDs
                0x00010c54                sendMP3Data
                0x000102dc                fillSettings
                0x000103d4                initializeSPI
                0x00010730                printMenu
                0x00010ad0                splashScreen
                0x00011004                closeSong
                0x000101bc                getButton
                0x00010408                selectLCD
                0x0001053c                stopAllInterrupts
                0x000104ec                initializeInterrupts
                0x000110d0                loadSongInfo
                0x00010dbc                setRadioFrequency
                0x00010a90                clearScreen
                0x00010664                quickClear
                0x00010cf4                startMP3Player
                0x00010d80                changeRadioFrequency
                0x000104bc                initializeMP3Timer
 .text          0x00011c20       0x64 ../lib/syscalls.o
                0x00011c38                _lseek_r
                0x00011c40                _fstat_r
                0x00011c50                isatty
                0x00011c58                _sbrk_r
                0x00011c20                _read_r
                0x00011c30                _close_r
                0x00011c28                _write_r
 .text          0x00011c84      0x2c8 ../lib/rprintf.o
                0x00011c84                rprintf_devopen
                0x00011cd4                rprintf
 .text          0x00011f4c      0x114 ../lib/serial.o
                0x00012028                getkey_serial0
                0x00012000                putstring_serial0
                0x00012044                getc0
                0x00011f4c                init_serial0
                0x00011fa0                putchar_serial0
                0x00011fe0                putc_serial0
 .text          0x00012060       0x4c ../lib/spi0.o
                0x00012090                SPI0_recv
                0x00012060                SPI0_send_recv
                0x000120a4                SPI0_send
 .text          0x000120ac      0x484 ../lib/rootdir.o
                0x000123c4                root_disk_info
                0x000120ac                root_file_exists
                0x00012184                rootDirectory_files
                0x000120e0                root_delete
                0x00012130                root_format
                0x00012400                root_open_new
                0x00012234                rootDirectory_files_stream
                0x000122b8                print_disk_info
                0x000123d4                root_open
                0x00012448                openroot
 .text          0x00012530      0xc74 ../lib/sd_raw.o
                0x00012530                sd_raw_available
                0x00012934                sd_raw_read
                0x00012fc4                format_card
                0x00012da0                sd_raw_init
                0x00012cf0                sd_raw_read_interval
                0x00012678                SDoff
                0x000126a0                sd_raw_get_info
                0x00012ca8                sd_raw_sync
                0x00012564                sd_raw_locked
                0x00012a94                sd_raw_write
 .text          0x000131a4     0x1860 ../lib/fat16.o
                0x00013f48                fat16_resize_file
                0x00013c60                find_file_in_dir
                0x000143c4                fat16_close
                0x00013850                fat16_reset_dir
                0x0001386c                fat16_delete_file
                0x0001393c                fat16_get_fs_free
                0x00013a48                fat16_read_dir
                0x000140ec                fat16_seek_file
                0x00013918                fat16_get_fs_size
                0x000143b0                fat16_close_file
                0x00014458                fat16_open_file
                0x000136b4                fat16_read_file
                0x00014640                fat16_open
                0x00014834                fat16_create_file
                0x000144d8                open_file_in_dir
                0x0001451c                fat16_get_dir_entry_of_path
                0x00014184                fat16_write_file
                0x000143d8                fat16_open_dir
                0x0001439c                fat16_close_dir
                0x00013a40                fat16_file_size
 .text          0x00014a04      0x130 ../lib/partition.o
                0x00014a04                partition_close
                0x00014a24                partition_open
 .text          0x00014b34       0xcc ../lib/MMA7260.o
                0x00014b90                MMA_get_x
                0x00014b88                MMA_get_y
                0x00014b98                MMA_change_mode
                0x00014b80                MMA_get_z
 .text          0x00014c00      0xa24 ../lib/LCD_driver.o
                0x00015420                LCDContrast
                0x00014e1c                LCDPrintLogo
                0x0001543c                LCDInit
                0x0001501c                LCDPrintString
                0x00014d24                LCDClear
                0x00015364                LCDSetRowColor
 .text          0x00015624      0x270 ../lib/vs1002.o
                0x0001583c                vs1002SetVolume
                0x0001574c                vs1002SCIWrite
                0x00015624                vs1002Config
                0x000156e4                vs1002SineTest
                0x0001564c                vs1002Finish
                0x00015698                vs1002SendMusic
                0x000157e0                vs1002SCIRead
                0x000157a4                vs1002Mute
                0x00015668                vs1002Reset
                0x000157b4                vs1002Init
 .text          0x00015894      0x31c ../lib/NS73.o
                0x00015ae8                ns73Init
                0x00015a9c                ns73SetChannel
                0x00015b64                ns73Config
                0x00015990                ns73Send
                0x00015894                ns73SerialReset
 .text          0x00015bb0      0x110 ../Bootloader/LPCUSB/main_msc.o
                0x00015bb0                main_msc
 .text          0x00015cc0      0x418 ../Bootloader/LPCUSB/msc_bot.o
                0x00015e0c                MSCBotBulkIn
                0x000160b8                MSCBotReset
                0x00015e70                MSCBotBulkOut
 .text          0x000160d8      0x358 ../Bootloader/LPCUSB/msc_scsi.o
                0x00016220                SCSIHandleData
                0x000160ec                SCSIHandleCmd
                0x000160d8                SCSIReset
 .text          0x00016430      0x510 ../Bootloader/LPCUSB/blockdev_sd.o
                0x000166cc                BlockDevRead
                0x00016760                BlockDevInit
                0x00016520                BlockDevGetSize
                0x000164bc                BlockDevWrite
 .text          0x00016940      0x1e8 ../Bootloader/LPCUSB/lpc2000_spi.o
                0x00016940                SPISetSpeed
                0x00016a68                SPIInit
                0x00016a04                SPIRecvN
                0x0001695c                SPISend
                0x000169a8                SPISendN
 .text          0x00016b28       0x74 ../Bootloader/LPCUSB/usbinit.o
                0x00016b2c                USBInit
 .text          0x00016b9c      0x558 ../Bootloader/LPCUSB/usbhw_lpc.o
                0x00016e54                USBHwEPRead
                0x00016f08                USBHwISR
                0x00016dcc                USBHwEPWrite
                0x00016c6c                USBHwEPConfig
                0x00016d5c                USBHwSetAddress
                0x00016d6c                USBHwConnect
                0x00016dac                USBHwEPStall
                0x00016d14                USBHwRegisterDevIntHandler
                0x00016cc8                USBHwRegisterEPIntHandler
                0x00016ef8                USBHwConfigDevice
                0x00016d7c                USBHwNakIntEnable
                0x00017030                USBHwInit
                0x00016d38                USBHwRegisterFrameHandler
                0x00016d88                USBHwEPGetStatus
 .text          0x000170f4      0x210 ../Bootloader/LPCUSB/usbcontrol.o
                0x000171b8                USBHandleControlTransfer
                0x00017134                USBRegisterRequestHandler
 .text          0x00017304      0x31c ../Bootloader/LPCUSB/usbstdreq.o
                0x00017314                USBGetDescriptor
                0x00017398                USBRegisterCustomReqHandler
                0x00017304                USBRegisterDescriptors
                0x000173a8                USBHandleStandardRequest
 .text          0x00017620       0x28 /opt/local/lib/gcc/arm-elf/4.3.2/../../../../arm-elf/lib/libc.a(lib_a-malloc.o)
                0x00017634                malloc
                0x00017620                free
 .text          0x00017648      0x734 /opt/local/lib/gcc/arm-elf/4.3.2/../../../../arm-elf/lib/libc.a(lib_a-mallocr.o)
                0x00017648                _malloc_r
 .text          0x00017d7c       0xfc /opt/local/lib/gcc/arm-elf/4.3.2/../../../../arm-elf/lib/libc.a(lib_a-memcpy.o)
                0x00017d7c                memcpy
 .text          0x00017e78       0xd0 /opt/local/lib/gcc/arm-elf/4.3.2/../../../../arm-elf/lib/libc.a(lib_a-memset.o)
                0x00017e78                memset
 .text          0x00017f48        0x8 /opt/local/lib/gcc/arm-elf/4.3.2/../../../../arm-elf/lib/libc.a(lib_a-mlock.o)
                0x00017f4c                __malloc_unlock
                0x00017f48                __malloc_lock
 .text          0x00017f50      0x134 /opt/local/lib/gcc/arm-elf/4.3.2/../../../../arm-elf/lib/libc.a(lib_a-strchr.o)
                0x00017f50                strchr
 .text          0x00018084       0xe8 /opt/local/lib/gcc/arm-elf/4.3.2/../../../../arm-elf/lib/libc.a(lib_a-strcmp.o)
                0x00018084                strcmp
 .text          0x0001816c       0x9c /opt/local/lib/gcc/arm-elf/4.3.2/../../../../arm-elf/lib/libc.a(lib_a-strlen.o)
                0x0001816c                strlen
 .text          0x00018208      0x144 /opt/local/lib/gcc/arm-elf/4.3.2/../../../../arm-elf/lib/libc.a(lib_a-strncmp.o)
                0x00018208                strncmp
 .text          0x0001834c      0x10c /opt/local/lib/gcc/arm-elf/4.3.2/../../../../arm-elf/lib/libc.a(lib_a-strncpy.o)
                0x0001834c                strncpy
 .text          0x00018458       0x44 /opt/local/lib/gcc/arm-elf/4.3.2/../../../../arm-elf/lib/libc.a(lib_a-strrchr.o)
                0x00018458                strrchr
 .text          0x0001849c      0x370 /opt/local/lib/gcc/arm-elf/4.3.2/../../../../arm-elf/lib/libc.a(lib_a-freer.o)
                0x00018594                _free_r
                0x0001849c                _malloc_trim_r
 .text          0x0001880c        0x0 /opt/local/lib/gcc/arm-elf/4.3.2/../../../../arm-elf/lib/libc.a(lib_a-impure.o)
 .text          0x0001880c      0x110 /opt/local/lib/gcc/arm-elf/4.3.2/libgcc.a(_udivsi3.o)
                0x0001880c                __udivsi3
                0x0001880c                __aeabi_uidiv
                0x00018904                __aeabi_uidivmod
 .text          0x0001891c      0x140 /opt/local/lib/gcc/arm-elf/4.3.2/libgcc.a(_divsi3.o)
                0x0001891c                __aeabi_idiv
                0x0001891c                __divsi3
                0x00018a44                __aeabi_idivmod
 .text          0x00018a5c       0xcc /opt/local/lib/gcc/arm-elf/4.3.2/libgcc.a(_umodsi3.o)
                0x00018a5c                __umodsi3
 .text          0x00018b28       0xe4 /opt/local/lib/gcc/arm-elf/4.3.2/libgcc.a(_modsi3.o)
                0x00018b28                __modsi3
 .text          0x00018c0c        0x4 /opt/local/lib/gcc/arm-elf/4.3.2/libgcc.a(_dvmd_tls.o)
                0x00018c0c                __aeabi_ldiv0
                0x00018c0c                __div0
                0x00018c0c                __aeabi_idiv0
 *(.gnu.linkonce.t.*)
 *(.glue_7)
 .glue_7        0x00018c10        0x0 Startup.o
 .glue_7        0x00018c10        0x0 main.o
 .glue_7        0x00018c10        0x0 ../lib/syscalls.o
 .glue_7        0x00018c10        0x0 ../lib/rprintf.o
 .glue_7        0x00018c10        0x0 ../lib/serial.o
 .glue_7        0x00018c10        0x0 ../lib/spi0.o
 .glue_7        0x00018c10        0x0 ../lib/rootdir.o
 .glue_7        0x00018c10        0x0 ../lib/sd_raw.o
 .glue_7        0x00018c10        0x0 ../lib/fat16.o
 .glue_7        0x00018c10        0x0 ../lib/partition.o
 .glue_7        0x00018c10        0x0 ../lib/MMA7260.o
 .glue_7        0x00018c10        0x0 ../lib/LCD_driver.o
 .glue_7        0x00018c10        0x0 ../lib/vs1002.o
 .glue_7        0x00018c10        0x0 ../lib/NS73.o
 .glue_7        0x00018c10        0x0 ../Bootloader/LPCUSB/main_msc.o
 .glue_7        0x00018c10        0x0 ../Bootloader/LPCUSB/msc_bot.o
 .glue_7        0x00018c10        0x0 ../Bootloader/LPCUSB/msc_scsi.o
 .glue_7        0x00018c10        0x0 ../Bootloader/LPCUSB/blockdev_sd.o
 .glue_7        0x00018c10        0x0 ../Bootloader/LPCUSB/lpc2000_spi.o
 .glue_7        0x00018c10        0x0 ../Bootloader/LPCUSB/usbinit.o
 .glue_7        0x00018c10        0x0 ../Bootloader/LPCUSB/usbhw_lpc.o
 .glue_7        0x00018c10        0x0 ../Bootloader/LPCUSB/usbcontrol.o
 .glue_7        0x00018c10        0x0 ../Bootloader/LPCUSB/usbstdreq.o
 .glue_7        0x00018c10        0x0 /opt/local/lib/gcc/arm-elf/4.3.2/../../../../arm-elf/lib/libc.a(lib_a-malloc.o)
 .glue_7        0x00018c10        0x0 /opt/local/lib/gcc/arm-elf/4.3.2/../../../../arm-elf/lib/libc.a(lib_a-mallocr.o)
 .glue_7        0x00018c10        0x0 /opt/local/lib/gcc/arm-elf/4.3.2/../../../../arm-elf/lib/libc.a(lib_a-memcpy.o)
 .glue_7        0x00018c10        0x0 /opt/local/lib/gcc/arm-elf/4.3.2/../../../../arm-elf/lib/libc.a(lib_a-memset.o)
 .glue_7        0x00018c10        0x0 /opt/local/lib/gcc/arm-elf/4.3.2/../../../../arm-elf/lib/libc.a(lib_a-mlock.o)
 .glue_7        0x00018c10        0x0 /opt/local/lib/gcc/arm-elf/4.3.2/../../../../arm-elf/lib/libc.a(lib_a-strchr.o)
 .glue_7        0x00018c10        0x0 /opt/local/lib/gcc/arm-elf/4.3.2/../../../../arm-elf/lib/libc.a(lib_a-strcmp.o)
 .glue_7        0x00018c10        0x0 /opt/local/lib/gcc/arm-elf/4.3.2/../../../../arm-elf/lib/libc.a(lib_a-strlen.o)
 .glue_7        0x00018c10        0x0 /opt/local/lib/gcc/arm-elf/4.3.2/../../../../arm-elf/lib/libc.a(lib_a-strncmp.o)
 .glue_7        0x00018c10        0x0 /opt/local/lib/gcc/arm-elf/4.3.2/../../../../arm-elf/lib/libc.a(lib_a-strncpy.o)
 .glue_7        0x00018c10        0x0 /opt/local/lib/gcc/arm-elf/4.3.2/../../../../arm-elf/lib/libc.a(lib_a-strrchr.o)
 .glue_7        0x00018c10        0x0 /opt/local/lib/gcc/arm-elf/4.3.2/../../../../arm-elf/lib/libc.a(lib_a-freer.o)
 .glue_7        0x00018c10        0x0 /opt/local/lib/gcc/arm-elf/4.3.2/../../../../arm-elf/lib/libc.a(lib_a-impure.o)
 .glue_7        0x00018c10        0x0 /opt/local/lib/gcc/arm-elf/4.3.2/libgcc.a(_udivsi3.o)
 .glue_7        0x00018c10        0x0 /opt/local/lib/gcc/arm-elf/4.3.2/libgcc.a(_divsi3.o)
 .glue_7        0x00018c10        0x0 /opt/local/lib/gcc/arm-elf/4.3.2/libgcc.a(_umodsi3.o)
 .glue_7        0x00018c10        0x0 /opt/local/lib/gcc/arm-elf/4.3.2/libgcc.a(_modsi3.o)
 .glue_7        0x00018c10        0x0 /opt/local/lib/gcc/arm-elf/4.3.2/libgcc.a(_dvmd_tls.o)
 *(.glue_7t)
 .glue_7t       0x00018c10        0x0 Startup.o
 .glue_7t       0x00018c10        0x0 main.o
 .glue_7t       0x00018c10        0x0 ../lib/syscalls.o
 .glue_7t       0x00018c10        0x0 ../lib/rprintf.o
 .glue_7t       0x00018c10        0x0 ../lib/serial.o
 .glue_7t       0x00018c10        0x0 ../lib/spi0.o
 .glue_7t       0x00018c10        0x0 ../lib/rootdir.o
 .glue_7t       0x00018c10        0x0 ../lib/sd_raw.o
 .glue_7t       0x00018c10        0x0 ../lib/fat16.o
 .glue_7t       0x00018c10        0x0 ../lib/partition.o
 .glue_7t       0x00018c10        0x0 ../lib/MMA7260.o
 .glue_7t       0x00018c10        0x0 ../lib/LCD_driver.o
 .glue_7t       0x00018c10        0x0 ../lib/vs1002.o
 .glue_7t       0x00018c10        0x0 ../lib/NS73.o
 .glue_7t       0x00018c10        0x0 ../Bootloader/LPCUSB/main_msc.o
 .glue_7t       0x00018c10        0x0 ../Bootloader/LPCUSB/msc_bot.o
 .glue_7t       0x00018c10        0x0 ../Bootloader/LPCUSB/msc_scsi.o
 .glue_7t       0x00018c10        0x0 ../Bootloader/LPCUSB/blockdev_sd.o
 .glue_7t       0x00018c10        0x0 ../Bootloader/LPCUSB/lpc2000_spi.o
 .glue_7t       0x00018c10        0x0 ../Bootloader/LPCUSB/usbinit.o
 .glue_7t       0x00018c10        0x0 ../Bootloader/LPCUSB/usbhw_lpc.o
 .glue_7t       0x00018c10        0x0 ../Bootloader/LPCUSB/usbcontrol.o
 .glue_7t       0x00018c10        0x0 ../Bootloader/LPCUSB/usbstdreq.o
 .glue_7t       0x00018c10        0x0 /opt/local/lib/gcc/arm-elf/4.3.2/../../../../arm-elf/lib/libc.a(lib_a-malloc.o)
 .glue_7t       0x00018c10        0x0 /opt/local/lib/gcc/arm-elf/4.3.2/../../../../arm-elf/lib/libc.a(lib_a-mallocr.o)
 .glue_7t       0x00018c10        0x0 /opt/local/lib/gcc/arm-elf/4.3.2/../../../../arm-elf/lib/libc.a(lib_a-memcpy.o)
 .glue_7t       0x00018c10        0x0 /opt/local/lib/gcc/arm-elf/4.3.2/../../../../arm-elf/lib/libc.a(lib_a-memset.o)
 .glue_7t       0x00018c10        0x0 /opt/local/lib/gcc/arm-elf/4.3.2/../../../../arm-elf/lib/libc.a(lib_a-mlock.o)
 .glue_7t       0x00018c10        0x0 /opt/local/lib/gcc/arm-elf/4.3.2/../../../../arm-elf/lib/libc.a(lib_a-strchr.o)
 .glue_7t       0x00018c10        0x0 /opt/local/lib/gcc/arm-elf/4.3.2/../../../../arm-elf/lib/libc.a(lib_a-strcmp.o)
 .glue_7t       0x00018c10        0x0 /opt/local/lib/gcc/arm-elf/4.3.2/../../../../arm-elf/lib/libc.a(lib_a-strlen.o)
 .glue_7t       0x00018c10        0x0 /opt/local/lib/gcc/arm-elf/4.3.2/../../../../arm-elf/lib/libc.a(lib_a-strncmp.o)
 .glue_7t       0x00018c10        0x0 /opt/local/lib/gcc/arm-elf/4.3.2/../../../../arm-elf/lib/libc.a(lib_a-strncpy.o)
 .glue_7t       0x00018c10        0x0 /opt/local/lib/gcc/arm-elf/4.3.2/../../../../arm-elf/lib/libc.a(lib_a-strrchr.o)
 .glue_7t       0x00018c10        0x0 /opt/local/lib/gcc/arm-elf/4.3.2/../../../../arm-elf/lib/libc.a(lib_a-freer.o)
 .glue_7t       0x00018c10        0x0 /opt/local/lib/gcc/arm-elf/4.3.2/../../../../arm-elf/lib/libc.a(lib_a-impure.o)
 .glue_7t       0x00018c10        0x0 /opt/local/lib/gcc/arm-elf/4.3.2/libgcc.a(_udivsi3.o)
 .glue_7t       0x00018c10        0x0 /opt/local/lib/gcc/arm-elf/4.3.2/libgcc.a(_divsi3.o)
 .glue_7t       0x00018c10        0x0 /opt/local/lib/gcc/arm-elf/4.3.2/libgcc.a(_umodsi3.o)
 .glue_7t       0x00018c10        0x0 /opt/local/lib/gcc/arm-elf/4.3.2/libgcc.a(_modsi3.o)
 .glue_7t       0x00018c10        0x0 /opt/local/lib/gcc/arm-elf/4.3.2/libgcc.a(_dvmd_tls.o)
 *(.gcc_except_table)
 *(.rodata)
 .rodata        0x00018c10       0x67 main.o
                0x00018c26                NotFound
                0x00018c6d                settings
                0x00018c60                radio_channel_menu
                0x00018c45                volume
                0x00018c35                USB
                0x00018c4c                contrast
                0x00018c55                radio_power
                0x00018c43                newline
                0x00018c10                welcome
 .rodata        0x00018c77      0x63b ../lib/LCD_driver.o
 .rodata        0x000192b2       0x36 ../Bootloader/LPCUSB/msc_scsi.o
 .rodata        0x000192e8        0x4 /opt/local/lib/gcc/arm-elf/4.3.2/../../../../arm-elf/lib/libc.a(lib_a-impure.o)
                0x000192e8                _global_impure_ptr
 *(.rodata*)
 .rodata.str1.1
                0x000192ec       0x37 main.o
 *fill*         0x00019323        0x1 00
 .rodata.str1.4
                0x00019324      0x11c ../lib/rootdir.o
 .rodata.str1.4
                0x00019440       0x7c ../lib/sd_raw.o
 .rodata.str1.4
                0x000194bc       0x28 ../lib/fat16.o
 .rodata.str1.4
                0x000194e4       0x34 ../Bootloader/LPCUSB/main_msc.o
 .rodata.str1.4
                0x00019518      0x2a8 ../Bootloader/LPCUSB/blockdev_sd.o
                                0x2ac (size before relaxing)
 .rodata.str1.4
                0x000197c0       0x14 ../Bootloader/LPCUSB/lpc2000_spi.o
 .rodata.str1.4
                0x000197d4        0x4 /opt/local/lib/gcc/arm-elf/4.3.2/../../../../arm-elf/lib/libc.a(lib_a-impure.o)
 *(.gnu.linkonce.r.*)
                0x000197d8                . = ALIGN (0x4)

.vfp11_veneer   0x000197d8        0x0
 .vfp11_veneer  0x000197d8        0x0 Startup.o
 .vfp11_veneer  0x000197d8        0x0 main.o
 .vfp11_veneer  0x000197d8        0x0 ../lib/syscalls.o
 .vfp11_veneer  0x000197d8        0x0 ../lib/rprintf.o
 .vfp11_veneer  0x000197d8        0x0 ../lib/serial.o
 .vfp11_veneer  0x000197d8        0x0 ../lib/spi0.o
 .vfp11_veneer  0x000197d8        0x0 ../lib/rootdir.o
 .vfp11_veneer  0x000197d8        0x0 ../lib/sd_raw.o
 .vfp11_veneer  0x000197d8        0x0 ../lib/fat16.o
 .vfp11_veneer  0x000197d8        0x0 ../lib/partition.o
 .vfp11_veneer  0x000197d8        0x0 ../lib/MMA7260.o
 .vfp11_veneer  0x000197d8        0x0 ../lib/LCD_driver.o
 .vfp11_veneer  0x000197d8        0x0 ../lib/vs1002.o
 .vfp11_veneer  0x000197d8        0x0 ../lib/NS73.o
 .vfp11_veneer  0x000197d8        0x0 ../Bootloader/LPCUSB/main_msc.o
 .vfp11_veneer  0x000197d8        0x0 ../Bootloader/LPCUSB/msc_bot.o
 .vfp11_veneer  0x000197d8        0x0 ../Bootloader/LPCUSB/msc_scsi.o
 .vfp11_veneer  0x000197d8        0x0 ../Bootloader/LPCUSB/blockdev_sd.o
 .vfp11_veneer  0x000197d8        0x0 ../Bootloader/LPCUSB/lpc2000_spi.o
 .vfp11_veneer  0x000197d8        0x0 ../Bootloader/LPCUSB/usbinit.o
 .vfp11_veneer  0x000197d8        0x0 ../Bootloader/LPCUSB/usbhw_lpc.o
 .vfp11_veneer  0x000197d8        0x0 ../Bootloader/LPCUSB/usbcontrol.o
 .vfp11_veneer  0x000197d8        0x0 ../Bootloader/LPCUSB/usbstdreq.o
 .vfp11_veneer  0x000197d8        0x0 /opt/local/lib/gcc/arm-elf/4.3.2/../../../../arm-elf/lib/libc.a(lib_a-malloc.o)
 .vfp11_veneer  0x000197d8        0x0 /opt/local/lib/gcc/arm-elf/4.3.2/../../../../arm-elf/lib/libc.a(lib_a-mallocr.o)
 .vfp11_veneer  0x000197d8        0x0 /opt/local/lib/gcc/arm-elf/4.3.2/../../../../arm-elf/lib/libc.a(lib_a-memcpy.o)
 .vfp11_veneer  0x000197d8        0x0 /opt/local/lib/gcc/arm-elf/4.3.2/../../../../arm-elf/lib/libc.a(lib_a-memset.o)
 .vfp11_veneer  0x000197d8        0x0 /opt/local/lib/gcc/arm-elf/4.3.2/../../../../arm-elf/lib/libc.a(lib_a-mlock.o)
 .vfp11_veneer  0x000197d8        0x0 /opt/local/lib/gcc/arm-elf/4.3.2/../../../../arm-elf/lib/libc.a(lib_a-strchr.o)
 .vfp11_veneer  0x000197d8        0x0 /opt/local/lib/gcc/arm-elf/4.3.2/../../../../arm-elf/lib/libc.a(lib_a-strcmp.o)
 .vfp11_veneer  0x000197d8        0x0 /opt/local/lib/gcc/arm-elf/4.3.2/../../../../arm-elf/lib/libc.a(lib_a-strlen.o)
 .vfp11_veneer  0x000197d8        0x0 /opt/local/lib/gcc/arm-elf/4.3.2/../../../../arm-elf/lib/libc.a(lib_a-strncmp.o)
 .vfp11_veneer  0x000197d8        0x0 /opt/local/lib/gcc/arm-elf/4.3.2/../../../../arm-elf/lib/libc.a(lib_a-strncpy.o)
 .vfp11_veneer  0x000197d8        0x0 /opt/local/lib/gcc/arm-elf/4.3.2/../../../../arm-elf/lib/libc.a(lib_a-strrchr.o)
 .vfp11_veneer  0x000197d8        0x0 /opt/local/lib/gcc/arm-elf/4.3.2/../../../../arm-elf/lib/libc.a(lib_a-freer.o)
 .vfp11_veneer  0x000197d8        0x0 /opt/local/lib/gcc/arm-elf/4.3.2/../../../../arm-elf/lib/libc.a(lib_a-impure.o)
 .vfp11_veneer  0x000197d8        0x0 /opt/local/lib/gcc/arm-elf/4.3.2/libgcc.a(_udivsi3.o)
 .vfp11_veneer  0x000197d8        0x0 /opt/local/lib/gcc/arm-elf/4.3.2/libgcc.a(_divsi3.o)
 .vfp11_veneer  0x000197d8        0x0 /opt/local/lib/gcc/arm-elf/4.3.2/libgcc.a(_umodsi3.o)
 .vfp11_veneer  0x000197d8        0x0 /opt/local/lib/gcc/arm-elf/4.3.2/libgcc.a(_modsi3.o)
 .vfp11_veneer  0x000197d8        0x0 /opt/local/lib/gcc/arm-elf/4.3.2/libgcc.a(_dvmd_tls.o)

.v4_bx          0x000197d8        0x0
 .v4_bx         0x000197d8        0x0 Startup.o
 .v4_bx         0x000197d8        0x0 main.o
 .v4_bx         0x000197d8        0x0 ../lib/syscalls.o
 .v4_bx         0x000197d8        0x0 ../lib/rprintf.o
 .v4_bx         0x000197d8        0x0 ../lib/serial.o
 .v4_bx         0x000197d8        0x0 ../lib/spi0.o
 .v4_bx         0x000197d8        0x0 ../lib/rootdir.o
 .v4_bx         0x000197d8        0x0 ../lib/sd_raw.o
 .v4_bx         0x000197d8        0x0 ../lib/fat16.o
 .v4_bx         0x000197d8        0x0 ../lib/partition.o
 .v4_bx         0x000197d8        0x0 ../lib/MMA7260.o
 .v4_bx         0x000197d8        0x0 ../lib/LCD_driver.o
 .v4_bx         0x000197d8        0x0 ../lib/vs1002.o
 .v4_bx         0x000197d8        0x0 ../lib/NS73.o
 .v4_bx         0x000197d8        0x0 ../Bootloader/LPCUSB/main_msc.o
 .v4_bx         0x000197d8        0x0 ../Bootloader/LPCUSB/msc_bot.o
 .v4_bx         0x000197d8        0x0 ../Bootloader/LPCUSB/msc_scsi.o
 .v4_bx         0x000197d8        0x0 ../Bootloader/LPCUSB/blockdev_sd.o
 .v4_bx         0x000197d8        0x0 ../Bootloader/LPCUSB/lpc2000_spi.o
 .v4_bx         0x000197d8        0x0 ../Bootloader/LPCUSB/usbinit.o
 .v4_bx         0x000197d8        0x0 ../Bootloader/LPCUSB/usbhw_lpc.o
 .v4_bx         0x000197d8        0x0 ../Bootloader/LPCUSB/usbcontrol.o
 .v4_bx         0x000197d8        0x0 ../Bootloader/LPCUSB/usbstdreq.o
 .v4_bx         0x000197d8        0x0 /opt/local/lib/gcc/arm-elf/4.3.2/../../../../arm-elf/lib/libc.a(lib_a-malloc.o)
 .v4_bx         0x000197d8        0x0 /opt/local/lib/gcc/arm-elf/4.3.2/../../../../arm-elf/lib/libc.a(lib_a-mallocr.o)
 .v4_bx         0x000197d8        0x0 /opt/local/lib/gcc/arm-elf/4.3.2/../../../../arm-elf/lib/libc.a(lib_a-memcpy.o)
 .v4_bx         0x000197d8        0x0 /opt/local/lib/gcc/arm-elf/4.3.2/../../../../arm-elf/lib/libc.a(lib_a-memset.o)
 .v4_bx         0x000197d8        0x0 /opt/local/lib/gcc/arm-elf/4.3.2/../../../../arm-elf/lib/libc.a(lib_a-mlock.o)
 .v4_bx         0x000197d8        0x0 /opt/local/lib/gcc/arm-elf/4.3.2/../../../../arm-elf/lib/libc.a(lib_a-strchr.o)
 .v4_bx         0x000197d8        0x0 /opt/local/lib/gcc/arm-elf/4.3.2/../../../../arm-elf/lib/libc.a(lib_a-strcmp.o)
 .v4_bx         0x000197d8        0x0 /opt/local/lib/gcc/arm-elf/4.3.2/../../../../arm-elf/lib/libc.a(lib_a-strlen.o)
 .v4_bx         0x000197d8        0x0 /opt/local/lib/gcc/arm-elf/4.3.2/../../../../arm-elf/lib/libc.a(lib_a-strncmp.o)
 .v4_bx         0x000197d8        0x0 /opt/local/lib/gcc/arm-elf/4.3.2/../../../../arm-elf/lib/libc.a(lib_a-strncpy.o)
 .v4_bx         0x000197d8        0x0 /opt/local/lib/gcc/arm-elf/4.3.2/../../../../arm-elf/lib/libc.a(lib_a-strrchr.o)
 .v4_bx         0x000197d8        0x0 /opt/local/lib/gcc/arm-elf/4.3.2/../../../../arm-elf/lib/libc.a(lib_a-freer.o)
 .v4_bx         0x000197d8        0x0 /opt/local/lib/gcc/arm-elf/4.3.2/../../../../arm-elf/lib/libc.a(lib_a-impure.o)
 .v4_bx         0x000197d8        0x0 /opt/local/lib/gcc/arm-elf/4.3.2/libgcc.a(_udivsi3.o)
 .v4_bx         0x000197d8        0x0 /opt/local/lib/gcc/arm-elf/4.3.2/libgcc.a(_divsi3.o)
 .v4_bx         0x000197d8        0x0 /opt/local/lib/gcc/arm-elf/4.3.2/libgcc.a(_umodsi3.o)
 .v4_bx         0x000197d8        0x0 /opt/local/lib/gcc/arm-elf/4.3.2/libgcc.a(_modsi3.o)
 .v4_bx         0x000197d8        0x0 /opt/local/lib/gcc/arm-elf/4.3.2/libgcc.a(_dvmd_tls.o)
                0x000197d8                . = ALIGN (0x4)

.ctors          0x000197d8        0x0
                0x000197d8                PROVIDE (__ctors_start__, .)
 *(SORT(.ctors.*))
 *(.ctors)
                0x000197d8                . = ALIGN (0x4)
                0x000197d8                PROVIDE (__ctors_end__, .)
                0x000197d8                . = ALIGN (0x4)

.dtors          0x000197d8        0x0
                0x000197d8                PROVIDE (__dtors_start__, .)
 *(SORT(.dtors.*))
 *(.dtors)
                0x000197d8                . = ALIGN (0x4)
                0x000197d8                PROVIDE (__dtors_end__, .)
                0x000197d8                . = ALIGN (0x4)
                0x000197d8                . = ALIGN (0x4)
                0x000197d8                _etext = .
                0x000197d8                PROVIDE (etext, .)

.data           0x40000000      0x894 load address 0x000197d8
                0x40000000                _data = .
 *(.vectmapped)
                0x40000000                . = ALIGN (0x4)
 *(.fastrun)
                0x40000000                . = ALIGN (0x4)
                0x40000000                . = ALIGN (0x4)
 *(.data)
 .data          0x40000000        0x0 Startup.o
 .data          0x40000000        0x8 main.o
                0x40000000                volume_setting
                0x40000004                radio_channel
 .data          0x40000008        0x0 ../lib/syscalls.o
 .data          0x40000008        0x0 ../lib/rprintf.o
 .data          0x40000008        0x0 ../lib/serial.o
 .data          0x40000008        0x0 ../lib/spi0.o
 .data          0x40000008        0x0 ../lib/rootdir.o
 .data          0x40000008        0x0 ../lib/sd_raw.o
 .data          0x40000008        0x0 ../lib/fat16.o
 .data          0x40000008        0x0 ../lib/partition.o
 .data          0x40000008        0x0 ../lib/MMA7260.o
 .data          0x40000008        0x2 ../lib/LCD_driver.o
                0x40000009                black
                0x40000008                red
 .data          0x4000000a        0x0 ../lib/vs1002.o
 .data          0x4000000a        0x0 ../lib/NS73.o
 .data          0x4000000a       0x75 ../Bootloader/LPCUSB/main_msc.o
 .data          0x4000007f        0x0 ../Bootloader/LPCUSB/msc_bot.o
 .data          0x4000007f        0x0 ../Bootloader/LPCUSB/msc_scsi.o
 .data          0x4000007f        0x0 ../Bootloader/LPCUSB/blockdev_sd.o
 .data          0x4000007f        0x0 ../Bootloader/LPCUSB/lpc2000_spi.o
 .data          0x4000007f        0x0 ../Bootloader/LPCUSB/usbinit.o
 .data          0x4000007f        0x0 ../Bootloader/LPCUSB/usbhw_lpc.o
 .data          0x4000007f        0x0 ../Bootloader/LPCUSB/usbcontrol.o
 .data          0x4000007f        0x0 ../Bootloader/LPCUSB/usbstdreq.o
 .data          0x4000007f        0x0 /opt/local/lib/gcc/arm-elf/4.3.2/../../../../arm-elf/lib/libc.a(lib_a-malloc.o)
 *fill*         0x4000007f        0x1 00
 .data          0x40000080      0x410 /opt/local/lib/gcc/arm-elf/4.3.2/../../../../arm-elf/lib/libc.a(lib_a-mallocr.o)
                0x4000048c                __malloc_sbrk_base
                0x40000080                __malloc_av_
                0x40000488                __malloc_trim_threshold
 .data          0x40000490        0x0 /opt/local/lib/gcc/arm-elf/4.3.2/../../../../arm-elf/lib/libc.a(lib_a-memcpy.o)
 .data          0x40000490        0x0 /opt/local/lib/gcc/arm-elf/4.3.2/../../../../arm-elf/lib/libc.a(lib_a-memset.o)
 .data          0x40000490        0x0 /opt/local/lib/gcc/arm-elf/4.3.2/../../../../arm-elf/lib/libc.a(lib_a-mlock.o)
 .data          0x40000490        0x0 /opt/local/lib/gcc/arm-elf/4.3.2/../../../../arm-elf/lib/libc.a(lib_a-strchr.o)
 .data          0x40000490        0x0 /opt/local/lib/gcc/arm-elf/4.3.2/../../../../arm-elf/lib/libc.a(lib_a-strcmp.o)
 .data          0x40000490        0x0 /opt/local/lib/gcc/arm-elf/4.3.2/../../../../arm-elf/lib/libc.a(lib_a-strlen.o)
 .data          0x40000490        0x0 /opt/local/lib/gcc/arm-elf/4.3.2/../../../../arm-elf/lib/libc.a(lib_a-strncmp.o)
 .data          0x40000490        0x0 /opt/local/lib/gcc/arm-elf/4.3.2/../../../../arm-elf/lib/libc.a(lib_a-strncpy.o)
 .data          0x40000490        0x0 /opt/local/lib/gcc/arm-elf/4.3.2/../../../../arm-elf/lib/libc.a(lib_a-strrchr.o)
 .data          0x40000490        0x0 /opt/local/lib/gcc/arm-elf/4.3.2/../../../../arm-elf/lib/libc.a(lib_a-freer.o)
 .data          0x40000490      0x404 /opt/local/lib/gcc/arm-elf/4.3.2/../../../../arm-elf/lib/libc.a(lib_a-impure.o)
                0x40000490                _impure_ptr
 .data          0x40000894        0x0 /opt/local/lib/gcc/arm-elf/4.3.2/libgcc.a(_udivsi3.o)
 .data          0x40000894        0x0 /opt/local/lib/gcc/arm-elf/4.3.2/libgcc.a(_divsi3.o)
 .data          0x40000894        0x0 /opt/local/lib/gcc/arm-elf/4.3.2/libgcc.a(_umodsi3.o)
 .data          0x40000894        0x0 /opt/local/lib/gcc/arm-elf/4.3.2/libgcc.a(_modsi3.o)
 .data          0x40000894        0x0 /opt/local/lib/gcc/arm-elf/4.3.2/libgcc.a(_dvmd_tls.o)
 *(.data.*)
 *(.gnu.linkonce.d*)
                0x40000894                . = ALIGN (0x4)
                0x40000894                . = ALIGN (0x4)
                0x40000894                _edata = .
                0x40000894                PROVIDE (edata, .)

.bss            0x40000894      0x9e0 load address 0x0001a06c
                0x40000894                __bss_start = .
                0x40000894                __bss_start__ = .
 *(.bss)
 .bss           0x40000894        0x0 Startup.o
 .bss           0x40000894      0x480 main.o
                0x40000894                radio_enable
 .bss           0x40000d14        0x4 ../lib/syscalls.o
 .bss           0x40000d18        0x4 ../lib/rprintf.o
 .bss           0x40000d1c        0x0 ../lib/serial.o
 .bss           0x40000d1c        0x0 ../lib/spi0.o
 .bss           0x40000d1c        0x4 ../lib/rootdir.o
 .bss           0x40000d20      0x208 ../lib/sd_raw.o
 .bss           0x40000f28        0x0 ../lib/fat16.o
 .bss           0x40000f28        0x0 ../lib/partition.o
 .bss           0x40000f28        0x0 ../lib/MMA7260.o
 .bss           0x40000f28        0x3 ../lib/LCD_driver.o
                0x40000f28                white
 .bss           0x40000f2b        0x0 ../lib/vs1002.o
 .bss           0x40000f2b        0x0 ../lib/NS73.o
 .bss           0x40000f2b        0x4 ../Bootloader/LPCUSB/main_msc.o
 *fill*         0x40000f2f        0x1 00
 .bss           0x40000f30       0x40 ../Bootloader/LPCUSB/msc_bot.o
 .bss           0x40000f70      0x204 ../Bootloader/LPCUSB/msc_scsi.o
 .bss           0x40001174        0x0 ../Bootloader/LPCUSB/blockdev_sd.o
 .bss           0x40001174        0x0 ../Bootloader/LPCUSB/lpc2000_spi.o
 .bss           0x40001174        0x8 ../Bootloader/LPCUSB/usbinit.o
 .bss           0x4000117c       0x48 ../Bootloader/LPCUSB/usbhw_lpc.o
 .bss           0x400011c4       0x34 ../Bootloader/LPCUSB/usbcontrol.o
 .bss           0x400011f8        0xc ../Bootloader/LPCUSB/usbstdreq.o
 .bss           0x40001204        0x0 /opt/local/lib/gcc/arm-elf/4.3.2/../../../../arm-elf/lib/libc.a(lib_a-malloc.o)
 .bss           0x40001204       0x34 /opt/local/lib/gcc/arm-elf/4.3.2/../../../../arm-elf/lib/libc.a(lib_a-mallocr.o)
                0x40001204                __malloc_top_pad
                0x40001208                __malloc_max_sbrked_mem
                0x40001210                __malloc_current_mallinfo
                0x4000120c                __malloc_max_total_mem
 .bss           0x40001238        0x0 /opt/local/lib/gcc/arm-elf/4.3.2/../../../../arm-elf/lib/libc.a(lib_a-memcpy.o)
 .bss           0x40001238        0x0 /opt/local/lib/gcc/arm-elf/4.3.2/../../../../arm-elf/lib/libc.a(lib_a-memset.o)
 .bss           0x40001238        0x0 /opt/local/lib/gcc/arm-elf/4.3.2/../../../../arm-elf/lib/libc.a(lib_a-mlock.o)
 .bss           0x40001238        0x0 /opt/local/lib/gcc/arm-elf/4.3.2/../../../../arm-elf/lib/libc.a(lib_a-strchr.o)
 .bss           0x40001238        0x0 /opt/local/lib/gcc/arm-elf/4.3.2/../../../../arm-elf/lib/libc.a(lib_a-strcmp.o)
 .bss           0x40001238        0x0 /opt/local/lib/gcc/arm-elf/4.3.2/../../../../arm-elf/lib/libc.a(lib_a-strlen.o)
 .bss           0x40001238        0x0 /opt/local/lib/gcc/arm-elf/4.3.2/../../../../arm-elf/lib/libc.a(lib_a-strncmp.o)
 .bss           0x40001238        0x0 /opt/local/lib/gcc/arm-elf/4.3.2/../../../../arm-elf/lib/libc.a(lib_a-strncpy.o)
 .bss           0x40001238        0x0 /opt/local/lib/gcc/arm-elf/4.3.2/../../../../arm-elf/lib/libc.a(lib_a-strrchr.o)
 .bss           0x40001238        0x0 /opt/local/lib/gcc/arm-elf/4.3.2/../../../../arm-elf/lib/libc.a(lib_a-freer.o)
 .bss           0x40001238        0x0 /opt/local/lib/gcc/arm-elf/4.3.2/../../../../arm-elf/lib/libc.a(lib_a-impure.o)
 .bss           0x40001238        0x0 /opt/local/lib/gcc/arm-elf/4.3.2/libgcc.a(_udivsi3.o)
 .bss           0x40001238        0x0 /opt/local/lib/gcc/arm-elf/4.3.2/libgcc.a(_divsi3.o)
 .bss           0x40001238        0x0 /opt/local/lib/gcc/arm-elf/4.3.2/libgcc.a(_umodsi3.o)
 .bss           0x40001238        0x0 /opt/local/lib/gcc/arm-elf/4.3.2/libgcc.a(_modsi3.o)
 .bss           0x40001238        0x0 /opt/local/lib/gcc/arm-elf/4.3.2/libgcc.a(_dvmd_tls.o)
 *(.gnu.linkonce.b*)
 *(COMMON)
 COMMON         0x40001238       0x3c ../lib/rootdir.o
                0x40001238                fs
                0x4000123c                dir_entry
                0x40001268                fd
                0x4000126c                partition
                0x40001270                dd
                0x40001274                . = ALIGN (0x4)
                0x40001274                . = ALIGN (0x4)
                0x40001274                __bss_end__ = .
                0x40001274                PROVIDE (__bss_end, .)

.stack          0x40001300      0xc00
 *(.stack)
 .stack         0x40001300      0xc00 Startup.o
                0x40001f00                PROVIDE (_stack, .)
                0x40001f00                . = ALIGN (0x4)
                0x40001f00                _end = .
                0x40001f00                PROVIDE (end, .)

.stab
 *(.stab)

.stabstr
 *(.stabstr)

.stab.excl
 *(.stab.excl)

.stab.exclstr
 *(.stab.exclstr)

.stab.index
 *(.stab.index)

.stab.indexstr
 *(.stab.indexstr)

.comment        0x00000000      0x333
 *(.comment)
 .comment       0x00000000       0x12 main.o
 .comment       0x00000012       0x1b ../lib/syscalls.o
 .comment       0x0000002d       0x1b ../lib/rprintf.o
 .comment       0x00000048       0x1b ../lib/serial.o
 .comment       0x00000063       0x1b ../lib/spi0.o
 .comment       0x0000007e       0x1b ../lib/rootdir.o
 .comment       0x00000099       0x1b ../lib/sd_raw.o
 .comment       0x000000b4       0x1b ../lib/fat16.o
 .comment       0x000000cf       0x1b ../lib/partition.o
 .comment       0x000000ea       0x1b ../lib/MMA7260.o
 .comment       0x00000105       0x1b ../lib/LCD_driver.o
 .comment       0x00000120       0x1b ../lib/vs1002.o
 .comment       0x0000013b       0x1b ../lib/NS73.o
 .comment       0x00000156       0x1b ../Bootloader/LPCUSB/main_msc.o
 .comment       0x00000171       0x1b ../Bootloader/LPCUSB/msc_bot.o
 .comment       0x0000018c       0x1b ../Bootloader/LPCUSB/msc_scsi.o
 .comment       0x000001a7       0x1b ../Bootloader/LPCUSB/blockdev_sd.o
 .comment       0x000001c2       0x1b ../Bootloader/LPCUSB/lpc2000_spi.o
 .comment       0x000001dd       0x1b ../Bootloader/LPCUSB/usbinit.o
 .comment       0x000001f8       0x1b ../Bootloader/LPCUSB/usbhw_lpc.o
 .comment       0x00000213       0x1b ../Bootloader/LPCUSB/usbcontrol.o
 .comment       0x0000022e       0x1b ../Bootloader/LPCUSB/usbstdreq.o
 .comment       0x00000249       0x12 /opt/local/lib/gcc/arm-elf/4.3.2/../../../../arm-elf/lib/libc.a(lib_a-malloc.o)
 .comment       0x0000025b       0x12 /opt/local/lib/gcc/arm-elf/4.3.2/../../../../arm-elf/lib/libc.a(lib_a-mallocr.o)
 .comment       0x0000026d       0x12 /opt/local/lib/gcc/arm-elf/4.3.2/../../../../arm-elf/lib/libc.a(lib_a-memcpy.o)
 .comment       0x0000027f       0x12 /opt/local/lib/gcc/arm-elf/4.3.2/../../../../arm-elf/lib/libc.a(lib_a-memset.o)
 .comment       0x00000291       0x12 /opt/local/lib/gcc/arm-elf/4.3.2/../../../../arm-elf/lib/libc.a(lib_a-mlock.o)
 .comment       0x000002a3       0x12 /opt/local/lib/gcc/arm-elf/4.3.2/../../../../arm-elf/lib/libc.a(lib_a-strchr.o)
 .comment       0x000002b5       0x12 /opt/local/lib/gcc/arm-elf/4.3.2/../../../../arm-elf/lib/libc.a(lib_a-strcmp.o)
 .comment       0x000002c7       0x12 /opt/local/lib/gcc/arm-elf/4.3.2/../../../../arm-elf/lib/libc.a(lib_a-strlen.o)
 .comment       0x000002d9       0x12 /opt/local/lib/gcc/arm-elf/4.3.2/../../../../arm-elf/lib/libc.a(lib_a-strncmp.o)
 .comment       0x000002eb       0x12 /opt/local/lib/gcc/arm-elf/4.3.2/../../../../arm-elf/lib/libc.a(lib_a-strncpy.o)
 .comment       0x000002fd       0x12 /opt/local/lib/gcc/arm-elf/4.3.2/../../../../arm-elf/lib/libc.a(lib_a-strrchr.o)
 .comment       0x0000030f       0x12 /opt/local/lib/gcc/arm-elf/4.3.2/../../../../arm-elf/lib/libc.a(lib_a-freer.o)
 .comment       0x00000321       0x12 /opt/local/lib/gcc/arm-elf/4.3.2/../../../../arm-elf/lib/libc.a(lib_a-impure.o)

.debug
 *(.debug)

.line
 *(.line)

.debug_srcinfo
 *(.debug_srcinfo)

.debug_sfnames
 *(.debug_sfnames)

.debug_aranges  0x00000000      0x508
 *(.debug_aranges)
 .debug_aranges
                0x00000000       0x28 Startup.o
 .debug_aranges
                0x00000028       0x20 main.o
 .debug_aranges
                0x00000048       0x20 ../lib/syscalls.o
 .debug_aranges
                0x00000068       0x20 ../lib/rprintf.o
 .debug_aranges
                0x00000088       0x20 ../lib/serial.o
 .debug_aranges
                0x000000a8       0x20 ../lib/spi0.o
 .debug_aranges
                0x000000c8       0x20 ../lib/rootdir.o
 .debug_aranges
                0x000000e8       0x20 ../lib/sd_raw.o
 .debug_aranges
                0x00000108       0x20 ../lib/fat16.o
 .debug_aranges
                0x00000128       0x20 ../lib/partition.o
 .debug_aranges
                0x00000148       0x20 ../lib/MMA7260.o
 .debug_aranges
                0x00000168       0x20 ../lib/LCD_driver.o
 .debug_aranges
                0x00000188       0x20 ../lib/vs1002.o
 .debug_aranges
                0x000001a8       0x20 ../lib/NS73.o
 .debug_aranges
                0x000001c8       0x20 ../Bootloader/LPCUSB/main_msc.o
 .debug_aranges
                0x000001e8       0x20 ../Bootloader/LPCUSB/msc_bot.o
 .debug_aranges
                0x00000208       0x20 ../Bootloader/LPCUSB/msc_scsi.o
 .debug_aranges
                0x00000228       0x20 ../Bootloader/LPCUSB/blockdev_sd.o
 .debug_aranges
                0x00000248       0x20 ../Bootloader/LPCUSB/lpc2000_spi.o
 .debug_aranges
                0x00000268       0x20 ../Bootloader/LPCUSB/usbinit.o
 .debug_aranges
                0x00000288       0x20 ../Bootloader/LPCUSB/usbhw_lpc.o
 .debug_aranges
                0x000002a8       0x20 ../Bootloader/LPCUSB/usbcontrol.o
 .debug_aranges
                0x000002c8       0x20 ../Bootloader/LPCUSB/usbstdreq.o
 .debug_aranges
                0x000002e8       0x20 /opt/local/lib/gcc/arm-elf/4.3.2/../../../../arm-elf/lib/libc.a(lib_a-malloc.o)
 .debug_aranges
                0x00000308       0x20 /opt/local/lib/gcc/arm-elf/4.3.2/../../../../arm-elf/lib/libc.a(lib_a-mallocr.o)
 .debug_aranges
                0x00000328       0x20 /opt/local/lib/gcc/arm-elf/4.3.2/../../../../arm-elf/lib/libc.a(lib_a-memcpy.o)
 .debug_aranges
                0x00000348       0x20 /opt/local/lib/gcc/arm-elf/4.3.2/../../../../arm-elf/lib/libc.a(lib_a-memset.o)
 .debug_aranges
                0x00000368       0x20 /opt/local/lib/gcc/arm-elf/4.3.2/../../../../arm-elf/lib/libc.a(lib_a-mlock.o)
 .debug_aranges
                0x00000388       0x20 /opt/local/lib/gcc/arm-elf/4.3.2/../../../../arm-elf/lib/libc.a(lib_a-strchr.o)
 .debug_aranges
                0x000003a8       0x20 /opt/local/lib/gcc/arm-elf/4.3.2/../../../../arm-elf/lib/libc.a(lib_a-strcmp.o)
 .debug_aranges
                0x000003c8       0x20 /opt/local/lib/gcc/arm-elf/4.3.2/../../../../arm-elf/lib/libc.a(lib_a-strlen.o)
 .debug_aranges
                0x000003e8       0x20 /opt/local/lib/gcc/arm-elf/4.3.2/../../../../arm-elf/lib/libc.a(lib_a-strncmp.o)
 .debug_aranges
                0x00000408       0x20 /opt/local/lib/gcc/arm-elf/4.3.2/../../../../arm-elf/lib/libc.a(lib_a-strncpy.o)
 .debug_aranges
                0x00000428       0x20 /opt/local/lib/gcc/arm-elf/4.3.2/../../../../arm-elf/lib/libc.a(lib_a-strrchr.o)
 .debug_aranges
                0x00000448       0x20 /opt/local/lib/gcc/arm-elf/4.3.2/../../../../arm-elf/lib/libc.a(lib_a-freer.o)
 .debug_aranges
                0x00000468       0x20 /opt/local/lib/gcc/arm-elf/4.3.2/libgcc.a(_udivsi3.o)
 .debug_aranges
                0x00000488       0x20 /opt/local/lib/gcc/arm-elf/4.3.2/libgcc.a(_divsi3.o)
 .debug_aranges
                0x000004a8       0x20 /opt/local/lib/gcc/arm-elf/4.3.2/libgcc.a(_umodsi3.o)
 .debug_aranges
                0x000004c8       0x20 /opt/local/lib/gcc/arm-elf/4.3.2/libgcc.a(_modsi3.o)
 .debug_aranges
                0x000004e8       0x20 /opt/local/lib/gcc/arm-elf/4.3.2/libgcc.a(_dvmd_tls.o)

.debug_pubnames
                0x00000000     0x10ef
 *(.debug_pubnames)
 .debug_pubnames
                0x00000000      0x3f4 main.o
 .debug_pubnames
                0x000003f4       0x69 ../lib/syscalls.o
 .debug_pubnames
                0x0000045d       0x32 ../lib/rprintf.o
 .debug_pubnames
                0x0000048f       0x7b ../lib/serial.o
 .debug_pubnames
                0x0000050a       0x41 ../lib/spi0.o
 .debug_pubnames
                0x0000054b      0x103 ../lib/rootdir.o
 .debug_pubnames
                0x0000064e       0xc1 ../lib/sd_raw.o
 .debug_pubnames
                0x0000070f      0x1b1 ../lib/fat16.o
 .debug_pubnames
                0x000008c0       0x39 ../lib/partition.o
 .debug_pubnames
                0x000008f9       0x50 ../lib/MMA7260.o
 .debug_pubnames
                0x00000949       0x8e ../lib/LCD_driver.o
 .debug_pubnames
                0x000009d7       0xc2 ../lib/vs1002.o
 .debug_pubnames
                0x00000a99       0x62 ../lib/NS73.o
 .debug_pubnames
                0x00000afb       0x1f ../Bootloader/LPCUSB/main_msc.o
 .debug_pubnames
                0x00000b1a       0x45 ../Bootloader/LPCUSB/msc_bot.o
 .debug_pubnames
                0x00000b5f       0x45 ../Bootloader/LPCUSB/msc_scsi.o
 .debug_pubnames
                0x00000ba4       0x5a ../Bootloader/LPCUSB/blockdev_sd.o
 .debug_pubnames
                0x00000bfe       0x54 ../Bootloader/LPCUSB/lpc2000_spi.o
 .debug_pubnames
                0x00000c52       0x1e ../Bootloader/LPCUSB/usbinit.o
 .debug_pubnames
                0x00000c70      0x132 ../Bootloader/LPCUSB/usbhw_lpc.o
 .debug_pubnames
                0x00000da2       0x4d ../Bootloader/LPCUSB/usbcontrol.o
 .debug_pubnames
                0x00000def       0x7f ../Bootloader/LPCUSB/usbstdreq.o
 .debug_pubnames
                0x00000e6e       0x26 /opt/local/lib/gcc/arm-elf/4.3.2/../../../../arm-elf/lib/libc.a(lib_a-malloc.o)
 .debug_pubnames
                0x00000e94       0xce /opt/local/lib/gcc/arm-elf/4.3.2/../../../../arm-elf/lib/libc.a(lib_a-mallocr.o)
 .debug_pubnames
                0x00000f62       0x1d /opt/local/lib/gcc/arm-elf/4.3.2/../../../../arm-elf/lib/libc.a(lib_a-memcpy.o)
 .debug_pubnames
                0x00000f7f       0x1d /opt/local/lib/gcc/arm-elf/4.3.2/../../../../arm-elf/lib/libc.a(lib_a-memset.o)
 .debug_pubnames
                0x00000f9c       0x38 /opt/local/lib/gcc/arm-elf/4.3.2/../../../../arm-elf/lib/libc.a(lib_a-mlock.o)
 .debug_pubnames
                0x00000fd4       0x1d /opt/local/lib/gcc/arm-elf/4.3.2/../../../../arm-elf/lib/libc.a(lib_a-strchr.o)
 .debug_pubnames
                0x00000ff1       0x1d /opt/local/lib/gcc/arm-elf/4.3.2/../../../../arm-elf/lib/libc.a(lib_a-strcmp.o)
 .debug_pubnames
                0x0000100e       0x1d /opt/local/lib/gcc/arm-elf/4.3.2/../../../../arm-elf/lib/libc.a(lib_a-strlen.o)
 .debug_pubnames
                0x0000102b       0x1e /opt/local/lib/gcc/arm-elf/4.3.2/../../../../arm-elf/lib/libc.a(lib_a-strncmp.o)
 .debug_pubnames
                0x00001049       0x1e /opt/local/lib/gcc/arm-elf/4.3.2/../../../../arm-elf/lib/libc.a(lib_a-strncpy.o)
 .debug_pubnames
                0x00001067       0x1e /opt/local/lib/gcc/arm-elf/4.3.2/../../../../arm-elf/lib/libc.a(lib_a-strrchr.o)
 .debug_pubnames
                0x00001085       0x31 /opt/local/lib/gcc/arm-elf/4.3.2/../../../../arm-elf/lib/libc.a(lib_a-freer.o)
 .debug_pubnames
                0x000010b6       0x39 /opt/local/lib/gcc/arm-elf/4.3.2/../../../../arm-elf/lib/libc.a(lib_a-impure.o)

.debug_info     0x00000000     0xad8e
 *(.debug_info .gnu.linkonce.wi.*)
 .debug_info    0x00000000       0x9a Startup.o
 .debug_info    0x0000009a     0x11ea main.o
 .debug_info    0x00001284      0xc8e ../lib/syscalls.o
 .debug_info    0x00001f12      0x201 ../lib/rprintf.o
 .debug_info    0x00002113      0x133 ../lib/serial.o
 .debug_info    0x00002246       0xe7 ../lib/spi0.o
 .debug_info    0x0000232d      0x554 ../lib/rootdir.o
 .debug_info    0x00002881      0x693 ../lib/sd_raw.o
 .debug_info    0x00002f14     0x1443 ../lib/fat16.o
 .debug_info    0x00004357      0x28b ../lib/partition.o
 .debug_info    0x000045e2      0x103 ../lib/MMA7260.o
 .debug_info    0x000046e5      0x51a ../lib/LCD_driver.o
 .debug_info    0x00004bff      0x1cd ../lib/vs1002.o
 .debug_info    0x00004dcc      0x136 ../lib/NS73.o
 .debug_info    0x00004f02      0x1b1 ../Bootloader/LPCUSB/main_msc.o
 .debug_info    0x000050b3      0x3be ../Bootloader/LPCUSB/msc_bot.o
 .debug_info    0x00005471      0x2e8 ../Bootloader/LPCUSB/msc_scsi.o
 .debug_info    0x00005759      0x368 ../Bootloader/LPCUSB/blockdev_sd.o
 .debug_info    0x00005ac1      0x1d9 ../Bootloader/LPCUSB/lpc2000_spi.o
 .debug_info    0x00005c9a       0xbc ../Bootloader/LPCUSB/usbinit.o
 .debug_info    0x00005d56      0x601 ../Bootloader/LPCUSB/usbhw_lpc.o
 .debug_info    0x00006357      0x2e2 ../Bootloader/LPCUSB/usbcontrol.o
 .debug_info    0x00006639      0x463 ../Bootloader/LPCUSB/usbstdreq.o
 .debug_info    0x00006a9c      0x966 /opt/local/lib/gcc/arm-elf/4.3.2/../../../../arm-elf/lib/libc.a(lib_a-malloc.o)
 .debug_info    0x00007402      0xcc6 /opt/local/lib/gcc/arm-elf/4.3.2/../../../../arm-elf/lib/libc.a(lib_a-mallocr.o)
 .debug_info    0x000080c8      0x10a /opt/local/lib/gcc/arm-elf/4.3.2/../../../../arm-elf/lib/libc.a(lib_a-memcpy.o)
 .debug_info    0x000081d2      0x10f /opt/local/lib/gcc/arm-elf/4.3.2/../../../../arm-elf/lib/libc.a(lib_a-memset.o)
 .debug_info    0x000082e1      0x94f /opt/local/lib/gcc/arm-elf/4.3.2/../../../../arm-elf/lib/libc.a(lib_a-mlock.o)
 .debug_info    0x00008c30      0x110 /opt/local/lib/gcc/arm-elf/4.3.2/../../../../arm-elf/lib/libc.a(lib_a-strchr.o)
 .debug_info    0x00008d40       0xd7 /opt/local/lib/gcc/arm-elf/4.3.2/../../../../arm-elf/lib/libc.a(lib_a-strcmp.o)
 .debug_info    0x00008e17       0xd3 /opt/local/lib/gcc/arm-elf/4.3.2/../../../../arm-elf/lib/libc.a(lib_a-strlen.o)
 .debug_info    0x00008eea       0xef /opt/local/lib/gcc/arm-elf/4.3.2/../../../../arm-elf/lib/libc.a(lib_a-strncmp.o)
 .debug_info    0x00008fd9      0x126 /opt/local/lib/gcc/arm-elf/4.3.2/../../../../arm-elf/lib/libc.a(lib_a-strncpy.o)
 .debug_info    0x000090ff       0xc4 /opt/local/lib/gcc/arm-elf/4.3.2/../../../../arm-elf/lib/libc.a(lib_a-strrchr.o)
 .debug_info    0x000091c3      0xbbb /opt/local/lib/gcc/arm-elf/4.3.2/../../../../arm-elf/lib/libc.a(lib_a-freer.o)
 .debug_info    0x00009d7e      0x935 /opt/local/lib/gcc/arm-elf/4.3.2/../../../../arm-elf/lib/libc.a(lib_a-impure.o)
 .debug_info    0x0000a6b3      0x15f /opt/local/lib/gcc/arm-elf/4.3.2/libgcc.a(_udivsi3.o)
 .debug_info    0x0000a812      0x15f /opt/local/lib/gcc/arm-elf/4.3.2/libgcc.a(_divsi3.o)
 .debug_info    0x0000a971      0x15f /opt/local/lib/gcc/arm-elf/4.3.2/libgcc.a(_umodsi3.o)
 .debug_info    0x0000aad0      0x15f /opt/local/lib/gcc/arm-elf/4.3.2/libgcc.a(_modsi3.o)
 .debug_info    0x0000ac2f      0x15f /opt/local/lib/gcc/arm-elf/4.3.2/libgcc.a(_dvmd_tls.o)

.debug_abbrev   0x00000000     0x2db8
 *(.debug_abbrev)
 .debug_abbrev  0x00000000       0x10 Startup.o
 .debug_abbrev  0x00000010      0x34d main.o
 .debug_abbrev  0x0000035d      0x1c5 ../lib/syscalls.o
 .debug_abbrev  0x00000522      0x144 ../lib/rprintf.o
 .debug_abbrev  0x00000666       0xbb ../lib/serial.o
 .debug_abbrev  0x00000721       0x8b ../lib/spi0.o
 .debug_abbrev  0x000007ac      0x16d ../lib/rootdir.o
 .debug_abbrev  0x00000919      0x270 ../lib/sd_raw.o
 .debug_abbrev  0x00000b89      0x2fa ../lib/fat16.o
 .debug_abbrev  0x00000e83       0xd4 ../lib/partition.o
 .debug_abbrev  0x00000f57       0xa9 ../lib/MMA7260.o
 .debug_abbrev  0x00001000      0x1ce ../lib/LCD_driver.o
 .debug_abbrev  0x000011ce       0xc3 ../lib/vs1002.o
 .debug_abbrev  0x00001291       0xc1 ../lib/NS73.o
 .debug_abbrev  0x00001352       0xc7 ../Bootloader/LPCUSB/main_msc.o
 .debug_abbrev  0x00001419      0x1e3 ../Bootloader/LPCUSB/msc_bot.o
 .debug_abbrev  0x000015fc      0x10f ../Bootloader/LPCUSB/msc_scsi.o
 .debug_abbrev  0x0000170b      0x1bd ../Bootloader/LPCUSB/blockdev_sd.o
 .debug_abbrev  0x000018c8      0x12f ../Bootloader/LPCUSB/lpc2000_spi.o
 .debug_abbrev  0x000019f7       0xa0 ../Bootloader/LPCUSB/usbinit.o
 .debug_abbrev  0x00001a97      0x25b ../Bootloader/LPCUSB/usbhw_lpc.o
 .debug_abbrev  0x00001cf2      0x14c ../Bootloader/LPCUSB/usbcontrol.o
 .debug_abbrev  0x00001e3e      0x20a ../Bootloader/LPCUSB/usbstdreq.o
 .debug_abbrev  0x00002048      0x18e /opt/local/lib/gcc/arm-elf/4.3.2/../../../../arm-elf/lib/libc.a(lib_a-malloc.o)
 .debug_abbrev  0x000021d6      0x22c /opt/local/lib/gcc/arm-elf/4.3.2/../../../../arm-elf/lib/libc.a(lib_a-mallocr.o)
 .debug_abbrev  0x00002402       0x97 /opt/local/lib/gcc/arm-elf/4.3.2/../../../../arm-elf/lib/libc.a(lib_a-memcpy.o)
 .debug_abbrev  0x00002499       0xb0 /opt/local/lib/gcc/arm-elf/4.3.2/../../../../arm-elf/lib/libc.a(lib_a-memset.o)
 .debug_abbrev  0x00002549      0x171 /opt/local/lib/gcc/arm-elf/4.3.2/../../../../arm-elf/lib/libc.a(lib_a-mlock.o)
 .debug_abbrev  0x000026ba       0x96 /opt/local/lib/gcc/arm-elf/4.3.2/../../../../arm-elf/lib/libc.a(lib_a-strchr.o)
 .debug_abbrev  0x00002750       0x78 /opt/local/lib/gcc/arm-elf/4.3.2/../../../../arm-elf/lib/libc.a(lib_a-strcmp.o)
 .debug_abbrev  0x000027c8       0x92 /opt/local/lib/gcc/arm-elf/4.3.2/../../../../arm-elf/lib/libc.a(lib_a-strlen.o)
 .debug_abbrev  0x0000285a       0x94 /opt/local/lib/gcc/arm-elf/4.3.2/../../../../arm-elf/lib/libc.a(lib_a-strncmp.o)
 .debug_abbrev  0x000028ee       0x94 /opt/local/lib/gcc/arm-elf/4.3.2/../../../../arm-elf/lib/libc.a(lib_a-strncpy.o)
 .debug_abbrev  0x00002982       0x76 /opt/local/lib/gcc/arm-elf/4.3.2/../../../../arm-elf/lib/libc.a(lib_a-strrchr.o)
 .debug_abbrev  0x000029f8      0x1fe /opt/local/lib/gcc/arm-elf/4.3.2/../../../../arm-elf/lib/libc.a(lib_a-freer.o)
 .debug_abbrev  0x00002bf6      0x15e /opt/local/lib/gcc/arm-elf/4.3.2/../../../../arm-elf/lib/libc.a(lib_a-impure.o)
 .debug_abbrev  0x00002d54       0x14 /opt/local/lib/gcc/arm-elf/4.3.2/libgcc.a(_udivsi3.o)
 .debug_abbrev  0x00002d68       0x14 /opt/local/lib/gcc/arm-elf/4.3.2/libgcc.a(_divsi3.o)
 .debug_abbrev  0x00002d7c       0x14 /opt/local/lib/gcc/arm-elf/4.3.2/libgcc.a(_umodsi3.o)
 .debug_abbrev  0x00002d90       0x14 /opt/local/lib/gcc/arm-elf/4.3.2/libgcc.a(_modsi3.o)
 .debug_abbrev  0x00002da4       0x14 /opt/local/lib/gcc/arm-elf/4.3.2/libgcc.a(_dvmd_tls.o)

.debug_line     0x00000000     0x38f8
 *(.debug_line)
 .debug_line    0x00000000       0xa3 Startup.o
 .debug_line    0x000000a3      0x551 main.o
 .debug_line    0x000005f4      0x164 ../lib/syscalls.o
 .debug_line    0x00000758       0xc8 ../lib/rprintf.o
 .debug_line    0x00000820       0x63 ../lib/serial.o
 .debug_line    0x00000883       0x4c ../lib/spi0.o
 .debug_line    0x000008cf      0x157 ../lib/rootdir.o
 .debug_line    0x00000a26      0x22b ../lib/sd_raw.o
 .debug_line    0x00000c51      0x4ba ../lib/fat16.o
 .debug_line    0x0000110b       0xcb ../lib/partition.o
 .debug_line    0x000011d6       0x6c ../lib/MMA7260.o
 .debug_line    0x00001242      0x1d8 ../lib/LCD_driver.o
 .debug_line    0x0000141a       0xad ../lib/vs1002.o
 .debug_line    0x000014c7       0xc2 ../lib/NS73.o
 .debug_line    0x00001589       0x8d ../Bootloader/LPCUSB/main_msc.o
 .debug_line    0x00001616      0x10e ../Bootloader/LPCUSB/msc_bot.o
 .debug_line    0x00001724       0xd1 ../Bootloader/LPCUSB/msc_scsi.o
 .debug_line    0x000017f5      0x113 ../Bootloader/LPCUSB/blockdev_sd.o
 .debug_line    0x00001908       0x9b ../Bootloader/LPCUSB/lpc2000_spi.o
 .debug_line    0x000019a3       0x66 ../Bootloader/LPCUSB/usbinit.o
 .debug_line    0x00001a09      0x181 ../Bootloader/LPCUSB/usbhw_lpc.o
 .debug_line    0x00001b8a       0xc8 ../Bootloader/LPCUSB/usbcontrol.o
 .debug_line    0x00001c52      0x102 ../Bootloader/LPCUSB/usbstdreq.o
 .debug_line    0x00001d54      0x228 /opt/local/lib/gcc/arm-elf/4.3.2/../../../../arm-elf/lib/libc.a(lib_a-malloc.o)
 .debug_line    0x00001f7c      0x357 /opt/local/lib/gcc/arm-elf/4.3.2/../../../../arm-elf/lib/libc.a(lib_a-mallocr.o)
 .debug_line    0x000022d3      0x19f /opt/local/lib/gcc/arm-elf/4.3.2/../../../../arm-elf/lib/libc.a(lib_a-memcpy.o)
 .debug_line    0x00002472      0x1a6 /opt/local/lib/gcc/arm-elf/4.3.2/../../../../arm-elf/lib/libc.a(lib_a-memset.o)
 .debug_line    0x00002618      0x21c /opt/local/lib/gcc/arm-elf/4.3.2/../../../../arm-elf/lib/libc.a(lib_a-mlock.o)
 .debug_line    0x00002834       0xe1 /opt/local/lib/gcc/arm-elf/4.3.2/../../../../arm-elf/lib/libc.a(lib_a-strchr.o)
 .debug_line    0x00002915       0xe9 /opt/local/lib/gcc/arm-elf/4.3.2/../../../../arm-elf/lib/libc.a(lib_a-strcmp.o)
 .debug_line    0x000029fe      0x171 /opt/local/lib/gcc/arm-elf/4.3.2/../../../../arm-elf/lib/libc.a(lib_a-strlen.o)
 .debug_line    0x00002b6f      0x19f /opt/local/lib/gcc/arm-elf/4.3.2/../../../../arm-elf/lib/libc.a(lib_a-strncmp.o)
 .debug_line    0x00002d0e      0x198 /opt/local/lib/gcc/arm-elf/4.3.2/../../../../arm-elf/lib/libc.a(lib_a-strncpy.o)
 .debug_line    0x00002ea6       0xd5 /opt/local/lib/gcc/arm-elf/4.3.2/../../../../arm-elf/lib/libc.a(lib_a-strrchr.o)
 .debug_line    0x00002f7b      0x2ac /opt/local/lib/gcc/arm-elf/4.3.2/../../../../arm-elf/lib/libc.a(lib_a-freer.o)
 .debug_line    0x00003227      0x20a /opt/local/lib/gcc/arm-elf/4.3.2/../../../../arm-elf/lib/libc.a(lib_a-impure.o)
 .debug_line    0x00003431      0x103 /opt/local/lib/gcc/arm-elf/4.3.2/libgcc.a(_udivsi3.o)
 .debug_line    0x00003534      0x10f /opt/local/lib/gcc/arm-elf/4.3.2/libgcc.a(_divsi3.o)
 .debug_line    0x00003643       0xec /opt/local/lib/gcc/arm-elf/4.3.2/libgcc.a(_umodsi3.o)
 .debug_line    0x0000372f       0xf2 /opt/local/lib/gcc/arm-elf/4.3.2/libgcc.a(_modsi3.o)
 .debug_line    0x00003821       0xd7 /opt/local/lib/gcc/arm-elf/4.3.2/libgcc.a(_dvmd_tls.o)

.debug_frame    0x00000000     0x16f0
 *(.debug_frame)
 .debug_frame   0x00000000      0x454 main.o
 .debug_frame   0x00000454       0x80 ../lib/syscalls.o
 .debug_frame   0x000004d4       0x68 ../lib/rprintf.o
 .debug_frame   0x0000053c       0x80 ../lib/serial.o
 .debug_frame   0x000005bc       0x48 ../lib/spi0.o
 .debug_frame   0x00000604      0x108 ../lib/rootdir.o
 .debug_frame   0x0000070c      0x154 ../lib/sd_raw.o
 .debug_frame   0x00000860      0x33c ../lib/fat16.o
 .debug_frame   0x00000b9c       0x4c ../lib/partition.o
 .debug_frame   0x00000be8       0x60 ../lib/MMA7260.o
 .debug_frame   0x00000c48      0x134 ../lib/LCD_driver.o
 .debug_frame   0x00000d7c      0x104 ../lib/vs1002.o
 .debug_frame   0x00000e80       0x94 ../lib/NS73.o
 .debug_frame   0x00000f14       0x40 ../Bootloader/LPCUSB/main_msc.o
 .debug_frame   0x00000f54       0xac ../Bootloader/LPCUSB/msc_bot.o
 .debug_frame   0x00001000       0x64 ../Bootloader/LPCUSB/msc_scsi.o
 .debug_frame   0x00001064       0xc8 ../Bootloader/LPCUSB/blockdev_sd.o
 .debug_frame   0x0000112c       0x68 ../Bootloader/LPCUSB/lpc2000_spi.o
 .debug_frame   0x00001194       0x38 ../Bootloader/LPCUSB/usbinit.o
 .debug_frame   0x000011cc      0x168 ../Bootloader/LPCUSB/usbhw_lpc.o
 .debug_frame   0x00001334       0x8c ../Bootloader/LPCUSB/usbcontrol.o
 .debug_frame   0x000013c0       0x6c ../Bootloader/LPCUSB/usbstdreq.o
 .debug_frame   0x0000142c       0x30 /opt/local/lib/gcc/arm-elf/4.3.2/../../../../arm-elf/lib/libc.a(lib_a-malloc.o)
 .debug_frame   0x0000145c       0x38 /opt/local/lib/gcc/arm-elf/4.3.2/../../../../arm-elf/lib/libc.a(lib_a-mallocr.o)
 .debug_frame   0x00001494       0x2c /opt/local/lib/gcc/arm-elf/4.3.2/../../../../arm-elf/lib/libc.a(lib_a-memcpy.o)
 .debug_frame   0x000014c0       0x28 /opt/local/lib/gcc/arm-elf/4.3.2/../../../../arm-elf/lib/libc.a(lib_a-memset.o)
 .debug_frame   0x000014e8       0x30 /opt/local/lib/gcc/arm-elf/4.3.2/../../../../arm-elf/lib/libc.a(lib_a-mlock.o)
 .debug_frame   0x00001518       0x28 /opt/local/lib/gcc/arm-elf/4.3.2/../../../../arm-elf/lib/libc.a(lib_a-strchr.o)
 .debug_frame   0x00001540       0x20 /opt/local/lib/gcc/arm-elf/4.3.2/../../../../arm-elf/lib/libc.a(lib_a-strcmp.o)
 .debug_frame   0x00001560       0x20 /opt/local/lib/gcc/arm-elf/4.3.2/../../../../arm-elf/lib/libc.a(lib_a-strlen.o)
 .debug_frame   0x00001580       0x2c /opt/local/lib/gcc/arm-elf/4.3.2/../../../../arm-elf/lib/libc.a(lib_a-strncmp.o)
 .debug_frame   0x000015ac       0x28 /opt/local/lib/gcc/arm-elf/4.3.2/../../../../arm-elf/lib/libc.a(lib_a-strncpy.o)
 .debug_frame   0x000015d4       0x2c /opt/local/lib/gcc/arm-elf/4.3.2/../../../../arm-elf/lib/libc.a(lib_a-strrchr.o)
 .debug_frame   0x00001600       0x50 /opt/local/lib/gcc/arm-elf/4.3.2/../../../../arm-elf/lib/libc.a(lib_a-freer.o)
 .debug_frame   0x00001650       0x28 /opt/local/lib/gcc/arm-elf/4.3.2/libgcc.a(_udivsi3.o)
 .debug_frame   0x00001678       0x28 /opt/local/lib/gcc/arm-elf/4.3.2/libgcc.a(_divsi3.o)
 .debug_frame   0x000016a0       0x28 /opt/local/lib/gcc/arm-elf/4.3.2/libgcc.a(_umodsi3.o)
 .debug_frame   0x000016c8       0x28 /opt/local/lib/gcc/arm-elf/4.3.2/libgcc.a(_modsi3.o)

.debug_str      0x00000000     0x2b10
 *(.debug_str)
 .debug_str     0x00000000      0x533 main.o
                                0x5b7 (size before relaxing)
 .debug_str     0x00000533      0x50a ../lib/syscalls.o
                                0x5fe (size before relaxing)
 .debug_str     0x00000a3d       0x99 ../lib/rprintf.o
                                0x1af (size before relaxing)
 .debug_str     0x00000ad6       0x76 ../lib/serial.o
                                0x112 (size before relaxing)
 .debug_str     0x00000b4c       0x31 ../lib/spi0.o
                                0x13f (size before relaxing)
 .debug_str     0x00000b7d      0x246 ../lib/rootdir.o
                                0x3c3 (size before relaxing)
 .debug_str     0x00000dc3      0x196 ../lib/sd_raw.o
                                0x374 (size before relaxing)
 .debug_str     0x00000f59      0x5ba ../lib/fat16.o
                                0x880 (size before relaxing)
 .debug_str     0x00001513       0x47 ../lib/partition.o
                                0x224 (size before relaxing)
 .debug_str     0x0000155a       0x49 ../lib/MMA7260.o
                                 0xe6 (size before relaxing)
 .debug_str     0x000015a3      0x107 ../lib/LCD_driver.o
                                0x248 (size before relaxing)
 .debug_str     0x000016aa       0xb5 ../lib/vs1002.o
                                0x186 (size before relaxing)
 .debug_str     0x0000175f       0x8a ../lib/NS73.o
                                0x13c (size before relaxing)
 .debug_str     0x000017e9       0x9f ../Bootloader/LPCUSB/main_msc.o
                                0x1bb (size before relaxing)
 .debug_str     0x00001888      0x17b ../Bootloader/LPCUSB/msc_bot.o
                                0x2b2 (size before relaxing)
 .debug_str     0x00001a03       0xf2 ../Bootloader/LPCUSB/msc_scsi.o
                                0x215 (size before relaxing)
 .debug_str     0x00001af5       0xc4 ../Bootloader/LPCUSB/blockdev_sd.o
                                0x20a (size before relaxing)
 .debug_str     0x00001bb9       0x6c ../Bootloader/LPCUSB/lpc2000_spi.o
                                0x18d (size before relaxing)
 .debug_str     0x00001c25       0x4e ../Bootloader/LPCUSB/usbinit.o
                                0x118 (size before relaxing)
 .debug_str     0x00001c73      0x25a ../Bootloader/LPCUSB/usbhw_lpc.o
                                0x340 (size before relaxing)
 .debug_str     0x00001ecd       0xa9 ../Bootloader/LPCUSB/usbcontrol.o
                                0x20a (size before relaxing)
 .debug_str     0x00001f76      0x175 ../Bootloader/LPCUSB/usbstdreq.o
                                0x29f (size before relaxing)
 .debug_str     0x000020eb       0xa1 /opt/local/lib/gcc/arm-elf/4.3.2/../../../../arm-elf/lib/libc.a(lib_a-malloc.o)
                                0x4f1 (size before relaxing)
 .debug_str     0x0000218c      0x263 /opt/local/lib/gcc/arm-elf/4.3.2/../../../../arm-elf/lib/libc.a(lib_a-mallocr.o)
                                0x6c6 (size before relaxing)
 .debug_str     0x000023ef       0xca /opt/local/lib/gcc/arm-elf/4.3.2/../../../../arm-elf/lib/libc.a(lib_a-memcpy.o)
                                 0xfd (size before relaxing)
 .debug_str     0x000024b9       0xb0 /opt/local/lib/gcc/arm-elf/4.3.2/../../../../arm-elf/lib/libc.a(lib_a-memset.o)
                                0x153 (size before relaxing)
 .debug_str     0x00002569       0xce /opt/local/lib/gcc/arm-elf/4.3.2/../../../../arm-elf/lib/libc.a(lib_a-mlock.o)
                                0x4f8 (size before relaxing)
 .debug_str     0x00002637       0xa8 /opt/local/lib/gcc/arm-elf/4.3.2/../../../../arm-elf/lib/libc.a(lib_a-strchr.o)
                                0x14a (size before relaxing)
 .debug_str     0x000026df       0xa3 /opt/local/lib/gcc/arm-elf/4.3.2/../../../../arm-elf/lib/libc.a(lib_a-strcmp.o)
                                0x138 (size before relaxing)
 .debug_str     0x00002782       0xa9 /opt/local/lib/gcc/arm-elf/4.3.2/../../../../arm-elf/lib/libc.a(lib_a-strlen.o)
                                0x152 (size before relaxing)
 .debug_str     0x0000282b       0xa5 /opt/local/lib/gcc/arm-elf/4.3.2/../../../../arm-elf/lib/libc.a(lib_a-strncmp.o)
                                0x141 (size before relaxing)
 .debug_str     0x000028d0       0xa5 /opt/local/lib/gcc/arm-elf/4.3.2/../../../../arm-elf/lib/libc.a(lib_a-strncpy.o)
                                0x169 (size before relaxing)
 .debug_str     0x00002975       0xa5 /opt/local/lib/gcc/arm-elf/4.3.2/../../../../arm-elf/lib/libc.a(lib_a-strrchr.o)
                                0x13f (size before relaxing)
 .debug_str     0x00002a1a       0x3c /opt/local/lib/gcc/arm-elf/4.3.2/../../../../arm-elf/lib/libc.a(lib_a-freer.o)
                                0x618 (size before relaxing)
 .debug_str     0x00002a56       0xba /opt/local/lib/gcc/arm-elf/4.3.2/../../../../arm-elf/lib/libc.a(lib_a-impure.o)
                                0x4f0 (size before relaxing)

.debug_loc      0x00000000     0x526e
 *(.debug_loc)
 .debug_loc     0x00000000      0x923 main.o
 .debug_loc     0x00000923       0x98 ../lib/syscalls.o
 .debug_loc     0x000009bb      0x2a4 ../lib/rprintf.o
 .debug_loc     0x00000c5f       0xc9 ../lib/serial.o
 .debug_loc     0x00000d28       0x45 ../lib/spi0.o
 .debug_loc     0x00000d6d      0x23f ../lib/rootdir.o
 .debug_loc     0x00000fac      0x5c8 ../lib/sd_raw.o
 .debug_loc     0x00001574     0x1211 ../lib/fat16.o
 .debug_loc     0x00002785      0x114 ../lib/partition.o
 .debug_loc     0x00002899       0x13 ../lib/MMA7260.o
 .debug_loc     0x000028ac      0x58e ../lib/LCD_driver.o
 .debug_loc     0x00002e3a      0x1e7 ../lib/vs1002.o
 .debug_loc     0x00003021      0x126 ../lib/NS73.o
 .debug_loc     0x00003147       0xae ../Bootloader/LPCUSB/main_msc.o
 .debug_loc     0x000031f5      0x263 ../Bootloader/LPCUSB/msc_bot.o
 .debug_loc     0x00003458      0x1b8 ../Bootloader/LPCUSB/msc_scsi.o
 .debug_loc     0x00003610      0x2dc ../Bootloader/LPCUSB/blockdev_sd.o
 .debug_loc     0x000038ec       0x45 ../Bootloader/LPCUSB/lpc2000_spi.o
 .debug_loc     0x00003931       0x1f ../Bootloader/LPCUSB/usbinit.o
 .debug_loc     0x00003950      0x36d ../Bootloader/LPCUSB/usbhw_lpc.o
 .debug_loc     0x00003cbd      0x1cf ../Bootloader/LPCUSB/usbcontrol.o
 .debug_loc     0x00003e8c      0x2bb ../Bootloader/LPCUSB/usbstdreq.o
 .debug_loc     0x00004147       0x3c /opt/local/lib/gcc/arm-elf/4.3.2/../../../../arm-elf/lib/libc.a(lib_a-malloc.o)
 .debug_loc     0x00004183      0x75d /opt/local/lib/gcc/arm-elf/4.3.2/../../../../arm-elf/lib/libc.a(lib_a-mallocr.o)
 .debug_loc     0x000048e0      0x130 /opt/local/lib/gcc/arm-elf/4.3.2/../../../../arm-elf/lib/libc.a(lib_a-memcpy.o)
 .debug_loc     0x00004a10      0x12b /opt/local/lib/gcc/arm-elf/4.3.2/../../../../arm-elf/lib/libc.a(lib_a-memset.o)
 .debug_loc     0x00004b3b       0xd3 /opt/local/lib/gcc/arm-elf/4.3.2/../../../../arm-elf/lib/libc.a(lib_a-strchr.o)
 .debug_loc     0x00004c0e       0xba /opt/local/lib/gcc/arm-elf/4.3.2/../../../../arm-elf/lib/libc.a(lib_a-strcmp.o)
 .debug_loc     0x00004cc8       0x47 /opt/local/lib/gcc/arm-elf/4.3.2/../../../../arm-elf/lib/libc.a(lib_a-strlen.o)
 .debug_loc     0x00004d0f      0x105 /opt/local/lib/gcc/arm-elf/4.3.2/../../../../arm-elf/lib/libc.a(lib_a-strncmp.o)
 .debug_loc     0x00004e14      0x128 /opt/local/lib/gcc/arm-elf/4.3.2/../../../../arm-elf/lib/libc.a(lib_a-strncpy.o)
 .debug_loc     0x00004f3c       0x87 /opt/local/lib/gcc/arm-elf/4.3.2/../../../../arm-elf/lib/libc.a(lib_a-strrchr.o)
 .debug_loc     0x00004fc3      0x2ab /opt/local/lib/gcc/arm-elf/4.3.2/../../../../arm-elf/lib/libc.a(lib_a-freer.o)

.debug_macinfo
 *(.debug_macinfo)

.debug_weaknames
 *(.debug_weaknames)

.debug_funcnames
 *(.debug_funcnames)

.debug_typenames
 *(.debug_typenames)

.debug_varnames
 *(.debug_varnames)
OUTPUT(main.elf elf32-littlearm)

.debug_ranges   0x00000000      0x828
 .debug_ranges  0x00000000      0x490 main.o
 .debug_ranges  0x00000490       0x18 ../lib/rprintf.o
 .debug_ranges  0x000004a8       0x48 ../lib/sd_raw.o
 .debug_ranges  0x000004f0      0x1a8 ../lib/fat16.o
 .debug_ranges  0x00000698       0x30 ../Bootloader/LPCUSB/msc_bot.o
 .debug_ranges  0x000006c8       0x18 ../Bootloader/LPCUSB/blockdev_sd.o
 .debug_ranges  0x000006e0       0x18 ../Bootloader/LPCUSB/lpc2000_spi.o
 .debug_ranges  0x000006f8       0x78 ../Bootloader/LPCUSB/usbhw_lpc.o
 .debug_ranges  0x00000770       0x60 ../Bootloader/LPCUSB/usbstdreq.o
 .debug_ranges  0x000007d0       0x58 /opt/local/lib/gcc/arm-elf/4.3.2/../../../../arm-elf/lib/libc.a(lib_a-mallocr.o)

.ARM.attributes
                0x00000000       0x10
 .ARM.attributes
                0x00000000       0x10 main.o
 .ARM.attributes
                0x00000010       0x10 /opt/local/lib/gcc/arm-elf/4.3.2/../../../../arm-elf/lib/libc.a(lib_a-malloc.o)
 .ARM.attributes
                0x00000020       0x10 /opt/local/lib/gcc/arm-elf/4.3.2/../../../../arm-elf/lib/libc.a(lib_a-mallocr.o)
 .ARM.attributes
                0x00000030       0x10 /opt/local/lib/gcc/arm-elf/4.3.2/../../../../arm-elf/lib/libc.a(lib_a-memcpy.o)
 .ARM.attributes
                0x00000040       0x10 /opt/local/lib/gcc/arm-elf/4.3.2/../../../../arm-elf/lib/libc.a(lib_a-memset.o)
 .ARM.attributes
                0x00000050       0x10 /opt/local/lib/gcc/arm-elf/4.3.2/../../../../arm-elf/lib/libc.a(lib_a-mlock.o)
 .ARM.attributes
                0x00000060       0x10 /opt/local/lib/gcc/arm-elf/4.3.2/../../../../arm-elf/lib/libc.a(lib_a-strchr.o)
 .ARM.attributes
                0x00000070       0x10 /opt/local/lib/gcc/arm-elf/4.3.2/../../../../arm-elf/lib/libc.a(lib_a-strcmp.o)
 .ARM.attributes
                0x00000080       0x10 /opt/local/lib/gcc/arm-elf/4.3.2/../../../../arm-elf/lib/libc.a(lib_a-strlen.o)
 .ARM.attributes
                0x00000090       0x10 /opt/local/lib/gcc/arm-elf/4.3.2/../../../../arm-elf/lib/libc.a(lib_a-strncmp.o)
 .ARM.attributes
                0x000000a0       0x10 /opt/local/lib/gcc/arm-elf/4.3.2/../../../../arm-elf/lib/libc.a(lib_a-strncpy.o)
 .ARM.attributes
                0x000000b0       0x10 /opt/local/lib/gcc/arm-elf/4.3.2/../../../../arm-elf/lib/libc.a(lib_a-strrchr.o)
 .ARM.attributes
                0x000000c0       0x10 /opt/local/lib/gcc/arm-elf/4.3.2/../../../../arm-elf/lib/libc.a(lib_a-freer.o)
 .ARM.attributes
                0x000000d0       0x10 /opt/local/lib/gcc/arm-elf/4.3.2/../../../../arm-elf/lib/libc.a(lib_a-impure.o)
 .ARM.attributes
                0x000000e0       0x10 /opt/local/lib/gcc/arm-elf/4.3.2/libgcc.a(_udivsi3.o)
 .ARM.attributes
                0x000000f0       0x10 /opt/local/lib/gcc/arm-elf/4.3.2/libgcc.a(_divsi3.o)
 .ARM.attributes
                0x00000100       0x10 /opt/local/lib/gcc/arm-elf/4.3.2/libgcc.a(_umodsi3.o)
 .ARM.attributes
                0x00000110       0x10 /opt/local/lib/gcc/arm-elf/4.3.2/libgcc.a(_modsi3.o)
 .ARM.attributes
                0x00000120       0x10 /opt/local/lib/gcc/arm-elf/4.3.2/libgcc.a(_dvmd_tls.o)

Cross Reference Table

Symbol                                            File
[...]
                                                  /opt/local/lib/gcc/arm-elf/4.3.2/libgcc.a(_modsi3.o)
                                                  /opt/local/lib/gcc/arm-elf/4.3.2/libgcc.a(_umodsi3.o)
                                                  /opt/local/lib/gcc/arm-elf/4.3.2/libgcc.a(_divsi3.o)
                                                  /opt/local/lib/gcc/arm-elf/4.3.2/libgcc.a(_udivsi3.o)
__divsi3                                          /opt/local/lib/gcc/arm-elf/4.3.2/libgcc.a(_divsi3.o)
                                                  ../lib/LCD_driver.o
                                                  ../lib/fat16.o
                                                  main.o
__exit_ARM                                        Startup.o
__exit_THUMB                                      Startup.o
__malloc_av_                                      /opt/local/lib/gcc/arm-elf/4.3.2/../../../../arm-elf/lib/libc.a(lib_a-mallocr.o)
                                                  /opt/local/lib/gcc/arm-elf/4.3.2/../../../../arm-elf/lib/libc.a(lib_a-freer.o)
__malloc_current_mallinfo                         /opt/local/lib/gcc/arm-elf/4.3.2/../../../../arm-elf/lib/libc.a(lib_a-mallocr.o)
                                                  /opt/local/lib/gcc/arm-elf/4.3.2/../../../../arm-elf/lib/libc.a(lib_a-freer.o)
__malloc_lock                                     /opt/local/lib/gcc/arm-elf/4.3.2/../../../../arm-elf/lib/libc.a(lib_a-mlock.o)
                                                  /opt/local/lib/gcc/arm-elf/4.3.2/../../../../arm-elf/lib/libc.a(lib_a-freer.o)
                                                  /opt/local/lib/gcc/arm-elf/4.3.2/../../../../arm-elf/lib/libc.a(lib_a-mallocr.o)
__malloc_max_sbrked_mem                           /opt/local/lib/gcc/arm-elf/4.3.2/../../../../arm-elf/lib/libc.a(lib_a-mallocr.o)
__malloc_max_total_mem                            /opt/local/lib/gcc/arm-elf/4.3.2/../../../../arm-elf/lib/libc.a(lib_a-mallocr.o)
__malloc_sbrk_base                                /opt/local/lib/gcc/arm-elf/4.3.2/../../../../arm-elf/lib/libc.a(lib_a-mallocr.o)
                                                  /opt/local/lib/gcc/arm-elf/4.3.2/../../../../arm-elf/lib/libc.a(lib_a-freer.o)
__malloc_top_pad                                  /opt/local/lib/gcc/arm-elf/4.3.2/../../../../arm-elf/lib/libc.a(lib_a-mallocr.o)
                                                  /opt/local/lib/gcc/arm-elf/4.3.2/../../../../arm-elf/lib/libc.a(lib_a-freer.o)
__malloc_trim_threshold                           /opt/local/lib/gcc/arm-elf/4.3.2/../../../../arm-elf/lib/libc.a(lib_a-mallocr.o)
                                                  /opt/local/lib/gcc/arm-elf/4.3.2/../../../../arm-elf/lib/libc.a(lib_a-freer.o)
__malloc_unlock                                   /opt/local/lib/gcc/arm-elf/4.3.2/../../../../arm-elf/lib/libc.a(lib_a-mlock.o)
                                                  /opt/local/lib/gcc/arm-elf/4.3.2/../../../../arm-elf/lib/libc.a(lib_a-freer.o)
                                                  /opt/local/lib/gcc/arm-elf/4.3.2/../../../../arm-elf/lib/libc.a(lib_a-mallocr.o)
__modsi3                                          /opt/local/lib/gcc/arm-elf/4.3.2/libgcc.a(_modsi3.o)
                                                  ../lib/LCD_driver.o
                                                  main.o
__startup                                         Startup.o
__udivsi3                                         /opt/local/lib/gcc/arm-elf/4.3.2/libgcc.a(_udivsi3.o)
                                                  ../lib/fat16.o
                                                  ../lib/serial.o
                                                  ../lib/rprintf.o
__umodsi3                                         /opt/local/lib/gcc/arm-elf/4.3.2/libgcc.a(_umodsi3.o)
                                                  ../lib/fat16.o
                                                  ../lib/rprintf.o
_close_r                                          ../lib/syscalls.o
_data                                             Startup.o
_edata                                            Startup.o
_etext                                            Startup.o
_free_r                                           /opt/local/lib/gcc/arm-elf/4.3.2/../../../../arm-elf/lib/libc.a(lib_a-freer.o)
                                                  /opt/local/lib/gcc/arm-elf/4.3.2/../../../../arm-elf/lib/libc.a(lib_a-mallocr.o)
                                                  /opt/local/lib/gcc/arm-elf/4.3.2/../../../../arm-elf/lib/libc.a(lib_a-malloc.o)
_fstat_r                                          ../lib/syscalls.o
_global_impure_ptr                                /opt/local/lib/gcc/arm-elf/4.3.2/../../../../arm-elf/lib/libc.a(lib_a-impure.o)
_impure_ptr                                       /opt/local/lib/gcc/arm-elf/4.3.2/../../../../arm-elf/lib/libc.a(lib_a-impure.o)
                                                  /opt/local/lib/gcc/arm-elf/4.3.2/../../../../arm-elf/lib/libc.a(lib_a-malloc.o)
_lseek_r                                          ../lib/syscalls.o
_malloc_r                                         /opt/local/lib/gcc/arm-elf/4.3.2/../../../../arm-elf/lib/libc.a(lib_a-mallocr.o)
                                                  /opt/local/lib/gcc/arm-elf/4.3.2/../../../../arm-elf/lib/libc.a(lib_a-malloc.o)
_malloc_trim_r                                    /opt/local/lib/gcc/arm-elf/4.3.2/../../../../arm-elf/lib/libc.a(lib_a-freer.o)
_read_r                                           ../lib/syscalls.o
_sbrk_r                                           ../lib/syscalls.o
                                                  /opt/local/lib/gcc/arm-elf/4.3.2/../../../../arm-elf/lib/libc.a(lib_a-freer.o)
                                                  /opt/local/lib/gcc/arm-elf/4.3.2/../../../../arm-elf/lib/libc.a(lib_a-mallocr.o)
_write_r                                          ../lib/syscalls.o
black                                             ../lib/LCD_driver.o
                                                  main.o
bootUp                                            main.o
changeRadioFrequency                              main.o
clearScreen                                       main.o
closeSong                                         main.o
contrast                                          main.o
dd                                                ../lib/rootdir.o
delay_ms                                          main.o
                                                  ../lib/NS73.o
                                                  ../lib/vs1002.o
                                                  ../lib/LCD_driver.o
                                                  ../lib/rprintf.o
deselectRadio                                     main.o
dir_entry                                         ../lib/rootdir.o
disableMP3Interrupt                               main.o
disableRadio                                      main.o
disableUIInterrupt                                main.o
displayRadioMenu                                  main.o
enableMP3Interrupt                                main.o
enableRadio                                       main.o
enableUIInterrupt                                 main.o
end                                               ../lib/syscalls.o
exclusiveUIInterrupt                              main.o
fat16_close                                       ../lib/fat16.o
fat16_close_dir                                   ../lib/fat16.o
fat16_close_file                                  ../lib/fat16.o
                                                  main.o
fat16_create_file                                 ../lib/fat16.o
                                                  ../lib/rootdir.o
fat16_delete_file                                 ../lib/fat16.o
                                                  ../lib/rootdir.o
fat16_file_size                                   ../lib/fat16.o
                                                  main.o
fat16_get_dir_entry_of_path                       ../lib/fat16.o
                                                  ../lib/rootdir.o
fat16_get_fs_free                                 ../lib/fat16.o
                                                  ../lib/rootdir.o
fat16_get_fs_size                                 ../lib/fat16.o
                                                  ../lib/rootdir.o
fat16_open                                        ../lib/fat16.o
                                                  ../lib/rootdir.o
fat16_open_dir                                    ../lib/fat16.o
                                                  ../lib/rootdir.o
fat16_open_file                                   ../lib/fat16.o
fat16_read_dir                                    ../lib/fat16.o
                                                  ../lib/rootdir.o
fat16_read_file                                   ../lib/fat16.o
                                                  main.o
fat16_reset_dir                                   ../lib/fat16.o
                                                  ../lib/rootdir.o
fat16_resize_file                                 ../lib/fat16.o
fat16_seek_file                                   ../lib/fat16.o
fat16_write_file                                  ../lib/fat16.o
fd                                                ../lib/rootdir.o
fillSettings                                      main.o
find_file_in_dir                                  ../lib/fat16.o
                                                  ../lib/rootdir.o
format_card                                       ../lib/sd_raw.o
free                                              /opt/local/lib/gcc/arm-elf/4.3.2/../../../../arm-elf/lib/libc.a(lib_a-malloc.o)
                                                  ../lib/partition.o
                                                  ../lib/fat16.o
fs                                                ../lib/rootdir.o
getButton                                         main.o
getNewFiles                                       main.o
getc0                                             ../lib/serial.o
getkey_serial0                                    ../lib/serial.o
handleDownButton                                  main.o
handleMiddleButton                                main.o
handleUpButton                                    main.o
highlightRow                                      main.o
init_serial0                                      ../lib/serial.o
initializeInterrupts                              main.o
initializeLEDs                                    main.o
initializeMP3Player                               main.o
initializeMP3Timer                                main.o
initializeRadio                                   main.o
initializeSPI                                     main.o
initializeUITimer                                 main.o
isUSBConnected                                    main.o
isatty                                            ../lib/syscalls.o
loadSongInfo                                      main.o
lowerVolume                                       main.o
main                                              main.o
                                                  Startup.o
main_msc                                          ../Bootloader/LPCUSB/main_msc.o
                                                  main.o
malloc                                            /opt/local/lib/gcc/arm-elf/4.3.2/../../../../arm-elf/lib/libc.a(lib_a-malloc.o)
                                                  ../lib/partition.o
                                                  ../lib/fat16.o
memcpy                                            /opt/local/lib/gcc/arm-elf/4.3.2/../../../../arm-elf/lib/libc.a(lib_a-memcpy.o)
                                                  ../Bootloader/LPCUSB/msc_scsi.o
                                                  ../lib/fat16.o
                                                  ../lib/sd_raw.o
memset                                            /opt/local/lib/gcc/arm-elf/4.3.2/../../../../arm-elf/lib/libc.a(lib_a-memset.o)
                                                  ../lib/partition.o
                                                  ../lib/fat16.o
                                                  ../lib/sd_raw.o
newline                                           main.o
ns73Config                                        ../lib/NS73.o
                                                  main.o
ns73Init                                          ../lib/NS73.o
                                                  main.o
ns73Send                                          ../lib/NS73.o
                                                  main.o
ns73SerialReset                                   ../lib/NS73.o
ns73SetChannel                                    ../lib/NS73.o
                                                  main.o
open_file_in_dir                                  ../lib/fat16.o
                                                  ../lib/rootdir.o
openroot                                          ../lib/rootdir.o
                                                  main.o
partition                                         ../lib/rootdir.o
partition_close                                   ../lib/partition.o
partition_open                                    ../lib/partition.o
                                                  ../lib/rootdir.o
printMenu                                         main.o
print_disk_info                                   ../lib/rootdir.o
putc_serial0                                      ../lib/serial.o
                                                  main.o
putchar_serial0                                   ../lib/serial.o
putstring_serial0                                 ../lib/serial.o
quickClear                                        main.o
radio_channel                                     main.o
radio_channel_menu                                main.o
radio_enable                                      main.o
radio_power                                       main.o
raiseVolume                                       main.o
red                                               ../lib/LCD_driver.o
reset                                             main.o
rootDirectory_files                               ../lib/rootdir.o
                                                  main.o
rootDirectory_files_stream                        ../lib/rootdir.o
                                                  main.o
root_delete                                       ../lib/rootdir.o
root_disk_info                                    ../lib/rootdir.o
root_file_exists                                  ../lib/rootdir.o
                                                  main.o
root_format                                       ../lib/rootdir.o
root_open                                         ../lib/rootdir.o
                                                  main.o
root_open_new                                     ../lib/rootdir.o
rprintf                                           ../lib/rprintf.o
                                                  ../Bootloader/LPCUSB/lpc2000_spi.o
                                                  ../Bootloader/LPCUSB/blockdev_sd.o
                                                  ../Bootloader/LPCUSB/main_msc.o
                                                  ../lib/fat16.o
                                                  ../lib/sd_raw.o
                                                  ../lib/rootdir.o
                                                  main.o
rprintf_devopen                                   ../lib/rprintf.o
                                                  main.o
sd_raw_available                                  ../lib/sd_raw.o
sd_raw_get_info                                   ../lib/sd_raw.o
                                                  ../lib/rootdir.o
sd_raw_init                                       ../lib/sd_raw.o
                                                  main.o
sd_raw_locked                                     ../lib/sd_raw.o
sd_raw_read                                       ../lib/sd_raw.o
                                                  ../lib/rootdir.o
sd_raw_read_interval                              ../lib/sd_raw.o
                                                  ../lib/rootdir.o
sd_raw_sync                                       ../lib/sd_raw.o
sd_raw_write                                      ../lib/sd_raw.o
                                                  ../lib/rootdir.o
selectLCD                                         main.o
selectRadio                                       main.o
selectSD                                          main.o
sendMP3Data                                       main.o
setRadioFrequency                                 main.o
settings                                          main.o
splashScreen                                      main.o
startMP3Player                                    main.o
stopAllInterrupts                                 main.o
stopMP3Player                                     main.o
strchr                                            /opt/local/lib/gcc/arm-elf/4.3.2/../../../../arm-elf/lib/libc.a(lib_a-strchr.o)
                                                  /opt/local/lib/gcc/arm-elf/4.3.2/../../../../arm-elf/lib/libc.a(lib_a-strrchr.o)
                                                  ../lib/fat16.o
strcmp                                            /opt/local/lib/gcc/arm-elf/4.3.2/../../../../arm-elf/lib/libc.a(lib_a-strcmp.o)
                                                  ../lib/fat16.o
strlen                                            /opt/local/lib/gcc/arm-elf/4.3.2/../../../../arm-elf/lib/libc.a(lib_a-strlen.o)
                                                  ../lib/fat16.o
strncmp                                           /opt/local/lib/gcc/arm-elf/4.3.2/../../../../arm-elf/lib/libc.a(lib_a-strncmp.o)
                                                  ../lib/fat16.o
strncpy                                           /opt/local/lib/gcc/arm-elf/4.3.2/../../../../arm-elf/lib/libc.a(lib_a-strncpy.o)
                                                  ../lib/fat16.o
strrchr                                           /opt/local/lib/gcc/arm-elf/4.3.2/../../../../arm-elf/lib/libc.a(lib_a-strrchr.o)
                                                  ../lib/fat16.o
volume                                            main.o
volume_setting                                    main.o
vs1002Config                                      ../lib/vs1002.o
                                                  main.o
vs1002Finish                                      ../lib/vs1002.o
                                                  main.o
vs1002Init                                        ../lib/vs1002.o
                                                  main.o
vs1002Mute                                        ../lib/vs1002.o
vs1002Reset                                       ../lib/vs1002.o
                                                  main.o
vs1002SCIRead                                     ../lib/vs1002.o
vs1002SCIWrite                                    ../lib/vs1002.o
                                                  main.o
vs1002SendMusic                                   ../lib/vs1002.o
                                                  main.o
vs1002SetVolume                                   ../lib/vs1002.o
                                                  main.o
vs1002SineTest                                    ../lib/vs1002.o
welcome                                           main.o
white                                             ../lib/LCD_driver.o
                                                  main.o
