Archive member included because of file (symbol)

/opt/local/lib/gcc/arm-elf/4.3.2/../../../../arm-elf/lib/libc.a(lib_a-malloc.o)
                              ../lib/fat16.o (free)
/opt/local/lib/gcc/arm-elf/4.3.2/../../../../arm-elf/lib/libc.a(lib_a-mallocr.o)
                              /opt/local/lib/gcc/arm-elf/4.3.2/../../../../arm-elf/lib/libc.a(lib_a-malloc.o) (_malloc_r)
/opt/local/lib/gcc/arm-elf/4.3.2/../../../../arm-elf/lib/libc.a(lib_a-memcpy.o)
                              ../lib/sd_raw.o (memcpy)
/opt/local/lib/gcc/arm-elf/4.3.2/../../../../arm-elf/lib/libc.a(lib_a-memset.o)
                              ../lib/sd_raw.o (memset)
/opt/local/lib/gcc/arm-elf/4.3.2/../../../../arm-elf/lib/libc.a(lib_a-mlock.o)
                              /opt/local/lib/gcc/arm-elf/4.3.2/../../../../arm-elf/lib/libc.a(lib_a-mallocr.o) (__malloc_lock)
/opt/local/lib/gcc/arm-elf/4.3.2/../../../../arm-elf/lib/libc.a(lib_a-strchr.o)
                              ../lib/fat16.o (strchr)
/opt/local/lib/gcc/arm-elf/4.3.2/../../../../arm-elf/lib/libc.a(lib_a-strcmp.o)
                              ../lib/fat16.o (strcmp)
/opt/local/lib/gcc/arm-elf/4.3.2/../../../../arm-elf/lib/libc.a(lib_a-strlen.o)
                              ../lib/fat16.o (strlen)
/opt/local/lib/gcc/arm-elf/4.3.2/../../../../arm-elf/lib/libc.a(lib_a-strncmp.o)
                              ../lib/fat16.o (strncmp)
/opt/local/lib/gcc/arm-elf/4.3.2/../../../../arm-elf/lib/libc.a(lib_a-strncpy.o)
                              ../lib/fat16.o (strncpy)
/opt/local/lib/gcc/arm-elf/4.3.2/../../../../arm-elf/lib/libc.a(lib_a-strrchr.o)
                              ../lib/fat16.o (strrchr)
/opt/local/lib/gcc/arm-elf/4.3.2/../../../../arm-elf/lib/libc.a(lib_a-freer.o)
                              /opt/local/lib/gcc/arm-elf/4.3.2/../../../../arm-elf/lib/libc.a(lib_a-malloc.o) (_free_r)
/opt/local/lib/gcc/arm-elf/4.3.2/../../../../arm-elf/lib/libc.a(lib_a-impure.o)
                              /opt/local/lib/gcc/arm-elf/4.3.2/../../../../arm-elf/lib/libc.a(lib_a-malloc.o) (_impure_ptr)
/opt/local/lib/gcc/arm-elf/4.3.2/libgcc.a(_udivsi3.o)
                              ../lib/rprintf.o (__udivsi3)
/opt/local/lib/gcc/arm-elf/4.3.2/libgcc.a(_divsi3.o)
                              main.o (__divsi3)
/opt/local/lib/gcc/arm-elf/4.3.2/libgcc.a(_umodsi3.o)
                              ../lib/rprintf.o (__umodsi3)
/opt/local/lib/gcc/arm-elf/4.3.2/libgcc.a(_modsi3.o)
                              main.o (__modsi3)
/opt/local/lib/gcc/arm-elf/4.3.2/libgcc.a(_dvmd_tls.o)
                              /opt/local/lib/gcc/arm-elf/4.3.2/libgcc.a(_udivsi3.o) (__div0)

Allocating common symbols
Common symbol       size              file

fs                  0x4               ../lib/rootdir.o
dir_entry           0x2c              ../lib/rootdir.o
fd                  0x4               ../lib/rootdir.o
partition           0x4               ../lib/rootdir.o
dd                  0x4               ../lib/rootdir.o

Memory Configuration

Name             Origin             Length             Attributes
ROM              0x00010000         0x0005f000         xr
RAM              0x40000000         0x00008000         rw
*default*        0x00000000         0xffffffff

Linker script and memory map

LOAD Startup.o
LOAD main.o
LOAD ../lib/syscalls.o
LOAD ../lib/rprintf.o
LOAD ../lib/serial.o
LOAD ../lib/spi0.o
LOAD ../lib/rootdir.o
LOAD ../lib/sd_raw.o
LOAD ../lib/fat16.o
LOAD ../lib/partition.o
LOAD ../lib/MMA7260.o
LOAD ../lib/LCD_driver.o
LOAD ../lib/vs1002.o
LOAD ../lib/NS73.o
LOAD ../Bootloader/LPCUSB/main_msc.o
LOAD ../Bootloader/LPCUSB/msc_bot.o
LOAD ../Bootloader/LPCUSB/msc_scsi.o
LOAD ../Bootloader/LPCUSB/blockdev_sd.o
LOAD ../Bootloader/LPCUSB/lpc2000_spi.o
LOAD ../Bootloader/LPCUSB/usbinit.o
LOAD ../Bootloader/LPCUSB/usbhw_lpc.o
LOAD ../Bootloader/LPCUSB/usbcontrol.o
LOAD ../Bootloader/LPCUSB/usbstdreq.o
LOAD /opt/local/lib/gcc/arm-elf/4.3.2/../../../../arm-elf/lib/libc.a
LOAD /opt/local/lib/gcc/arm-elf/4.3.2/../../../../arm-elf/lib/libm.a
LOAD /opt/local/lib/gcc/arm-elf/4.3.2/../../../../arm-elf/lib/libc.a
LOAD /opt/local/lib/gcc/arm-elf/4.3.2/libgcc.a
START GROUP
LOAD /opt/local/lib/gcc/arm-elf/4.3.2/libgcc.a
LOAD /opt/local/lib/gcc/arm-elf/4.3.2/../../../../arm-elf/lib/libg.a
LOAD /opt/local/lib/gcc/arm-elf/4.3.2/../../../../arm-elf/lib/libc.a
END GROUP

.text           0x00010000     0x9598
 *(.vectorg)
 .vectorg       0x00010000       0x98 Startup.o
                0x00010050                __IRQ_Wrapper
                0x00010098                . = ALIGN (0x4)
 *(.init)
 .init          0x00010098       0xfc Startup.o
                0x00010164                __exit_THUMB
                0x00010098                __startup
                0x00010160                __exit_ARM
 *(.text .text.*)
 .text          0x00010194        0x0 Startup.o
 .text          0x00010194     0x184c main.o
                0x0001116c                bootUp
                0x00010a68                stopMP3Player
                0x00010bd4                handleMiddleButton
                0x000103a4                reset
                0x000109b4                initializeRadio
                0x00010674                highlightRow
                0x000107cc                handleUpButton
                0x000108f8                enableRadio
                0x000101f8                getNewFiles
                0x00010750                handleDownButton
                0x00010840                disableRadio
                0x00011420                main
                0x00010194                delay_ms
                0x000103d4                sendMP3Data
                0x000102dc                fillSettings
                0x000105a8                printMenu
                0x00010a30                closeSong
                0x000101bc                getButton
                0x00010afc                loadSongInfo
                0x000104dc                quickClear
                0x00010448                startMP3Player
 .text          0x000119e0       0x64 ../lib/syscalls.o
                0x000119f8                _lseek_r
                0x00011a00                _fstat_r
                0x00011a10                isatty
                0x00011a18                _sbrk_r
                0x000119e0                _read_r
                0x000119f0                _close_r
                0x000119e8                _write_r
 .text          0x00011a44      0x2c8 ../lib/rprintf.o
                0x00011a44                rprintf_devopen
                0x00011a94                rprintf
 .text          0x00011d0c      0x114 ../lib/serial.o
                0x00011de8                getkey_serial0
                0x00011dc0                putstring_serial0
                0x00011e04                getc0
                0x00011d0c                init_serial0
                0x00011d60                putchar_serial0
                0x00011da0                putc_serial0
 .text          0x00011e20       0x4c ../lib/spi0.o
                0x00011e50                SPI0_recv
                0x00011e20                SPI0_send_recv
                0x00011e64                SPI0_send
 .text          0x00011e6c      0x484 ../lib/rootdir.o
                0x00012184                root_disk_info
                0x00011e6c                root_file_exists
                0x00011f44                rootDirectory_files
                0x00011ea0                root_delete
                0x00011ef0                root_format
                0x000121c0                root_open_new
                0x00011ff4                rootDirectory_files_stream
                0x00012078                print_disk_info
                0x00012194                root_open
                0x00012208                openroot
 .text          0x000122f0      0xc74 ../lib/sd_raw.o
                0x000122f0                sd_raw_available
                0x000126f4                sd_raw_read
                0x00012d84                format_card
                0x00012b60                sd_raw_init
                0x00012ab0                sd_raw_read_interval
                0x00012438                SDoff
                0x00012460                sd_raw_get_info
                0x00012a68                sd_raw_sync
                0x00012324                sd_raw_locked
                0x00012854                sd_raw_write
 .text          0x00012f64     0x1860 ../lib/fat16.o
                0x00013d08                fat16_resize_file
                0x00013a20                find_file_in_dir
                0x00014184                fat16_close
                0x00013610                fat16_reset_dir
                0x0001362c                fat16_delete_file
                0x000136fc                fat16_get_fs_free
                0x00013808                fat16_read_dir
                0x00013eac                fat16_seek_file
                0x000136d8                fat16_get_fs_size
                0x00014170                fat16_close_file
                0x00014218                fat16_open_file
                0x00013474                fat16_read_file
                0x00014400                fat16_open
                0x000145f4                fat16_create_file
                0x00014298                open_file_in_dir
                0x000142dc                fat16_get_dir_entry_of_path
                0x00013f44                fat16_write_file
                0x00014198                fat16_open_dir
                0x0001415c                fat16_close_dir
                0x00013800                fat16_file_size
 .text          0x000147c4      0x130 ../lib/partition.o
                0x000147c4                partition_close
                0x000147e4                partition_open
 .text          0x000148f4       0xcc ../lib/MMA7260.o
                0x00014950                MMA_get_x
                0x00014948                MMA_get_y
                0x00014958                MMA_change_mode
                0x00014940                MMA_get_z
 .text          0x000149c0      0xa24 ../lib/LCD_driver.o
                0x000151e0                LCDContrast
                0x00014bdc                LCDPrintLogo
                0x000151fc                LCDInit
                0x00014ddc                LCDPrintString
                0x00014ae4                LCDClear
                0x00015124                LCDSetRowColor
 .text          0x000153e4      0x270 ../lib/vs1002.o
                0x000155fc                vs1002SetVolume
                0x0001550c                vs1002SCIWrite
                0x000153e4                vs1002Config
                0x000154a4                vs1002SineTest
                0x0001540c                vs1002Finish
                0x00015458                vs1002SendMusic
                0x000155a0                vs1002SCIRead
                0x00015564                vs1002Mute
                0x00015428                vs1002Reset
                0x00015574                vs1002Init
 .text          0x00015654      0x31c ../lib/NS73.o
                0x000158a8                ns73Init
                0x0001585c                ns73SetChannel
                0x00015924                ns73Config
                0x00015750                ns73Send
                0x00015654                ns73SerialReset
 .text          0x00015970      0x110 ../Bootloader/LPCUSB/main_msc.o
                0x00015970                main_msc
 .text          0x00015a80      0x418 ../Bootloader/LPCUSB/msc_bot.o
                0x00015bcc                MSCBotBulkIn
                0x00015e78                MSCBotReset
                0x00015c30                MSCBotBulkOut
 .text          0x00015e98      0x358 ../Bootloader/LPCUSB/msc_scsi.o
                0x00015fe0                SCSIHandleData
                0x00015eac                SCSIHandleCmd
                0x00015e98                SCSIReset
 .text          0x000161f0      0x510 ../Bootloader/LPCUSB/blockdev_sd.o
                0x0001648c                BlockDevRead
                0x00016520                BlockDevInit
                0x000162e0                BlockDevGetSize
                0x0001627c                BlockDevWrite
 .text          0x00016700      0x1e8 ../Bootloader/LPCUSB/lpc2000_spi.o
                0x00016700                SPISetSpeed
                0x00016828                SPIInit
                0x000167c4                SPIRecvN
                0x0001671c                SPISend
                0x00016768                SPISendN
 .text          0x000168e8       0x74 ../Bootloader/LPCUSB/usbinit.o
                0x000168ec                USBInit
 .text          0x0001695c      0x558 ../Bootloader/LPCUSB/usbhw_lpc.o
                0x00016c14                USBHwEPRead
                0x00016cc8                USBHwISR
                0x00016b8c                USBHwEPWrite
                0x00016a2c                USBHwEPConfig
                0x00016b1c                USBHwSetAddress
                0x00016b2c                USBHwConnect
                0x00016b6c                USBHwEPStall
                0x00016ad4                USBHwRegisterDevIntHandler
                0x00016a88                USBHwRegisterEPIntHandler
                0x00016cb8                USBHwConfigDevice
                0x00016b3c                USBHwNakIntEnable
                0x00016df0                USBHwInit
                0x00016af8                USBHwRegisterFrameHandler
                0x00016b48                USBHwEPGetStatus
 .text          0x00016eb4      0x210 ../Bootloader/LPCUSB/usbcontrol.o
                0x00016f78                USBHandleControlTransfer
                0x00016ef4                USBRegisterRequestHandler
 .text          0x000170c4      0x31c ../Bootloader/LPCUSB/usbstdreq.o
                0x000170d4                USBGetDescriptor
                0x00017158                USBRegisterCustomReqHandler
                0x000170c4                USBRegisterDescriptors
                0x00017168                USBHandleStandardRequest
 .text          0x000173e0       0x28 /opt/local/lib/gcc/arm-elf/4.3.2/../../../../arm-elf/lib/libc.a(lib_a-malloc.o)
                0x000173f4                malloc
                0x000173e0                free
 .text          0x00017408      0x734 /opt/local/lib/gcc/arm-elf/4.3.2/../../../../arm-elf/lib/libc.a(lib_a-mallocr.o)
                0x00017408                _malloc_r
 .text          0x00017b3c       0xfc /opt/local/lib/gcc/arm-elf/4.3.2/../../../../arm-elf/lib/libc.a(lib_a-memcpy.o)
                0x00017b3c                memcpy
 .text          0x00017c38       0xd0 /opt/local/lib/gcc/arm-elf/4.3.2/../../../../arm-elf/lib/libc.a(lib_a-memset.o)
                0x00017c38                memset
 .text          0x00017d08        0x8 /opt/local/lib/gcc/arm-elf/4.3.2/../../../../arm-elf/lib/libc.a(lib_a-mlock.o)
                0x00017d0c                __malloc_unlock
                0x00017d08                __malloc_lock
 .text          0x00017d10      0x134 /opt/local/lib/gcc/arm-elf/4.3.2/../../../../arm-elf/lib/libc.a(lib_a-strchr.o)
                0x00017d10                strchr
 .text          0x00017e44       0xe8 /opt/local/lib/gcc/arm-elf/4.3.2/../../../../arm-elf/lib/libc.a(lib_a-strcmp.o)
                0x00017e44                strcmp
 .text          0x00017f2c       0x9c /opt/local/lib/gcc/arm-elf/4.3.2/../../../../arm-elf/lib/libc.a(lib_a-strlen.o)
                0x00017f2c                strlen
 .text          0x00017fc8      0x144 /opt/local/lib/gcc/arm-elf/4.3.2/../../../../arm-elf/lib/libc.a(lib_a-strncmp.o)
                0x00017fc8                strncmp
 .text          0x0001810c      0x10c /opt/local/lib/gcc/arm-elf/4.3.2/../../../../arm-elf/lib/libc.a(lib_a-strncpy.o)
                0x0001810c                strncpy
 .text          0x00018218       0x44 /opt/local/lib/gcc/arm-elf/4.3.2/../../../../arm-elf/lib/libc.a(lib_a-strrchr.o)
                0x00018218                strrchr
 .text          0x0001825c      0x370 /opt/local/lib/gcc/arm-elf/4.3.2/../../../../arm-elf/lib/libc.a(lib_a-freer.o)
                0x00018354                _free_r
                0x0001825c                _malloc_trim_r
 .text          0x000185cc        0x0 /opt/local/lib/gcc/arm-elf/4.3.2/../../../../arm-elf/lib/libc.a(lib_a-impure.o)
 .text          0x000185cc      0x110 /opt/local/lib/gcc/arm-elf/4.3.2/libgcc.a(_udivsi3.o)
                0x000185cc                __udivsi3
                0x000185cc                __aeabi_uidiv
                0x000186c4                __aeabi_uidivmod
 .text          0x000186dc      0x140 /opt/local/lib/gcc/arm-elf/4.3.2/libgcc.a(_divsi3.o)
                0x000186dc                __aeabi_idiv
                0x000186dc                __divsi3
                0x00018804                __aeabi_idivmod
 .text          0x0001881c       0xcc /opt/local/lib/gcc/arm-elf/4.3.2/libgcc.a(_umodsi3.o)
                0x0001881c                __umodsi3
 .text          0x000188e8       0xe4 /opt/local/lib/gcc/arm-elf/4.3.2/libgcc.a(_modsi3.o)
                0x000188e8                __modsi3
 .text          0x000189cc        0x4 /opt/local/lib/gcc/arm-elf/4.3.2/libgcc.a(_dvmd_tls.o)
                0x000189cc                __aeabi_ldiv0
                0x000189cc                __div0
                0x000189cc                __aeabi_idiv0
 *(.gnu.linkonce.t.*)
 *(.glue_7)
 .glue_7        0x000189d0        0x0 Startup.o
 .glue_7        0x000189d0        0x0 main.o
 .glue_7        0x000189d0        0x0 ../lib/syscalls.o
 .glue_7        0x000189d0        0x0 ../lib/rprintf.o
 .glue_7        0x000189d0        0x0 ../lib/serial.o
 .glue_7        0x000189d0        0x0 ../lib/spi0.o
 .glue_7        0x000189d0        0x0 ../lib/rootdir.o
 .glue_7        0x000189d0        0x0 ../lib/sd_raw.o
 .glue_7        0x000189d0        0x0 ../lib/fat16.o
 .glue_7        0x000189d0        0x0 ../lib/partition.o
 .glue_7        0x000189d0        0x0 ../lib/MMA7260.o
 .glue_7        0x000189d0        0x0 ../lib/LCD_driver.o
 .glue_7        0x000189d0        0x0 ../lib/vs1002.o
 .glue_7        0x000189d0        0x0 ../lib/NS73.o
 .glue_7        0x000189d0        0x0 ../Bootloader/LPCUSB/main_msc.o
 .glue_7        0x000189d0        0x0 ../Bootloader/LPCUSB/msc_bot.o
 .glue_7        0x000189d0        0x0 ../Bootloader/LPCUSB/msc_scsi.o
 .glue_7        0x000189d0        0x0 ../Bootloader/LPCUSB/blockdev_sd.o
 .glue_7        0x000189d0        0x0 ../Bootloader/LPCUSB/lpc2000_spi.o
 .glue_7        0x000189d0        0x0 ../Bootloader/LPCUSB/usbinit.o
 .glue_7        0x000189d0        0x0 ../Bootloader/LPCUSB/usbhw_lpc.o
 .glue_7        0x000189d0        0x0 ../Bootloader/LPCUSB/usbcontrol.o
 .glue_7        0x000189d0        0x0 ../Bootloader/LPCUSB/usbstdreq.o
 .glue_7        0x000189d0        0x0 /opt/local/lib/gcc/arm-elf/4.3.2/../../../../arm-elf/lib/libc.a(lib_a-malloc.o)
 .glue_7        0x000189d0        0x0 /opt/local/lib/gcc/arm-elf/4.3.2/../../../../arm-elf/lib/libc.a(lib_a-mallocr.o)
 .glue_7        0x000189d0        0x0 /opt/local/lib/gcc/arm-elf/4.3.2/../../../../arm-elf/lib/libc.a(lib_a-memcpy.o)
 .glue_7        0x000189d0        0x0 /opt/local/lib/gcc/arm-elf/4.3.2/../../../../arm-elf/lib/libc.a(lib_a-memset.o)
 .glue_7        0x000189d0        0x0 /opt/local/lib/gcc/arm-elf/4.3.2/../../../../arm-elf/lib/libc.a(lib_a-mlock.o)
 .glue_7        0x000189d0        0x0 /opt/local/lib/gcc/arm-elf/4.3.2/../../../../arm-elf/lib/libc.a(lib_a-strchr.o)
 .glue_7        0x000189d0        0x0 /opt/local/lib/gcc/arm-elf/4.3.2/../../../../arm-elf/lib/libc.a(lib_a-strcmp.o)
 .glue_7        0x000189d0        0x0 /opt/local/lib/gcc/arm-elf/4.3.2/../../../../arm-elf/lib/libc.a(lib_a-strlen.o)
 .glue_7        0x000189d0        0x0 /opt/local/lib/gcc/arm-elf/4.3.2/../../../../arm-elf/lib/libc.a(lib_a-strncmp.o)
 .glue_7        0x000189d0        0x0 /opt/local/lib/gcc/arm-elf/4.3.2/../../../../arm-elf/lib/libc.a(lib_a-strncpy.o)
 .glue_7        0x000189d0        0x0 /opt/local/lib/gcc/arm-elf/4.3.2/../../../../arm-elf/lib/libc.a(lib_a-strrchr.o)
 .glue_7        0x000189d0        0x0 /opt/local/lib/gcc/arm-elf/4.3.2/../../../../arm-elf/lib/libc.a(lib_a-freer.o)
 .glue_7        0x000189d0        0x0 /opt/local/lib/gcc/arm-elf/4.3.2/../../../../arm-elf/lib/libc.a(lib_a-impure.o)
 .glue_7        0x000189d0        0x0 /opt/local/lib/gcc/arm-elf/4.3.2/libgcc.a(_udivsi3.o)
 .glue_7        0x000189d0        0x0 /opt/local/lib/gcc/arm-elf/4.3.2/libgcc.a(_divsi3.o)
 .glue_7        0x000189d0        0x0 /opt/local/lib/gcc/arm-elf/4.3.2/libgcc.a(_umodsi3.o)
 .glue_7        0x000189d0        0x0 /opt/local/lib/gcc/arm-elf/4.3.2/libgcc.a(_modsi3.o)
 .glue_7        0x000189d0        0x0 /opt/local/lib/gcc/arm-elf/4.3.2/libgcc.a(_dvmd_tls.o)
 *(.glue_7t)
 .glue_7t       0x000189d0        0x0 Startup.o
 .glue_7t       0x000189d0        0x0 main.o
 .glue_7t       0x000189d0        0x0 ../lib/syscalls.o
 .glue_7t       0x000189d0        0x0 ../lib/rprintf.o
 .glue_7t       0x000189d0        0x0 ../lib/serial.o
 .glue_7t       0x000189d0        0x0 ../lib/spi0.o
 .glue_7t       0x000189d0        0x0 ../lib/rootdir.o
 .glue_7t       0x000189d0        0x0 ../lib/sd_raw.o
 .glue_7t       0x000189d0        0x0 ../lib/fat16.o
 .glue_7t       0x000189d0        0x0 ../lib/partition.o
 .glue_7t       0x000189d0        0x0 ../lib/MMA7260.o
 .glue_7t       0x000189d0        0x0 ../lib/LCD_driver.o
 .glue_7t       0x000189d0        0x0 ../lib/vs1002.o
 .glue_7t       0x000189d0        0x0 ../lib/NS73.o
 .glue_7t       0x000189d0        0x0 ../Bootloader/LPCUSB/main_msc.o
 .glue_7t       0x000189d0        0x0 ../Bootloader/LPCUSB/msc_bot.o
 .glue_7t       0x000189d0        0x0 ../Bootloader/LPCUSB/msc_scsi.o
 .glue_7t       0x000189d0        0x0 ../Bootloader/LPCUSB/blockdev_sd.o
 .glue_7t       0x000189d0        0x0 ../Bootloader/LPCUSB/lpc2000_spi.o
 .glue_7t       0x000189d0        0x0 ../Bootloader/LPCUSB/usbinit.o
 .glue_7t       0x000189d0        0x0 ../Bootloader/LPCUSB/usbhw_lpc.o
 .glue_7t       0x000189d0        0x0 ../Bootloader/LPCUSB/usbcontrol.o
 .glue_7t       0x000189d0        0x0 ../Bootloader/LPCUSB/usbstdreq.o
 .glue_7t       0x000189d0        0x0 /opt/local/lib/gcc/arm-elf/4.3.2/../../../../arm-elf/lib/libc.a(lib_a-malloc.o)
 .glue_7t       0x000189d0        0x0 /opt/local/lib/gcc/arm-elf/4.3.2/../../../../arm-elf/lib/libc.a(lib_a-mallocr.o)
 .glue_7t       0x000189d0        0x0 /opt/local/lib/gcc/arm-elf/4.3.2/../../../../arm-elf/lib/libc.a(lib_a-memcpy.o)
 .glue_7t       0x000189d0        0x0 /opt/local/lib/gcc/arm-elf/4.3.2/../../../../arm-elf/lib/libc.a(lib_a-memset.o)
 .glue_7t       0x000189d0        0x0 /opt/local/lib/gcc/arm-elf/4.3.2/../../../../arm-elf/lib/libc.a(lib_a-mlock.o)
 .glue_7t       0x000189d0        0x0 /opt/local/lib/gcc/arm-elf/4.3.2/../../../../arm-elf/lib/libc.a(lib_a-strchr.o)
 .glue_7t       0x000189d0        0x0 /opt/local/lib/gcc/arm-elf/4.3.2/../../../../arm-elf/lib/libc.a(lib_a-strcmp.o)
 .glue_7t       0x000189d0        0x0 /opt/local/lib/gcc/arm-elf/4.3.2/../../../../arm-elf/lib/libc.a(lib_a-strlen.o)
 .glue_7t       0x000189d0        0x0 /opt/local/lib/gcc/arm-elf/4.3.2/../../../../arm-elf/lib/libc.a(lib_a-strncmp.o)
 .glue_7t       0x000189d0        0x0 /opt/local/lib/gcc/arm-elf/4.3.2/../../../../arm-elf/lib/libc.a(lib_a-strncpy.o)
 .glue_7t       0x000189d0        0x0 /opt/local/lib/gcc/arm-elf/4.3.2/../../../../arm-elf/lib/libc.a(lib_a-strrchr.o)
 .glue_7t       0x000189d0        0x0 /opt/local/lib/gcc/arm-elf/4.3.2/../../../../arm-elf/lib/libc.a(lib_a-freer.o)
 .glue_7t       0x000189d0        0x0 /opt/local/lib/gcc/arm-elf/4.3.2/../../../../arm-elf/lib/libc.a(lib_a-impure.o)
 .glue_7t       0x000189d0        0x0 /opt/local/lib/gcc/arm-elf/4.3.2/libgcc.a(_udivsi3.o)
 .glue_7t       0x000189d0        0x0 /opt/local/lib/gcc/arm-elf/4.3.2/libgcc.a(_divsi3.o)
 .glue_7t       0x000189d0        0x0 /opt/local/lib/gcc/arm-elf/4.3.2/libgcc.a(_umodsi3.o)
 .glue_7t       0x000189d0        0x0 /opt/local/lib/gcc/arm-elf/4.3.2/libgcc.a(_modsi3.o)
 .glue_7t       0x000189d0        0x0 /opt/local/lib/gcc/arm-elf/4.3.2/libgcc.a(_dvmd_tls.o)
 *(.gcc_except_table)
 *(.rodata)
 .rodata        0x000189d0       0x67 main.o
                0x000189e6                NotFound
                0x00018a2d                settings
                0x00018a20                radio_channel_menu
                0x00018a05                volume
                0x000189f5                USB
                0x00018a0c                contrast
                0x00018a15                radio_power
                0x00018a03                newline
                0x000189d0                welcome
 .rodata        0x00018a37      0x63b ../lib/LCD_driver.o
 .rodata        0x00019072       0x36 ../Bootloader/LPCUSB/msc_scsi.o
 .rodata        0x000190a8        0x4 /opt/local/lib/gcc/arm-elf/4.3.2/../../../../arm-elf/lib/libc.a(lib_a-impure.o)
                0x000190a8                _global_impure_ptr
 *(.rodata*)
 .rodata.str1.1
                0x000190ac       0x37 main.o
 *fill*         0x000190e3        0x1 00
 .rodata.str1.4
                0x000190e4      0x11c ../lib/rootdir.o
 .rodata.str1.4
                0x00019200       0x7c ../lib/sd_raw.o
 .rodata.str1.4
                0x0001927c       0x28 ../lib/fat16.o
 .rodata.str1.4
                0x000192a4       0x34 ../Bootloader/LPCUSB/main_msc.o
 .rodata.str1.4
                0x000192d8      0x2a8 ../Bootloader/LPCUSB/blockdev_sd.o
                                0x2ac (size before relaxing)
 .rodata.str1.4
                0x00019580       0x14 ../Bootloader/LPCUSB/lpc2000_spi.o
 .rodata.str1.4
                0x00019594        0x4 /opt/local/lib/gcc/arm-elf/4.3.2/../../../../arm-elf/lib/libc.a(lib_a-impure.o)
 *(.gnu.linkonce.r.*)
                0x00019598                . = ALIGN (0x4)

.vfp11_veneer   0x00019598        0x0
 .vfp11_veneer  0x00019598        0x0 Startup.o
 .vfp11_veneer  0x00019598        0x0 main.o
 .vfp11_veneer  0x00019598        0x0 ../lib/syscalls.o
 .vfp11_veneer  0x00019598        0x0 ../lib/rprintf.o
 .vfp11_veneer  0x00019598        0x0 ../lib/serial.o
 .vfp11_veneer  0x00019598        0x0 ../lib/spi0.o
 .vfp11_veneer  0x00019598        0x0 ../lib/rootdir.o
 .vfp11_veneer  0x00019598        0x0 ../lib/sd_raw.o
 .vfp11_veneer  0x00019598        0x0 ../lib/fat16.o
 .vfp11_veneer  0x00019598        0x0 ../lib/partition.o
 .vfp11_veneer  0x00019598        0x0 ../lib/MMA7260.o
 .vfp11_veneer  0x00019598        0x0 ../lib/LCD_driver.o
 .vfp11_veneer  0x00019598        0x0 ../lib/vs1002.o
 .vfp11_veneer  0x00019598        0x0 ../lib/NS73.o
 .vfp11_veneer  0x00019598        0x0 ../Bootloader/LPCUSB/main_msc.o
 .vfp11_veneer  0x00019598        0x0 ../Bootloader/LPCUSB/msc_bot.o
 .vfp11_veneer  0x00019598        0x0 ../Bootloader/LPCUSB/msc_scsi.o
 .vfp11_veneer  0x00019598        0x0 ../Bootloader/LPCUSB/blockdev_sd.o
 .vfp11_veneer  0x00019598        0x0 ../Bootloader/LPCUSB/lpc2000_spi.o
 .vfp11_veneer  0x00019598        0x0 ../Bootloader/LPCUSB/usbinit.o
 .vfp11_veneer  0x00019598        0x0 ../Bootloader/LPCUSB/usbhw_lpc.o
 .vfp11_veneer  0x00019598        0x0 ../Bootloader/LPCUSB/usbcontrol.o
 .vfp11_veneer  0x00019598        0x0 ../Bootloader/LPCUSB/usbstdreq.o
 .vfp11_veneer  0x00019598        0x0 /opt/local/lib/gcc/arm-elf/4.3.2/../../../../arm-elf/lib/libc.a(lib_a-malloc.o)
 .vfp11_veneer  0x00019598        0x0 /opt/local/lib/gcc/arm-elf/4.3.2/../../../../arm-elf/lib/libc.a(lib_a-mallocr.o)
 .vfp11_veneer  0x00019598        0x0 /opt/local/lib/gcc/arm-elf/4.3.2/../../../../arm-elf/lib/libc.a(lib_a-memcpy.o)
 .vfp11_veneer  0x00019598        0x0 /opt/local/lib/gcc/arm-elf/4.3.2/../../../../arm-elf/lib/libc.a(lib_a-memset.o)
 .vfp11_veneer  0x00019598        0x0 /opt/local/lib/gcc/arm-elf/4.3.2/../../../../arm-elf/lib/libc.a(lib_a-mlock.o)
 .vfp11_veneer  0x00019598        0x0 /opt/local/lib/gcc/arm-elf/4.3.2/../../../../arm-elf/lib/libc.a(lib_a-strchr.o)
 .vfp11_veneer  0x00019598        0x0 /opt/local/lib/gcc/arm-elf/4.3.2/../../../../arm-elf/lib/libc.a(lib_a-strcmp.o)
 .vfp11_veneer  0x00019598        0x0 /opt/local/lib/gcc/arm-elf/4.3.2/../../../../arm-elf/lib/libc.a(lib_a-strlen.o)
 .vfp11_veneer  0x00019598        0x0 /opt/local/lib/gcc/arm-elf/4.3.2/../../../../arm-elf/lib/libc.a(lib_a-strncmp.o)
 .vfp11_veneer  0x00019598        0x0 /opt/local/lib/gcc/arm-elf/4.3.2/../../../../arm-elf/lib/libc.a(lib_a-strncpy.o)
 .vfp11_veneer  0x00019598        0x0 /opt/local/lib/gcc/arm-elf/4.3.2/../../../../arm-elf/lib/libc.a(lib_a-strrchr.o)
 .vfp11_veneer  0x00019598        0x0 /opt/local/lib/gcc/arm-elf/4.3.2/../../../../arm-elf/lib/libc.a(lib_a-freer.o)
 .vfp11_veneer  0x00019598        0x0 /opt/local/lib/gcc/arm-elf/4.3.2/../../../../arm-elf/lib/libc.a(lib_a-impure.o)
 .vfp11_veneer  0x00019598        0x0 /opt/local/lib/gcc/arm-elf/4.3.2/libgcc.a(_udivsi3.o)
 .vfp11_veneer  0x00019598        0x0 /opt/local/lib/gcc/arm-elf/4.3.2/libgcc.a(_divsi3.o)
 .vfp11_veneer  0x00019598        0x0 /opt/local/lib/gcc/arm-elf/4.3.2/libgcc.a(_umodsi3.o)
 .vfp11_veneer  0x00019598        0x0 /opt/local/lib/gcc/arm-elf/4.3.2/libgcc.a(_modsi3.o)
 .vfp11_veneer  0x00019598        0x0 /opt/local/lib/gcc/arm-elf/4.3.2/libgcc.a(_dvmd_tls.o)

.v4_bx          0x00019598        0x0
 .v4_bx         0x00019598        0x0 Startup.o
 .v4_bx         0x00019598        0x0 main.o
 .v4_bx         0x00019598        0x0 ../lib/syscalls.o
 .v4_bx         0x00019598        0x0 ../lib/rprintf.o
 .v4_bx         0x00019598        0x0 ../lib/serial.o
 .v4_bx         0x00019598        0x0 ../lib/spi0.o
 .v4_bx         0x00019598        0x0 ../lib/rootdir.o
 .v4_bx         0x00019598        0x0 ../lib/sd_raw.o
 .v4_bx         0x00019598        0x0 ../lib/fat16.o
 .v4_bx         0x00019598        0x0 ../lib/partition.o
 .v4_bx         0x00019598        0x0 ../lib/MMA7260.o
 .v4_bx         0x00019598        0x0 ../lib/LCD_driver.o
 .v4_bx         0x00019598        0x0 ../lib/vs1002.o
 .v4_bx         0x00019598        0x0 ../lib/NS73.o
 .v4_bx         0x00019598        0x0 ../Bootloader/LPCUSB/main_msc.o
 .v4_bx         0x00019598        0x0 ../Bootloader/LPCUSB/msc_bot.o
 .v4_bx         0x00019598        0x0 ../Bootloader/LPCUSB/msc_scsi.o
 .v4_bx         0x00019598        0x0 ../Bootloader/LPCUSB/blockdev_sd.o
 .v4_bx         0x00019598        0x0 ../Bootloader/LPCUSB/lpc2000_spi.o
 .v4_bx         0x00019598        0x0 ../Bootloader/LPCUSB/usbinit.o
 .v4_bx         0x00019598        0x0 ../Bootloader/LPCUSB/usbhw_lpc.o
 .v4_bx         0x00019598        0x0 ../Bootloader/LPCUSB/usbcontrol.o
 .v4_bx         0x00019598        0x0 ../Bootloader/LPCUSB/usbstdreq.o
 .v4_bx         0x00019598        0x0 /opt/local/lib/gcc/arm-elf/4.3.2/../../../../arm-elf/lib/libc.a(lib_a-malloc.o)
 .v4_bx         0x00019598        0x0 /opt/local/lib/gcc/arm-elf/4.3.2/../../../../arm-elf/lib/libc.a(lib_a-mallocr.o)
 .v4_bx         0x00019598        0x0 /opt/local/lib/gcc/arm-elf/4.3.2/../../../../arm-elf/lib/libc.a(lib_a-memcpy.o)
 .v4_bx         0x00019598        0x0 /opt/local/lib/gcc/arm-elf/4.3.2/../../../../arm-elf/lib/libc.a(lib_a-memset.o)
 .v4_bx         0x00019598        0x0 /opt/local/lib/gcc/arm-elf/4.3.2/../../../../arm-elf/lib/libc.a(lib_a-mlock.o)
 .v4_bx         0x00019598        0x0 /opt/local/lib/gcc/arm-elf/4.3.2/../../../../arm-elf/lib/libc.a(lib_a-strchr.o)
 .v4_bx         0x00019598        0x0 /opt/local/lib/gcc/arm-elf/4.3.2/../../../../arm-elf/lib/libc.a(lib_a-strcmp.o)
 .v4_bx         0x00019598        0x0 /opt/local/lib/gcc/arm-elf/4.3.2/../../../../arm-elf/lib/libc.a(lib_a-strlen.o)
 .v4_bx         0x00019598        0x0 /opt/local/lib/gcc/arm-elf/4.3.2/../../../../arm-elf/lib/libc.a(lib_a-strncmp.o)
 .v4_bx         0x00019598        0x0 /opt/local/lib/gcc/arm-elf/4.3.2/../../../../arm-elf/lib/libc.a(lib_a-strncpy.o)
 .v4_bx         0x00019598        0x0 /opt/local/lib/gcc/arm-elf/4.3.2/../../../../arm-elf/lib/libc.a(lib_a-strrchr.o)
 .v4_bx         0x00019598        0x0 /opt/local/lib/gcc/arm-elf/4.3.2/../../../../arm-elf/lib/libc.a(lib_a-freer.o)
 .v4_bx         0x00019598        0x0 /opt/local/lib/gcc/arm-elf/4.3.2/../../../../arm-elf/lib/libc.a(lib_a-impure.o)
 .v4_bx         0x00019598        0x0 /opt/local/lib/gcc/arm-elf/4.3.2/libgcc.a(_udivsi3.o)
 .v4_bx         0x00019598        0x0 /opt/local/lib/gcc/arm-elf/4.3.2/libgcc.a(_divsi3.o)
 .v4_bx         0x00019598        0x0 /opt/local/lib/gcc/arm-elf/4.3.2/libgcc.a(_umodsi3.o)
 .v4_bx         0x00019598        0x0 /opt/local/lib/gcc/arm-elf/4.3.2/libgcc.a(_modsi3.o)
 .v4_bx         0x00019598        0x0 /opt/local/lib/gcc/arm-elf/4.3.2/libgcc.a(_dvmd_tls.o)
                0x00019598                . = ALIGN (0x4)

.ctors          0x00019598        0x0
                0x00019598                PROVIDE (__ctors_start__, .)
 *(SORT(.ctors.*))
 *(.ctors)
                0x00019598                . = ALIGN (0x4)
                0x00019598                PROVIDE (__ctors_end__, .)
                0x00019598                . = ALIGN (0x4)

.dtors          0x00019598        0x0
                0x00019598                PROVIDE (__dtors_start__, .)
 *(SORT(.dtors.*))
 *(.dtors)
                0x00019598                . = ALIGN (0x4)
                0x00019598                PROVIDE (__dtors_end__, .)
                0x00019598                . = ALIGN (0x4)
                0x00019598                . = ALIGN (0x4)
                0x00019598                _etext = .
                0x00019598                PROVIDE (etext, .)

.data           0x40000000      0x894 load address 0x00019598
                0x40000000                _data = .
 *(.vectmapped)
                0x40000000                . = ALIGN (0x4)
 *(.fastrun)
                0x40000000                . = ALIGN (0x4)
                0x40000000                . = ALIGN (0x4)
 *(.data)
 .data          0x40000000        0x0 Startup.o
 .data          0x40000000        0x8 main.o
                0x40000000                volume_setting
                0x40000004                radio_channel
 .data          0x40000008        0x0 ../lib/syscalls.o
 .data          0x40000008        0x0 ../lib/rprintf.o
 .data          0x40000008        0x0 ../lib/serial.o
 .data          0x40000008        0x0 ../lib/spi0.o
 .data          0x40000008        0x0 ../lib/rootdir.o
 .data          0x40000008        0x0 ../lib/sd_raw.o
 .data          0x40000008        0x0 ../lib/fat16.o
 .data          0x40000008        0x0 ../lib/partition.o
 .data          0x40000008        0x0 ../lib/MMA7260.o
 .data          0x40000008        0x2 ../lib/LCD_driver.o
                0x40000009                black
                0x40000008                red
 .data          0x4000000a        0x0 ../lib/vs1002.o
 .data          0x4000000a        0x0 ../lib/NS73.o
 .data          0x4000000a       0x75 ../Bootloader/LPCUSB/main_msc.o
 .data          0x4000007f        0x0 ../Bootloader/LPCUSB/msc_bot.o
 .data          0x4000007f        0x0 ../Bootloader/LPCUSB/msc_scsi.o
 .data          0x4000007f        0x0 ../Bootloader/LPCUSB/blockdev_sd.o
 .data          0x4000007f        0x0 ../Bootloader/LPCUSB/lpc2000_spi.o
 .data          0x4000007f        0x0 ../Bootloader/LPCUSB/usbinit.o
 .data          0x4000007f        0x0 ../Bootloader/LPCUSB/usbhw_lpc.o
 .data          0x4000007f        0x0 ../Bootloader/LPCUSB/usbcontrol.o
 .data          0x4000007f        0x0 ../Bootloader/LPCUSB/usbstdreq.o
 .data          0x4000007f        0x0 /opt/local/lib/gcc/arm-elf/4.3.2/../../../../arm-elf/lib/libc.a(lib_a-malloc.o)
 *fill*         0x4000007f        0x1 00
 .data          0x40000080      0x410 /opt/local/lib/gcc/arm-elf/4.3.2/../../../../arm-elf/lib/libc.a(lib_a-mallocr.o)
                0x4000048c                __malloc_sbrk_base
                0x40000080                __malloc_av_
                0x40000488                __malloc_trim_threshold
 .data          0x40000490        0x0 /opt/local/lib/gcc/arm-elf/4.3.2/../../../../arm-elf/lib/libc.a(lib_a-memcpy.o)
 .data          0x40000490        0x0 /opt/local/lib/gcc/arm-elf/4.3.2/../../../../arm-elf/lib/libc.a(lib_a-memset.o)
 .data          0x40000490        0x0 /opt/local/lib/gcc/arm-elf/4.3.2/../../../../arm-elf/lib/libc.a(lib_a-mlock.o)
 .data          0x40000490        0x0 /opt/local/lib/gcc/arm-elf/4.3.2/../../../../arm-elf/lib/libc.a(lib_a-strchr.o)
 .data          0x40000490        0x0 /opt/local/lib/gcc/arm-elf/4.3.2/../../../../arm-elf/lib/libc.a(lib_a-strcmp.o)
 .data          0x40000490        0x0 /opt/local/lib/gcc/arm-elf/4.3.2/../../../../arm-elf/lib/libc.a(lib_a-strlen.o)
 .data          0x40000490        0x0 /opt/local/lib/gcc/arm-elf/4.3.2/../../../../arm-elf/lib/libc.a(lib_a-strncmp.o)
 .data          0x40000490        0x0 /opt/local/lib/gcc/arm-elf/4.3.2/../../../../arm-elf/lib/libc.a(lib_a-strncpy.o)
 .data          0x40000490        0x0 /opt/local/lib/gcc/arm-elf/4.3.2/../../../../arm-elf/lib/libc.a(lib_a-strrchr.o)
 .data          0x40000490        0x0 /opt/local/lib/gcc/arm-elf/4.3.2/../../../../arm-elf/lib/libc.a(lib_a-freer.o)
 .data          0x40000490      0x404 /opt/local/lib/gcc/arm-elf/4.3.2/../../../../arm-elf/lib/libc.a(lib_a-impure.o)
                0x40000490                _impure_ptr
 .data          0x40000894        0x0 /opt/local/lib/gcc/arm-elf/4.3.2/libgcc.a(_udivsi3.o)
 .data          0x40000894        0x0 /opt/local/lib/gcc/arm-elf/4.3.2/libgcc.a(_divsi3.o)
 .data          0x40000894        0x0 /opt/local/lib/gcc/arm-elf/4.3.2/libgcc.a(_umodsi3.o)
 .data          0x40000894        0x0 /opt/local/lib/gcc/arm-elf/4.3.2/libgcc.a(_modsi3.o)
 .data          0x40000894        0x0 /opt/local/lib/gcc/arm-elf/4.3.2/libgcc.a(_dvmd_tls.o)
 *(.data.*)
 *(.gnu.linkonce.d*)
                0x40000894                . = ALIGN (0x4)
                0x40000894                . = ALIGN (0x4)
                0x40000894                _edata = .
                0x40000894                PROVIDE (edata, .)

.bss            0x40000894      0x9e0 load address 0x00019e2c
                0x40000894                __bss_start = .
                0x40000894                __bss_start__ = .
 *(.bss)
 .bss           0x40000894        0x0 Startup.o
 .bss           0x40000894      0x480 main.o
                0x40000894                radio_enable
 .bss           0x40000d14        0x4 ../lib/syscalls.o
 .bss           0x40000d18        0x4 ../lib/rprintf.o
 .bss           0x40000d1c        0x0 ../lib/serial.o
 .bss           0x40000d1c        0x0 ../lib/spi0.o
 .bss           0x40000d1c        0x4 ../lib/rootdir.o
 .bss           0x40000d20      0x208 ../lib/sd_raw.o
 .bss           0x40000f28        0x0 ../lib/fat16.o
 .bss           0x40000f28        0x0 ../lib/partition.o
 .bss           0x40000f28        0x0 ../lib/MMA7260.o
 .bss           0x40000f28        0x3 ../lib/LCD_driver.o
                0x40000f28                white
 .bss           0x40000f2b        0x0 ../lib/vs1002.o
 .bss           0x40000f2b        0x0 ../lib/NS73.o
 .bss           0x40000f2b        0x4 ../Bootloader/LPCUSB/main_msc.o
 *fill*         0x40000f2f        0x1 00
 .bss           0x40000f30       0x40 ../Bootloader/LPCUSB/msc_bot.o
 .bss           0x40000f70      0x204 ../Bootloader/LPCUSB/msc_scsi.o
 .bss           0x40001174        0x0 ../Bootloader/LPCUSB/blockdev_sd.o
 .bss           0x40001174        0x0 ../Bootloader/LPCUSB/lpc2000_spi.o
 .bss           0x40001174        0x8 ../Bootloader/LPCUSB/usbinit.o
 .bss           0x4000117c       0x48 ../Bootloader/LPCUSB/usbhw_lpc.o
 .bss           0x400011c4       0x34 ../Bootloader/LPCUSB/usbcontrol.o
 .bss           0x400011f8        0xc ../Bootloader/LPCUSB/usbstdreq.o
 .bss           0x40001204        0x0 /opt/local/lib/gcc/arm-elf/4.3.2/../../../../arm-elf/lib/libc.a(lib_a-malloc.o)
 .bss           0x40001204       0x34 /opt/local/lib/gcc/arm-elf/4.3.2/../../../../arm-elf/lib/libc.a(lib_a-mallocr.o)
                0x40001204                __malloc_top_pad
                0x40001208                __malloc_max_sbrked_mem
                0x40001210                __malloc_current_mallinfo
                0x4000120c                __malloc_max_total_mem
 .bss           0x40001238        0x0 /opt/local/lib/gcc/arm-elf/4.3.2/../../../../arm-elf/lib/libc.a(lib_a-memcpy.o)
 .bss           0x40001238        0x0 /opt/local/lib/gcc/arm-elf/4.3.2/../../../../arm-elf/lib/libc.a(lib_a-memset.o)
 .bss           0x40001238        0x0 /opt/local/lib/gcc/arm-elf/4.3.2/../../../../arm-elf/lib/libc.a(lib_a-mlock.o)
 .bss           0x40001238        0x0 /opt/local/lib/gcc/arm-elf/4.3.2/../../../../arm-elf/lib/libc.a(lib_a-strchr.o)
 .bss           0x40001238        0x0 /opt/local/lib/gcc/arm-elf/4.3.2/../../../../arm-elf/lib/libc.a(lib_a-strcmp.o)
 .bss           0x40001238        0x0 /opt/local/lib/gcc/arm-elf/4.3.2/../../../../arm-elf/lib/libc.a(lib_a-strlen.o)
 .bss           0x40001238        0x0 /opt/local/lib/gcc/arm-elf/4.3.2/../../../../arm-elf/lib/libc.a(lib_a-strncmp.o)
 .bss           0x40001238        0x0 /opt/local/lib/gcc/arm-elf/4.3.2/../../../../arm-elf/lib/libc.a(lib_a-strncpy.o)
 .bss           0x40001238        0x0 /opt/local/lib/gcc/arm-elf/4.3.2/../../../../arm-elf/lib/libc.a(lib_a-strrchr.o)
 .bss           0x40001238        0x0 /opt/local/lib/gcc/arm-elf/4.3.2/../../../../arm-elf/lib/libc.a(lib_a-freer.o)
 .bss           0x40001238        0x0 /opt/local/lib/gcc/arm-elf/4.3.2/../../../../arm-elf/lib/libc.a(lib_a-impure.o)
 .bss           0x40001238        0x0 /opt/local/lib/gcc/arm-elf/4.3.2/libgcc.a(_udivsi3.o)
 .bss           0x40001238        0x0 /opt/local/lib/gcc/arm-elf/4.3.2/libgcc.a(_divsi3.o)
 .bss           0x40001238        0x0 /opt/local/lib/gcc/arm-elf/4.3.2/libgcc.a(_umodsi3.o)
 .bss           0x40001238        0x0 /opt/local/lib/gcc/arm-elf/4.3.2/libgcc.a(_modsi3.o)
 .bss           0x40001238        0x0 /opt/local/lib/gcc/arm-elf/4.3.2/libgcc.a(_dvmd_tls.o)
 *(.gnu.linkonce.b*)
 *(COMMON)
 COMMON         0x40001238       0x3c ../lib/rootdir.o
                0x40001238                fs
                0x4000123c                dir_entry
                0x40001268                fd
                0x4000126c                partition
                0x40001270                dd
                0x40001274                . = ALIGN (0x4)
                0x40001274                . = ALIGN (0x4)
                0x40001274                __bss_end__ = .
                0x40001274                PROVIDE (__bss_end, .)

.stack          0x40001300      0xc00
 *(.stack)
 .stack         0x40001300      0xc00 Startup.o
                0x40001f00                PROVIDE (_stack, .)
                0x40001f00                . = ALIGN (0x4)
                0x40001f00                _end = .
                0x40001f00                PROVIDE (end, .)

.stab
 *(.stab)

.stabstr
 *(.stabstr)

.stab.excl
 *(.stab.excl)

.stab.exclstr
 *(.stab.exclstr)

.stab.index
 *(.stab.index)

.stab.indexstr
 *(.stab.indexstr)

.comment        0x00000000      0x333
 *(.comment)
 .comment       0x00000000       0x12 main.o
 .comment       0x00000012       0x1b ../lib/syscalls.o
 .comment       0x0000002d       0x1b ../lib/rprintf.o
 .comment       0x00000048       0x1b ../lib/serial.o
 .comment       0x00000063       0x1b ../lib/spi0.o
 .comment       0x0000007e       0x1b ../lib/rootdir.o
 .comment       0x00000099       0x1b ../lib/sd_raw.o
 .comment       0x000000b4       0x1b ../lib/fat16.o
 .comment       0x000000cf       0x1b ../lib/partition.o
 .comment       0x000000ea       0x1b ../lib/MMA7260.o
 .comment       0x00000105       0x1b ../lib/LCD_driver.o
 .comment       0x00000120       0x1b ../lib/vs1002.o
 .comment       0x0000013b       0x1b ../lib/NS73.o
 .comment       0x00000156       0x1b ../Bootloader/LPCUSB/main_msc.o
 .comment       0x00000171       0x1b ../Bootloader/LPCUSB/msc_bot.o
 .comment       0x0000018c       0x1b ../Bootloader/LPCUSB/msc_scsi.o
 .comment       0x000001a7       0x1b ../Bootloader/LPCUSB/blockdev_sd.o
 .comment       0x000001c2       0x1b ../Bootloader/LPCUSB/lpc2000_spi.o
 .comment       0x000001dd       0x1b ../Bootloader/LPCUSB/usbinit.o
 .comment       0x000001f8       0x1b ../Bootloader/LPCUSB/usbhw_lpc.o
 .comment       0x00000213       0x1b ../Bootloader/LPCUSB/usbcontrol.o
 .comment       0x0000022e       0x1b ../Bootloader/LPCUSB/usbstdreq.o
 .comment       0x00000249       0x12 /opt/local/lib/gcc/arm-elf/4.3.2/../../../../arm-elf/lib/libc.a(lib_a-malloc.o)
 .comment       0x0000025b       0x12 /opt/local/lib/gcc/arm-elf/4.3.2/../../../../arm-elf/lib/libc.a(lib_a-mallocr.o)
 .comment       0x0000026d       0x12 /opt/local/lib/gcc/arm-elf/4.3.2/../../../../arm-elf/lib/libc.a(lib_a-memcpy.o)
 .comment       0x0000027f       0x12 /opt/local/lib/gcc/arm-elf/4.3.2/../../../../arm-elf/lib/libc.a(lib_a-memset.o)
 .comment       0x00000291       0x12 /opt/local/lib/gcc/arm-elf/4.3.2/../../../../arm-elf/lib/libc.a(lib_a-mlock.o)
 .comment       0x000002a3       0x12 /opt/local/lib/gcc/arm-elf/4.3.2/../../../../arm-elf/lib/libc.a(lib_a-strchr.o)
 .comment       0x000002b5       0x12 /opt/local/lib/gcc/arm-elf/4.3.2/../../../../arm-elf/lib/libc.a(lib_a-strcmp.o)
 .comment       0x000002c7       0x12 /opt/local/lib/gcc/arm-elf/4.3.2/../../../../arm-elf/lib/libc.a(lib_a-strlen.o)
 .comment       0x000002d9       0x12 /opt/local/lib/gcc/arm-elf/4.3.2/../../../../arm-elf/lib/libc.a(lib_a-strncmp.o)
 .comment       0x000002eb       0x12 /opt/local/lib/gcc/arm-elf/4.3.2/../../../../arm-elf/lib/libc.a(lib_a-strncpy.o)
 .comment       0x000002fd       0x12 /opt/local/lib/gcc/arm-elf/4.3.2/../../../../arm-elf/lib/libc.a(lib_a-strrchr.o)
 .comment       0x0000030f       0x12 /opt/local/lib/gcc/arm-elf/4.3.2/../../../../arm-elf/lib/libc.a(lib_a-freer.o)
 .comment       0x00000321       0x12 /opt/local/lib/gcc/arm-elf/4.3.2/../../../../arm-elf/lib/libc.a(lib_a-impure.o)

.debug
 *(.debug)

.line
 *(.line)

.debug_srcinfo
 *(.debug_srcinfo)

.debug_sfnames
 *(.debug_sfnames)

.debug_aranges  0x00000000      0x508
 *(.debug_aranges)
 .debug_aranges
                0x00000000       0x28 Startup.o
 .debug_aranges
                0x00000028       0x20 main.o
 .debug_aranges
                0x00000048       0x20 ../lib/syscalls.o
 .debug_aranges
                0x00000068       0x20 ../lib/rprintf.o
 .debug_aranges
                0x00000088       0x20 ../lib/serial.o
 .debug_aranges
                0x000000a8       0x20 ../lib/spi0.o
 .debug_aranges
                0x000000c8       0x20 ../lib/rootdir.o
 .debug_aranges
                0x000000e8       0x20 ../lib/sd_raw.o
 .debug_aranges
                0x00000108       0x20 ../lib/fat16.o
 .debug_aranges
                0x00000128       0x20 ../lib/partition.o
 .debug_aranges
                0x00000148       0x20 ../lib/MMA7260.o
 .debug_aranges
                0x00000168       0x20 ../lib/LCD_driver.o
 .debug_aranges
                0x00000188       0x20 ../lib/vs1002.o
 .debug_aranges
                0x000001a8       0x20 ../lib/NS73.o
 .debug_aranges
                0x000001c8       0x20 ../Bootloader/LPCUSB/main_msc.o
 .debug_aranges
                0x000001e8       0x20 ../Bootloader/LPCUSB/msc_bot.o
 .debug_aranges
                0x00000208       0x20 ../Bootloader/LPCUSB/msc_scsi.o
 .debug_aranges
                0x00000228       0x20 ../Bootloader/LPCUSB/blockdev_sd.o
 .debug_aranges
                0x00000248       0x20 ../Bootloader/LPCUSB/lpc2000_spi.o
 .debug_aranges
                0x00000268       0x20 ../Bootloader/LPCUSB/usbinit.o
 .debug_aranges
                0x00000288       0x20 ../Bootloader/LPCUSB/usbhw_lpc.o
 .debug_aranges
                0x000002a8       0x20 ../Bootloader/LPCUSB/usbcontrol.o
 .debug_aranges
                0x000002c8       0x20 ../Bootloader/LPCUSB/usbstdreq.o
 .debug_aranges
                0x000002e8       0x20 /opt/local/lib/gcc/arm-elf/4.3.2/../../../../arm-elf/lib/libc.a(lib_a-malloc.o)
 .debug_aranges
                0x00000308       0x20 /opt/local/lib/gcc/arm-elf/4.3.2/../../../../arm-elf/lib/libc.a(lib_a-mallocr.o)
 .debug_aranges
                0x00000328       0x20 /opt/local/lib/gcc/arm-elf/4.3.2/../../../../arm-elf/lib/libc.a(lib_a-memcpy.o)
 .debug_aranges
                0x00000348       0x20 /opt/local/lib/gcc/arm-elf/4.3.2/../../../../arm-elf/lib/libc.a(lib_a-memset.o)
 .debug_aranges
                0x00000368       0x20 /opt/local/lib/gcc/arm-elf/4.3.2/../../../../arm-elf/lib/libc.a(lib_a-mlock.o)
 .debug_aranges
                0x00000388       0x20 /opt/local/lib/gcc/arm-elf/4.3.2/../../../../arm-elf/lib/libc.a(lib_a-strchr.o)
 .debug_aranges
                0x000003a8       0x20 /opt/local/lib/gcc/arm-elf/4.3.2/../../../../arm-elf/lib/libc.a(lib_a-strcmp.o)
 .debug_aranges
                0x000003c8       0x20 /opt/local/lib/gcc/arm-elf/4.3.2/../../../../arm-elf/lib/libc.a(lib_a-strlen.o)
 .debug_aranges
                0x000003e8       0x20 /opt/local/lib/gcc/arm-elf/4.3.2/../../../../arm-elf/lib/libc.a(lib_a-strncmp.o)
 .debug_aranges
                0x00000408       0x20 /opt/local/lib/gcc/arm-elf/4.3.2/../../../../arm-elf/lib/libc.a(lib_a-strncpy.o)
 .debug_aranges
                0x00000428       0x20 /opt/local/lib/gcc/arm-elf/4.3.2/../../../../arm-elf/lib/libc.a(lib_a-strrchr.o)
 .debug_aranges
                0x00000448       0x20 /opt/local/lib/gcc/arm-elf/4.3.2/../../../../arm-elf/lib/libc.a(lib_a-freer.o)
 .debug_aranges
                0x00000468       0x20 /opt/local/lib/gcc/arm-elf/4.3.2/libgcc.a(_udivsi3.o)
 .debug_aranges
                0x00000488       0x20 /opt/local/lib/gcc/arm-elf/4.3.2/libgcc.a(_divsi3.o)
 .debug_aranges
                0x000004a8       0x20 /opt/local/lib/gcc/arm-elf/4.3.2/libgcc.a(_umodsi3.o)
 .debug_aranges
                0x000004c8       0x20 /opt/local/lib/gcc/arm-elf/4.3.2/libgcc.a(_modsi3.o)
 .debug_aranges
                0x000004e8       0x20 /opt/local/lib/gcc/arm-elf/4.3.2/libgcc.a(_dvmd_tls.o)

.debug_pubnames
                0x00000000      0xf0c
 *(.debug_pubnames)
 .debug_pubnames
                0x00000000      0x211 main.o
 .debug_pubnames
                0x00000211       0x69 ../lib/syscalls.o
 .debug_pubnames
                0x0000027a       0x32 ../lib/rprintf.o
 .debug_pubnames
                0x000002ac       0x7b ../lib/serial.o
 .debug_pubnames
                0x00000327       0x41 ../lib/spi0.o
 .debug_pubnames
                0x00000368      0x103 ../lib/rootdir.o
 .debug_pubnames
                0x0000046b       0xc1 ../lib/sd_raw.o
 .debug_pubnames
                0x0000052c      0x1b1 ../lib/fat16.o
 .debug_pubnames
                0x000006dd       0x39 ../lib/partition.o
 .debug_pubnames
                0x00000716       0x50 ../lib/MMA7260.o
 .debug_pubnames
                0x00000766       0x8e ../lib/LCD_driver.o
 .debug_pubnames
                0x000007f4       0xc2 ../lib/vs1002.o
 .debug_pubnames
                0x000008b6       0x62 ../lib/NS73.o
 .debug_pubnames
                0x00000918       0x1f ../Bootloader/LPCUSB/main_msc.o
 .debug_pubnames
                0x00000937       0x45 ../Bootloader/LPCUSB/msc_bot.o
 .debug_pubnames
                0x0000097c       0x45 ../Bootloader/LPCUSB/msc_scsi.o
 .debug_pubnames
                0x000009c1       0x5a ../Bootloader/LPCUSB/blockdev_sd.o
 .debug_pubnames
                0x00000a1b       0x54 ../Bootloader/LPCUSB/lpc2000_spi.o
 .debug_pubnames
                0x00000a6f       0x1e ../Bootloader/LPCUSB/usbinit.o
 .debug_pubnames
                0x00000a8d      0x132 ../Bootloader/LPCUSB/usbhw_lpc.o
 .debug_pubnames
                0x00000bbf       0x4d ../Bootloader/LPCUSB/usbcontrol.o
 .debug_pubnames
                0x00000c0c       0x7f ../Bootloader/LPCUSB/usbstdreq.o
 .debug_pubnames
                0x00000c8b       0x26 /opt/local/lib/gcc/arm-elf/4.3.2/../../../../arm-elf/lib/libc.a(lib_a-malloc.o)
 .debug_pubnames
                0x00000cb1       0xce /opt/local/lib/gcc/arm-elf/4.3.2/../../../../arm-elf/lib/libc.a(lib_a-mallocr.o)
 .debug_pubnames
                0x00000d7f       0x1d /opt/local/lib/gcc/arm-elf/4.3.2/../../../../arm-elf/lib/libc.a(lib_a-memcpy.o)
 .debug_pubnames
                0x00000d9c       0x1d /opt/local/lib/gcc/arm-elf/4.3.2/../../../../arm-elf/lib/libc.a(lib_a-memset.o)
 .debug_pubnames
                0x00000db9       0x38 /opt/local/lib/gcc/arm-elf/4.3.2/../../../../arm-elf/lib/libc.a(lib_a-mlock.o)
 .debug_pubnames
                0x00000df1       0x1d /opt/local/lib/gcc/arm-elf/4.3.2/../../../../arm-elf/lib/libc.a(lib_a-strchr.o)
 .debug_pubnames
                0x00000e0e       0x1d /opt/local/lib/gcc/arm-elf/4.3.2/../../../../arm-elf/lib/libc.a(lib_a-strcmp.o)
 .debug_pubnames
                0x00000e2b       0x1d /opt/local/lib/gcc/arm-elf/4.3.2/../../../../arm-elf/lib/libc.a(lib_a-strlen.o)
 .debug_pubnames
                0x00000e48       0x1e /opt/local/lib/gcc/arm-elf/4.3.2/../../../../arm-elf/lib/libc.a(lib_a-strncmp.o)
 .debug_pubnames
                0x00000e66       0x1e /opt/local/lib/gcc/arm-elf/4.3.2/../../../../arm-elf/lib/libc.a(lib_a-strncpy.o)
 .debug_pubnames
                0x00000e84       0x1e /opt/local/lib/gcc/arm-elf/4.3.2/../../../../arm-elf/lib/libc.a(lib_a-strrchr.o)
 .debug_pubnames
                0x00000ea2       0x31 /opt/local/lib/gcc/arm-elf/4.3.2/../../../../arm-elf/lib/libc.a(lib_a-freer.o)
 .debug_pubnames
                0x00000ed3       0x39 /opt/local/lib/gcc/arm-elf/4.3.2/../../../../arm-elf/lib/libc.a(lib_a-impure.o)

.debug_info     0x00000000     0xa744
 *(.debug_info .gnu.linkonce.wi.*)
 .debug_info    0x00000000       0x9a Startup.o
 .debug_info    0x0000009a      0xba0 main.o
 .debug_info    0x00000c3a      0xc8e ../lib/syscalls.o
 .debug_info    0x000018c8      0x201 ../lib/rprintf.o
 .debug_info    0x00001ac9      0x133 ../lib/serial.o
 .debug_info    0x00001bfc       0xe7 ../lib/spi0.o
 .debug_info    0x00001ce3      0x554 ../lib/rootdir.o
 .debug_info    0x00002237      0x693 ../lib/sd_raw.o
 .debug_info    0x000028ca     0x1443 ../lib/fat16.o
 .debug_info    0x00003d0d      0x28b ../lib/partition.o
 .debug_info    0x00003f98      0x103 ../lib/MMA7260.o
 .debug_info    0x0000409b      0x51a ../lib/LCD_driver.o
 .debug_info    0x000045b5      0x1cd ../lib/vs1002.o
 .debug_info    0x00004782      0x136 ../lib/NS73.o
 .debug_info    0x000048b8      0x1b1 ../Bootloader/LPCUSB/main_msc.o
 .debug_info    0x00004a69      0x3be ../Bootloader/LPCUSB/msc_bot.o
 .debug_info    0x00004e27      0x2e8 ../Bootloader/LPCUSB/msc_scsi.o
 .debug_info    0x0000510f      0x368 ../Bootloader/LPCUSB/blockdev_sd.o
 .debug_info    0x00005477      0x1d9 ../Bootloader/LPCUSB/lpc2000_spi.o
 .debug_info    0x00005650       0xbc ../Bootloader/LPCUSB/usbinit.o
 .debug_info    0x0000570c      0x601 ../Bootloader/LPCUSB/usbhw_lpc.o
 .debug_info    0x00005d0d      0x2e2 ../Bootloader/LPCUSB/usbcontrol.o
 .debug_info    0x00005fef      0x463 ../Bootloader/LPCUSB/usbstdreq.o
 .debug_info    0x00006452      0x966 /opt/local/lib/gcc/arm-elf/4.3.2/../../../../arm-elf/lib/libc.a(lib_a-malloc.o)
 .debug_info    0x00006db8      0xcc6 /opt/local/lib/gcc/arm-elf/4.3.2/../../../../arm-elf/lib/libc.a(lib_a-mallocr.o)
 .debug_info    0x00007a7e      0x10a /opt/local/lib/gcc/arm-elf/4.3.2/../../../../arm-elf/lib/libc.a(lib_a-memcpy.o)
 .debug_info    0x00007b88      0x10f /opt/local/lib/gcc/arm-elf/4.3.2/../../../../arm-elf/lib/libc.a(lib_a-memset.o)
 .debug_info    0x00007c97      0x94f /opt/local/lib/gcc/arm-elf/4.3.2/../../../../arm-elf/lib/libc.a(lib_a-mlock.o)
 .debug_info    0x000085e6      0x110 /opt/local/lib/gcc/arm-elf/4.3.2/../../../../arm-elf/lib/libc.a(lib_a-strchr.o)
 .debug_info    0x000086f6       0xd7 /opt/local/lib/gcc/arm-elf/4.3.2/../../../../arm-elf/lib/libc.a(lib_a-strcmp.o)
 .debug_info    0x000087cd       0xd3 /opt/local/lib/gcc/arm-elf/4.3.2/../../../../arm-elf/lib/libc.a(lib_a-strlen.o)
 .debug_info    0x000088a0       0xef /opt/local/lib/gcc/arm-elf/4.3.2/../../../../arm-elf/lib/libc.a(lib_a-strncmp.o)
 .debug_info    0x0000898f      0x126 /opt/local/lib/gcc/arm-elf/4.3.2/../../../../arm-elf/lib/libc.a(lib_a-strncpy.o)
 .debug_info    0x00008ab5       0xc4 /opt/local/lib/gcc/arm-elf/4.3.2/../../../../arm-elf/lib/libc.a(lib_a-strrchr.o)
 .debug_info    0x00008b79      0xbbb /opt/local/lib/gcc/arm-elf/4.3.2/../../../../arm-elf/lib/libc.a(lib_a-freer.o)
 .debug_info    0x00009734      0x935 /opt/local/lib/gcc/arm-elf/4.3.2/../../../../arm-elf/lib/libc.a(lib_a-impure.o)
 .debug_info    0x0000a069      0x15f /opt/local/lib/gcc/arm-elf/4.3.2/libgcc.a(_udivsi3.o)
 .debug_info    0x0000a1c8      0x15f /opt/local/lib/gcc/arm-elf/4.3.2/libgcc.a(_divsi3.o)
 .debug_info    0x0000a327      0x15f /opt/local/lib/gcc/arm-elf/4.3.2/libgcc.a(_umodsi3.o)
 .debug_info    0x0000a486      0x15f /opt/local/lib/gcc/arm-elf/4.3.2/libgcc.a(_modsi3.o)
 .debug_info    0x0000a5e5      0x15f /opt/local/lib/gcc/arm-elf/4.3.2/libgcc.a(_dvmd_tls.o)

.debug_abbrev   0x00000000     0x2d4d
 *(.debug_abbrev)
 .debug_abbrev  0x00000000       0x10 Startup.o
 .debug_abbrev  0x00000010      0x2e2 main.o
 .debug_abbrev  0x000002f2      0x1c5 ../lib/syscalls.o
 .debug_abbrev  0x000004b7      0x144 ../lib/rprintf.o
 .debug_abbrev  0x000005fb       0xbb ../lib/serial.o
 .debug_abbrev  0x000006b6       0x8b ../lib/spi0.o
 .debug_abbrev  0x00000741      0x16d ../lib/rootdir.o
 .debug_abbrev  0x000008ae      0x270 ../lib/sd_raw.o
 .debug_abbrev  0x00000b1e      0x2fa ../lib/fat16.o
 .debug_abbrev  0x00000e18       0xd4 ../lib/partition.o
 .debug_abbrev  0x00000eec       0xa9 ../lib/MMA7260.o
 .debug_abbrev  0x00000f95      0x1ce ../lib/LCD_driver.o
 .debug_abbrev  0x00001163       0xc3 ../lib/vs1002.o
 .debug_abbrev  0x00001226       0xc1 ../lib/NS73.o
 .debug_abbrev  0x000012e7       0xc7 ../Bootloader/LPCUSB/main_msc.o
 .debug_abbrev  0x000013ae      0x1e3 ../Bootloader/LPCUSB/msc_bot.o
 .debug_abbrev  0x00001591      0x10f ../Bootloader/LPCUSB/msc_scsi.o
 .debug_abbrev  0x000016a0      0x1bd ../Bootloader/LPCUSB/blockdev_sd.o
 .debug_abbrev  0x0000185d      0x12f ../Bootloader/LPCUSB/lpc2000_spi.o
 .debug_abbrev  0x0000198c       0xa0 ../Bootloader/LPCUSB/usbinit.o
 .debug_abbrev  0x00001a2c      0x25b ../Bootloader/LPCUSB/usbhw_lpc.o
 .debug_abbrev  0x00001c87      0x14c ../Bootloader/LPCUSB/usbcontrol.o
 .debug_abbrev  0x00001dd3      0x20a ../Bootloader/LPCUSB/usbstdreq.o
 .debug_abbrev  0x00001fdd      0x18e /opt/local/lib/gcc/arm-elf/4.3.2/../../../../arm-elf/lib/libc.a(lib_a-malloc.o)
 .debug_abbrev  0x0000216b      0x22c /opt/local/lib/gcc/arm-elf/4.3.2/../../../../arm-elf/lib/libc.a(lib_a-mallocr.o)
 .debug_abbrev  0x00002397       0x97 /opt/local/lib/gcc/arm-elf/4.3.2/../../../../arm-elf/lib/libc.a(lib_a-memcpy.o)
 .debug_abbrev  0x0000242e       0xb0 /opt/local/lib/gcc/arm-elf/4.3.2/../../../../arm-elf/lib/libc.a(lib_a-memset.o)
 .debug_abbrev  0x000024de      0x171 /opt/local/lib/gcc/arm-elf/4.3.2/../../../../arm-elf/lib/libc.a(lib_a-mlock.o)
 .debug_abbrev  0x0000264f       0x96 /opt/local/lib/gcc/arm-elf/4.3.2/../../../../arm-elf/lib/libc.a(lib_a-strchr.o)
 .debug_abbrev  0x000026e5       0x78 /opt/local/lib/gcc/arm-elf/4.3.2/../../../../arm-elf/lib/libc.a(lib_a-strcmp.o)
 .debug_abbrev  0x0000275d       0x92 /opt/local/lib/gcc/arm-elf/4.3.2/../../../../arm-elf/lib/libc.a(lib_a-strlen.o)
 .debug_abbrev  0x000027ef       0x94 /opt/local/lib/gcc/arm-elf/4.3.2/../../../../arm-elf/lib/libc.a(lib_a-strncmp.o)
 .debug_abbrev  0x00002883       0x94 /opt/local/lib/gcc/arm-elf/4.3.2/../../../../arm-elf/lib/libc.a(lib_a-strncpy.o)
 .debug_abbrev  0x00002917       0x76 /opt/local/lib/gcc/arm-elf/4.3.2/../../../../arm-elf/lib/libc.a(lib_a-strrchr.o)
 .debug_abbrev  0x0000298d      0x1fe /opt/local/lib/gcc/arm-elf/4.3.2/../../../../arm-elf/lib/libc.a(lib_a-freer.o)
 .debug_abbrev  0x00002b8b      0x15e /opt/local/lib/gcc/arm-elf/4.3.2/../../../../arm-elf/lib/libc.a(lib_a-impure.o)
 .debug_abbrev  0x00002ce9       0x14 /opt/local/lib/gcc/arm-elf/4.3.2/libgcc.a(_udivsi3.o)
 .debug_abbrev  0x00002cfd       0x14 /opt/local/lib/gcc/arm-elf/4.3.2/libgcc.a(_divsi3.o)
 .debug_abbrev  0x00002d11       0x14 /opt/local/lib/gcc/arm-elf/4.3.2/libgcc.a(_umodsi3.o)
 .debug_abbrev  0x00002d25       0x14 /opt/local/lib/gcc/arm-elf/4.3.2/libgcc.a(_modsi3.o)
 .debug_abbrev  0x00002d39       0x14 /opt/local/lib/gcc/arm-elf/4.3.2/libgcc.a(_dvmd_tls.o)

.debug_line     0x00000000     0x3747
 *(.debug_line)
 .debug_line    0x00000000       0xa3 Startup.o
 .debug_line    0x000000a3      0x3a0 main.o
 .debug_line    0x00000443      0x164 ../lib/syscalls.o
 .debug_line    0x000005a7       0xc8 ../lib/rprintf.o
 .debug_line    0x0000066f       0x63 ../lib/serial.o
 .debug_line    0x000006d2       0x4c ../lib/spi0.o
 .debug_line    0x0000071e      0x157 ../lib/rootdir.o
 .debug_line    0x00000875      0x22b ../lib/sd_raw.o
 .debug_line    0x00000aa0      0x4ba ../lib/fat16.o
 .debug_line    0x00000f5a       0xcb ../lib/partition.o
 .debug_line    0x00001025       0x6c ../lib/MMA7260.o
 .debug_line    0x00001091      0x1d8 ../lib/LCD_driver.o
 .debug_line    0x00001269       0xad ../lib/vs1002.o
 .debug_line    0x00001316       0xc2 ../lib/NS73.o
 .debug_line    0x000013d8       0x8d ../Bootloader/LPCUSB/main_msc.o
 .debug_line    0x00001465      0x10e ../Bootloader/LPCUSB/msc_bot.o
 .debug_line    0x00001573       0xd1 ../Bootloader/LPCUSB/msc_scsi.o
 .debug_line    0x00001644      0x113 ../Bootloader/LPCUSB/blockdev_sd.o
 .debug_line    0x00001757       0x9b ../Bootloader/LPCUSB/lpc2000_spi.o
 .debug_line    0x000017f2       0x66 ../Bootloader/LPCUSB/usbinit.o
 .debug_line    0x00001858      0x181 ../Bootloader/LPCUSB/usbhw_lpc.o
 .debug_line    0x000019d9       0xc8 ../Bootloader/LPCUSB/usbcontrol.o
 .debug_line    0x00001aa1      0x102 ../Bootloader/LPCUSB/usbstdreq.o
 .debug_line    0x00001ba3      0x228 /opt/local/lib/gcc/arm-elf/4.3.2/../../../../arm-elf/lib/libc.a(lib_a-malloc.o)
 .debug_line    0x00001dcb      0x357 /opt/local/lib/gcc/arm-elf/4.3.2/../../../../arm-elf/lib/libc.a(lib_a-mallocr.o)
 .debug_line    0x00002122      0x19f /opt/local/lib/gcc/arm-elf/4.3.2/../../../../arm-elf/lib/libc.a(lib_a-memcpy.o)
 .debug_line    0x000022c1      0x1a6 /opt/local/lib/gcc/arm-elf/4.3.2/../../../../arm-elf/lib/libc.a(lib_a-memset.o)
 .debug_line    0x00002467      0x21c /opt/local/lib/gcc/arm-elf/4.3.2/../../../../arm-elf/lib/libc.a(lib_a-mlock.o)
 .debug_line    0x00002683       0xe1 /opt/local/lib/gcc/arm-elf/4.3.2/../../../../arm-elf/lib/libc.a(lib_a-strchr.o)
 .debug_line    0x00002764       0xe9 /opt/local/lib/gcc/arm-elf/4.3.2/../../../../arm-elf/lib/libc.a(lib_a-strcmp.o)
 .debug_line    0x0000284d      0x171 /opt/local/lib/gcc/arm-elf/4.3.2/../../../../arm-elf/lib/libc.a(lib_a-strlen.o)
 .debug_line    0x000029be      0x19f /opt/local/lib/gcc/arm-elf/4.3.2/../../../../arm-elf/lib/libc.a(lib_a-strncmp.o)
 .debug_line    0x00002b5d      0x198 /opt/local/lib/gcc/arm-elf/4.3.2/../../../../arm-elf/lib/libc.a(lib_a-strncpy.o)
 .debug_line    0x00002cf5       0xd5 /opt/local/lib/gcc/arm-elf/4.3.2/../../../../arm-elf/lib/libc.a(lib_a-strrchr.o)
 .debug_line    0x00002dca      0x2ac /opt/local/lib/gcc/arm-elf/4.3.2/../../../../arm-elf/lib/libc.a(lib_a-freer.o)
 .debug_line    0x00003076      0x20a /opt/local/lib/gcc/arm-elf/4.3.2/../../../../arm-elf/lib/libc.a(lib_a-impure.o)
 .debug_line    0x00003280      0x103 /opt/local/lib/gcc/arm-elf/4.3.2/libgcc.a(_udivsi3.o)
 .debug_line    0x00003383      0x10f /opt/local/lib/gcc/arm-elf/4.3.2/libgcc.a(_divsi3.o)
 .debug_line    0x00003492       0xec /opt/local/lib/gcc/arm-elf/4.3.2/libgcc.a(_umodsi3.o)
 .debug_line    0x0000357e       0xf2 /opt/local/lib/gcc/arm-elf/4.3.2/libgcc.a(_modsi3.o)
 .debug_line    0x00003670       0xd7 /opt/local/lib/gcc/arm-elf/4.3.2/libgcc.a(_dvmd_tls.o)

.debug_frame    0x00000000     0x1524
 *(.debug_frame)
 .debug_frame   0x00000000      0x288 main.o
 .debug_frame   0x00000288       0x80 ../lib/syscalls.o
 .debug_frame   0x00000308       0x68 ../lib/rprintf.o
 .debug_frame   0x00000370       0x80 ../lib/serial.o
 .debug_frame   0x000003f0       0x48 ../lib/spi0.o
 .debug_frame   0x00000438      0x108 ../lib/rootdir.o
 .debug_frame   0x00000540      0x154 ../lib/sd_raw.o
 .debug_frame   0x00000694      0x33c ../lib/fat16.o
 .debug_frame   0x000009d0       0x4c ../lib/partition.o
 .debug_frame   0x00000a1c       0x60 ../lib/MMA7260.o
 .debug_frame   0x00000a7c      0x134 ../lib/LCD_driver.o
 .debug_frame   0x00000bb0      0x104 ../lib/vs1002.o
 .debug_frame   0x00000cb4       0x94 ../lib/NS73.o
 .debug_frame   0x00000d48       0x40 ../Bootloader/LPCUSB/main_msc.o
 .debug_frame   0x00000d88       0xac ../Bootloader/LPCUSB/msc_bot.o
 .debug_frame   0x00000e34       0x64 ../Bootloader/LPCUSB/msc_scsi.o
 .debug_frame   0x00000e98       0xc8 ../Bootloader/LPCUSB/blockdev_sd.o
 .debug_frame   0x00000f60       0x68 ../Bootloader/LPCUSB/lpc2000_spi.o
 .debug_frame   0x00000fc8       0x38 ../Bootloader/LPCUSB/usbinit.o
 .debug_frame   0x00001000      0x168 ../Bootloader/LPCUSB/usbhw_lpc.o
 .debug_frame   0x00001168       0x8c ../Bootloader/LPCUSB/usbcontrol.o
 .debug_frame   0x000011f4       0x6c ../Bootloader/LPCUSB/usbstdreq.o
 .debug_frame   0x00001260       0x30 /opt/local/lib/gcc/arm-elf/4.3.2/../../../../arm-elf/lib/libc.a(lib_a-malloc.o)
 .debug_frame   0x00001290       0x38 /opt/local/lib/gcc/arm-elf/4.3.2/../../../../arm-elf/lib/libc.a(lib_a-mallocr.o)
 .debug_frame   0x000012c8       0x2c /opt/local/lib/gcc/arm-elf/4.3.2/../../../../arm-elf/lib/libc.a(lib_a-memcpy.o)
 .debug_frame   0x000012f4       0x28 /opt/local/lib/gcc/arm-elf/4.3.2/../../../../arm-elf/lib/libc.a(lib_a-memset.o)
 .debug_frame   0x0000131c       0x30 /opt/local/lib/gcc/arm-elf/4.3.2/../../../../arm-elf/lib/libc.a(lib_a-mlock.o)
 .debug_frame   0x0000134c       0x28 /opt/local/lib/gcc/arm-elf/4.3.2/../../../../arm-elf/lib/libc.a(lib_a-strchr.o)
 .debug_frame   0x00001374       0x20 /opt/local/lib/gcc/arm-elf/4.3.2/../../../../arm-elf/lib/libc.a(lib_a-strcmp.o)
 .debug_frame   0x00001394       0x20 /opt/local/lib/gcc/arm-elf/4.3.2/../../../../arm-elf/lib/libc.a(lib_a-strlen.o)
 .debug_frame   0x000013b4       0x2c /opt/local/lib/gcc/arm-elf/4.3.2/../../../../arm-elf/lib/libc.a(lib_a-strncmp.o)
 .debug_frame   0x000013e0       0x28 /opt/local/lib/gcc/arm-elf/4.3.2/../../../../arm-elf/lib/libc.a(lib_a-strncpy.o)
 .debug_frame   0x00001408       0x2c /opt/local/lib/gcc/arm-elf/4.3.2/../../../../arm-elf/lib/libc.a(lib_a-strrchr.o)
 .debug_frame   0x00001434       0x50 /opt/local/lib/gcc/arm-elf/4.3.2/../../../../arm-elf/lib/libc.a(lib_a-freer.o)
 .debug_frame   0x00001484       0x28 /opt/local/lib/gcc/arm-elf/4.3.2/libgcc.a(_udivsi3.o)
 .debug_frame   0x000014ac       0x28 /opt/local/lib/gcc/arm-elf/4.3.2/libgcc.a(_divsi3.o)
 .debug_frame   0x000014d4       0x28 /opt/local/lib/gcc/arm-elf/4.3.2/libgcc.a(_umodsi3.o)
 .debug_frame   0x000014fc       0x28 /opt/local/lib/gcc/arm-elf/4.3.2/libgcc.a(_modsi3.o)

.debug_str      0x00000000     0x2999
 *(.debug_str)
 .debug_str     0x00000000      0x3bc main.o
                                0x434 (size before relaxing)
 .debug_str     0x000003bc      0x50a ../lib/syscalls.o
                                0x5fe (size before relaxing)
 .debug_str     0x000008c6       0x99 ../lib/rprintf.o
                                0x1af (size before relaxing)
 .debug_str     0x0000095f       0x76 ../lib/serial.o
                                0x112 (size before relaxing)
 .debug_str     0x000009d5       0x31 ../lib/spi0.o
                                0x13f (size before relaxing)
 .debug_str     0x00000a06      0x246 ../lib/rootdir.o
                                0x3c3 (size before relaxing)
 .debug_str     0x00000c4c      0x196 ../lib/sd_raw.o
                                0x374 (size before relaxing)
 .debug_str     0x00000de2      0x5ba ../lib/fat16.o
                                0x880 (size before relaxing)
 .debug_str     0x0000139c       0x47 ../lib/partition.o
                                0x224 (size before relaxing)
 .debug_str     0x000013e3       0x49 ../lib/MMA7260.o
                                 0xe6 (size before relaxing)
 .debug_str     0x0000142c      0x107 ../lib/LCD_driver.o
                                0x248 (size before relaxing)
 .debug_str     0x00001533       0xb5 ../lib/vs1002.o
                                0x186 (size before relaxing)
 .debug_str     0x000015e8       0x8a ../lib/NS73.o
                                0x13c (size before relaxing)
 .debug_str     0x00001672       0x9f ../Bootloader/LPCUSB/main_msc.o
                                0x1bb (size before relaxing)
 .debug_str     0x00001711      0x17b ../Bootloader/LPCUSB/msc_bot.o
                                0x2b2 (size before relaxing)
 .debug_str     0x0000188c       0xf2 ../Bootloader/LPCUSB/msc_scsi.o
                                0x215 (size before relaxing)
 .debug_str     0x0000197e       0xc4 ../Bootloader/LPCUSB/blockdev_sd.o
                                0x20a (size before relaxing)
 .debug_str     0x00001a42       0x6c ../Bootloader/LPCUSB/lpc2000_spi.o
                                0x18d (size before relaxing)
 .debug_str     0x00001aae       0x4e ../Bootloader/LPCUSB/usbinit.o
                                0x118 (size before relaxing)
 .debug_str     0x00001afc      0x25a ../Bootloader/LPCUSB/usbhw_lpc.o
                                0x340 (size before relaxing)
 .debug_str     0x00001d56       0xa9 ../Bootloader/LPCUSB/usbcontrol.o
                                0x20a (size before relaxing)
 .debug_str     0x00001dff      0x175 ../Bootloader/LPCUSB/usbstdreq.o
                                0x29f (size before relaxing)
 .debug_str     0x00001f74       0xa1 /opt/local/lib/gcc/arm-elf/4.3.2/../../../../arm-elf/lib/libc.a(lib_a-malloc.o)
                                0x4f1 (size before relaxing)
 .debug_str     0x00002015      0x263 /opt/local/lib/gcc/arm-elf/4.3.2/../../../../arm-elf/lib/libc.a(lib_a-mallocr.o)
                                0x6c6 (size before relaxing)
 .debug_str     0x00002278       0xca /opt/local/lib/gcc/arm-elf/4.3.2/../../../../arm-elf/lib/libc.a(lib_a-memcpy.o)
                                 0xfd (size before relaxing)
 .debug_str     0x00002342       0xb0 /opt/local/lib/gcc/arm-elf/4.3.2/../../../../arm-elf/lib/libc.a(lib_a-memset.o)
                                0x153 (size before relaxing)
 .debug_str     0x000023f2       0xce /opt/local/lib/gcc/arm-elf/4.3.2/../../../../arm-elf/lib/libc.a(lib_a-mlock.o)
                                0x4f8 (size before relaxing)
 .debug_str     0x000024c0       0xa8 /opt/local/lib/gcc/arm-elf/4.3.2/../../../../arm-elf/lib/libc.a(lib_a-strchr.o)
                                0x14a (size before relaxing)
 .debug_str     0x00002568       0xa3 /opt/local/lib/gcc/arm-elf/4.3.2/../../../../arm-elf/lib/libc.a(lib_a-strcmp.o)
                                0x138 (size before relaxing)
 .debug_str     0x0000260b       0xa9 /opt/local/lib/gcc/arm-elf/4.3.2/../../../../arm-elf/lib/libc.a(lib_a-strlen.o)
                                0x152 (size before relaxing)
 .debug_str     0x000026b4       0xa5 /opt/local/lib/gcc/arm-elf/4.3.2/../../../../arm-elf/lib/libc.a(lib_a-strncmp.o)
                                0x141 (size before relaxing)
 .debug_str     0x00002759       0xa5 /opt/local/lib/gcc/arm-elf/4.3.2/../../../../arm-elf/lib/libc.a(lib_a-strncpy.o)
                                0x169 (size before relaxing)
 .debug_str     0x000027fe       0xa5 /opt/local/lib/gcc/arm-elf/4.3.2/../../../../arm-elf/lib/libc.a(lib_a-strrchr.o)
                                0x13f (size before relaxing)
 .debug_str     0x000028a3       0x3c /opt/local/lib/gcc/arm-elf/4.3.2/../../../../arm-elf/lib/libc.a(lib_a-freer.o)
                                0x618 (size before relaxing)
 .debug_str     0x000028df       0xba /opt/local/lib/gcc/arm-elf/4.3.2/../../../../arm-elf/lib/libc.a(lib_a-impure.o)
                                0x4f0 (size before relaxing)

.debug_loc      0x00000000     0x50d8
 *(.debug_loc)
 .debug_loc     0x00000000      0x78d main.o
 .debug_loc     0x0000078d       0x98 ../lib/syscalls.o
 .debug_loc     0x00000825      0x2a4 ../lib/rprintf.o
 .debug_loc     0x00000ac9       0xc9 ../lib/serial.o
 .debug_loc     0x00000b92       0x45 ../lib/spi0.o
 .debug_loc     0x00000bd7      0x23f ../lib/rootdir.o
 .debug_loc     0x00000e16      0x5c8 ../lib/sd_raw.o
 .debug_loc     0x000013de     0x1211 ../lib/fat16.o
 .debug_loc     0x000025ef      0x114 ../lib/partition.o
 .debug_loc     0x00002703       0x13 ../lib/MMA7260.o
 .debug_loc     0x00002716      0x58e ../lib/LCD_driver.o
 .debug_loc     0x00002ca4      0x1e7 ../lib/vs1002.o
 .debug_loc     0x00002e8b      0x126 ../lib/NS73.o
 .debug_loc     0x00002fb1       0xae ../Bootloader/LPCUSB/main_msc.o
 .debug_loc     0x0000305f      0x263 ../Bootloader/LPCUSB/msc_bot.o
 .debug_loc     0x000032c2      0x1b8 ../Bootloader/LPCUSB/msc_scsi.o
 .debug_loc     0x0000347a      0x2dc ../Bootloader/LPCUSB/blockdev_sd.o
 .debug_loc     0x00003756       0x45 ../Bootloader/LPCUSB/lpc2000_spi.o
 .debug_loc     0x0000379b       0x1f ../Bootloader/LPCUSB/usbinit.o
 .debug_loc     0x000037ba      0x36d ../Bootloader/LPCUSB/usbhw_lpc.o
 .debug_loc     0x00003b27      0x1cf ../Bootloader/LPCUSB/usbcontrol.o
 .debug_loc     0x00003cf6      0x2bb ../Bootloader/LPCUSB/usbstdreq.o
 .debug_loc     0x00003fb1       0x3c /opt/local/lib/gcc/arm-elf/4.3.2/../../../../arm-elf/lib/libc.a(lib_a-malloc.o)
 .debug_loc     0x00003fed      0x75d /opt/local/lib/gcc/arm-elf/4.3.2/../../../../arm-elf/lib/libc.a(lib_a-mallocr.o)
 .debug_loc     0x0000474a      0x130 /opt/local/lib/gcc/arm-elf/4.3.2/../../../../arm-elf/lib/libc.a(lib_a-memcpy.o)
 .debug_loc     0x0000487a      0x12b /opt/local/lib/gcc/arm-elf/4.3.2/../../../../arm-elf/lib/libc.a(lib_a-memset.o)
 .debug_loc     0x000049a5       0xd3 /opt/local/lib/gcc/arm-elf/4.3.2/../../../../arm-elf/lib/libc.a(lib_a-strchr.o)
 .debug_loc     0x00004a78       0xba /opt/local/lib/gcc/arm-elf/4.3.2/../../../../arm-elf/lib/libc.a(lib_a-strcmp.o)
 .debug_loc     0x00004b32       0x47 /opt/local/lib/gcc/arm-elf/4.3.2/../../../../arm-elf/lib/libc.a(lib_a-strlen.o)
 .debug_loc     0x00004b79      0x105 /opt/local/lib/gcc/arm-elf/4.3.2/../../../../arm-elf/lib/libc.a(lib_a-strncmp.o)
 .debug_loc     0x00004c7e      0x128 /opt/local/lib/gcc/arm-elf/4.3.2/../../../../arm-elf/lib/libc.a(lib_a-strncpy.o)
 .debug_loc     0x00004da6       0x87 /opt/local/lib/gcc/arm-elf/4.3.2/../../../../arm-elf/lib/libc.a(lib_a-strrchr.o)
 .debug_loc     0x00004e2d      0x2ab /opt/local/lib/gcc/arm-elf/4.3.2/../../../../arm-elf/lib/libc.a(lib_a-freer.o)

.debug_macinfo
 *(.debug_macinfo)

.debug_weaknames
 *(.debug_weaknames)

.debug_funcnames
 *(.debug_funcnames)

.debug_typenames
 *(.debug_typenames)

.debug_varnames
 *(.debug_varnames)
OUTPUT(main.elf elf32-littlearm)

.debug_ranges   0x00000000      0x628
 .debug_ranges  0x00000000      0x290 main.o
 .debug_ranges  0x00000290       0x18 ../lib/rprintf.o
 .debug_ranges  0x000002a8       0x48 ../lib/sd_raw.o
 .debug_ranges  0x000002f0      0x1a8 ../lib/fat16.o
 .debug_ranges  0x00000498       0x30 ../Bootloader/LPCUSB/msc_bot.o
 .debug_ranges  0x000004c8       0x18 ../Bootloader/LPCUSB/blockdev_sd.o
 .debug_ranges  0x000004e0       0x18 ../Bootloader/LPCUSB/lpc2000_spi.o
 .debug_ranges  0x000004f8       0x78 ../Bootloader/LPCUSB/usbhw_lpc.o
 .debug_ranges  0x00000570       0x60 ../Bootloader/LPCUSB/usbstdreq.o
 .debug_ranges  0x000005d0       0x58 /opt/local/lib/gcc/arm-elf/4.3.2/../../../../arm-elf/lib/libc.a(lib_a-mallocr.o)

.ARM.attributes
                0x00000000       0x10
 .ARM.attributes
                0x00000000       0x10 main.o
 .ARM.attributes
                0x00000010       0x10 /opt/local/lib/gcc/arm-elf/4.3.2/../../../../arm-elf/lib/libc.a(lib_a-malloc.o)
 .ARM.attributes
                0x00000020       0x10 /opt/local/lib/gcc/arm-elf/4.3.2/../../../../arm-elf/lib/libc.a(lib_a-mallocr.o)
 .ARM.attributes
                0x00000030       0x10 /opt/local/lib/gcc/arm-elf/4.3.2/../../../../arm-elf/lib/libc.a(lib_a-memcpy.o)
 .ARM.attributes
                0x00000040       0x10 /opt/local/lib/gcc/arm-elf/4.3.2/../../../../arm-elf/lib/libc.a(lib_a-memset.o)
 .ARM.attributes
                0x00000050       0x10 /opt/local/lib/gcc/arm-elf/4.3.2/../../../../arm-elf/lib/libc.a(lib_a-mlock.o)
 .ARM.attributes
                0x00000060       0x10 /opt/local/lib/gcc/arm-elf/4.3.2/../../../../arm-elf/lib/libc.a(lib_a-strchr.o)
 .ARM.attributes
                0x00000070       0x10 /opt/local/lib/gcc/arm-elf/4.3.2/../../../../arm-elf/lib/libc.a(lib_a-strcmp.o)
 .ARM.attributes
                0x00000080       0x10 /opt/local/lib/gcc/arm-elf/4.3.2/../../../../arm-elf/lib/libc.a(lib_a-strlen.o)
 .ARM.attributes
                0x00000090       0x10 /opt/local/lib/gcc/arm-elf/4.3.2/../../../../arm-elf/lib/libc.a(lib_a-strncmp.o)
 .ARM.attributes
                0x000000a0       0x10 /opt/local/lib/gcc/arm-elf/4.3.2/../../../../arm-elf/lib/libc.a(lib_a-strncpy.o)
 .ARM.attributes
                0x000000b0       0x10 /opt/local/lib/gcc/arm-elf/4.3.2/../../../../arm-elf/lib/libc.a(lib_a-strrchr.o)
 .ARM.attributes
                0x000000c0       0x10 /opt/local/lib/gcc/arm-elf/4.3.2/../../../../arm-elf/lib/libc.a(lib_a-freer.o)
 .ARM.attributes
                0x000000d0       0x10 /opt/local/lib/gcc/arm-elf/4.3.2/../../../../arm-elf/lib/libc.a(lib_a-impure.o)
 .ARM.attributes
                0x000000e0       0x10 /opt/local/lib/gcc/arm-elf/4.3.2/libgcc.a(_udivsi3.o)
 .ARM.attributes
                0x000000f0       0x10 /opt/local/lib/gcc/arm-elf/4.3.2/libgcc.a(_divsi3.o)
 .ARM.attributes
                0x00000100       0x10 /opt/local/lib/gcc/arm-elf/4.3.2/libgcc.a(_umodsi3.o)
 .ARM.attributes
                0x00000110       0x10 /opt/local/lib/gcc/arm-elf/4.3.2/libgcc.a(_modsi3.o)
 .ARM.attributes
                0x00000120       0x10 /opt/local/lib/gcc/arm-elf/4.3.2/libgcc.a(_dvmd_tls.o)

Cross Reference Table

Symbol                                            File
BlockDevGetSize                                   ../Bootloader/LPCUSB/blockdev_sd.o
                                                  ../Bootloader/LPCUSB/msc_scsi.o
BlockDevInit                                      ../Bootloader/LPCUSB/blockdev_sd.o
                                                  ../Bootloader/LPCUSB/main_msc.o
BlockDevRead                                      ../Bootloader/LPCUSB/blockdev_sd.o
                                                  ../Bootloader/LPCUSB/msc_scsi.o
BlockDevWrite                                     ../Bootloader/LPCUSB/blockdev_sd.o
                                                  ../Bootloader/LPCUSB/msc_scsi.o
LCDClear                                          ../lib/LCD_driver.o
                                                  main.o
LCDContrast                                       ../lib/LCD_driver.o
LCDInit                                           ../lib/LCD_driver.o
                                                  main.o
LCDPrintLogo                                      ../lib/LCD_driver.o
                                                  main.o
LCDPrintString                                    ../lib/LCD_driver.o
                                                  main.o
LCDSetRowColor                                    ../lib/LCD_driver.o
                                                  main.o
MMA_change_mode                                   ../lib/MMA7260.o
[...]
                                                  ../Bootloader/LPCUSB/main_msc.o
USBRegisterRequestHandler                         ../Bootloader/LPCUSB/usbcontrol.o
                                                  ../Bootloader/LPCUSB/usbinit.o
                                                  ../Bootloader/LPCUSB/main_msc.o
__IRQ_Wrapper                                     Startup.o
__aeabi_idiv                                      /opt/local/lib/gcc/arm-elf/4.3.2/libgcc.a(_divsi3.o)
__aeabi_idiv0                                     /opt/local/lib/gcc/arm-elf/4.3.2/libgcc.a(_dvmd_tls.o)
__aeabi_idivmod                                   /opt/local/lib/gcc/arm-elf/4.3.2/libgcc.a(_divsi3.o)
__aeabi_ldiv0                                     /opt/local/lib/gcc/arm-elf/4.3.2/libgcc.a(_dvmd_tls.o)
__aeabi_uidiv                                     /opt/local/lib/gcc/arm-elf/4.3.2/libgcc.a(_udivsi3.o)
__aeabi_uidivmod                                  /opt/local/lib/gcc/arm-elf/4.3.2/libgcc.a(_udivsi3.o)
__bss_end__                                       Startup.o
__bss_start__                                     Startup.o
__ctors_end__                                     Startup.o
__ctors_start__                                   Startup.o
__div0                                            /opt/local/lib/gcc/arm-elf/4.3.2/libgcc.a(_dvmd_tls.o)
                                                  /opt/local/lib/gcc/arm-elf/4.3.2/libgcc.a(_modsi3.o)
                                                  /opt/local/lib/gcc/arm-elf/4.3.2/libgcc.a(_umodsi3.o)
                                                  /opt/local/lib/gcc/arm-elf/4.3.2/libgcc.a(_divsi3.o)
                                                  /opt/local/lib/gcc/arm-elf/4.3.2/libgcc.a(_udivsi3.o)
__divsi3                                          /opt/local/lib/gcc/arm-elf/4.3.2/libgcc.a(_divsi3.o)
                                                  ../lib/LCD_driver.o
                                                  ../lib/fat16.o
                                                  main.o
__exit_ARM                                        Startup.o
__exit_THUMB                                      Startup.o
__malloc_av_                                      /opt/local/lib/gcc/arm-elf/4.3.2/../../../../arm-elf/lib/libc.a(lib_a-mallocr.o)
                                                  /opt/local/lib/gcc/arm-elf/4.3.2/../../../../arm-elf/lib/libc.a(lib_a-freer.o)
__malloc_current_mallinfo                         /opt/local/lib/gcc/arm-elf/4.3.2/../../../../arm-elf/lib/libc.a(lib_a-mallocr.o)
                                                  /opt/local/lib/gcc/arm-elf/4.3.2/../../../../arm-elf/lib/libc.a(lib_a-freer.o)
__malloc_lock                                     /opt/local/lib/gcc/arm-elf/4.3.2/../../../../arm-elf/lib/libc.a(lib_a-mlock.o)
                                                  /opt/local/lib/gcc/arm-elf/4.3.2/../../../../arm-elf/lib/libc.a(lib_a-freer.o)
                                                  /opt/local/lib/gcc/arm-elf/4.3.2/../../../../arm-elf/lib/libc.a(lib_a-mallocr.o)
__malloc_max_sbrked_mem                           /opt/local/lib/gcc/arm-elf/4.3.2/../../../../arm-elf/lib/libc.a(lib_a-mallocr.o)
__malloc_max_total_mem                            /opt/local/lib/gcc/arm-elf/4.3.2/../../../../arm-elf/lib/libc.a(lib_a-mallocr.o)
__malloc_sbrk_base                                /opt/local/lib/gcc/arm-elf/4.3.2/../../../../arm-elf/lib/libc.a(lib_a-mallocr.o)
                                                  /opt/local/lib/gcc/arm-elf/4.3.2/../../../../arm-elf/lib/libc.a(lib_a-freer.o)
__malloc_top_pad                                  /opt/local/lib/gcc/arm-elf/4.3.2/../../../../arm-elf/lib/libc.a(lib_a-mallocr.o)
                                                  /opt/local/lib/gcc/arm-elf/4.3.2/../../../../arm-elf/lib/libc.a(lib_a-freer.o)
__malloc_trim_threshold                           /opt/local/lib/gcc/arm-elf/4.3.2/../../../../arm-elf/lib/libc.a(lib_a-mallocr.o)
                                                  /opt/local/lib/gcc/arm-elf/4.3.2/../../../../arm-elf/lib/libc.a(lib_a-freer.o)
__malloc_unlock                                   /opt/local/lib/gcc/arm-elf/4.3.2/../../../../arm-elf/lib/libc.a(lib_a-mlock.o)
                                                  /opt/local/lib/gcc/arm-elf/4.3.2/../../../../arm-elf/lib/libc.a(lib_a-freer.o)
                                                  /opt/local/lib/gcc/arm-elf/4.3.2/../../../../arm-elf/lib/libc.a(lib_a-mallocr.o)
__modsi3                                          /opt/local/lib/gcc/arm-elf/4.3.2/libgcc.a(_modsi3.o)
                                                  ../lib/LCD_driver.o
                                                  main.o
__startup                                         Startup.o
__udivsi3                                         /opt/local/lib/gcc/arm-elf/4.3.2/libgcc.a(_udivsi3.o)
                                                  ../lib/fat16.o
                                                  ../lib/serial.o
                                                  ../lib/rprintf.o
__umodsi3                                         /opt/local/lib/gcc/arm-elf/4.3.2/libgcc.a(_umodsi3.o)
                                                  ../lib/fat16.o
                                                  ../lib/rprintf.o
_close_r                                          ../lib/syscalls.o
_data                                             Startup.o
_edata                                            Startup.o
_etext                                            Startup.o
_free_r                                           /opt/local/lib/gcc/arm-elf/4.3.2/../../../../arm-elf/lib/libc.a(lib_a-freer.o)
                                                  /opt/local/lib/gcc/arm-elf/4.3.2/../../../../arm-elf/lib/libc.a(lib_a-mallocr.o)
                                                  /opt/local/lib/gcc/arm-elf/4.3.2/../../../../arm-elf/lib/libc.a(lib_a-malloc.o)
_fstat_r                                          ../lib/syscalls.o
_global_impure_ptr                                /opt/local/lib/gcc/arm-elf/4.3.2/../../../../arm-elf/lib/libc.a(lib_a-impure.o)
_impure_ptr                                       /opt/local/lib/gcc/arm-elf/4.3.2/../../../../arm-elf/lib/libc.a(lib_a-impure.o)
                                                  /opt/local/lib/gcc/arm-elf/4.3.2/../../../../arm-elf/lib/libc.a(lib_a-malloc.o)
_lseek_r                                          ../lib/syscalls.o
_malloc_r                                         /opt/local/lib/gcc/arm-elf/4.3.2/../../../../arm-elf/lib/libc.a(lib_a-mallocr.o)
                                                  /opt/local/lib/gcc/arm-elf/4.3.2/../../../../arm-elf/lib/libc.a(lib_a-malloc.o)
_malloc_trim_r                                    /opt/local/lib/gcc/arm-elf/4.3.2/../../../../arm-elf/lib/libc.a(lib_a-freer.o)
_read_r                                           ../lib/syscalls.o
_sbrk_r                                           ../lib/syscalls.o
                                                  /opt/local/lib/gcc/arm-elf/4.3.2/../../../../arm-elf/lib/libc.a(lib_a-freer.o)
                                                  /opt/local/lib/gcc/arm-elf/4.3.2/../../../../arm-elf/lib/libc.a(lib_a-mallocr.o)
_write_r                                          ../lib/syscalls.o
black                                             ../lib/LCD_driver.o
                                                  main.o
bootUp                                            main.o
closeSong                                         main.o
contrast                                          main.o
dd                                                ../lib/rootdir.o
delay_ms                                          main.o
                                                  ../lib/NS73.o
                                                  ../lib/vs1002.o
                                                  ../lib/LCD_driver.o
                                                  ../lib/rprintf.o
dir_entry                                         ../lib/rootdir.o
disableRadio                                      main.o
enableRadio                                       main.o
end                                               ../lib/syscalls.o
fat16_close                                       ../lib/fat16.o
fat16_close_dir                                   ../lib/fat16.o
fat16_close_file                                  ../lib/fat16.o
                                                  main.o
fat16_create_file                                 ../lib/fat16.o
                                                  ../lib/rootdir.o
fat16_delete_file                                 ../lib/fat16.o
                                                  ../lib/rootdir.o
fat16_file_size                                   ../lib/fat16.o
                                                  main.o
fat16_get_dir_entry_of_path                       ../lib/fat16.o
                                                  ../lib/rootdir.o
fat16_get_fs_free                                 ../lib/fat16.o
                                                  ../lib/rootdir.o
fat16_get_fs_size                                 ../lib/fat16.o
                                                  ../lib/rootdir.o
fat16_open                                        ../lib/fat16.o
                                                  ../lib/rootdir.o
fat16_open_dir                                    ../lib/fat16.o
                                                  ../lib/rootdir.o
fat16_open_file                                   ../lib/fat16.o
fat16_read_dir                                    ../lib/fat16.o
                                                  ../lib/rootdir.o
fat16_read_file                                   ../lib/fat16.o
                                                  main.o
fat16_reset_dir                                   ../lib/fat16.o
                                                  ../lib/rootdir.o
fat16_resize_file                                 ../lib/fat16.o
fat16_seek_file                                   ../lib/fat16.o
fat16_write_file                                  ../lib/fat16.o
fd                                                ../lib/rootdir.o
fillSettings                                      main.o
find_file_in_dir                                  ../lib/fat16.o
                                                  ../lib/rootdir.o
format_card                                       ../lib/sd_raw.o
free                                              /opt/local/lib/gcc/arm-elf/4.3.2/../../../../arm-elf/lib/libc.a(lib_a-malloc.o)
                                                  ../lib/partition.o
                                                  ../lib/fat16.o
fs                                                ../lib/rootdir.o
getButton                                         main.o
getNewFiles                                       main.o
getc0                                             ../lib/serial.o
getkey_serial0                                    ../lib/serial.o
handleDownButton                                  main.o
handleMiddleButton                                main.o
handleUpButton                                    main.o
highlightRow                                      main.o
init_serial0                                      ../lib/serial.o
initializeRadio                                   main.o
isatty                                            ../lib/syscalls.o
loadSongInfo                                      main.o
main                                              main.o
                                                  Startup.o
main_msc                                          ../Bootloader/LPCUSB/main_msc.o
                                                  main.o
malloc                                            /opt/local/lib/gcc/arm-elf/4.3.2/../../../../arm-elf/lib/libc.a(lib_a-malloc.o)
                                                  ../lib/partition.o
                                                  ../lib/fat16.o
memcpy                                            /opt/local/lib/gcc/arm-elf/4.3.2/../../../../arm-elf/lib/libc.a(lib_a-memcpy.o)
                                                  ../Bootloader/LPCUSB/msc_scsi.o
                                                  ../lib/fat16.o
                                                  ../lib/sd_raw.o
memset                                            /opt/local/lib/gcc/arm-elf/4.3.2/../../../../arm-elf/lib/libc.a(lib_a-memset.o)
                                                  ../lib/partition.o
                                                  ../lib/fat16.o
                                                  ../lib/sd_raw.o
newline                                           main.o
ns73Config                                        ../lib/NS73.o
                                                  main.o
ns73Init                                          ../lib/NS73.o
                                                  main.o
ns73Send                                          ../lib/NS73.o
                                                  main.o
ns73SerialReset                                   ../lib/NS73.o
ns73SetChannel                                    ../lib/NS73.o
                                                  main.o
open_file_in_dir                                  ../lib/fat16.o
                                                  ../lib/rootdir.o
openroot                                          ../lib/rootdir.o
                                                  main.o
partition                                         ../lib/rootdir.o
partition_close                                   ../lib/partition.o
partition_open                                    ../lib/partition.o
                                                  ../lib/rootdir.o
printMenu                                         main.o
print_disk_info                                   ../lib/rootdir.o
putc_serial0                                      ../lib/serial.o
                                                  main.o
putchar_serial0                                   ../lib/serial.o
putstring_serial0                                 ../lib/serial.o
quickClear                                        main.o
radio_channel                                     main.o
radio_channel_menu                                main.o
radio_enable                                      main.o
radio_power                                       main.o
red                                               ../lib/LCD_driver.o
reset                                             main.o
rootDirectory_files                               ../lib/rootdir.o
                                                  main.o
rootDirectory_files_stream                        ../lib/rootdir.o
                                                  main.o
root_delete                                       ../lib/rootdir.o
root_disk_info                                    ../lib/rootdir.o
root_file_exists                                  ../lib/rootdir.o
                                                  main.o
root_format                                       ../lib/rootdir.o
root_open                                         ../lib/rootdir.o
                                                  main.o
root_open_new                                     ../lib/rootdir.o
rprintf                                           ../lib/rprintf.o
                                                  ../Bootloader/LPCUSB/lpc2000_spi.o
                                                  ../Bootloader/LPCUSB/blockdev_sd.o
                                                  ../Bootloader/LPCUSB/main_msc.o
                                                  ../lib/fat16.o
                                                  ../lib/sd_raw.o
                                                  ../lib/rootdir.o
                                                  main.o
rprintf_devopen                                   ../lib/rprintf.o
                                                  main.o
sd_raw_available                                  ../lib/sd_raw.o
sd_raw_get_info                                   ../lib/sd_raw.o
                                                  ../lib/rootdir.o
sd_raw_init                                       ../lib/sd_raw.o
                                                  main.o
sd_raw_locked                                     ../lib/sd_raw.o
sd_raw_read                                       ../lib/sd_raw.o
                                                  ../lib/rootdir.o
sd_raw_read_interval                              ../lib/sd_raw.o
                                                  ../lib/rootdir.o
sd_raw_sync                                       ../lib/sd_raw.o
sd_raw_write                                      ../lib/sd_raw.o
                                                  ../lib/rootdir.o
sendMP3Data                                       main.o
settings                                          main.o
startMP3Player                                    main.o
stopMP3Player                                     main.o
strchr                                            /opt/local/lib/gcc/arm-elf/4.3.2/../../../../arm-elf/lib/libc.a(lib_a-strchr.o)
                                                  /opt/local/lib/gcc/arm-elf/4.3.2/../../../../arm-elf/lib/libc.a(lib_a-strrchr.o)
                                                  ../lib/fat16.o
strcmp                                            /opt/local/lib/gcc/arm-elf/4.3.2/../../../../arm-elf/lib/libc.a(lib_a-strcmp.o)
                                                  ../lib/fat16.o
strlen                                            /opt/local/lib/gcc/arm-elf/4.3.2/../../../../arm-elf/lib/libc.a(lib_a-strlen.o)
                                                  ../lib/fat16.o
strncmp                                           /opt/local/lib/gcc/arm-elf/4.3.2/../../../../arm-elf/lib/libc.a(lib_a-strncmp.o)
                                                  ../lib/fat16.o
strncpy                                           /opt/local/lib/gcc/arm-elf/4.3.2/../../../../arm-elf/lib/libc.a(lib_a-strncpy.o)
                                                  ../lib/fat16.o
strrchr                                           /opt/local/lib/gcc/arm-elf/4.3.2/../../../../arm-elf/lib/libc.a(lib_a-strrchr.o)
                                                  ../lib/fat16.o
volume                                            main.o
volume_setting                                    main.o
vs1002Config                                      ../lib/vs1002.o
                                                  main.o
vs1002Finish                                      ../lib/vs1002.o
                                                  main.o
vs1002Init                                        ../lib/vs1002.o
                                                  main.o
vs1002Mute                                        ../lib/vs1002.o
vs1002Reset                                       ../lib/vs1002.o
                                                  main.o
vs1002SCIRead                                     ../lib/vs1002.o
vs1002SCIWrite                                    ../lib/vs1002.o
                                                  main.o
vs1002SendMusic                                   ../lib/vs1002.o
                                                  main.o
vs1002SetVolume                                   ../lib/vs1002.o
                                                  main.o
vs1002SineTest                                    ../lib/vs1002.o
welcome                                           main.o
white                                             ../lib/LCD_driver.o
                                                  main.o
