Archive member included because of file (symbol)

/opt/local/lib/gcc/arm-elf/4.3.2/../../../../arm-elf/lib/libc.a(lib_a-malloc.o)
                              ../lib/fat16.o (free)
/opt/local/lib/gcc/arm-elf/4.3.2/../../../../arm-elf/lib/libc.a(lib_a-mallocr.o)
                              /opt/local/lib/gcc/arm-elf/4.3.2/../../../../arm-elf/lib/libc.a(lib_a-malloc.o) (_malloc_r)
/opt/local/lib/gcc/arm-elf/4.3.2/../../../../arm-elf/lib/libc.a(lib_a-memcpy.o)
                              ../lib/sd_raw.o (memcpy)
/opt/local/lib/gcc/arm-elf/4.3.2/../../../../arm-elf/lib/libc.a(lib_a-memset.o)
                              ../lib/sd_raw.o (memset)
/opt/local/lib/gcc/arm-elf/4.3.2/../../../../arm-elf/lib/libc.a(lib_a-mlock.o)
                              /opt/local/lib/gcc/arm-elf/4.3.2/../../../../arm-elf/lib/libc.a(lib_a-mallocr.o) (__malloc_lock)
/opt/local/lib/gcc/arm-elf/4.3.2/../../../../arm-elf/lib/libc.a(lib_a-strchr.o)
                              ../lib/fat16.o (strchr)
/opt/local/lib/gcc/arm-elf/4.3.2/../../../../arm-elf/lib/libc.a(lib_a-strcmp.o)
                              ../lib/fat16.o (strcmp)
/opt/local/lib/gcc/arm-elf/4.3.2/../../../../arm-elf/lib/libc.a(lib_a-strlen.o)
                              ../lib/fat16.o (strlen)
/opt/local/lib/gcc/arm-elf/4.3.2/../../../../arm-elf/lib/libc.a(lib_a-strncmp.o)
                              ../lib/fat16.o (strncmp)
/opt/local/lib/gcc/arm-elf/4.3.2/../../../../arm-elf/lib/libc.a(lib_a-strncpy.o)
                              ../lib/fat16.o (strncpy)
/opt/local/lib/gcc/arm-elf/4.3.2/../../../../arm-elf/lib/libc.a(lib_a-strrchr.o)
                              ../lib/fat16.o (strrchr)
/opt/local/lib/gcc/arm-elf/4.3.2/../../../../arm-elf/lib/libc.a(lib_a-freer.o)
                              /opt/local/lib/gcc/arm-elf/4.3.2/../../../../arm-elf/lib/libc.a(lib_a-malloc.o) (_free_r)
/opt/local/lib/gcc/arm-elf/4.3.2/../../../../arm-elf/lib/libc.a(lib_a-impure.o)
                              /opt/local/lib/gcc/arm-elf/4.3.2/../../../../arm-elf/lib/libc.a(lib_a-malloc.o) (_impure_ptr)
/opt/local/lib/gcc/arm-elf/4.3.2/libgcc.a(_udivsi3.o)
                              ../lib/rprintf.o (__udivsi3)
/opt/local/lib/gcc/arm-elf/4.3.2/libgcc.a(_divsi3.o)
                              main.o (__divsi3)
/opt/local/lib/gcc/arm-elf/4.3.2/libgcc.a(_umodsi3.o)
                              ../lib/rprintf.o (__umodsi3)
/opt/local/lib/gcc/arm-elf/4.3.2/libgcc.a(_modsi3.o)
                              main.o (__modsi3)
/opt/local/lib/gcc/arm-elf/4.3.2/libgcc.a(_dvmd_tls.o)
                              /opt/local/lib/gcc/arm-elf/4.3.2/libgcc.a(_udivsi3.o) (__div0)

Allocating common symbols
Common symbol       size              file

fs                  0x4               ../lib/rootdir.o
dir_entry           0x2c              ../lib/rootdir.o
fd                  0x4               ../lib/rootdir.o
partition           0x4               ../lib/rootdir.o
dd                  0x4               ../lib/rootdir.o

Memory Configuration

Name             Origin             Length             Attributes
ROM              0x00010000         0x0005f000         xr
RAM              0x40000000         0x00008000         rw
*default*        0x00000000         0xffffffff

Linker script and memory map

LOAD Startup.o
LOAD main.o
LOAD ../lib/syscalls.o
LOAD ../lib/rprintf.o
LOAD ../lib/serial.o
LOAD ../lib/spi0.o
LOAD ../lib/rootdir.o
LOAD ../lib/sd_raw.o
LOAD ../lib/fat16.o
LOAD ../lib/partition.o
LOAD ../lib/MMA7260.o
LOAD ../lib/LCD_driver.o
LOAD ../lib/vs1002.o
LOAD ../lib/NS73.o
LOAD ../Bootloader/LPCUSB/main_msc.o
LOAD ../Bootloader/LPCUSB/msc_bot.o
LOAD ../Bootloader/LPCUSB/msc_scsi.o
LOAD ../Bootloader/LPCUSB/blockdev_sd.o
LOAD ../Bootloader/LPCUSB/lpc2000_spi.o
LOAD ../Bootloader/LPCUSB/usbinit.o
LOAD ../Bootloader/LPCUSB/usbhw_lpc.o
LOAD ../Bootloader/LPCUSB/usbcontrol.o
LOAD ../Bootloader/LPCUSB/usbstdreq.o
LOAD /opt/local/lib/gcc/arm-elf/4.3.2/../../../../arm-elf/lib/libc.a
LOAD /opt/local/lib/gcc/arm-elf/4.3.2/../../../../arm-elf/lib/libm.a
LOAD /opt/local/lib/gcc/arm-elf/4.3.2/../../../../arm-elf/lib/libc.a
LOAD /opt/local/lib/gcc/arm-elf/4.3.2/libgcc.a
START GROUP
LOAD /opt/local/lib/gcc/arm-elf/4.3.2/libgcc.a
LOAD /opt/local/lib/gcc/arm-elf/4.3.2/../../../../arm-elf/lib/libg.a
LOAD /opt/local/lib/gcc/arm-elf/4.3.2/../../../../arm-elf/lib/libc.a
END GROUP

.text           0x00010000     0x9840
 *(.vectorg)
 .vectorg       0x00010000       0x98 Startup.o
                0x00010050                __IRQ_Wrapper
                0x00010098                . = ALIGN (0x4)
 *(.init)
 .init          0x00010098       0xfc Startup.o
                0x00010164                __exit_THUMB
                0x00010098                __startup
                0x00010160                __exit_ARM
 *(.text .text.*)
 .text          0x00010194        0x0 Startup.o
 .text          0x00010194     0x1af4 main.o
                0x00010630                wishesSettings
                0x00010470                isUSBConnected
                0x00011668                bootUp
                0x00010570                enableUIInterrupt
                0x000111a4                stopMP3Player
                0x0001054c                enableMP3Interrupt
                0x00010560                disableMP3Interrupt
                0x00011310                handleMiddleButton
                0x000103a4                reset
                0x00010458                deselectRadio
                0x000105b4                exclusiveUIInterrupt
                0x00010d10                raiseVolume
                0x00010484                initializeUITimer
                0x000110f4                initializeRadio
                0x00010c5c                lowerVolume
                0x00010934                highlightRow
                0x0001072c                displayRadioMenu
                0x00010ec4                initializeMP3Player
                0x000103f0                selectSD
                0x00010a8c                handleUpButton
                0x00011038                enableRadio
                0x000101f8                getNewFiles
                0x00010b40                handleAccelerometer
                0x00010a10                handleDownButton
                0x000105f4                wishesFileManager
                0x00010f80                disableRadio
                0x00011830                main
                0x00010194                delay_ms
                0x00010424                selectRadio
                0x00010584                disableUIInterrupt
                0x000105c4                initializeLEDs
                0x00010dbc                sendMP3Data
                0x000102dc                fillSettings
                0x000103d4                initializeSPI
                0x00010868                printMenu
                0x00010c38                splashScreen
                0x0001116c                closeSong
                0x000101bc                getButton
                0x00010408                selectLCD
                0x0001053c                stopAllInterrupts
                0x000104ec                initializeInterrupts
                0x00011238                loadSongInfo
                0x00010f24                setRadioFrequency
                0x00010b00                clearScreen
                0x0001079c                quickClear
                0x00010e5c                startMP3Player
                0x00010ee8                changeRadioFrequency
                0x000104bc                initializeMP3Timer
 .text          0x00011c88       0x64 ../lib/syscalls.o
                0x00011ca0                _lseek_r
                0x00011ca8                _fstat_r
                0x00011cb8                isatty
                0x00011cc0                _sbrk_r
                0x00011c88                _read_r
                0x00011c98                _close_r
                0x00011c90                _write_r
 .text          0x00011cec      0x2c8 ../lib/rprintf.o
                0x00011cec                rprintf_devopen
                0x00011d3c                rprintf
 .text          0x00011fb4      0x114 ../lib/serial.o
                0x00012090                getkey_serial0
                0x00012068                putstring_serial0
                0x000120ac                getc0
                0x00011fb4                init_serial0
                0x00012008                putchar_serial0
                0x00012048                putc_serial0
 .text          0x000120c8       0x4c ../lib/spi0.o
                0x000120f8                SPI0_recv
                0x000120c8                SPI0_send_recv
                0x0001210c                SPI0_send
 .text          0x00012114      0x484 ../lib/rootdir.o
                0x0001242c                root_disk_info
                0x00012114                root_file_exists
                0x000121ec                rootDirectory_files
                0x00012148                root_delete
                0x00012198                root_format
                0x00012468                root_open_new
                0x0001229c                rootDirectory_files_stream
                0x00012320                print_disk_info
                0x0001243c                root_open
                0x000124b0                openroot
 .text          0x00012598      0xc74 ../lib/sd_raw.o
                0x00012598                sd_raw_available
                0x0001299c                sd_raw_read
                0x0001302c                format_card
                0x00012e08                sd_raw_init
                0x00012d58                sd_raw_read_interval
                0x000126e0                SDoff
                0x00012708                sd_raw_get_info
                0x00012d10                sd_raw_sync
                0x000125cc                sd_raw_locked
                0x00012afc                sd_raw_write
 .text          0x0001320c     0x1860 ../lib/fat16.o
                0x00013fb0                fat16_resize_file
                0x00013cc8                find_file_in_dir
                0x0001442c                fat16_close
                0x000138b8                fat16_reset_dir
                0x000138d4                fat16_delete_file
                0x000139a4                fat16_get_fs_free
                0x00013ab0                fat16_read_dir
                0x00014154                fat16_seek_file
                0x00013980                fat16_get_fs_size
                0x00014418                fat16_close_file
                0x000144c0                fat16_open_file
                0x0001371c                fat16_read_file
                0x000146a8                fat16_open
                0x0001489c                fat16_create_file
                0x00014540                open_file_in_dir
                0x00014584                fat16_get_dir_entry_of_path
                0x000141ec                fat16_write_file
                0x00014440                fat16_open_dir
                0x00014404                fat16_close_dir
                0x00013aa8                fat16_file_size
 .text          0x00014a6c      0x130 ../lib/partition.o
                0x00014a6c                partition_close
                0x00014a8c                partition_open
 .text          0x00014b9c       0xcc ../lib/MMA7260.o
                0x00014bf8                MMA_get_x
                0x00014bf0                MMA_get_y
                0x00014c00                MMA_change_mode
                0x00014be8                MMA_get_z
 .text          0x00014c68      0xa24 ../lib/LCD_driver.o
                0x00015488                LCDContrast
                0x00014e84                LCDPrintLogo
                0x000154a4                LCDInit
                0x00015084                LCDPrintString
                0x00014d8c                LCDClear
                0x000153cc                LCDSetRowColor
 .text          0x0001568c      0x270 ../lib/vs1002.o
                0x000158a4                vs1002SetVolume
                0x000157b4                vs1002SCIWrite
                0x0001568c                vs1002Config
                0x0001574c                vs1002SineTest
                0x000156b4                vs1002Finish
                0x00015700                vs1002SendMusic
                0x00015848                vs1002SCIRead
                0x0001580c                vs1002Mute
                0x000156d0                vs1002Reset
                0x0001581c                vs1002Init
 .text          0x000158fc      0x31c ../lib/NS73.o
                0x00015b50                ns73Init
                0x00015b04                ns73SetChannel
                0x00015bcc                ns73Config
                0x000159f8                ns73Send
                0x000158fc                ns73SerialReset
 .text          0x00015c18      0x110 ../Bootloader/LPCUSB/main_msc.o
                0x00015c18                main_msc
 .text          0x00015d28      0x418 ../Bootloader/LPCUSB/msc_bot.o
                0x00015e74                MSCBotBulkIn
                0x00016120                MSCBotReset
                0x00015ed8                MSCBotBulkOut
 .text          0x00016140      0x358 ../Bootloader/LPCUSB/msc_scsi.o
                0x00016288                SCSIHandleData
                0x00016154                SCSIHandleCmd
                0x00016140                SCSIReset
 .text          0x00016498      0x510 ../Bootloader/LPCUSB/blockdev_sd.o
                0x00016734                BlockDevRead
                0x000167c8                BlockDevInit
                0x00016588                BlockDevGetSize
                0x00016524                BlockDevWrite
 .text          0x000169a8      0x1e8 ../Bootloader/LPCUSB/lpc2000_spi.o
                0x000169a8                SPISetSpeed
                0x00016ad0                SPIInit
                0x00016a6c                SPIRecvN
                0x000169c4                SPISend
                0x00016a10                SPISendN
 .text          0x00016b90       0x74 ../Bootloader/LPCUSB/usbinit.o
                0x00016b94                USBInit
 .text          0x00016c04      0x558 ../Bootloader/LPCUSB/usbhw_lpc.o
                0x00016ebc                USBHwEPRead
                0x00016f70                USBHwISR
                0x00016e34                USBHwEPWrite
                0x00016cd4                USBHwEPConfig
                0x00016dc4                USBHwSetAddress
                0x00016dd4                USBHwConnect
                0x00016e14                USBHwEPStall
                0x00016d7c                USBHwRegisterDevIntHandler
                0x00016d30                USBHwRegisterEPIntHandler
                0x00016f60                USBHwConfigDevice
                0x00016de4                USBHwNakIntEnable
                0x00017098                USBHwInit
                0x00016da0                USBHwRegisterFrameHandler
                0x00016df0                USBHwEPGetStatus
 .text          0x0001715c      0x210 ../Bootloader/LPCUSB/usbcontrol.o
                0x00017220                USBHandleControlTransfer
                0x0001719c                USBRegisterRequestHandler
 .text          0x0001736c      0x31c ../Bootloader/LPCUSB/usbstdreq.o
                0x0001737c                USBGetDescriptor
                0x00017400                USBRegisterCustomReqHandler
                0x0001736c                USBRegisterDescriptors
                0x00017410                USBHandleStandardRequest
 .text          0x00017688       0x28 /opt/local/lib/gcc/arm-elf/4.3.2/../../../../arm-elf/lib/libc.a(lib_a-malloc.o)
                0x0001769c                malloc
                0x00017688                free
 .text          0x000176b0      0x734 /opt/local/lib/gcc/arm-elf/4.3.2/../../../../arm-elf/lib/libc.a(lib_a-mallocr.o)
                0x000176b0                _malloc_r
 .text          0x00017de4       0xfc /opt/local/lib/gcc/arm-elf/4.3.2/../../../../arm-elf/lib/libc.a(lib_a-memcpy.o)
                0x00017de4                memcpy
 .text          0x00017ee0       0xd0 /opt/local/lib/gcc/arm-elf/4.3.2/../../../../arm-elf/lib/libc.a(lib_a-memset.o)
                0x00017ee0                memset
 .text          0x00017fb0        0x8 /opt/local/lib/gcc/arm-elf/4.3.2/../../../../arm-elf/lib/libc.a(lib_a-mlock.o)
                0x00017fb4                __malloc_unlock
                0x00017fb0                __malloc_lock
 .text          0x00017fb8      0x134 /opt/local/lib/gcc/arm-elf/4.3.2/../../../../arm-elf/lib/libc.a(lib_a-strchr.o)
                0x00017fb8                strchr
 .text          0x000180ec       0xe8 /opt/local/lib/gcc/arm-elf/4.3.2/../../../../arm-elf/lib/libc.a(lib_a-strcmp.o)
                0x000180ec                strcmp
 .text          0x000181d4       0x9c /opt/local/lib/gcc/arm-elf/4.3.2/../../../../arm-elf/lib/libc.a(lib_a-strlen.o)
                0x000181d4                strlen
 .text          0x00018270      0x144 /opt/local/lib/gcc/arm-elf/4.3.2/../../../../arm-elf/lib/libc.a(lib_a-strncmp.o)
                0x00018270                strncmp
 .text          0x000183b4      0x10c /opt/local/lib/gcc/arm-elf/4.3.2/../../../../arm-elf/lib/libc.a(lib_a-strncpy.o)
                0x000183b4                strncpy
 .text          0x000184c0       0x44 /opt/local/lib/gcc/arm-elf/4.3.2/../../../../arm-elf/lib/libc.a(lib_a-strrchr.o)
                0x000184c0                strrchr
 .text          0x00018504      0x370 /opt/local/lib/gcc/arm-elf/4.3.2/../../../../arm-elf/lib/libc.a(lib_a-freer.o)
                0x000185fc                _free_r
                0x00018504                _malloc_trim_r
 .text          0x00018874        0x0 /opt/local/lib/gcc/arm-elf/4.3.2/../../../../arm-elf/lib/libc.a(lib_a-impure.o)
 .text          0x00018874      0x110 /opt/local/lib/gcc/arm-elf/4.3.2/libgcc.a(_udivsi3.o)
                0x00018874                __udivsi3
                0x00018874                __aeabi_uidiv
                0x0001896c                __aeabi_uidivmod
 .text          0x00018984      0x140 /opt/local/lib/gcc/arm-elf/4.3.2/libgcc.a(_divsi3.o)
                0x00018984                __aeabi_idiv
                0x00018984                __divsi3
                0x00018aac                __aeabi_idivmod
 .text          0x00018ac4       0xcc /opt/local/lib/gcc/arm-elf/4.3.2/libgcc.a(_umodsi3.o)
                0x00018ac4                __umodsi3
 .text          0x00018b90       0xe4 /opt/local/lib/gcc/arm-elf/4.3.2/libgcc.a(_modsi3.o)
                0x00018b90                __modsi3
 .text          0x00018c74        0x4 /opt/local/lib/gcc/arm-elf/4.3.2/libgcc.a(_dvmd_tls.o)
                0x00018c74                __aeabi_ldiv0
                0x00018c74                __div0
                0x00018c74                __aeabi_idiv0
 *(.gnu.linkonce.t.*)
 *(.glue_7)
 .glue_7        0x00018c78        0x0 Startup.o
 .glue_7        0x00018c78        0x0 main.o
 .glue_7        0x00018c78        0x0 ../lib/syscalls.o
 .glue_7        0x00018c78        0x0 ../lib/rprintf.o
 .glue_7        0x00018c78        0x0 ../lib/serial.o
 .glue_7        0x00018c78        0x0 ../lib/spi0.o
 .glue_7        0x00018c78        0x0 ../lib/rootdir.o
 .glue_7        0x00018c78        0x0 ../lib/sd_raw.o
 .glue_7        0x00018c78        0x0 ../lib/fat16.o
 .glue_7        0x00018c78        0x0 ../lib/partition.o
 .glue_7        0x00018c78        0x0 ../lib/MMA7260.o
 .glue_7        0x00018c78        0x0 ../lib/LCD_driver.o
 .glue_7        0x00018c78        0x0 ../lib/vs1002.o
 .glue_7        0x00018c78        0x0 ../lib/NS73.o
 .glue_7        0x00018c78        0x0 ../Bootloader/LPCUSB/main_msc.o
 .glue_7        0x00018c78        0x0 ../Bootloader/LPCUSB/msc_bot.o
 .glue_7        0x00018c78        0x0 ../Bootloader/LPCUSB/msc_scsi.o
 .glue_7        0x00018c78        0x0 ../Bootloader/LPCUSB/blockdev_sd.o
 .glue_7        0x00018c78        0x0 ../Bootloader/LPCUSB/lpc2000_spi.o
 .glue_7        0x00018c78        0x0 ../Bootloader/LPCUSB/usbinit.o
 .glue_7        0x00018c78        0x0 ../Bootloader/LPCUSB/usbhw_lpc.o
 .glue_7        0x00018c78        0x0 ../Bootloader/LPCUSB/usbcontrol.o
 .glue_7        0x00018c78        0x0 ../Bootloader/LPCUSB/usbstdreq.o
 .glue_7        0x00018c78        0x0 /opt/local/lib/gcc/arm-elf/4.3.2/../../../../arm-elf/lib/libc.a(lib_a-malloc.o)
 .glue_7        0x00018c78        0x0 /opt/local/lib/gcc/arm-elf/4.3.2/../../../../arm-elf/lib/libc.a(lib_a-mallocr.o)
 .glue_7        0x00018c78        0x0 /opt/local/lib/gcc/arm-elf/4.3.2/../../../../arm-elf/lib/libc.a(lib_a-memcpy.o)
 .glue_7        0x00018c78        0x0 /opt/local/lib/gcc/arm-elf/4.3.2/../../../../arm-elf/lib/libc.a(lib_a-memset.o)
 .glue_7        0x00018c78        0x0 /opt/local/lib/gcc/arm-elf/4.3.2/../../../../arm-elf/lib/libc.a(lib_a-mlock.o)
 .glue_7        0x00018c78        0x0 /opt/local/lib/gcc/arm-elf/4.3.2/../../../../arm-elf/lib/libc.a(lib_a-strchr.o)
 .glue_7        0x00018c78        0x0 /opt/local/lib/gcc/arm-elf/4.3.2/../../../../arm-elf/lib/libc.a(lib_a-strcmp.o)
 .glue_7        0x00018c78        0x0 /opt/local/lib/gcc/arm-elf/4.3.2/../../../../arm-elf/lib/libc.a(lib_a-strlen.o)
 .glue_7        0x00018c78        0x0 /opt/local/lib/gcc/arm-elf/4.3.2/../../../../arm-elf/lib/libc.a(lib_a-strncmp.o)
 .glue_7        0x00018c78        0x0 /opt/local/lib/gcc/arm-elf/4.3.2/../../../../arm-elf/lib/libc.a(lib_a-strncpy.o)
 .glue_7        0x00018c78        0x0 /opt/local/lib/gcc/arm-elf/4.3.2/../../../../arm-elf/lib/libc.a(lib_a-strrchr.o)
 .glue_7        0x00018c78        0x0 /opt/local/lib/gcc/arm-elf/4.3.2/../../../../arm-elf/lib/libc.a(lib_a-freer.o)
 .glue_7        0x00018c78        0x0 /opt/local/lib/gcc/arm-elf/4.3.2/../../../../arm-elf/lib/libc.a(lib_a-impure.o)
 .glue_7        0x00018c78        0x0 /opt/local/lib/gcc/arm-elf/4.3.2/libgcc.a(_udivsi3.o)
 .glue_7        0x00018c78        0x0 /opt/local/lib/gcc/arm-elf/4.3.2/libgcc.a(_divsi3.o)
 .glue_7        0x00018c78        0x0 /opt/local/lib/gcc/arm-elf/4.3.2/libgcc.a(_umodsi3.o)
 .glue_7        0x00018c78        0x0 /opt/local/lib/gcc/arm-elf/4.3.2/libgcc.a(_modsi3.o)
 .glue_7        0x00018c78        0x0 /opt/local/lib/gcc/arm-elf/4.3.2/libgcc.a(_dvmd_tls.o)
 *(.glue_7t)
 .glue_7t       0x00018c78        0x0 Startup.o
 .glue_7t       0x00018c78        0x0 main.o
 .glue_7t       0x00018c78        0x0 ../lib/syscalls.o
 .glue_7t       0x00018c78        0x0 ../lib/rprintf.o
 .glue_7t       0x00018c78        0x0 ../lib/serial.o
 .glue_7t       0x00018c78        0x0 ../lib/spi0.o
 .glue_7t       0x00018c78        0x0 ../lib/rootdir.o
 .glue_7t       0x00018c78        0x0 ../lib/sd_raw.o
 .glue_7t       0x00018c78        0x0 ../lib/fat16.o
 .glue_7t       0x00018c78        0x0 ../lib/partition.o
 .glue_7t       0x00018c78        0x0 ../lib/MMA7260.o
 .glue_7t       0x00018c78        0x0 ../lib/LCD_driver.o
 .glue_7t       0x00018c78        0x0 ../lib/vs1002.o
 .glue_7t       0x00018c78        0x0 ../lib/NS73.o
 .glue_7t       0x00018c78        0x0 ../Bootloader/LPCUSB/main_msc.o
 .glue_7t       0x00018c78        0x0 ../Bootloader/LPCUSB/msc_bot.o
 .glue_7t       0x00018c78        0x0 ../Bootloader/LPCUSB/msc_scsi.o
 .glue_7t       0x00018c78        0x0 ../Bootloader/LPCUSB/blockdev_sd.o
 .glue_7t       0x00018c78        0x0 ../Bootloader/LPCUSB/lpc2000_spi.o
 .glue_7t       0x00018c78        0x0 ../Bootloader/LPCUSB/usbinit.o
 .glue_7t       0x00018c78        0x0 ../Bootloader/LPCUSB/usbhw_lpc.o
 .glue_7t       0x00018c78        0x0 ../Bootloader/LPCUSB/usbcontrol.o
 .glue_7t       0x00018c78        0x0 ../Bootloader/LPCUSB/usbstdreq.o
 .glue_7t       0x00018c78        0x0 /opt/local/lib/gcc/arm-elf/4.3.2/../../../../arm-elf/lib/libc.a(lib_a-malloc.o)
 .glue_7t       0x00018c78        0x0 /opt/local/lib/gcc/arm-elf/4.3.2/../../../../arm-elf/lib/libc.a(lib_a-mallocr.o)
 .glue_7t       0x00018c78        0x0 /opt/local/lib/gcc/arm-elf/4.3.2/../../../../arm-elf/lib/libc.a(lib_a-memcpy.o)
 .glue_7t       0x00018c78        0x0 /opt/local/lib/gcc/arm-elf/4.3.2/../../../../arm-elf/lib/libc.a(lib_a-memset.o)
 .glue_7t       0x00018c78        0x0 /opt/local/lib/gcc/arm-elf/4.3.2/../../../../arm-elf/lib/libc.a(lib_a-mlock.o)
 .glue_7t       0x00018c78        0x0 /opt/local/lib/gcc/arm-elf/4.3.2/../../../../arm-elf/lib/libc.a(lib_a-strchr.o)
 .glue_7t       0x00018c78        0x0 /opt/local/lib/gcc/arm-elf/4.3.2/../../../../arm-elf/lib/libc.a(lib_a-strcmp.o)
 .glue_7t       0x00018c78        0x0 /opt/local/lib/gcc/arm-elf/4.3.2/../../../../arm-elf/lib/libc.a(lib_a-strlen.o)
 .glue_7t       0x00018c78        0x0 /opt/local/lib/gcc/arm-elf/4.3.2/../../../../arm-elf/lib/libc.a(lib_a-strncmp.o)
 .glue_7t       0x00018c78        0x0 /opt/local/lib/gcc/arm-elf/4.3.2/../../../../arm-elf/lib/libc.a(lib_a-strncpy.o)
 .glue_7t       0x00018c78        0x0 /opt/local/lib/gcc/arm-elf/4.3.2/../../../../arm-elf/lib/libc.a(lib_a-strrchr.o)
 .glue_7t       0x00018c78        0x0 /opt/local/lib/gcc/arm-elf/4.3.2/../../../../arm-elf/lib/libc.a(lib_a-freer.o)
 .glue_7t       0x00018c78        0x0 /opt/local/lib/gcc/arm-elf/4.3.2/../../../../arm-elf/lib/libc.a(lib_a-impure.o)
 .glue_7t       0x00018c78        0x0 /opt/local/lib/gcc/arm-elf/4.3.2/libgcc.a(_udivsi3.o)
 .glue_7t       0x00018c78        0x0 /opt/local/lib/gcc/arm-elf/4.3.2/libgcc.a(_divsi3.o)
 .glue_7t       0x00018c78        0x0 /opt/local/lib/gcc/arm-elf/4.3.2/libgcc.a(_umodsi3.o)
 .glue_7t       0x00018c78        0x0 /opt/local/lib/gcc/arm-elf/4.3.2/libgcc.a(_modsi3.o)
 .glue_7t       0x00018c78        0x0 /opt/local/lib/gcc/arm-elf/4.3.2/libgcc.a(_dvmd_tls.o)
 *(.gcc_except_table)
 *(.rodata)
 .rodata        0x00018c78       0x67 main.o
                0x00018c8e                NotFound
                0x00018cd5                settings
                0x00018cc8                radio_channel_menu
                0x00018cad                volume
                0x00018c9d                USB
                0x00018cb4                contrast
                0x00018cbd                radio_power
                0x00018cab                newline
                0x00018c78                welcome
 .rodata        0x00018cdf      0x63b ../lib/LCD_driver.o
 .rodata        0x0001931a       0x36 ../Bootloader/LPCUSB/msc_scsi.o
 .rodata        0x00019350        0x4 /opt/local/lib/gcc/arm-elf/4.3.2/../../../../arm-elf/lib/libc.a(lib_a-impure.o)
                0x00019350                _global_impure_ptr
 *(.rodata*)
 .rodata.str1.1
                0x00019354       0x37 main.o
 *fill*         0x0001938b        0x1 00
 .rodata.str1.4
                0x0001938c      0x11c ../lib/rootdir.o
 .rodata.str1.4
                0x000194a8       0x7c ../lib/sd_raw.o
 .rodata.str1.4
                0x00019524       0x28 ../lib/fat16.o
 .rodata.str1.4
                0x0001954c       0x34 ../Bootloader/LPCUSB/main_msc.o
 .rodata.str1.4
                0x00019580      0x2a8 ../Bootloader/LPCUSB/blockdev_sd.o
                                0x2ac (size before relaxing)
 .rodata.str1.4
                0x00019828       0x14 ../Bootloader/LPCUSB/lpc2000_spi.o
 .rodata.str1.4
                0x0001983c        0x4 /opt/local/lib/gcc/arm-elf/4.3.2/../../../../arm-elf/lib/libc.a(lib_a-impure.o)
 *(.gnu.linkonce.r.*)
                0x00019840                . = ALIGN (0x4)

.vfp11_veneer   0x00019840        0x0
 .vfp11_veneer  0x00019840        0x0 Startup.o
 .vfp11_veneer  0x00019840        0x0 main.o
 .vfp11_veneer  0x00019840        0x0 ../lib/syscalls.o
 .vfp11_veneer  0x00019840        0x0 ../lib/rprintf.o
 .vfp11_veneer  0x00019840        0x0 ../lib/serial.o
 .vfp11_veneer  0x00019840        0x0 ../lib/spi0.o
 .vfp11_veneer  0x00019840        0x0 ../lib/rootdir.o
 .vfp11_veneer  0x00019840        0x0 ../lib/sd_raw.o
 .vfp11_veneer  0x00019840        0x0 ../lib/fat16.o
 .vfp11_veneer  0x00019840        0x0 ../lib/partition.o
 .vfp11_veneer  0x00019840        0x0 ../lib/MMA7260.o
 .vfp11_veneer  0x00019840        0x0 ../lib/LCD_driver.o
 .vfp11_veneer  0x00019840        0x0 ../lib/vs1002.o
 .vfp11_veneer  0x00019840        0x0 ../lib/NS73.o
 .vfp11_veneer  0x00019840        0x0 ../Bootloader/LPCUSB/main_msc.o
 .vfp11_veneer  0x00019840        0x0 ../Bootloader/LPCUSB/msc_bot.o
 .vfp11_veneer  0x00019840        0x0 ../Bootloader/LPCUSB/msc_scsi.o
 .vfp11_veneer  0x00019840        0x0 ../Bootloader/LPCUSB/blockdev_sd.o
 .vfp11_veneer  0x00019840        0x0 ../Bootloader/LPCUSB/lpc2000_spi.o
 .vfp11_veneer  0x00019840        0x0 ../Bootloader/LPCUSB/usbinit.o
 .vfp11_veneer  0x00019840        0x0 ../Bootloader/LPCUSB/usbhw_lpc.o
 .vfp11_veneer  0x00019840        0x0 ../Bootloader/LPCUSB/usbcontrol.o
 .vfp11_veneer  0x00019840        0x0 ../Bootloader/LPCUSB/usbstdreq.o
 .vfp11_veneer  0x00019840        0x0 /opt/local/lib/gcc/arm-elf/4.3.2/../../../../arm-elf/lib/libc.a(lib_a-malloc.o)
 .vfp11_veneer  0x00019840        0x0 /opt/local/lib/gcc/arm-elf/4.3.2/../../../../arm-elf/lib/libc.a(lib_a-mallocr.o)
 .vfp11_veneer  0x00019840        0x0 /opt/local/lib/gcc/arm-elf/4.3.2/../../../../arm-elf/lib/libc.a(lib_a-memcpy.o)
 .vfp11_veneer  0x00019840        0x0 /opt/local/lib/gcc/arm-elf/4.3.2/../../../../arm-elf/lib/libc.a(lib_a-memset.o)
 .vfp11_veneer  0x00019840        0x0 /opt/local/lib/gcc/arm-elf/4.3.2/../../../../arm-elf/lib/libc.a(lib_a-mlock.o)
 .vfp11_veneer  0x00019840        0x0 /opt/local/lib/gcc/arm-elf/4.3.2/../../../../arm-elf/lib/libc.a(lib_a-strchr.o)
 .vfp11_veneer  0x00019840        0x0 /opt/local/lib/gcc/arm-elf/4.3.2/../../../../arm-elf/lib/libc.a(lib_a-strcmp.o)
 .vfp11_veneer  0x00019840        0x0 /opt/local/lib/gcc/arm-elf/4.3.2/../../../../arm-elf/lib/libc.a(lib_a-strlen.o)
 .vfp11_veneer  0x00019840        0x0 /opt/local/lib/gcc/arm-elf/4.3.2/../../../../arm-elf/lib/libc.a(lib_a-strncmp.o)
 .vfp11_veneer  0x00019840        0x0 /opt/local/lib/gcc/arm-elf/4.3.2/../../../../arm-elf/lib/libc.a(lib_a-strncpy.o)
 .vfp11_veneer  0x00019840        0x0 /opt/local/lib/gcc/arm-elf/4.3.2/../../../../arm-elf/lib/libc.a(lib_a-strrchr.o)
 .vfp11_veneer  0x00019840        0x0 /opt/local/lib/gcc/arm-elf/4.3.2/../../../../arm-elf/lib/libc.a(lib_a-freer.o)
 .vfp11_veneer  0x00019840        0x0 /opt/local/lib/gcc/arm-elf/4.3.2/../../../../arm-elf/lib/libc.a(lib_a-impure.o)
 .vfp11_veneer  0x00019840        0x0 /opt/local/lib/gcc/arm-elf/4.3.2/libgcc.a(_udivsi3.o)
 .vfp11_veneer  0x00019840        0x0 /opt/local/lib/gcc/arm-elf/4.3.2/libgcc.a(_divsi3.o)
 .vfp11_veneer  0x00019840        0x0 /opt/local/lib/gcc/arm-elf/4.3.2/libgcc.a(_umodsi3.o)
 .vfp11_veneer  0x00019840        0x0 /opt/local/lib/gcc/arm-elf/4.3.2/libgcc.a(_modsi3.o)
 .vfp11_veneer  0x00019840        0x0 /opt/local/lib/gcc/arm-elf/4.3.2/libgcc.a(_dvmd_tls.o)

.v4_bx          0x00019840        0x0
 .v4_bx         0x00019840        0x0 Startup.o
 .v4_bx         0x00019840        0x0 main.o
 .v4_bx         0x00019840        0x0 ../lib/syscalls.o
 .v4_bx         0x00019840        0x0 ../lib/rprintf.o
 .v4_bx         0x00019840        0x0 ../lib/serial.o
 .v4_bx         0x00019840        0x0 ../lib/spi0.o
 .v4_bx         0x00019840        0x0 ../lib/rootdir.o
 .v4_bx         0x00019840        0x0 ../lib/sd_raw.o
 .v4_bx         0x00019840        0x0 ../lib/fat16.o
 .v4_bx         0x00019840        0x0 ../lib/partition.o
 .v4_bx         0x00019840        0x0 ../lib/MMA7260.o
 .v4_bx         0x00019840        0x0 ../lib/LCD_driver.o
 .v4_bx         0x00019840        0x0 ../lib/vs1002.o
 .v4_bx         0x00019840        0x0 ../lib/NS73.o
 .v4_bx         0x00019840        0x0 ../Bootloader/LPCUSB/main_msc.o
 .v4_bx         0x00019840        0x0 ../Bootloader/LPCUSB/msc_bot.o
 .v4_bx         0x00019840        0x0 ../Bootloader/LPCUSB/msc_scsi.o
 .v4_bx         0x00019840        0x0 ../Bootloader/LPCUSB/blockdev_sd.o
 .v4_bx         0x00019840        0x0 ../Bootloader/LPCUSB/lpc2000_spi.o
 .v4_bx         0x00019840        0x0 ../Bootloader/LPCUSB/usbinit.o
 .v4_bx         0x00019840        0x0 ../Bootloader/LPCUSB/usbhw_lpc.o
 .v4_bx         0x00019840        0x0 ../Bootloader/LPCUSB/usbcontrol.o
 .v4_bx         0x00019840        0x0 ../Bootloader/LPCUSB/usbstdreq.o
 .v4_bx         0x00019840        0x0 /opt/local/lib/gcc/arm-elf/4.3.2/../../../../arm-elf/lib/libc.a(lib_a-malloc.o)
 .v4_bx         0x00019840        0x0 /opt/local/lib/gcc/arm-elf/4.3.2/../../../../arm-elf/lib/libc.a(lib_a-mallocr.o)
 .v4_bx         0x00019840        0x0 /opt/local/lib/gcc/arm-elf/4.3.2/../../../../arm-elf/lib/libc.a(lib_a-memcpy.o)
 .v4_bx         0x00019840        0x0 /opt/local/lib/gcc/arm-elf/4.3.2/../../../../arm-elf/lib/libc.a(lib_a-memset.o)
 .v4_bx         0x00019840        0x0 /opt/local/lib/gcc/arm-elf/4.3.2/../../../../arm-elf/lib/libc.a(lib_a-mlock.o)
 .v4_bx         0x00019840        0x0 /opt/local/lib/gcc/arm-elf/4.3.2/../../../../arm-elf/lib/libc.a(lib_a-strchr.o)
 .v4_bx         0x00019840        0x0 /opt/local/lib/gcc/arm-elf/4.3.2/../../../../arm-elf/lib/libc.a(lib_a-strcmp.o)
 .v4_bx         0x00019840        0x0 /opt/local/lib/gcc/arm-elf/4.3.2/../../../../arm-elf/lib/libc.a(lib_a-strlen.o)
 .v4_bx         0x00019840        0x0 /opt/local/lib/gcc/arm-elf/4.3.2/../../../../arm-elf/lib/libc.a(lib_a-strncmp.o)
 .v4_bx         0x00019840        0x0 /opt/local/lib/gcc/arm-elf/4.3.2/../../../../arm-elf/lib/libc.a(lib_a-strncpy.o)
 .v4_bx         0x00019840        0x0 /opt/local/lib/gcc/arm-elf/4.3.2/../../../../arm-elf/lib/libc.a(lib_a-strrchr.o)
 .v4_bx         0x00019840        0x0 /opt/local/lib/gcc/arm-elf/4.3.2/../../../../arm-elf/lib/libc.a(lib_a-freer.o)
 .v4_bx         0x00019840        0x0 /opt/local/lib/gcc/arm-elf/4.3.2/../../../../arm-elf/lib/libc.a(lib_a-impure.o)
 .v4_bx         0x00019840        0x0 /opt/local/lib/gcc/arm-elf/4.3.2/libgcc.a(_udivsi3.o)
 .v4_bx         0x00019840        0x0 /opt/local/lib/gcc/arm-elf/4.3.2/libgcc.a(_divsi3.o)
 .v4_bx         0x00019840        0x0 /opt/local/lib/gcc/arm-elf/4.3.2/libgcc.a(_umodsi3.o)
 .v4_bx         0x00019840        0x0 /opt/local/lib/gcc/arm-elf/4.3.2/libgcc.a(_modsi3.o)
 .v4_bx         0x00019840        0x0 /opt/local/lib/gcc/arm-elf/4.3.2/libgcc.a(_dvmd_tls.o)
                0x00019840                . = ALIGN (0x4)

.ctors          0x00019840        0x0
                0x00019840                PROVIDE (__ctors_start__, .)
 *(SORT(.ctors.*))
 *(.ctors)
                0x00019840                . = ALIGN (0x4)
                0x00019840                PROVIDE (__ctors_end__, .)
                0x00019840                . = ALIGN (0x4)

.dtors          0x00019840        0x0
                0x00019840                PROVIDE (__dtors_start__, .)
 *(SORT(.dtors.*))
 *(.dtors)
                0x00019840                . = ALIGN (0x4)
                0x00019840                PROVIDE (__dtors_end__, .)
                0x00019840                . = ALIGN (0x4)
                0x00019840                . = ALIGN (0x4)
                0x00019840                _etext = .
                0x00019840                PROVIDE (etext, .)

.data           0x40000000      0x894 load address 0x00019840
                0x40000000                _data = .
 *(.vectmapped)
                0x40000000                . = ALIGN (0x4)
 *(.fastrun)
                0x40000000                . = ALIGN (0x4)
                0x40000000                . = ALIGN (0x4)
 *(.data)
 .data          0x40000000        0x0 Startup.o
 .data          0x40000000        0x8 main.o
                0x40000000                volume_setting
                0x40000004                radio_channel
 .data          0x40000008        0x0 ../lib/syscalls.o
 .data          0x40000008        0x0 ../lib/rprintf.o
 .data          0x40000008        0x0 ../lib/serial.o
 .data          0x40000008        0x0 ../lib/spi0.o
 .data          0x40000008        0x0 ../lib/rootdir.o
 .data          0x40000008        0x0 ../lib/sd_raw.o
 .data          0x40000008        0x0 ../lib/fat16.o
 .data          0x40000008        0x0 ../lib/partition.o
 .data          0x40000008        0x0 ../lib/MMA7260.o
 .data          0x40000008        0x2 ../lib/LCD_driver.o
                0x40000009                black
                0x40000008                red
 .data          0x4000000a        0x0 ../lib/vs1002.o
 .data          0x4000000a        0x0 ../lib/NS73.o
 .data          0x4000000a       0x75 ../Bootloader/LPCUSB/main_msc.o
 .data          0x4000007f        0x0 ../Bootloader/LPCUSB/msc_bot.o
 .data          0x4000007f        0x0 ../Bootloader/LPCUSB/msc_scsi.o
 .data          0x4000007f        0x0 ../Bootloader/LPCUSB/blockdev_sd.o
 .data          0x4000007f        0x0 ../Bootloader/LPCUSB/lpc2000_spi.o
 .data          0x4000007f        0x0 ../Bootloader/LPCUSB/usbinit.o
 .data          0x4000007f        0x0 ../Bootloader/LPCUSB/usbhw_lpc.o
 .data          0x4000007f        0x0 ../Bootloader/LPCUSB/usbcontrol.o
 .data          0x4000007f        0x0 ../Bootloader/LPCUSB/usbstdreq.o
 .data          0x4000007f        0x0 /opt/local/lib/gcc/arm-elf/4.3.2/../../../../arm-elf/lib/libc.a(lib_a-malloc.o)
 *fill*         0x4000007f        0x1 00
 .data          0x40000080      0x410 /opt/local/lib/gcc/arm-elf/4.3.2/../../../../arm-elf/lib/libc.a(lib_a-mallocr.o)
                0x4000048c                __malloc_sbrk_base
                0x40000080                __malloc_av_
                0x40000488                __malloc_trim_threshold
 .data          0x40000490        0x0 /opt/local/lib/gcc/arm-elf/4.3.2/../../../../arm-elf/lib/libc.a(lib_a-memcpy.o)
 .data          0x40000490        0x0 /opt/local/lib/gcc/arm-elf/4.3.2/../../../../arm-elf/lib/libc.a(lib_a-memset.o)
 .data          0x40000490        0x0 /opt/local/lib/gcc/arm-elf/4.3.2/../../../../arm-elf/lib/libc.a(lib_a-mlock.o)
 .data          0x40000490        0x0 /opt/local/lib/gcc/arm-elf/4.3.2/../../../../arm-elf/lib/libc.a(lib_a-strchr.o)
 .data          0x40000490        0x0 /opt/local/lib/gcc/arm-elf/4.3.2/../../../../arm-elf/lib/libc.a(lib_a-strcmp.o)
 .data          0x40000490        0x0 /opt/local/lib/gcc/arm-elf/4.3.2/../../../../arm-elf/lib/libc.a(lib_a-strlen.o)
 .data          0x40000490        0x0 /opt/local/lib/gcc/arm-elf/4.3.2/../../../../arm-elf/lib/libc.a(lib_a-strncmp.o)
 .data          0x40000490        0x0 /opt/local/lib/gcc/arm-elf/4.3.2/../../../../arm-elf/lib/libc.a(lib_a-strncpy.o)
 .data          0x40000490        0x0 /opt/local/lib/gcc/arm-elf/4.3.2/../../../../arm-elf/lib/libc.a(lib_a-strrchr.o)
 .data          0x40000490        0x0 /opt/local/lib/gcc/arm-elf/4.3.2/../../../../arm-elf/lib/libc.a(lib_a-freer.o)
 .data          0x40000490      0x404 /opt/local/lib/gcc/arm-elf/4.3.2/../../../../arm-elf/lib/libc.a(lib_a-impure.o)
                0x40000490                _impure_ptr
 .data          0x40000894        0x0 /opt/local/lib/gcc/arm-elf/4.3.2/libgcc.a(_udivsi3.o)
 .data          0x40000894        0x0 /opt/local/lib/gcc/arm-elf/4.3.2/libgcc.a(_divsi3.o)
 .data          0x40000894        0x0 /opt/local/lib/gcc/arm-elf/4.3.2/libgcc.a(_umodsi3.o)
 .data          0x40000894        0x0 /opt/local/lib/gcc/arm-elf/4.3.2/libgcc.a(_modsi3.o)
 .data          0x40000894        0x0 /opt/local/lib/gcc/arm-elf/4.3.2/libgcc.a(_dvmd_tls.o)
 *(.data.*)
 *(.gnu.linkonce.d*)
                0x40000894                . = ALIGN (0x4)
                0x40000894                . = ALIGN (0x4)
                0x40000894                _edata = .
                0x40000894                PROVIDE (edata, .)

.bss            0x40000894      0x9e0 load address 0x0001a0d4
                0x40000894                __bss_start = .
                0x40000894                __bss_start__ = .
 *(.bss)
 .bss           0x40000894        0x0 Startup.o
 .bss           0x40000894      0x480 main.o
                0x40000894                radio_enable
 .bss           0x40000d14        0x4 ../lib/syscalls.o
 .bss           0x40000d18        0x4 ../lib/rprintf.o
 .bss           0x40000d1c        0x0 ../lib/serial.o
 .bss           0x40000d1c        0x0 ../lib/spi0.o
 .bss           0x40000d1c        0x4 ../lib/rootdir.o
 .bss           0x40000d20      0x208 ../lib/sd_raw.o
 .bss           0x40000f28        0x0 ../lib/fat16.o
 .bss           0x40000f28        0x0 ../lib/partition.o
 .bss           0x40000f28        0x0 ../lib/MMA7260.o
 .bss           0x40000f28        0x3 ../lib/LCD_driver.o
                0x40000f28                white
 .bss           0x40000f2b        0x0 ../lib/vs1002.o
 .bss           0x40000f2b        0x0 ../lib/NS73.o
 .bss           0x40000f2b        0x4 ../Bootloader/LPCUSB/main_msc.o
 *fill*         0x40000f2f        0x1 00
 .bss           0x40000f30       0x40 ../Bootloader/LPCUSB/msc_bot.o
 .bss           0x40000f70      0x204 ../Bootloader/LPCUSB/msc_scsi.o
 .bss           0x40001174        0x0 ../Bootloader/LPCUSB/blockdev_sd.o
 .bss           0x40001174        0x0 ../Bootloader/LPCUSB/lpc2000_spi.o
 .bss           0x40001174        0x8 ../Bootloader/LPCUSB/usbinit.o
 .bss           0x4000117c       0x48 ../Bootloader/LPCUSB/usbhw_lpc.o
 .bss           0x400011c4       0x34 ../Bootloader/LPCUSB/usbcontrol.o
 .bss           0x400011f8        0xc ../Bootloader/LPCUSB/usbstdreq.o
 .bss           0x40001204        0x0 /opt/local/lib/gcc/arm-elf/4.3.2/../../../../arm-elf/lib/libc.a(lib_a-malloc.o)
 .bss           0x40001204       0x34 /opt/local/lib/gcc/arm-elf/4.3.2/../../../../arm-elf/lib/libc.a(lib_a-mallocr.o)
                0x40001204                __malloc_top_pad
                0x40001208                __malloc_max_sbrked_mem
                0x40001210                __malloc_current_mallinfo
                0x4000120c                __malloc_max_total_mem
 .bss           0x40001238        0x0 /opt/local/lib/gcc/arm-elf/4.3.2/../../../../arm-elf/lib/libc.a(lib_a-memcpy.o)
 .bss           0x40001238        0x0 /opt/local/lib/gcc/arm-elf/4.3.2/../../../../arm-elf/lib/libc.a(lib_a-memset.o)
 .bss           0x40001238        0x0 /opt/local/lib/gcc/arm-elf/4.3.2/../../../../arm-elf/lib/libc.a(lib_a-mlock.o)
 .bss           0x40001238        0x0 /opt/local/lib/gcc/arm-elf/4.3.2/../../../../arm-elf/lib/libc.a(lib_a-strchr.o)
 .bss           0x40001238        0x0 /opt/local/lib/gcc/arm-elf/4.3.2/../../../../arm-elf/lib/libc.a(lib_a-strcmp.o)
 .bss           0x40001238        0x0 /opt/local/lib/gcc/arm-elf/4.3.2/../../../../arm-elf/lib/libc.a(lib_a-strlen.o)
 .bss           0x40001238        0x0 /opt/local/lib/gcc/arm-elf/4.3.2/../../../../arm-elf/lib/libc.a(lib_a-strncmp.o)
 .bss           0x40001238        0x0 /opt/local/lib/gcc/arm-elf/4.3.2/../../../../arm-elf/lib/libc.a(lib_a-strncpy.o)
 .bss           0x40001238        0x0 /opt/local/lib/gcc/arm-elf/4.3.2/../../../../arm-elf/lib/libc.a(lib_a-strrchr.o)
 .bss           0x40001238        0x0 /opt/local/lib/gcc/arm-elf/4.3.2/../../../../arm-elf/lib/libc.a(lib_a-freer.o)
 .bss           0x40001238        0x0 /opt/local/lib/gcc/arm-elf/4.3.2/../../../../arm-elf/lib/libc.a(lib_a-impure.o)
 .bss           0x40001238        0x0 /opt/local/lib/gcc/arm-elf/4.3.2/libgcc.a(_udivsi3.o)
 .bss           0x40001238        0x0 /opt/local/lib/gcc/arm-elf/4.3.2/libgcc.a(_divsi3.o)
 .bss           0x40001238        0x0 /opt/local/lib/gcc/arm-elf/4.3.2/libgcc.a(_umodsi3.o)
 .bss           0x40001238        0x0 /opt/local/lib/gcc/arm-elf/4.3.2/libgcc.a(_modsi3.o)
 .bss           0x40001238        0x0 /opt/local/lib/gcc/arm-elf/4.3.2/libgcc.a(_dvmd_tls.o)
 *(.gnu.linkonce.b*)
 *(COMMON)
 COMMON         0x40001238       0x3c ../lib/rootdir.o
                0x40001238                fs
                0x4000123c                dir_entry
                0x40001268                fd
                0x4000126c                partition
                0x40001270                dd
                0x40001274                . = ALIGN (0x4)
                0x40001274                . = ALIGN (0x4)
                0x40001274                __bss_end__ = .
                0x40001274                PROVIDE (__bss_end, .)

.stack          0x40001300      0xc00
 *(.stack)
 .stack         0x40001300      0xc00 Startup.o
                0x40001f00                PROVIDE (_stack, .)
                0x40001f00                . = ALIGN (0x4)
                0x40001f00                _end = .
                0x40001f00                PROVIDE (end, .)

.stab
 *(.stab)

.stabstr
 *(.stabstr)

.stab.excl
 *(.stab.excl)

.stab.exclstr
 *(.stab.exclstr)

.stab.index
 *(.stab.index)

.stab.indexstr
 *(.stab.indexstr)

.comment        0x00000000      0x333
 *(.comment)
 .comment       0x00000000       0x12 main.o
 .comment       0x00000012       0x1b ../lib/syscalls.o
 .comment       0x0000002d       0x1b ../lib/rprintf.o
 .comment       0x00000048       0x1b ../lib/serial.o
 .comment       0x00000063       0x1b ../lib/spi0.o
 .comment       0x0000007e       0x1b ../lib/rootdir.o
 .comment       0x00000099       0x1b ../lib/sd_raw.o
 .comment       0x000000b4       0x1b ../lib/fat16.o
 .comment       0x000000cf       0x1b ../lib/partition.o
 .comment       0x000000ea       0x1b ../lib/MMA7260.o
 .comment       0x00000105       0x1b ../lib/LCD_driver.o
 .comment       0x00000120       0x1b ../lib/vs1002.o
 .comment       0x0000013b       0x1b ../lib/NS73.o
 .comment       0x00000156       0x1b ../Bootloader/LPCUSB/main_msc.o
 .comment       0x00000171       0x1b ../Bootloader/LPCUSB/msc_bot.o
 .comment       0x0000018c       0x1b ../Bootloader/LPCUSB/msc_scsi.o
 .comment       0x000001a7       0x1b ../Bootloader/LPCUSB/blockdev_sd.o
 .comment       0x000001c2       0x1b ../Bootloader/LPCUSB/lpc2000_spi.o
 .comment       0x000001dd       0x1b ../Bootloader/LPCUSB/usbinit.o
 .comment       0x000001f8       0x1b ../Bootloader/LPCUSB/usbhw_lpc.o
 .comment       0x00000213       0x1b ../Bootloader/LPCUSB/usbcontrol.o
 .comment       0x0000022e       0x1b ../Bootloader/LPCUSB/usbstdreq.o
 .comment       0x00000249       0x12 /opt/local/lib/gcc/arm-elf/4.3.2/../../../../arm-elf/lib/libc.a(lib_a-malloc.o)
 .comment       0x0000025b       0x12 /opt/local/lib/gcc/arm-elf/4.3.2/../../../../arm-elf/lib/libc.a(lib_a-mallocr.o)
 .comment       0x0000026d       0x12 /opt/local/lib/gcc/arm-elf/4.3.2/../../../../arm-elf/lib/libc.a(lib_a-memcpy.o)
 .comment       0x0000027f       0x12 /opt/local/lib/gcc/arm-elf/4.3.2/../../../../arm-elf/lib/libc.a(lib_a-memset.o)
 .comment       0x00000291       0x12 /opt/local/lib/gcc/arm-elf/4.3.2/../../../../arm-elf/lib/libc.a(lib_a-mlock.o)
 .comment       0x000002a3       0x12 /opt/local/lib/gcc/arm-elf/4.3.2/../../../../arm-elf/lib/libc.a(lib_a-strchr.o)
 .comment       0x000002b5       0x12 /opt/local/lib/gcc/arm-elf/4.3.2/../../../../arm-elf/lib/libc.a(lib_a-strcmp.o)
 .comment       0x000002c7       0x12 /opt/local/lib/gcc/arm-elf/4.3.2/../../../../arm-elf/lib/libc.a(lib_a-strlen.o)
 .comment       0x000002d9       0x12 /opt/local/lib/gcc/arm-elf/4.3.2/../../../../arm-elf/lib/libc.a(lib_a-strncmp.o)
 .comment       0x000002eb       0x12 /opt/local/lib/gcc/arm-elf/4.3.2/../../../../arm-elf/lib/libc.a(lib_a-strncpy.o)
 .comment       0x000002fd       0x12 /opt/local/lib/gcc/arm-elf/4.3.2/../../../../arm-elf/lib/libc.a(lib_a-strrchr.o)
 .comment       0x0000030f       0x12 /opt/local/lib/gcc/arm-elf/4.3.2/../../../../arm-elf/lib/libc.a(lib_a-freer.o)
 .comment       0x00000321       0x12 /opt/local/lib/gcc/arm-elf/4.3.2/../../../../arm-elf/lib/libc.a(lib_a-impure.o)

.debug
 *(.debug)

.line
 *(.line)

.debug_srcinfo
 *(.debug_srcinfo)

.debug_sfnames
 *(.debug_sfnames)

.debug_aranges  0x00000000      0x508
 *(.debug_aranges)
 .debug_aranges
                0x00000000       0x28 Startup.o
 .debug_aranges
                0x00000028       0x20 main.o
 .debug_aranges
                0x00000048       0x20 ../lib/syscalls.o
 .debug_aranges
                0x00000068       0x20 ../lib/rprintf.o
 .debug_aranges
                0x00000088       0x20 ../lib/serial.o
 .debug_aranges
                0x000000a8       0x20 ../lib/spi0.o
 .debug_aranges
                0x000000c8       0x20 ../lib/rootdir.o
 .debug_aranges
                0x000000e8       0x20 ../lib/sd_raw.o
 .debug_aranges
                0x00000108       0x20 ../lib/fat16.o
 .debug_aranges
                0x00000128       0x20 ../lib/partition.o
 .debug_aranges
                0x00000148       0x20 ../lib/MMA7260.o
 .debug_aranges
                0x00000168       0x20 ../lib/LCD_driver.o
 .debug_aranges
                0x00000188       0x20 ../lib/vs1002.o
 .debug_aranges
                0x000001a8       0x20 ../lib/NS73.o
 .debug_aranges
                0x000001c8       0x20 ../Bootloader/LPCUSB/main_msc.o
 .debug_aranges
                0x000001e8       0x20 ../Bootloader/LPCUSB/msc_bot.o
 .debug_aranges
                0x00000208       0x20 ../Bootloader/LPCUSB/msc_scsi.o
 .debug_aranges
                0x00000228       0x20 ../Bootloader/LPCUSB/blockdev_sd.o
 .debug_aranges
                0x00000248       0x20 ../Bootloader/LPCUSB/lpc2000_spi.o
 .debug_aranges
                0x00000268       0x20 ../Bootloader/LPCUSB/usbinit.o
 .debug_aranges
                0x00000288       0x20 ../Bootloader/LPCUSB/usbhw_lpc.o
 .debug_aranges
                0x000002a8       0x20 ../Bootloader/LPCUSB/usbcontrol.o
 .debug_aranges
                0x000002c8       0x20 ../Bootloader/LPCUSB/usbstdreq.o
 .debug_aranges
                0x000002e8       0x20 /opt/local/lib/gcc/arm-elf/4.3.2/../../../../arm-elf/lib/libc.a(lib_a-malloc.o)
 .debug_aranges
                0x00000308       0x20 /opt/local/lib/gcc/arm-elf/4.3.2/../../../../arm-elf/lib/libc.a(lib_a-mallocr.o)
 .debug_aranges
                0x00000328       0x20 /opt/local/lib/gcc/arm-elf/4.3.2/../../../../arm-elf/lib/libc.a(lib_a-memcpy.o)
 .debug_aranges
                0x00000348       0x20 /opt/local/lib/gcc/arm-elf/4.3.2/../../../../arm-elf/lib/libc.a(lib_a-memset.o)
 .debug_aranges
                0x00000368       0x20 /opt/local/lib/gcc/arm-elf/4.3.2/../../../../arm-elf/lib/libc.a(lib_a-mlock.o)
 .debug_aranges
                0x00000388       0x20 /opt/local/lib/gcc/arm-elf/4.3.2/../../../../arm-elf/lib/libc.a(lib_a-strchr.o)
 .debug_aranges
                0x000003a8       0x20 /opt/local/lib/gcc/arm-elf/4.3.2/../../../../arm-elf/lib/libc.a(lib_a-strcmp.o)
 .debug_aranges
                0x000003c8       0x20 /opt/local/lib/gcc/arm-elf/4.3.2/../../../../arm-elf/lib/libc.a(lib_a-strlen.o)
 .debug_aranges
                0x000003e8       0x20 /opt/local/lib/gcc/arm-elf/4.3.2/../../../../arm-elf/lib/libc.a(lib_a-strncmp.o)
 .debug_aranges
                0x00000408       0x20 /opt/local/lib/gcc/arm-elf/4.3.2/../../../../arm-elf/lib/libc.a(lib_a-strncpy.o)
 .debug_aranges
                0x00000428       0x20 /opt/local/lib/gcc/arm-elf/4.3.2/../../../../arm-elf/lib/libc.a(lib_a-strrchr.o)
 .debug_aranges
                0x00000448       0x20 /opt/local/lib/gcc/arm-elf/4.3.2/../../../../arm-elf/lib/libc.a(lib_a-freer.o)
 .debug_aranges
                0x00000468       0x20 /opt/local/lib/gcc/arm-elf/4.3.2/libgcc.a(_udivsi3.o)
 .debug_aranges
                0x00000488       0x20 /opt/local/lib/gcc/arm-elf/4.3.2/libgcc.a(_divsi3.o)
 .debug_aranges
                0x000004a8       0x20 /opt/local/lib/gcc/arm-elf/4.3.2/libgcc.a(_umodsi3.o)
 .debug_aranges
                0x000004c8       0x20 /opt/local/lib/gcc/arm-elf/4.3.2/libgcc.a(_modsi3.o)
 .debug_aranges
                0x000004e8       0x20 /opt/local/lib/gcc/arm-elf/4.3.2/libgcc.a(_dvmd_tls.o)

.debug_pubnames
                0x00000000     0x1130
 *(.debug_pubnames)
 .debug_pubnames
                0x00000000      0x435 main.o
 .debug_pubnames
                0x00000435       0x69 ../lib/syscalls.o
 .debug_pubnames
                0x0000049e       0x32 ../lib/rprintf.o
 .debug_pubnames
                0x000004d0       0x7b ../lib/serial.o
 .debug_pubnames
                0x0000054b       0x41 ../lib/spi0.o
 .debug_pubnames
                0x0000058c      0x103 ../lib/rootdir.o
 .debug_pubnames
                0x0000068f       0xc1 ../lib/sd_raw.o
 .debug_pubnames
                0x00000750      0x1b1 ../lib/fat16.o
 .debug_pubnames
                0x00000901       0x39 ../lib/partition.o
 .debug_pubnames
                0x0000093a       0x50 ../lib/MMA7260.o
 .debug_pubnames
                0x0000098a       0x8e ../lib/LCD_driver.o
 .debug_pubnames
                0x00000a18       0xc2 ../lib/vs1002.o
 .debug_pubnames
                0x00000ada       0x62 ../lib/NS73.o
 .debug_pubnames
                0x00000b3c       0x1f ../Bootloader/LPCUSB/main_msc.o
 .debug_pubnames
                0x00000b5b       0x45 ../Bootloader/LPCUSB/msc_bot.o
 .debug_pubnames
                0x00000ba0       0x45 ../Bootloader/LPCUSB/msc_scsi.o
 .debug_pubnames
                0x00000be5       0x5a ../Bootloader/LPCUSB/blockdev_sd.o
 .debug_pubnames
                0x00000c3f       0x54 ../Bootloader/LPCUSB/lpc2000_spi.o
 .debug_pubnames
                0x00000c93       0x1e ../Bootloader/LPCUSB/usbinit.o
 .debug_pubnames
                0x00000cb1      0x132 ../Bootloader/LPCUSB/usbhw_lpc.o
 .debug_pubnames
                0x00000de3       0x4d ../Bootloader/LPCUSB/usbcontrol.o
 .debug_pubnames
                0x00000e30       0x7f ../Bootloader/LPCUSB/usbstdreq.o
 .debug_pubnames
                0x00000eaf       0x26 /opt/local/lib/gcc/arm-elf/4.3.2/../../../../arm-elf/lib/libc.a(lib_a-malloc.o)
 .debug_pubnames
                0x00000ed5       0xce /opt/local/lib/gcc/arm-elf/4.3.2/../../../../arm-elf/lib/libc.a(lib_a-mallocr.o)
 .debug_pubnames
                0x00000fa3       0x1d /opt/local/lib/gcc/arm-elf/4.3.2/../../../../arm-elf/lib/libc.a(lib_a-memcpy.o)
 .debug_pubnames
                0x00000fc0       0x1d /opt/local/lib/gcc/arm-elf/4.3.2/../../../../arm-elf/lib/libc.a(lib_a-memset.o)
 .debug_pubnames
                0x00000fdd       0x38 /opt/local/lib/gcc/arm-elf/4.3.2/../../../../arm-elf/lib/libc.a(lib_a-mlock.o)
 .debug_pubnames
                0x00001015       0x1d /opt/local/lib/gcc/arm-elf/4.3.2/../../../../arm-elf/lib/libc.a(lib_a-strchr.o)
 .debug_pubnames
                0x00001032       0x1d /opt/local/lib/gcc/arm-elf/4.3.2/../../../../arm-elf/lib/libc.a(lib_a-strcmp.o)
 .debug_pubnames
                0x0000104f       0x1d /opt/local/lib/gcc/arm-elf/4.3.2/../../../../arm-elf/lib/libc.a(lib_a-strlen.o)
 .debug_pubnames
                0x0000106c       0x1e /opt/local/lib/gcc/arm-elf/4.3.2/../../../../arm-elf/lib/libc.a(lib_a-strncmp.o)
 .debug_pubnames
                0x0000108a       0x1e /opt/local/lib/gcc/arm-elf/4.3.2/../../../../arm-elf/lib/libc.a(lib_a-strncpy.o)
 .debug_pubnames
                0x000010a8       0x1e /opt/local/lib/gcc/arm-elf/4.3.2/../../../../arm-elf/lib/libc.a(lib_a-strrchr.o)
 .debug_pubnames
                0x000010c6       0x31 /opt/local/lib/gcc/arm-elf/4.3.2/../../../../arm-elf/lib/libc.a(lib_a-freer.o)
 .debug_pubnames
                0x000010f7       0x39 /opt/local/lib/gcc/arm-elf/4.3.2/../../../../arm-elf/lib/libc.a(lib_a-impure.o)

.debug_info     0x00000000     0xaddf
 *(.debug_info .gnu.linkonce.wi.*)
 .debug_info    0x00000000       0x9a Startup.o
 .debug_info    0x0000009a     0x123b main.o
 .debug_info    0x000012d5      0xc8e ../lib/syscalls.o
 .debug_info    0x00001f63      0x201 ../lib/rprintf.o
 .debug_info    0x00002164      0x133 ../lib/serial.o
 .debug_info    0x00002297       0xe7 ../lib/spi0.o
 .debug_info    0x0000237e      0x554 ../lib/rootdir.o
 .debug_info    0x000028d2      0x693 ../lib/sd_raw.o
 .debug_info    0x00002f65     0x1443 ../lib/fat16.o
 .debug_info    0x000043a8      0x28b ../lib/partition.o
 .debug_info    0x00004633      0x103 ../lib/MMA7260.o
 .debug_info    0x00004736      0x51a ../lib/LCD_driver.o
 .debug_info    0x00004c50      0x1cd ../lib/vs1002.o
 .debug_info    0x00004e1d      0x136 ../lib/NS73.o
 .debug_info    0x00004f53      0x1b1 ../Bootloader/LPCUSB/main_msc.o
 .debug_info    0x00005104      0x3be ../Bootloader/LPCUSB/msc_bot.o
 .debug_info    0x000054c2      0x2e8 ../Bootloader/LPCUSB/msc_scsi.o
 .debug_info    0x000057aa      0x368 ../Bootloader/LPCUSB/blockdev_sd.o
 .debug_info    0x00005b12      0x1d9 ../Bootloader/LPCUSB/lpc2000_spi.o
 .debug_info    0x00005ceb       0xbc ../Bootloader/LPCUSB/usbinit.o
 .debug_info    0x00005da7      0x601 ../Bootloader/LPCUSB/usbhw_lpc.o
 .debug_info    0x000063a8      0x2e2 ../Bootloader/LPCUSB/usbcontrol.o
 .debug_info    0x0000668a      0x463 ../Bootloader/LPCUSB/usbstdreq.o
 .debug_info    0x00006aed      0x966 /opt/local/lib/gcc/arm-elf/4.3.2/../../../../arm-elf/lib/libc.a(lib_a-malloc.o)
 .debug_info    0x00007453      0xcc6 /opt/local/lib/gcc/arm-elf/4.3.2/../../../../arm-elf/lib/libc.a(lib_a-mallocr.o)
 .debug_info    0x00008119      0x10a /opt/local/lib/gcc/arm-elf/4.3.2/../../../../arm-elf/lib/libc.a(lib_a-memcpy.o)
 .debug_info    0x00008223      0x10f /opt/local/lib/gcc/arm-elf/4.3.2/../../../../arm-elf/lib/libc.a(lib_a-memset.o)
 .debug_info    0x00008332      0x94f /opt/local/lib/gcc/arm-elf/4.3.2/../../../../arm-elf/lib/libc.a(lib_a-mlock.o)
 .debug_info    0x00008c81      0x110 /opt/local/lib/gcc/arm-elf/4.3.2/../../../../arm-elf/lib/libc.a(lib_a-strchr.o)
 .debug_info    0x00008d91       0xd7 /opt/local/lib/gcc/arm-elf/4.3.2/../../../../arm-elf/lib/libc.a(lib_a-strcmp.o)
 .debug_info    0x00008e68       0xd3 /opt/local/lib/gcc/arm-elf/4.3.2/../../../../arm-elf/lib/libc.a(lib_a-strlen.o)
 .debug_info    0x00008f3b       0xef /opt/local/lib/gcc/arm-elf/4.3.2/../../../../arm-elf/lib/libc.a(lib_a-strncmp.o)
 .debug_info    0x0000902a      0x126 /opt/local/lib/gcc/arm-elf/4.3.2/../../../../arm-elf/lib/libc.a(lib_a-strncpy.o)
 .debug_info    0x00009150       0xc4 /opt/local/lib/gcc/arm-elf/4.3.2/../../../../arm-elf/lib/libc.a(lib_a-strrchr.o)
 .debug_info    0x00009214      0xbbb /opt/local/lib/gcc/arm-elf/4.3.2/../../../../arm-elf/lib/libc.a(lib_a-freer.o)
 .debug_info    0x00009dcf      0x935 /opt/local/lib/gcc/arm-elf/4.3.2/../../../../arm-elf/lib/libc.a(lib_a-impure.o)
 .debug_info    0x0000a704      0x15f /opt/local/lib/gcc/arm-elf/4.3.2/libgcc.a(_udivsi3.o)
 .debug_info    0x0000a863      0x15f /opt/local/lib/gcc/arm-elf/4.3.2/libgcc.a(_divsi3.o)
 .debug_info    0x0000a9c2      0x15f /opt/local/lib/gcc/arm-elf/4.3.2/libgcc.a(_umodsi3.o)
 .debug_info    0x0000ab21      0x15f /opt/local/lib/gcc/arm-elf/4.3.2/libgcc.a(_modsi3.o)
 .debug_info    0x0000ac80      0x15f /opt/local/lib/gcc/arm-elf/4.3.2/libgcc.a(_dvmd_tls.o)

.debug_abbrev   0x00000000     0x2df9
 *(.debug_abbrev)
 .debug_abbrev  0x00000000       0x10 Startup.o
 .debug_abbrev  0x00000010      0x38e main.o
 .debug_abbrev  0x0000039e      0x1c5 ../lib/syscalls.o
 .debug_abbrev  0x00000563      0x144 ../lib/rprintf.o
 .debug_abbrev  0x000006a7       0xbb ../lib/serial.o
 .debug_abbrev  0x00000762       0x8b ../lib/spi0.o
 .debug_abbrev  0x000007ed      0x16d ../lib/rootdir.o
 .debug_abbrev  0x0000095a      0x270 ../lib/sd_raw.o
 .debug_abbrev  0x00000bca      0x2fa ../lib/fat16.o
 .debug_abbrev  0x00000ec4       0xd4 ../lib/partition.o
 .debug_abbrev  0x00000f98       0xa9 ../lib/MMA7260.o
 .debug_abbrev  0x00001041      0x1ce ../lib/LCD_driver.o
 .debug_abbrev  0x0000120f       0xc3 ../lib/vs1002.o
 .debug_abbrev  0x000012d2       0xc1 ../lib/NS73.o
 .debug_abbrev  0x00001393       0xc7 ../Bootloader/LPCUSB/main_msc.o
 .debug_abbrev  0x0000145a      0x1e3 ../Bootloader/LPCUSB/msc_bot.o
 .debug_abbrev  0x0000163d      0x10f ../Bootloader/LPCUSB/msc_scsi.o
 .debug_abbrev  0x0000174c      0x1bd ../Bootloader/LPCUSB/blockdev_sd.o
 .debug_abbrev  0x00001909      0x12f ../Bootloader/LPCUSB/lpc2000_spi.o
 .debug_abbrev  0x00001a38       0xa0 ../Bootloader/LPCUSB/usbinit.o
 .debug_abbrev  0x00001ad8      0x25b ../Bootloader/LPCUSB/usbhw_lpc.o
 .debug_abbrev  0x00001d33      0x14c ../Bootloader/LPCUSB/usbcontrol.o
 .debug_abbrev  0x00001e7f      0x20a ../Bootloader/LPCUSB/usbstdreq.o
 .debug_abbrev  0x00002089      0x18e /opt/local/lib/gcc/arm-elf/4.3.2/../../../../arm-elf/lib/libc.a(lib_a-malloc.o)
 .debug_abbrev  0x00002217      0x22c /opt/local/lib/gcc/arm-elf/4.3.2/../../../../arm-elf/lib/libc.a(lib_a-mallocr.o)
 .debug_abbrev  0x00002443       0x97 /opt/local/lib/gcc/arm-elf/4.3.2/../../../../arm-elf/lib/libc.a(lib_a-memcpy.o)
 .debug_abbrev  0x000024da       0xb0 /opt/local/lib/gcc/arm-elf/4.3.2/../../../../arm-elf/lib/libc.a(lib_a-memset.o)
 .debug_abbrev  0x0000258a      0x171 /opt/local/lib/gcc/arm-elf/4.3.2/../../../../arm-elf/lib/libc.a(lib_a-mlock.o)
 .debug_abbrev  0x000026fb       0x96 /opt/local/lib/gcc/arm-elf/4.3.2/../../../../arm-elf/lib/libc.a(lib_a-strchr.o)
 .debug_abbrev  0x00002791       0x78 /opt/local/lib/gcc/arm-elf/4.3.2/../../../../arm-elf/lib/libc.a(lib_a-strcmp.o)
 .debug_abbrev  0x00002809       0x92 /opt/local/lib/gcc/arm-elf/4.3.2/../../../../arm-elf/lib/libc.a(lib_a-strlen.o)
 .debug_abbrev  0x0000289b       0x94 /opt/local/lib/gcc/arm-elf/4.3.2/../../../../arm-elf/lib/libc.a(lib_a-strncmp.o)
 .debug_abbrev  0x0000292f       0x94 /opt/local/lib/gcc/arm-elf/4.3.2/../../../../arm-elf/lib/libc.a(lib_a-strncpy.o)
 .debug_abbrev  0x000029c3       0x76 /opt/local/lib/gcc/arm-elf/4.3.2/../../../../arm-elf/lib/libc.a(lib_a-strrchr.o)
 .debug_abbrev  0x00002a39      0x1fe /opt/local/lib/gcc/arm-elf/4.3.2/../../../../arm-elf/lib/libc.a(lib_a-freer.o)
 .debug_abbrev  0x00002c37      0x15e /opt/local/lib/gcc/arm-elf/4.3.2/../../../../arm-elf/lib/libc.a(lib_a-impure.o)
 .debug_abbrev  0x00002d95       0x14 /opt/local/lib/gcc/arm-elf/4.3.2/libgcc.a(_udivsi3.o)
 .debug_abbrev  0x00002da9       0x14 /opt/local/lib/gcc/arm-elf/4.3.2/libgcc.a(_divsi3.o)
 .debug_abbrev  0x00002dbd       0x14 /opt/local/lib/gcc/arm-elf/4.3.2/libgcc.a(_umodsi3.o)
 .debug_abbrev  0x00002dd1       0x14 /opt/local/lib/gcc/arm-elf/4.3.2/libgcc.a(_modsi3.o)
 .debug_abbrev  0x00002de5       0x14 /opt/local/lib/gcc/arm-elf/4.3.2/libgcc.a(_dvmd_tls.o)

.debug_line     0x00000000     0x3919
 *(.debug_line)
 .debug_line    0x00000000       0xa3 Startup.o
 .debug_line    0x000000a3      0x572 main.o
 .debug_line    0x00000615      0x164 ../lib/syscalls.o
 .debug_line    0x00000779       0xc8 ../lib/rprintf.o
 .debug_line    0x00000841       0x63 ../lib/serial.o
 .debug_line    0x000008a4       0x4c ../lib/spi0.o
 .debug_line    0x000008f0      0x157 ../lib/rootdir.o
 .debug_line    0x00000a47      0x22b ../lib/sd_raw.o
 .debug_line    0x00000c72      0x4ba ../lib/fat16.o
 .debug_line    0x0000112c       0xcb ../lib/partition.o
 .debug_line    0x000011f7       0x6c ../lib/MMA7260.o
 .debug_line    0x00001263      0x1d8 ../lib/LCD_driver.o
 .debug_line    0x0000143b       0xad ../lib/vs1002.o
 .debug_line    0x000014e8       0xc2 ../lib/NS73.o
 .debug_line    0x000015aa       0x8d ../Bootloader/LPCUSB/main_msc.o
 .debug_line    0x00001637      0x10e ../Bootloader/LPCUSB/msc_bot.o
 .debug_line    0x00001745       0xd1 ../Bootloader/LPCUSB/msc_scsi.o
 .debug_line    0x00001816      0x113 ../Bootloader/LPCUSB/blockdev_sd.o
 .debug_line    0x00001929       0x9b ../Bootloader/LPCUSB/lpc2000_spi.o
 .debug_line    0x000019c4       0x66 ../Bootloader/LPCUSB/usbinit.o
 .debug_line    0x00001a2a      0x181 ../Bootloader/LPCUSB/usbhw_lpc.o
 .debug_line    0x00001bab       0xc8 ../Bootloader/LPCUSB/usbcontrol.o
 .debug_line    0x00001c73      0x102 ../Bootloader/LPCUSB/usbstdreq.o
 .debug_line    0x00001d75      0x228 /opt/local/lib/gcc/arm-elf/4.3.2/../../../../arm-elf/lib/libc.a(lib_a-malloc.o)
 .debug_line    0x00001f9d      0x357 /opt/local/lib/gcc/arm-elf/4.3.2/../../../../arm-elf/lib/libc.a(lib_a-mallocr.o)
 .debug_line    0x000022f4      0x19f /opt/local/lib/gcc/arm-elf/4.3.2/../../../../arm-elf/lib/libc.a(lib_a-memcpy.o)
 .debug_line    0x00002493      0x1a6 /opt/local/lib/gcc/arm-elf/4.3.2/../../../../arm-elf/lib/libc.a(lib_a-memset.o)
 .debug_line    0x00002639      0x21c /opt/local/lib/gcc/arm-elf/4.3.2/../../../../arm-elf/lib/libc.a(lib_a-mlock.o)
 .debug_line    0x00002855       0xe1 /opt/local/lib/gcc/arm-elf/4.3.2/../../../../arm-elf/lib/libc.a(lib_a-strchr.o)
 .debug_line    0x00002936       0xe9 /opt/local/lib/gcc/arm-elf/4.3.2/../../../../arm-elf/lib/libc.a(lib_a-strcmp.o)
 .debug_line    0x00002a1f      0x171 /opt/local/lib/gcc/arm-elf/4.3.2/../../../../arm-elf/lib/libc.a(lib_a-strlen.o)
 .debug_line    0x00002b90      0x19f /opt/local/lib/gcc/arm-elf/4.3.2/../../../../arm-elf/lib/libc.a(lib_a-strncmp.o)
 .debug_line    0x00002d2f      0x198 /opt/local/lib/gcc/arm-elf/4.3.2/../../../../arm-elf/lib/libc.a(lib_a-strncpy.o)
 .debug_line    0x00002ec7       0xd5 /opt/local/lib/gcc/arm-elf/4.3.2/../../../../arm-elf/lib/libc.a(lib_a-strrchr.o)
 .debug_line    0x00002f9c      0x2ac /opt/local/lib/gcc/arm-elf/4.3.2/../../../../arm-elf/lib/libc.a(lib_a-freer.o)
 .debug_line    0x00003248      0x20a /opt/local/lib/gcc/arm-elf/4.3.2/../../../../arm-elf/lib/libc.a(lib_a-impure.o)
 .debug_line    0x00003452      0x103 /opt/local/lib/gcc/arm-elf/4.3.2/libgcc.a(_udivsi3.o)
 .debug_line    0x00003555      0x10f /opt/local/lib/gcc/arm-elf/4.3.2/libgcc.a(_divsi3.o)
 .debug_line    0x00003664       0xec /opt/local/lib/gcc/arm-elf/4.3.2/libgcc.a(_umodsi3.o)
 .debug_line    0x00003750       0xf2 /opt/local/lib/gcc/arm-elf/4.3.2/libgcc.a(_modsi3.o)
 .debug_line    0x00003842       0xd7 /opt/local/lib/gcc/arm-elf/4.3.2/libgcc.a(_dvmd_tls.o)

.debug_frame    0x00000000     0x1738
 *(.debug_frame)
 .debug_frame   0x00000000      0x49c main.o
 .debug_frame   0x0000049c       0x80 ../lib/syscalls.o
 .debug_frame   0x0000051c       0x68 ../lib/rprintf.o
 .debug_frame   0x00000584       0x80 ../lib/serial.o
 .debug_frame   0x00000604       0x48 ../lib/spi0.o
 .debug_frame   0x0000064c      0x108 ../lib/rootdir.o
 .debug_frame   0x00000754      0x154 ../lib/sd_raw.o
 .debug_frame   0x000008a8      0x33c ../lib/fat16.o
 .debug_frame   0x00000be4       0x4c ../lib/partition.o
 .debug_frame   0x00000c30       0x60 ../lib/MMA7260.o
 .debug_frame   0x00000c90      0x134 ../lib/LCD_driver.o
 .debug_frame   0x00000dc4      0x104 ../lib/vs1002.o
 .debug_frame   0x00000ec8       0x94 ../lib/NS73.o
 .debug_frame   0x00000f5c       0x40 ../Bootloader/LPCUSB/main_msc.o
 .debug_frame   0x00000f9c       0xac ../Bootloader/LPCUSB/msc_bot.o
 .debug_frame   0x00001048       0x64 ../Bootloader/LPCUSB/msc_scsi.o
 .debug_frame   0x000010ac       0xc8 ../Bootloader/LPCUSB/blockdev_sd.o
 .debug_frame   0x00001174       0x68 ../Bootloader/LPCUSB/lpc2000_spi.o
 .debug_frame   0x000011dc       0x38 ../Bootloader/LPCUSB/usbinit.o
 .debug_frame   0x00001214      0x168 ../Bootloader/LPCUSB/usbhw_lpc.o
 .debug_frame   0x0000137c       0x8c ../Bootloader/LPCUSB/usbcontrol.o
 .debug_frame   0x00001408       0x6c ../Bootloader/LPCUSB/usbstdreq.o
 .debug_frame   0x00001474       0x30 /opt/local/lib/gcc/arm-elf/4.3.2/../../../../arm-elf/lib/libc.a(lib_a-malloc.o)
 .debug_frame   0x000014a4       0x38 /opt/local/lib/gcc/arm-elf/4.3.2/../../../../arm-elf/lib/libc.a(lib_a-mallocr.o)
 .debug_frame   0x000014dc       0x2c /opt/local/lib/gcc/arm-elf/4.3.2/../../../../arm-elf/lib/libc.a(lib_a-memcpy.o)
 .debug_frame   0x00001508       0x28 /opt/local/lib/gcc/arm-elf/4.3.2/../../../../arm-elf/lib/libc.a(lib_a-memset.o)
 .debug_frame   0x00001530       0x30 /opt/local/lib/gcc/arm-elf/4.3.2/../../../../arm-elf/lib/libc.a(lib_a-mlock.o)
 .debug_frame   0x00001560       0x28 /opt/local/lib/gcc/arm-elf/4.3.2/../../../../arm-elf/lib/libc.a(lib_a-strchr.o)
 .debug_frame   0x00001588       0x20 /opt/local/lib/gcc/arm-elf/4.3.2/../../../../arm-elf/lib/libc.a(lib_a-strcmp.o)
 .debug_frame   0x000015a8       0x20 /opt/local/lib/gcc/arm-elf/4.3.2/../../../../arm-elf/lib/libc.a(lib_a-strlen.o)
 .debug_frame   0x000015c8       0x2c /opt/local/lib/gcc/arm-elf/4.3.2/../../../../arm-elf/lib/libc.a(lib_a-strncmp.o)
 .debug_frame   0x000015f4       0x28 /opt/local/lib/gcc/arm-elf/4.3.2/../../../../arm-elf/lib/libc.a(lib_a-strncpy.o)
 .debug_frame   0x0000161c       0x2c /opt/local/lib/gcc/arm-elf/4.3.2/../../../../arm-elf/lib/libc.a(lib_a-strrchr.o)
 .debug_frame   0x00001648       0x50 /opt/local/lib/gcc/arm-elf/4.3.2/../../../../arm-elf/lib/libc.a(lib_a-freer.o)
 .debug_frame   0x00001698       0x28 /opt/local/lib/gcc/arm-elf/4.3.2/libgcc.a(_udivsi3.o)
 .debug_frame   0x000016c0       0x28 /opt/local/lib/gcc/arm-elf/4.3.2/libgcc.a(_divsi3.o)
 .debug_frame   0x000016e8       0x28 /opt/local/lib/gcc/arm-elf/4.3.2/libgcc.a(_umodsi3.o)
 .debug_frame   0x00001710       0x28 /opt/local/lib/gcc/arm-elf/4.3.2/libgcc.a(_modsi3.o)

.debug_str      0x00000000     0x2b45
 *(.debug_str)
 .debug_str     0x00000000      0x568 main.o
                                0x5ec (size before relaxing)
 .debug_str     0x00000568      0x50a ../lib/syscalls.o
                                0x5fe (size before relaxing)
 .debug_str     0x00000a72       0x99 ../lib/rprintf.o
                                0x1af (size before relaxing)
 .debug_str     0x00000b0b       0x76 ../lib/serial.o
                                0x112 (size before relaxing)
 .debug_str     0x00000b81       0x31 ../lib/spi0.o
                                0x13f (size before relaxing)
 .debug_str     0x00000bb2      0x246 ../lib/rootdir.o
                                0x3c3 (size before relaxing)
 .debug_str     0x00000df8      0x196 ../lib/sd_raw.o
                                0x374 (size before relaxing)
 .debug_str     0x00000f8e      0x5ba ../lib/fat16.o
                                0x880 (size before relaxing)
 .debug_str     0x00001548       0x47 ../lib/partition.o
                                0x224 (size before relaxing)
 .debug_str     0x0000158f       0x49 ../lib/MMA7260.o
                                 0xe6 (size before relaxing)
 .debug_str     0x000015d8      0x107 ../lib/LCD_driver.o
                                0x248 (size before relaxing)
 .debug_str     0x000016df       0xb5 ../lib/vs1002.o
                                0x186 (size before relaxing)
 .debug_str     0x00001794       0x8a ../lib/NS73.o
                                0x13c (size before relaxing)
 .debug_str     0x0000181e       0x9f ../Bootloader/LPCUSB/main_msc.o
                                0x1bb (size before relaxing)
 .debug_str     0x000018bd      0x17b ../Bootloader/LPCUSB/msc_bot.o
                                0x2b2 (size before relaxing)
 .debug_str     0x00001a38       0xf2 ../Bootloader/LPCUSB/msc_scsi.o
                                0x215 (size before relaxing)
 .debug_str     0x00001b2a       0xc4 ../Bootloader/LPCUSB/blockdev_sd.o
                                0x20a (size before relaxing)
 .debug_str     0x00001bee       0x6c ../Bootloader/LPCUSB/lpc2000_spi.o
                                0x18d (size before relaxing)
 .debug_str     0x00001c5a       0x4e ../Bootloader/LPCUSB/usbinit.o
                                0x118 (size before relaxing)
 .debug_str     0x00001ca8      0x25a ../Bootloader/LPCUSB/usbhw_lpc.o
                                0x340 (size before relaxing)
 .debug_str     0x00001f02       0xa9 ../Bootloader/LPCUSB/usbcontrol.o
                                0x20a (size before relaxing)
 .debug_str     0x00001fab      0x175 ../Bootloader/LPCUSB/usbstdreq.o
                                0x29f (size before relaxing)
 .debug_str     0x00002120       0xa1 /opt/local/lib/gcc/arm-elf/4.3.2/../../../../arm-elf/lib/libc.a(lib_a-malloc.o)
                                0x4f1 (size before relaxing)
 .debug_str     0x000021c1      0x263 /opt/local/lib/gcc/arm-elf/4.3.2/../../../../arm-elf/lib/libc.a(lib_a-mallocr.o)
                                0x6c6 (size before relaxing)
 .debug_str     0x00002424       0xca /opt/local/lib/gcc/arm-elf/4.3.2/../../../../arm-elf/lib/libc.a(lib_a-memcpy.o)
                                 0xfd (size before relaxing)
 .debug_str     0x000024ee       0xb0 /opt/local/lib/gcc/arm-elf/4.3.2/../../../../arm-elf/lib/libc.a(lib_a-memset.o)
                                0x153 (size before relaxing)
 .debug_str     0x0000259e       0xce /opt/local/lib/gcc/arm-elf/4.3.2/../../../../arm-elf/lib/libc.a(lib_a-mlock.o)
                                0x4f8 (size before relaxing)
 .debug_str     0x0000266c       0xa8 /opt/local/lib/gcc/arm-elf/4.3.2/../../../../arm-elf/lib/libc.a(lib_a-strchr.o)
                                0x14a (size before relaxing)
 .debug_str     0x00002714       0xa3 /opt/local/lib/gcc/arm-elf/4.3.2/../../../../arm-elf/lib/libc.a(lib_a-strcmp.o)
                                0x138 (size before relaxing)
 .debug_str     0x000027b7       0xa9 /opt/local/lib/gcc/arm-elf/4.3.2/../../../../arm-elf/lib/libc.a(lib_a-strlen.o)
                                0x152 (size before relaxing)
 .debug_str     0x00002860       0xa5 /opt/local/lib/gcc/arm-elf/4.3.2/../../../../arm-elf/lib/libc.a(lib_a-strncmp.o)
                                0x141 (size before relaxing)
 .debug_str     0x00002905       0xa5 /opt/local/lib/gcc/arm-elf/4.3.2/../../../../arm-elf/lib/libc.a(lib_a-strncpy.o)
                                0x169 (size before relaxing)
 .debug_str     0x000029aa       0xa5 /opt/local/lib/gcc/arm-elf/4.3.2/../../../../arm-elf/lib/libc.a(lib_a-strrchr.o)
                                0x13f (size before relaxing)
 .debug_str     0x00002a4f       0x3c /opt/local/lib/gcc/arm-elf/4.3.2/../../../../arm-elf/lib/libc.a(lib_a-freer.o)
                                0x618 (size before relaxing)
 .debug_str     0x00002a8b       0xba /opt/local/lib/gcc/arm-elf/4.3.2/../../../../arm-elf/lib/libc.a(lib_a-impure.o)
                                0x4f0 (size before relaxing)

.debug_loc      0x00000000     0x52c0
 *(.debug_loc)
 .debug_loc     0x00000000      0x975 main.o
 .debug_loc     0x00000975       0x98 ../lib/syscalls.o
 .debug_loc     0x00000a0d      0x2a4 ../lib/rprintf.o
 .debug_loc     0x00000cb1       0xc9 ../lib/serial.o
 .debug_loc     0x00000d7a       0x45 ../lib/spi0.o
 .debug_loc     0x00000dbf      0x23f ../lib/rootdir.o
 .debug_loc     0x00000ffe      0x5c8 ../lib/sd_raw.o
 .debug_loc     0x000015c6     0x1211 ../lib/fat16.o
 .debug_loc     0x000027d7      0x114 ../lib/partition.o
 .debug_loc     0x000028eb       0x13 ../lib/MMA7260.o
 .debug_loc     0x000028fe      0x58e ../lib/LCD_driver.o
 .debug_loc     0x00002e8c      0x1e7 ../lib/vs1002.o
 .debug_loc     0x00003073      0x126 ../lib/NS73.o
 .debug_loc     0x00003199       0xae ../Bootloader/LPCUSB/main_msc.o
 .debug_loc     0x00003247      0x263 ../Bootloader/LPCUSB/msc_bot.o
 .debug_loc     0x000034aa      0x1b8 ../Bootloader/LPCUSB/msc_scsi.o
 .debug_loc     0x00003662      0x2dc ../Bootloader/LPCUSB/blockdev_sd.o
 .debug_loc     0x0000393e       0x45 ../Bootloader/LPCUSB/lpc2000_spi.o
 .debug_loc     0x00003983       0x1f ../Bootloader/LPCUSB/usbinit.o
 .debug_loc     0x000039a2      0x36d ../Bootloader/LPCUSB/usbhw_lpc.o
 .debug_loc     0x00003d0f      0x1cf ../Bootloader/LPCUSB/usbcontrol.o
 .debug_loc     0x00003ede      0x2bb ../Bootloader/LPCUSB/usbstdreq.o
 .debug_loc     0x00004199       0x3c /opt/local/lib/gcc/arm-elf/4.3.2/../../../../arm-elf/lib/libc.a(lib_a-malloc.o)
 .debug_loc     0x000041d5      0x75d /opt/local/lib/gcc/arm-elf/4.3.2/../../../../arm-elf/lib/libc.a(lib_a-mallocr.o)
 .debug_loc     0x00004932      0x130 /opt/local/lib/gcc/arm-elf/4.3.2/../../../../arm-elf/lib/libc.a(lib_a-memcpy.o)
 .debug_loc     0x00004a62      0x12b /opt/local/lib/gcc/arm-elf/4.3.2/../../../../arm-elf/lib/libc.a(lib_a-memset.o)
 .debug_loc     0x00004b8d       0xd3 /opt/local/lib/gcc/arm-elf/4.3.2/../../../../arm-elf/lib/libc.a(lib_a-strchr.o)
 .debug_loc     0x00004c60       0xba /opt/local/lib/gcc/arm-elf/4.3.2/../../../../arm-elf/lib/libc.a(lib_a-strcmp.o)
 .debug_loc     0x00004d1a       0x47 /opt/local/lib/gcc/arm-elf/4.3.2/../../../../arm-elf/lib/libc.a(lib_a-strlen.o)
 .debug_loc     0x00004d61      0x105 /opt/local/lib/gcc/arm-elf/4.3.2/../../../../arm-elf/lib/libc.a(lib_a-strncmp.o)
 .debug_loc     0x00004e66      0x128 /opt/local/lib/gcc/arm-elf/4.3.2/../../../../arm-elf/lib/libc.a(lib_a-strncpy.o)
 .debug_loc     0x00004f8e       0x87 /opt/local/lib/gcc/arm-elf/4.3.2/../../../../arm-elf/lib/libc.a(lib_a-strrchr.o)
 .debug_loc     0x00005015      0x2ab /opt/local/lib/gcc/arm-elf/4.3.2/../../../../arm-elf/lib/libc.a(lib_a-freer.o)

.debug_macinfo
 *(.debug_macinfo)

.debug_weaknames
 *(.debug_weaknames)

.debug_funcnames
 *(.debug_funcnames)

.debug_typenames
 *(.debug_typenames)

.debug_varnames
 *(.debug_varnames)
OUTPUT(main.elf elf32-littlearm)

.debug_ranges   0x00000000      0x810
 .debug_ranges  0x00000000      0x478 main.o
 .debug_ranges  0x00000478       0x18 ../lib/rprintf.o
 .debug_ranges  0x00000490       0x48 ../lib/sd_raw.o
 .debug_ranges  0x000004d8      0x1a8 ../lib/fat16.o
 .debug_ranges  0x00000680       0x30 ../Bootloader/LPCUSB/msc_bot.o
 .debug_ranges  0x000006b0       0x18 ../Bootloader/LPCUSB/blockdev_sd.o
 .debug_ranges  0x000006c8       0x18 ../Bootloader/LPCUSB/lpc2000_spi.o
 .debug_ranges  0x000006e0       0x78 ../Bootloader/LPCUSB/usbhw_lpc.o
 .debug_ranges  0x00000758       0x60 ../Bootloader/LPCUSB/usbstdreq.o
 .debug_ranges  0x000007b8       0x58 /opt/local/lib/gcc/arm-elf/4.3.2/../../../../arm-elf/lib/libc.a(lib_a-mallocr.o)

.ARM.attributes
                0x00000000       0x10
 .ARM.attributes
                0x00000000       0x10 main.o
 .ARM.attributes
                0x00000010       0x10 /opt/local/lib/gcc/arm-elf/4.3.2/../../../../arm-elf/lib/libc.a(lib_a-malloc.o)
 .ARM.attributes
                0x00000020       0x10 /opt/local/lib/gcc/arm-elf/4.3.2/../../../../arm-elf/lib/libc.a(lib_a-mallocr.o)
 .ARM.attributes
                0x00000030       0x10 /opt/local/lib/gcc/arm-elf/4.3.2/../../../../arm-elf/lib/libc.a(lib_a-memcpy.o)
 .ARM.attributes
                0x00000040       0x10 /opt/local/lib/gcc/arm-elf/4.3.2/../../../../arm-elf/lib/libc.a(lib_a-memset.o)
 .ARM.attributes
                0x00000050       0x10 /opt/local/lib/gcc/arm-elf/4.3.2/../../../../arm-elf/lib/libc.a(lib_a-mlock.o)
 .ARM.attributes
                0x00000060       0x10 /opt/local/lib/gcc/arm-elf/4.3.2/../../../../arm-elf/lib/libc.a(lib_a-strchr.o)
 .ARM.attributes
                0x00000070       0x10 /opt/local/lib/gcc/arm-elf/4.3.2/../../../../arm-elf/lib/libc.a(lib_a-strcmp.o)
 .ARM.attributes
                0x00000080       0x10 /opt/local/lib/gcc/arm-elf/4.3.2/../../../../arm-elf/lib/libc.a(lib_a-strlen.o)
 .ARM.attributes
                0x00000090       0x10 /opt/local/lib/gcc/arm-elf/4.3.2/../../../../arm-elf/lib/libc.a(lib_a-strncmp.o)
 .ARM.attributes
                0x000000a0       0x10 /opt/local/lib/gcc/arm-elf/4.3.2/../../../../arm-elf/lib/libc.a(lib_a-strncpy.o)
 .ARM.attributes
                0x000000b0       0x10 /opt/local/lib/gcc/arm-elf/4.3.2/../../../../arm-elf/lib/libc.a(lib_a-strrchr.o)
 .ARM.attributes
                0x000000c0       0x10 /opt/local/lib/gcc/arm-elf/4.3.2/../../../../arm-elf/lib/libc.a(lib_a-freer.o)
 .ARM.attributes
                0x000000d0       0x10 /opt/local/lib/gcc/arm-elf/4.3.2/../../../../arm-elf/lib/libc.a(lib_a-impure.o)
 .ARM.attributes
                0x000000e0       0x10 /opt/local/lib/gcc/arm-elf/4.3.2/libgcc.a(_udivsi3.o)
 .ARM.attributes
                0x000000f0       0x10 /opt/local/lib/gcc/arm-elf/4.3.2/libgcc.a(_divsi3.o)
 .ARM.attributes
                0x00000100       0x10 /opt/local/lib/gcc/arm-elf/4.3.2/libgcc.a(_umodsi3.o)
 .ARM.attributes
                0x00000110       0x10 /opt/local/lib/gcc/arm-elf/4.3.2/libgcc.a(_modsi3.o)
 .ARM.attributes
[...]
                                                  /opt/local/lib/gcc/arm-elf/4.3.2/libgcc.a(_divsi3.o)
                                                  /opt/local/lib/gcc/arm-elf/4.3.2/libgcc.a(_udivsi3.o)
__divsi3                                          /opt/local/lib/gcc/arm-elf/4.3.2/libgcc.a(_divsi3.o)
                                                  ../lib/LCD_driver.o
                                                  ../lib/fat16.o
                                                  main.o
__exit_ARM                                        Startup.o
__exit_THUMB                                      Startup.o
__malloc_av_                                      /opt/local/lib/gcc/arm-elf/4.3.2/../../../../arm-elf/lib/libc.a(lib_a-mallocr.o)
                                                  /opt/local/lib/gcc/arm-elf/4.3.2/../../../../arm-elf/lib/libc.a(lib_a-freer.o)
__malloc_current_mallinfo                         /opt/local/lib/gcc/arm-elf/4.3.2/../../../../arm-elf/lib/libc.a(lib_a-mallocr.o)
                                                  /opt/local/lib/gcc/arm-elf/4.3.2/../../../../arm-elf/lib/libc.a(lib_a-freer.o)
__malloc_lock                                     /opt/local/lib/gcc/arm-elf/4.3.2/../../../../arm-elf/lib/libc.a(lib_a-mlock.o)
                                                  /opt/local/lib/gcc/arm-elf/4.3.2/../../../../arm-elf/lib/libc.a(lib_a-freer.o)
                                                  /opt/local/lib/gcc/arm-elf/4.3.2/../../../../arm-elf/lib/libc.a(lib_a-mallocr.o)
__malloc_max_sbrked_mem                           /opt/local/lib/gcc/arm-elf/4.3.2/../../../../arm-elf/lib/libc.a(lib_a-mallocr.o)
__malloc_max_total_mem                            /opt/local/lib/gcc/arm-elf/4.3.2/../../../../arm-elf/lib/libc.a(lib_a-mallocr.o)
__malloc_sbrk_base                                /opt/local/lib/gcc/arm-elf/4.3.2/../../../../arm-elf/lib/libc.a(lib_a-mallocr.o)
                                                  /opt/local/lib/gcc/arm-elf/4.3.2/../../../../arm-elf/lib/libc.a(lib_a-freer.o)
__malloc_top_pad                                  /opt/local/lib/gcc/arm-elf/4.3.2/../../../../arm-elf/lib/libc.a(lib_a-mallocr.o)
                                                  /opt/local/lib/gcc/arm-elf/4.3.2/../../../../arm-elf/lib/libc.a(lib_a-freer.o)
__malloc_trim_threshold                           /opt/local/lib/gcc/arm-elf/4.3.2/../../../../arm-elf/lib/libc.a(lib_a-mallocr.o)
                                                  /opt/local/lib/gcc/arm-elf/4.3.2/../../../../arm-elf/lib/libc.a(lib_a-freer.o)
__malloc_unlock                                   /opt/local/lib/gcc/arm-elf/4.3.2/../../../../arm-elf/lib/libc.a(lib_a-mlock.o)
                                                  /opt/local/lib/gcc/arm-elf/4.3.2/../../../../arm-elf/lib/libc.a(lib_a-freer.o)
                                                  /opt/local/lib/gcc/arm-elf/4.3.2/../../../../arm-elf/lib/libc.a(lib_a-mallocr.o)
__modsi3                                          /opt/local/lib/gcc/arm-elf/4.3.2/libgcc.a(_modsi3.o)
                                                  ../lib/LCD_driver.o
                                                  main.o
__startup                                         Startup.o
__udivsi3                                         /opt/local/lib/gcc/arm-elf/4.3.2/libgcc.a(_udivsi3.o)
                                                  ../lib/fat16.o
                                                  ../lib/serial.o
                                                  ../lib/rprintf.o
__umodsi3                                         /opt/local/lib/gcc/arm-elf/4.3.2/libgcc.a(_umodsi3.o)
                                                  ../lib/fat16.o
                                                  ../lib/rprintf.o
_close_r                                          ../lib/syscalls.o
_data                                             Startup.o
_edata                                            Startup.o
_etext                                            Startup.o
_free_r                                           /opt/local/lib/gcc/arm-elf/4.3.2/../../../../arm-elf/lib/libc.a(lib_a-freer.o)
                                                  /opt/local/lib/gcc/arm-elf/4.3.2/../../../../arm-elf/lib/libc.a(lib_a-mallocr.o)
                                                  /opt/local/lib/gcc/arm-elf/4.3.2/../../../../arm-elf/lib/libc.a(lib_a-malloc.o)
_fstat_r                                          ../lib/syscalls.o
_global_impure_ptr                                /opt/local/lib/gcc/arm-elf/4.3.2/../../../../arm-elf/lib/libc.a(lib_a-impure.o)
_impure_ptr                                       /opt/local/lib/gcc/arm-elf/4.3.2/../../../../arm-elf/lib/libc.a(lib_a-impure.o)
                                                  /opt/local/lib/gcc/arm-elf/4.3.2/../../../../arm-elf/lib/libc.a(lib_a-malloc.o)
_lseek_r                                          ../lib/syscalls.o
_malloc_r                                         /opt/local/lib/gcc/arm-elf/4.3.2/../../../../arm-elf/lib/libc.a(lib_a-mallocr.o)
                                                  /opt/local/lib/gcc/arm-elf/4.3.2/../../../../arm-elf/lib/libc.a(lib_a-malloc.o)
_malloc_trim_r                                    /opt/local/lib/gcc/arm-elf/4.3.2/../../../../arm-elf/lib/libc.a(lib_a-freer.o)
_read_r                                           ../lib/syscalls.o
_sbrk_r                                           ../lib/syscalls.o
                                                  /opt/local/lib/gcc/arm-elf/4.3.2/../../../../arm-elf/lib/libc.a(lib_a-freer.o)
                                                  /opt/local/lib/gcc/arm-elf/4.3.2/../../../../arm-elf/lib/libc.a(lib_a-mallocr.o)
_write_r                                          ../lib/syscalls.o
black                                             ../lib/LCD_driver.o
                                                  main.o
bootUp                                            main.o
changeRadioFrequency                              main.o
clearScreen                                       main.o
closeSong                                         main.o
contrast                                          main.o
dd                                                ../lib/rootdir.o
delay_ms                                          main.o
                                                  ../lib/NS73.o
                                                  ../lib/vs1002.o
                                                  ../lib/LCD_driver.o
                                                  ../lib/rprintf.o
deselectRadio                                     main.o
dir_entry                                         ../lib/rootdir.o
disableMP3Interrupt                               main.o
disableRadio                                      main.o
disableUIInterrupt                                main.o
displayRadioMenu                                  main.o
enableMP3Interrupt                                main.o
enableRadio                                       main.o
enableUIInterrupt                                 main.o
end                                               ../lib/syscalls.o
exclusiveUIInterrupt                              main.o
fat16_close                                       ../lib/fat16.o
fat16_close_dir                                   ../lib/fat16.o
fat16_close_file                                  ../lib/fat16.o
                                                  main.o
fat16_create_file                                 ../lib/fat16.o
                                                  ../lib/rootdir.o
fat16_delete_file                                 ../lib/fat16.o
                                                  ../lib/rootdir.o
fat16_file_size                                   ../lib/fat16.o
                                                  main.o
fat16_get_dir_entry_of_path                       ../lib/fat16.o
                                                  ../lib/rootdir.o
fat16_get_fs_free                                 ../lib/fat16.o
                                                  ../lib/rootdir.o
fat16_get_fs_size                                 ../lib/fat16.o
                                                  ../lib/rootdir.o
fat16_open                                        ../lib/fat16.o
                                                  ../lib/rootdir.o
fat16_open_dir                                    ../lib/fat16.o
                                                  ../lib/rootdir.o
fat16_open_file                                   ../lib/fat16.o
fat16_read_dir                                    ../lib/fat16.o
                                                  ../lib/rootdir.o
fat16_read_file                                   ../lib/fat16.o
                                                  main.o
fat16_reset_dir                                   ../lib/fat16.o
                                                  ../lib/rootdir.o
fat16_resize_file                                 ../lib/fat16.o
fat16_seek_file                                   ../lib/fat16.o
fat16_write_file                                  ../lib/fat16.o
fd                                                ../lib/rootdir.o
fillSettings                                      main.o
find_file_in_dir                                  ../lib/fat16.o
                                                  ../lib/rootdir.o
format_card                                       ../lib/sd_raw.o
free                                              /opt/local/lib/gcc/arm-elf/4.3.2/../../../../arm-elf/lib/libc.a(lib_a-malloc.o)
                                                  ../lib/partition.o
                                                  ../lib/fat16.o
fs                                                ../lib/rootdir.o
getButton                                         main.o
getNewFiles                                       main.o
getc0                                             ../lib/serial.o
getkey_serial0                                    ../lib/serial.o
handleAccelerometer                               main.o
handleDownButton                                  main.o
handleMiddleButton                                main.o
handleUpButton                                    main.o
highlightRow                                      main.o
init_serial0                                      ../lib/serial.o
initializeInterrupts                              main.o
initializeLEDs                                    main.o
initializeMP3Player                               main.o
initializeMP3Timer                                main.o
initializeRadio                                   main.o
initializeSPI                                     main.o
initializeUITimer                                 main.o
isUSBConnected                                    main.o
isatty                                            ../lib/syscalls.o
loadSongInfo                                      main.o
lowerVolume                                       main.o
main                                              main.o
                                                  Startup.o
main_msc                                          ../Bootloader/LPCUSB/main_msc.o
                                                  main.o
malloc                                            /opt/local/lib/gcc/arm-elf/4.3.2/../../../../arm-elf/lib/libc.a(lib_a-malloc.o)
                                                  ../lib/partition.o
                                                  ../lib/fat16.o
memcpy                                            /opt/local/lib/gcc/arm-elf/4.3.2/../../../../arm-elf/lib/libc.a(lib_a-memcpy.o)
                                                  ../Bootloader/LPCUSB/msc_scsi.o
                                                  ../lib/fat16.o
                                                  ../lib/sd_raw.o
memset                                            /opt/local/lib/gcc/arm-elf/4.3.2/../../../../arm-elf/lib/libc.a(lib_a-memset.o)
                                                  ../lib/partition.o
                                                  ../lib/fat16.o
                                                  ../lib/sd_raw.o
newline                                           main.o
ns73Config                                        ../lib/NS73.o
                                                  main.o
ns73Init                                          ../lib/NS73.o
                                                  main.o
ns73Send                                          ../lib/NS73.o
                                                  main.o
ns73SerialReset                                   ../lib/NS73.o
ns73SetChannel                                    ../lib/NS73.o
                                                  main.o
open_file_in_dir                                  ../lib/fat16.o
                                                  ../lib/rootdir.o
openroot                                          ../lib/rootdir.o
                                                  main.o
partition                                         ../lib/rootdir.o
partition_close                                   ../lib/partition.o
partition_open                                    ../lib/partition.o
                                                  ../lib/rootdir.o
printMenu                                         main.o
print_disk_info                                   ../lib/rootdir.o
putc_serial0                                      ../lib/serial.o
                                                  main.o
putchar_serial0                                   ../lib/serial.o
putstring_serial0                                 ../lib/serial.o
quickClear                                        main.o
radio_channel                                     main.o
radio_channel_menu                                main.o
radio_enable                                      main.o
radio_power                                       main.o
raiseVolume                                       main.o
red                                               ../lib/LCD_driver.o
reset                                             main.o
rootDirectory_files                               ../lib/rootdir.o
                                                  main.o
rootDirectory_files_stream                        ../lib/rootdir.o
                                                  main.o
root_delete                                       ../lib/rootdir.o
root_disk_info                                    ../lib/rootdir.o
root_file_exists                                  ../lib/rootdir.o
                                                  main.o
root_format                                       ../lib/rootdir.o
root_open                                         ../lib/rootdir.o
                                                  main.o
root_open_new                                     ../lib/rootdir.o
rprintf                                           ../lib/rprintf.o
                                                  ../Bootloader/LPCUSB/lpc2000_spi.o
                                                  ../Bootloader/LPCUSB/blockdev_sd.o
                                                  ../Bootloader/LPCUSB/main_msc.o
                                                  ../lib/fat16.o
                                                  ../lib/sd_raw.o
                                                  ../lib/rootdir.o
                                                  main.o
rprintf_devopen                                   ../lib/rprintf.o
                                                  main.o
sd_raw_available                                  ../lib/sd_raw.o
sd_raw_get_info                                   ../lib/sd_raw.o
                                                  ../lib/rootdir.o
sd_raw_init                                       ../lib/sd_raw.o
                                                  main.o
sd_raw_locked                                     ../lib/sd_raw.o
sd_raw_read                                       ../lib/sd_raw.o
                                                  ../lib/rootdir.o
sd_raw_read_interval                              ../lib/sd_raw.o
                                                  ../lib/rootdir.o
sd_raw_sync                                       ../lib/sd_raw.o
sd_raw_write                                      ../lib/sd_raw.o
                                                  ../lib/rootdir.o
selectLCD                                         main.o
selectRadio                                       main.o
selectSD                                          main.o
sendMP3Data                                       main.o
setRadioFrequency                                 main.o
settings                                          main.o
splashScreen                                      main.o
startMP3Player                                    main.o
stopAllInterrupts                                 main.o
stopMP3Player                                     main.o
strchr                                            /opt/local/lib/gcc/arm-elf/4.3.2/../../../../arm-elf/lib/libc.a(lib_a-strchr.o)
                                                  /opt/local/lib/gcc/arm-elf/4.3.2/../../../../arm-elf/lib/libc.a(lib_a-strrchr.o)
                                                  ../lib/fat16.o
strcmp                                            /opt/local/lib/gcc/arm-elf/4.3.2/../../../../arm-elf/lib/libc.a(lib_a-strcmp.o)
                                                  ../lib/fat16.o
strlen                                            /opt/local/lib/gcc/arm-elf/4.3.2/../../../../arm-elf/lib/libc.a(lib_a-strlen.o)
                                                  ../lib/fat16.o
strncmp                                           /opt/local/lib/gcc/arm-elf/4.3.2/../../../../arm-elf/lib/libc.a(lib_a-strncmp.o)
                                                  ../lib/fat16.o
strncpy                                           /opt/local/lib/gcc/arm-elf/4.3.2/../../../../arm-elf/lib/libc.a(lib_a-strncpy.o)
                                                  ../lib/fat16.o
strrchr                                           /opt/local/lib/gcc/arm-elf/4.3.2/../../../../arm-elf/lib/libc.a(lib_a-strrchr.o)
                                                  ../lib/fat16.o
volume                                            main.o
volume_setting                                    main.o
vs1002Config                                      ../lib/vs1002.o
                                                  main.o
vs1002Finish                                      ../lib/vs1002.o
                                                  main.o
vs1002Init                                        ../lib/vs1002.o
                                                  main.o
vs1002Mute                                        ../lib/vs1002.o
vs1002Reset                                       ../lib/vs1002.o
                                                  main.o
vs1002SCIRead                                     ../lib/vs1002.o
vs1002SCIWrite                                    ../lib/vs1002.o
                                                  main.o
vs1002SendMusic                                   ../lib/vs1002.o
                                                  main.o
vs1002SetVolume                                   ../lib/vs1002.o
                                                  main.o
vs1002SineTest                                    ../lib/vs1002.o
welcome                                           main.o
white                                             ../lib/LCD_driver.o
                                                  main.o
wishesFileManager                                 main.o
wishesSettings                                    main.o
