Archive member included because of file (symbol)

c:/winarm/bin/../lib/gcc/arm-elf/4.1.1/../../../../arm-elf/lib/interwork\libc.a(malloc.o)
                              ../lib/fat16.o (free)
c:/winarm/bin/../lib/gcc/arm-elf/4.1.1/../../../../arm-elf/lib/interwork\libc.a(mallocr.o)
                              c:/winarm/bin/../lib/gcc/arm-elf/4.1.1/../../../../arm-elf/lib/interwork\libc.a(malloc.o) (_malloc_r)
c:/winarm/bin/../lib/gcc/arm-elf/4.1.1/../../../../arm-elf/lib/interwork\libc.a(memcpy.o)
                              ../lib/sd_raw.o (memcpy)
c:/winarm/bin/../lib/gcc/arm-elf/4.1.1/../../../../arm-elf/lib/interwork\libc.a(memset.o)
                              ../lib/sd_raw.o (memset)
c:/winarm/bin/../lib/gcc/arm-elf/4.1.1/../../../../arm-elf/lib/interwork\libc.a(mlock.o)
                              c:/winarm/bin/../lib/gcc/arm-elf/4.1.1/../../../../arm-elf/lib/interwork\libc.a(mallocr.o) (__malloc_lock)
c:/winarm/bin/../lib/gcc/arm-elf/4.1.1/../../../../arm-elf/lib/interwork\libc.a(strchr.o)
                              ../lib/fat16.o (strchr)
c:/winarm/bin/../lib/gcc/arm-elf/4.1.1/../../../../arm-elf/lib/interwork\libc.a(strcmp.o)
                              ../lib/fat16.o (strcmp)
c:/winarm/bin/../lib/gcc/arm-elf/4.1.1/../../../../arm-elf/lib/interwork\libc.a(strlen.o)
                              ../lib/fat16.o (strlen)
c:/winarm/bin/../lib/gcc/arm-elf/4.1.1/../../../../arm-elf/lib/interwork\libc.a(strncmp.o)
                              ../lib/fat16.o (strncmp)
c:/winarm/bin/../lib/gcc/arm-elf/4.1.1/../../../../arm-elf/lib/interwork\libc.a(strncpy.o)
                              ../lib/fat16.o (strncpy)
c:/winarm/bin/../lib/gcc/arm-elf/4.1.1/../../../../arm-elf/lib/interwork\libc.a(strrchr.o)
                              ../lib/fat16.o (strrchr)
c:/winarm/bin/../lib/gcc/arm-elf/4.1.1/../../../../arm-elf/lib/interwork\libc.a(freer.o)
                              c:/winarm/bin/../lib/gcc/arm-elf/4.1.1/../../../../arm-elf/lib/interwork\libc.a(malloc.o) (_free_r)
c:/winarm/bin/../lib/gcc/arm-elf/4.1.1/../../../../arm-elf/lib/interwork\libc.a(impure.o)
                              c:/winarm/bin/../lib/gcc/arm-elf/4.1.1/../../../../arm-elf/lib/interwork\libc.a(malloc.o) (_impure_ptr)
c:/winarm/bin/../lib/gcc/arm-elf/4.1.1/interwork\libgcc.a(_udivsi3.o)
                              ../lib/rprintf.o (__udivsi3)
c:/winarm/bin/../lib/gcc/arm-elf/4.1.1/interwork\libgcc.a(_divsi3.o)
                              main.o (__divsi3)
c:/winarm/bin/../lib/gcc/arm-elf/4.1.1/interwork\libgcc.a(_umodsi3.o)
                              ../lib/rprintf.o (__umodsi3)
c:/winarm/bin/../lib/gcc/arm-elf/4.1.1/interwork\libgcc.a(_modsi3.o)
                              main.o (__modsi3)
c:/winarm/bin/../lib/gcc/arm-elf/4.1.1/interwork\libgcc.a(_dvmd_tls.o)
                              c:/winarm/bin/../lib/gcc/arm-elf/4.1.1/interwork\libgcc.a(_udivsi3.o) (__div0)

Allocating common symbols
Common symbol       size              file

fs                  0x4               ../lib/rootdir.o
dir_entry           0x2c              ../lib/rootdir.o
fd                  0x4               ../lib/rootdir.o
partition           0x4               ../lib/rootdir.o
dd                  0x4               ../lib/rootdir.o

Memory Configuration

Name             Origin             Length             Attributes
ROM              0x00010000         0x0005f000         xr
RAM              0x40000000         0x00008000         rw
*default*        0x00000000         0xffffffff

Linker script and memory map

LOAD Startup.o
LOAD main.o
LOAD ../lib/syscalls.o
LOAD ../lib/rprintf.o
LOAD ../lib/serial.o
LOAD ../lib/spi0.o
LOAD ../lib/rootdir.o
LOAD ../lib/sd_raw.o
LOAD ../lib/fat16.o
LOAD ../lib/partition.o
LOAD ../lib/MMA7260.o
LOAD ../lib/LCD_driver.o
LOAD ../lib/vs1002.o
LOAD ../lib/NS73.o
LOAD ../Bootloader/LPCUSB/main_msc.o
LOAD ../Bootloader/LPCUSB/msc_bot.o
LOAD ../Bootloader/LPCUSB/msc_scsi.o
LOAD ../Bootloader/LPCUSB/blockdev_sd.o
LOAD ../Bootloader/LPCUSB/lpc2000_spi.o
LOAD ../Bootloader/LPCUSB/usbinit.o
LOAD ../Bootloader/LPCUSB/usbhw_lpc.o
LOAD ../Bootloader/LPCUSB/usbcontrol.o
LOAD ../Bootloader/LPCUSB/usbstdreq.o
LOAD c:/winarm/bin/../lib/gcc/arm-elf/4.1.1/../../../../arm-elf/lib/interwork\libc.a
LOAD c:/winarm/bin/../lib/gcc/arm-elf/4.1.1/../../../../arm-elf/lib/interwork\libm.a
LOAD c:/winarm/bin/../lib/gcc/arm-elf/4.1.1/../../../../arm-elf/lib/interwork\libc.a
LOAD c:/winarm/bin/../lib/gcc/arm-elf/4.1.1/interwork\libgcc.a
START GROUP
LOAD c:/winarm/bin/../lib/gcc/arm-elf/4.1.1/interwork\libgcc.a
LOAD c:/winarm/bin/../lib/gcc/arm-elf/4.1.1/../../../../arm-elf/lib/interwork\libg.a
LOAD c:/winarm/bin/../lib/gcc/arm-elf/4.1.1/../../../../arm-elf/lib/interwork\libc.a
END GROUP

.text           0x00010000     0x8ea4
 *(.vectorg)
 .vectorg       0x00010000       0x98 Startup.o
                0x00010050                __IRQ_Wrapper
                0x00010098                . = ALIGN (0x4)
 *(.init)
 .init          0x00010098       0xfc Startup.o
                0x00010164                __exit_THUMB
                0x00010098                __startup
                0x00010160                __exit_ARM
 *(.text .text.*)
 .text          0x00010194        0x0 Startup.o
 .text          0x00010194     0x1758 main.o
                0x000110d0                bootUp
                0x000108fc                handleMiddleButton
                0x000103b0                reset
                0x00010580                highlightRow
                0x000106e0                handleUpButton
                0x000101f8                getNewFiles
                0x00010664                handleDownButton
                0x00011348                main
                0x00010194                delay_ms
                0x000102ec                fillSettings
                0x000104b0                printMenu
                0x000107dc                closeSong
                0x000101bc                getButton
                0x00010814                loadSongInfo
                0x000103e0                quickClear
 .text          0x000118ec       0x64 ../lib/syscalls.o
                0x00011904                _lseek_r
                0x0001190c                _fstat_r
                0x0001191c                isatty
                0x00011924                _sbrk_r
                0x000118ec                _read_r
                0x000118fc                _close_r
                0x000118f4                _write_r
 .text          0x00011950      0x2c8 ../lib/rprintf.o
                0x00011950                rprintf_devopen
                0x000119a0                rprintf
 .text          0x00011c18      0x114 ../lib/serial.o
                0x00011cf4                getkey_serial0
                0x00011ccc                putstring_serial0
                0x00011d10                getc0
                0x00011c18                init_serial0
                0x00011c6c                putchar_serial0
                0x00011cac                putc_serial0
 .text          0x00011d2c       0x4c ../lib/spi0.o
                0x00011d5c                SPI0_recv
                0x00011d2c                SPI0_send_recv
                0x00011d70                SPI0_send
 .text          0x00011d78      0x484 ../lib/rootdir.o
                0x00012090                root_disk_info
                0x00011d78                root_file_exists
                0x00011e50                rootDirectory_files
                0x00011dac                root_delete
                0x00011dfc                root_format
                0x000120cc                root_open_new
                0x00011f00                rootDirectory_files_stream
                0x00011f84                print_disk_info
                0x000120a0                root_open
                0x00012114                openroot
 .text          0x000121fc      0xc74 ../lib/sd_raw.o
                0x000121fc                sd_raw_available
                0x00012600                sd_raw_read
                0x00012c90                format_card
                0x00012a6c                sd_raw_init
                0x000129bc                sd_raw_read_interval
                0x00012344                SDoff
                0x0001236c                sd_raw_get_info
                0x00012974                sd_raw_sync
                0x00012230                sd_raw_locked
                0x00012760                sd_raw_write
 .text          0x00012e70     0x1860 ../lib/fat16.o
                0x00013c14                fat16_resize_file
                0x0001392c                find_file_in_dir
                0x00014090                fat16_close
                0x0001351c                fat16_reset_dir
                0x00013538                fat16_delete_file
                0x00013608                fat16_get_fs_free
                0x00013714                fat16_read_dir
                0x00013db8                fat16_seek_file
                0x000135e4                fat16_get_fs_size
                0x0001407c                fat16_close_file
                0x00014124                fat16_open_file
                0x00013380                fat16_read_file
                0x0001430c                fat16_open
                0x00014500                fat16_create_file
                0x000141a4                open_file_in_dir
                0x000141e8                fat16_get_dir_entry_of_path
                0x00013e50                fat16_write_file
                0x000140a4                fat16_open_dir
                0x00014068                fat16_close_dir
                0x0001370c                fat16_file_size
 .text          0x000146d0      0x130 ../lib/partition.o
                0x000146d0                partition_close
                0x000146f0                partition_open
 .text          0x00014800       0xcc ../lib/MMA7260.o
                0x0001485c                MMA_get_x
                0x00014854                MMA_get_y
                0x00014864                MMA_change_mode
                0x0001484c                MMA_get_z
 .text          0x000148cc      0xa24 ../lib/LCD_driver.o
                0x000150ec                LCDContrast
                0x00014ae8                LCDPrintLogo
                0x00015108                LCDInit
                0x00014ce8                LCDPrintString
                0x000149f0                LCDClear
                0x00015030                LCDSetRowColor
 .text          0x000152f0      0x270 ../lib/vs1002.o
                0x00015508                vs1002SetVolume
                0x00015418                vs1002SCIWrite
                0x000152f0                vs1002Config
                0x000153b0                vs1002SineTest
                0x00015318                vs1002Finish
                0x00015364                vs1002SendMusic
                0x000154ac                vs1002SCIRead
                0x00015470                vs1002Mute
                0x00015334                vs1002Reset
                0x00015480                vs1002Init
 .text          0x00015560      0x31c ../lib/NS73.o
                0x000157b4                ns73Init
                0x00015768                ns73SetChannel
                0x00015830                ns73Config
                0x0001565c                ns73Send
                0x00015560                ns73SerialReset
 .text          0x0001587c      0x110 ../Bootloader/LPCUSB/main_msc.o
                0x0001587c                main_msc
 .text          0x0001598c      0x418 ../Bootloader/LPCUSB/msc_bot.o
                0x00015ad8                MSCBotBulkIn
                0x00015d84                MSCBotReset
                0x00015b3c                MSCBotBulkOut
 .text          0x00015da4      0x358 ../Bootloader/LPCUSB/msc_scsi.o
                0x00015eec                SCSIHandleData
                0x00015db8                SCSIHandleCmd
                0x00015da4                SCSIReset
 .text          0x000160fc      0x510 ../Bootloader/LPCUSB/blockdev_sd.o
                0x00016398                BlockDevRead
                0x0001642c                BlockDevInit
                0x000161ec                BlockDevGetSize
                0x00016188                BlockDevWrite
 .text          0x0001660c      0x1e8 ../Bootloader/LPCUSB/lpc2000_spi.o
                0x0001660c                SPISetSpeed
                0x00016734                SPIInit
                0x000166d0                SPIRecvN
                0x00016628                SPISend
                0x00016674                SPISendN
 .text          0x000167f4       0x74 ../Bootloader/LPCUSB/usbinit.o
                0x000167f8                USBInit
 .text          0x00016868      0x558 ../Bootloader/LPCUSB/usbhw_lpc.o
                0x00016b20                USBHwEPRead
                0x00016bd4                USBHwISR
                0x00016a98                USBHwEPWrite
                0x00016938                USBHwEPConfig
                0x00016a28                USBHwSetAddress
                0x00016a38                USBHwConnect
                0x00016a78                USBHwEPStall
                0x000169e0                USBHwRegisterDevIntHandler
                0x00016994                USBHwRegisterEPIntHandler
                0x00016bc4                USBHwConfigDevice
                0x00016a48                USBHwNakIntEnable
                0x00016cfc                USBHwInit
                0x00016a04                USBHwRegisterFrameHandler
                0x00016a54                USBHwEPGetStatus
 .text          0x00016dc0      0x210 ../Bootloader/LPCUSB/usbcontrol.o
                0x00016e84                USBHandleControlTransfer
                0x00016e00                USBRegisterRequestHandler
 .text          0x00016fd0      0x31c ../Bootloader/LPCUSB/usbstdreq.o
                0x00016fe0                USBGetDescriptor
                0x00017064                USBRegisterCustomReqHandler
                0x00016fd0                USBRegisterDescriptors
                0x00017074                USBHandleStandardRequest
 .text          0x000172ec       0x40 c:/winarm/bin/../lib/gcc/arm-elf/4.1.1/../../../../arm-elf/lib/interwork\libc.a(malloc.o)
                0x0001730c                malloc
                0x000172ec                free
 .text          0x0001732c      0x688 c:/winarm/bin/../lib/gcc/arm-elf/4.1.1/../../../../arm-elf/lib/interwork\libc.a(mallocr.o)
                0x0001732c                _malloc_r
 .text          0x000179b4       0x20 c:/winarm/bin/../lib/gcc/arm-elf/4.1.1/../../../../arm-elf/lib/interwork\libc.a(memcpy.o)
                0x000179b4                memcpy
 .text          0x000179d4       0x1c c:/winarm/bin/../lib/gcc/arm-elf/4.1.1/../../../../arm-elf/lib/interwork\libc.a(memset.o)
                0x000179d4                memset
 .text          0x000179f0        0x8 c:/winarm/bin/../lib/gcc/arm-elf/4.1.1/../../../../arm-elf/lib/interwork\libc.a(mlock.o)
                0x000179f4                __malloc_unlock
                0x000179f0                __malloc_lock
 .text          0x000179f8       0x30 c:/winarm/bin/../lib/gcc/arm-elf/4.1.1/../../../../arm-elf/lib/interwork\libc.a(strchr.o)
                0x000179f8                strchr
 .text          0x00017a28       0x30 c:/winarm/bin/../lib/gcc/arm-elf/4.1.1/../../../../arm-elf/lib/interwork\libc.a(strcmp.o)
                0x00017a28                strcmp
 .text          0x00017a58       0x20 c:/winarm/bin/../lib/gcc/arm-elf/4.1.1/../../../../arm-elf/lib/interwork\libc.a(strlen.o)
                0x00017a58                strlen
 .text          0x00017a78       0x50 c:/winarm/bin/../lib/gcc/arm-elf/4.1.1/../../../../arm-elf/lib/interwork\libc.a(strncmp.o)
                0x00017a78                strncmp
 .text          0x00017ac8       0x4c c:/winarm/bin/../lib/gcc/arm-elf/4.1.1/../../../../arm-elf/lib/interwork\libc.a(strncpy.o)
                0x00017ac8                strncpy
 .text          0x00017b14       0x4c c:/winarm/bin/../lib/gcc/arm-elf/4.1.1/../../../../arm-elf/lib/interwork\libc.a(strrchr.o)
                0x00017b14                strrchr
 .text          0x00017b60      0x35c c:/winarm/bin/../lib/gcc/arm-elf/4.1.1/../../../../arm-elf/lib/interwork\libc.a(freer.o)
                0x00017c5c                _free_r
                0x00017b60                _malloc_trim_r
 .text          0x00017ebc        0x0 c:/winarm/bin/../lib/gcc/arm-elf/4.1.1/../../../../arm-elf/lib/interwork\libc.a(impure.o)
 .text          0x00017ebc      0x114 c:/winarm/bin/../lib/gcc/arm-elf/4.1.1/interwork\libgcc.a(_udivsi3.o)
                0x00017ebc                __udivsi3
                0x00017ebc                __aeabi_uidiv
                0x00017fb8                __aeabi_uidivmod
 .text          0x00017fd0      0x144 c:/winarm/bin/../lib/gcc/arm-elf/4.1.1/interwork\libgcc.a(_divsi3.o)
                0x00017fd0                __aeabi_idiv
                0x00017fd0                __divsi3
                0x000180fc                __aeabi_idivmod
 .text          0x00018114       0xd0 c:/winarm/bin/../lib/gcc/arm-elf/4.1.1/interwork\libgcc.a(_umodsi3.o)
                0x00018114                __umodsi3
 .text          0x000181e4       0xe8 c:/winarm/bin/../lib/gcc/arm-elf/4.1.1/interwork\libgcc.a(_modsi3.o)
                0x000181e4                __modsi3
 .text          0x000182cc        0x4 c:/winarm/bin/../lib/gcc/arm-elf/4.1.1/interwork\libgcc.a(_dvmd_tls.o)
                0x000182cc                __aeabi_ldiv0
                0x000182cc                __div0
                0x000182cc                __aeabi_idiv0
 *(.gnu.linkonce.t.*)
 *(.glue_7)
 .glue_7        0x000182d0        0x0 Startup.o
 .glue_7        0x000182d0        0x0 main.o
 .glue_7        0x000182d0        0x0 ../lib/syscalls.o
 .glue_7        0x000182d0        0x0 ../lib/rprintf.o
 .glue_7        0x000182d0        0x0 ../lib/serial.o
 .glue_7        0x000182d0        0x0 ../lib/spi0.o
 .glue_7        0x000182d0        0x0 ../lib/rootdir.o
 .glue_7        0x000182d0        0x0 ../lib/sd_raw.o
 .glue_7        0x000182d0        0x0 ../lib/fat16.o
 .glue_7        0x000182d0        0x0 ../lib/partition.o
 .glue_7        0x000182d0        0x0 ../lib/MMA7260.o
 .glue_7        0x000182d0        0x0 ../lib/LCD_driver.o
 .glue_7        0x000182d0        0x0 ../lib/vs1002.o
 .glue_7        0x000182d0        0x0 ../lib/NS73.o
 .glue_7        0x000182d0        0x0 ../Bootloader/LPCUSB/main_msc.o
 .glue_7        0x000182d0        0x0 ../Bootloader/LPCUSB/msc_bot.o
 .glue_7        0x000182d0        0x0 ../Bootloader/LPCUSB/msc_scsi.o
 .glue_7        0x000182d0        0x0 ../Bootloader/LPCUSB/blockdev_sd.o
 .glue_7        0x000182d0        0x0 ../Bootloader/LPCUSB/lpc2000_spi.o
 .glue_7        0x000182d0        0x0 ../Bootloader/LPCUSB/usbinit.o
 .glue_7        0x000182d0        0x0 ../Bootloader/LPCUSB/usbhw_lpc.o
 .glue_7        0x000182d0        0x0 ../Bootloader/LPCUSB/usbcontrol.o
 .glue_7        0x000182d0        0x0 ../Bootloader/LPCUSB/usbstdreq.o
 .glue_7        0x000182d0        0x0 c:/winarm/bin/../lib/gcc/arm-elf/4.1.1/../../../../arm-elf/lib/interwork\libc.a(malloc.o)
 .glue_7        0x000182d0        0x0 c:/winarm/bin/../lib/gcc/arm-elf/4.1.1/../../../../arm-elf/lib/interwork\libc.a(mallocr.o)
 .glue_7        0x000182d0        0x0 c:/winarm/bin/../lib/gcc/arm-elf/4.1.1/../../../../arm-elf/lib/interwork\libc.a(memcpy.o)
 .glue_7        0x000182d0        0x0 c:/winarm/bin/../lib/gcc/arm-elf/4.1.1/../../../../arm-elf/lib/interwork\libc.a(memset.o)
 .glue_7        0x000182d0        0x0 c:/winarm/bin/../lib/gcc/arm-elf/4.1.1/../../../../arm-elf/lib/interwork\libc.a(mlock.o)
 .glue_7        0x000182d0        0x0 c:/winarm/bin/../lib/gcc/arm-elf/4.1.1/../../../../arm-elf/lib/interwork\libc.a(strchr.o)
 .glue_7        0x000182d0        0x0 c:/winarm/bin/../lib/gcc/arm-elf/4.1.1/../../../../arm-elf/lib/interwork\libc.a(strcmp.o)
 .glue_7        0x000182d0        0x0 c:/winarm/bin/../lib/gcc/arm-elf/4.1.1/../../../../arm-elf/lib/interwork\libc.a(strlen.o)
 .glue_7        0x000182d0        0x0 c:/winarm/bin/../lib/gcc/arm-elf/4.1.1/../../../../arm-elf/lib/interwork\libc.a(strncmp.o)
 .glue_7        0x000182d0        0x0 c:/winarm/bin/../lib/gcc/arm-elf/4.1.1/../../../../arm-elf/lib/interwork\libc.a(strncpy.o)
 .glue_7        0x000182d0        0x0 c:/winarm/bin/../lib/gcc/arm-elf/4.1.1/../../../../arm-elf/lib/interwork\libc.a(strrchr.o)
 .glue_7        0x000182d0        0x0 c:/winarm/bin/../lib/gcc/arm-elf/4.1.1/../../../../arm-elf/lib/interwork\libc.a(freer.o)
 .glue_7        0x000182d0        0x0 c:/winarm/bin/../lib/gcc/arm-elf/4.1.1/../../../../arm-elf/lib/interwork\libc.a(impure.o)
 .glue_7        0x000182d0        0x0 c:/winarm/bin/../lib/gcc/arm-elf/4.1.1/interwork\libgcc.a(_udivsi3.o)
 .glue_7        0x000182d0        0x0 c:/winarm/bin/../lib/gcc/arm-elf/4.1.1/interwork\libgcc.a(_divsi3.o)
 .glue_7        0x000182d0        0x0 c:/winarm/bin/../lib/gcc/arm-elf/4.1.1/interwork\libgcc.a(_umodsi3.o)
 .glue_7        0x000182d0        0x0 c:/winarm/bin/../lib/gcc/arm-elf/4.1.1/interwork\libgcc.a(_modsi3.o)
 .glue_7        0x000182d0        0x0 c:/winarm/bin/../lib/gcc/arm-elf/4.1.1/interwork\libgcc.a(_dvmd_tls.o)
 *(.glue_7t)
 .glue_7t       0x000182d0        0x0 Startup.o
 .glue_7t       0x000182d0        0x0 main.o
 .glue_7t       0x000182d0        0x0 ../lib/syscalls.o
 .glue_7t       0x000182d0        0x0 ../lib/rprintf.o
 .glue_7t       0x000182d0        0x0 ../lib/serial.o
 .glue_7t       0x000182d0        0x0 ../lib/spi0.o
 .glue_7t       0x000182d0        0x0 ../lib/rootdir.o
 .glue_7t       0x000182d0        0x0 ../lib/sd_raw.o
 .glue_7t       0x000182d0        0x0 ../lib/fat16.o
 .glue_7t       0x000182d0        0x0 ../lib/partition.o
 .glue_7t       0x000182d0        0x0 ../lib/MMA7260.o
 .glue_7t       0x000182d0        0x0 ../lib/LCD_driver.o
 .glue_7t       0x000182d0        0x0 ../lib/vs1002.o
 .glue_7t       0x000182d0        0x0 ../lib/NS73.o
 .glue_7t       0x000182d0        0x0 ../Bootloader/LPCUSB/main_msc.o
 .glue_7t       0x000182d0        0x0 ../Bootloader/LPCUSB/msc_bot.o
 .glue_7t       0x000182d0        0x0 ../Bootloader/LPCUSB/msc_scsi.o
 .glue_7t       0x000182d0        0x0 ../Bootloader/LPCUSB/blockdev_sd.o
 .glue_7t       0x000182d0        0x0 ../Bootloader/LPCUSB/lpc2000_spi.o
 .glue_7t       0x000182d0        0x0 ../Bootloader/LPCUSB/usbinit.o
 .glue_7t       0x000182d0        0x0 ../Bootloader/LPCUSB/usbhw_lpc.o
 .glue_7t       0x000182d0        0x0 ../Bootloader/LPCUSB/usbcontrol.o
 .glue_7t       0x000182d0        0x0 ../Bootloader/LPCUSB/usbstdreq.o
 .glue_7t       0x000182d0        0x0 c:/winarm/bin/../lib/gcc/arm-elf/4.1.1/../../../../arm-elf/lib/interwork\libc.a(malloc.o)
 .glue_7t       0x000182d0        0x0 c:/winarm/bin/../lib/gcc/arm-elf/4.1.1/../../../../arm-elf/lib/interwork\libc.a(mallocr.o)
 .glue_7t       0x000182d0        0x0 c:/winarm/bin/../lib/gcc/arm-elf/4.1.1/../../../../arm-elf/lib/interwork\libc.a(memcpy.o)
 .glue_7t       0x000182d0        0x0 c:/winarm/bin/../lib/gcc/arm-elf/4.1.1/../../../../arm-elf/lib/interwork\libc.a(memset.o)
 .glue_7t       0x000182d0        0x0 c:/winarm/bin/../lib/gcc/arm-elf/4.1.1/../../../../arm-elf/lib/interwork\libc.a(mlock.o)
 .glue_7t       0x000182d0        0x0 c:/winarm/bin/../lib/gcc/arm-elf/4.1.1/../../../../arm-elf/lib/interwork\libc.a(strchr.o)
 .glue_7t       0x000182d0        0x0 c:/winarm/bin/../lib/gcc/arm-elf/4.1.1/../../../../arm-elf/lib/interwork\libc.a(strcmp.o)
 .glue_7t       0x000182d0        0x0 c:/winarm/bin/../lib/gcc/arm-elf/4.1.1/../../../../arm-elf/lib/interwork\libc.a(strlen.o)
 .glue_7t       0x000182d0        0x0 c:/winarm/bin/../lib/gcc/arm-elf/4.1.1/../../../../arm-elf/lib/interwork\libc.a(strncmp.o)
 .glue_7t       0x000182d0        0x0 c:/winarm/bin/../lib/gcc/arm-elf/4.1.1/../../../../arm-elf/lib/interwork\libc.a(strncpy.o)
 .glue_7t       0x000182d0        0x0 c:/winarm/bin/../lib/gcc/arm-elf/4.1.1/../../../../arm-elf/lib/interwork\libc.a(strrchr.o)
 .glue_7t       0x000182d0        0x0 c:/winarm/bin/../lib/gcc/arm-elf/4.1.1/../../../../arm-elf/lib/interwork\libc.a(freer.o)
 .glue_7t       0x000182d0        0x0 c:/winarm/bin/../lib/gcc/arm-elf/4.1.1/../../../../arm-elf/lib/interwork\libc.a(impure.o)
 .glue_7t       0x000182d0        0x0 c:/winarm/bin/../lib/gcc/arm-elf/4.1.1/interwork\libgcc.a(_udivsi3.o)
 .glue_7t       0x000182d0        0x0 c:/winarm/bin/../lib/gcc/arm-elf/4.1.1/interwork\libgcc.a(_divsi3.o)
 .glue_7t       0x000182d0        0x0 c:/winarm/bin/../lib/gcc/arm-elf/4.1.1/interwork\libgcc.a(_umodsi3.o)
 .glue_7t       0x000182d0        0x0 c:/winarm/bin/../lib/gcc/arm-elf/4.1.1/interwork\libgcc.a(_modsi3.o)
 .glue_7t       0x000182d0        0x0 c:/winarm/bin/../lib/gcc/arm-elf/4.1.1/interwork\libgcc.a(_dvmd_tls.o)
 *(.gcc_except_table)
 *(.rodata)
 .rodata        0x000182d0       0x78 main.o
                0x000182e8                NotFound
                0x0001833c                settings
                0x0001832c                radio_channel_menu
                0x0001830c                volume
                0x000182f8                USB
                0x00018314                contrast
                0x00018320                radio_power
                0x00018308                newline
                0x000182d0                welcome
 .rodata        0x00018348      0x63b ../lib/LCD_driver.o
 .rodata        0x00018983       0x36 ../Bootloader/LPCUSB/msc_scsi.o
 *fill*         0x000189b9        0x3 00
 .rodata        0x000189bc        0x4 c:/winarm/bin/../lib/gcc/arm-elf/4.1.1/../../../../arm-elf/lib/interwork\libc.a(impure.o)
                0x000189bc                _global_impure_ptr
 *(.rodata*)
 .rodata.str1.4
                0x000189c0       0x2f main.o
                                 0x30 (size before relaxing)
 *fill*         0x000189ef        0x1 00
 .rodata.str1.4
                0x000189f0      0x11c ../lib/rootdir.o
 .rodata.str1.4
                0x00018b0c       0x7c ../lib/sd_raw.o
 .rodata.str1.4
                0x00018b88       0x28 ../lib/fat16.o
 .rodata.str1.4
                0x00018bb0       0x34 ../Bootloader/LPCUSB/main_msc.o
 .rodata.str1.4
                0x00018be4      0x2a8 ../Bootloader/LPCUSB/blockdev_sd.o
                                0x2ac (size before relaxing)
 .rodata.str1.4
                0x00018e8c       0x14 ../Bootloader/LPCUSB/lpc2000_spi.o
 .rodata.str1.4
                0x00018ea0        0x4 c:/winarm/bin/../lib/gcc/arm-elf/4.1.1/../../../../arm-elf/lib/interwork\libc.a(impure.o)
 *(.gnu.linkonce.r.*)
                0x00018ea4                . = ALIGN (0x4)
                0x00018ea4                . = ALIGN (0x4)

.ctors          0x00018ea4        0x0
                0x00018ea4                PROVIDE (__ctors_start__, .)
 *(SORT(.ctors.*))
 *(.ctors)
                0x00018ea4                . = ALIGN (0x4)
                0x00018ea4                PROVIDE (__ctors_end__, .)
                0x00018ea4                . = ALIGN (0x4)

.dtors          0x00018ea4        0x0
                0x00018ea4                PROVIDE (__dtors_start__, .)
 *(SORT(.dtors.*))
 *(.dtors)
                0x00018ea4                . = ALIGN (0x4)
                0x00018ea4                PROVIDE (__dtors_end__, .)
                0x00018ea4                . = ALIGN (0x4)
                0x00018ea4                . = ALIGN (0x4)
                0x00018ea4                _etext = .
                0x00018ea4                PROVIDE (etext, .)

.data           0x40000000      0x894 load address 0x00018ea4
                0x40000000                _data = .
 *(.vectmapped)
                0x40000000                . = ALIGN (0x4)
 *(.fastrun)
                0x40000000                . = ALIGN (0x4)
                0x40000000                . = ALIGN (0x4)
 *(.data)
 .data          0x40000000        0x0 Startup.o
 .data          0x40000000        0x8 main.o
                0x40000000                volume_setting
                0x40000004                radio_channel
 .data          0x40000008        0x0 ../lib/syscalls.o
 .data          0x40000008        0x0 ../lib/rprintf.o
 .data          0x40000008        0x0 ../lib/serial.o
 .data          0x40000008        0x0 ../lib/spi0.o
 .data          0x40000008        0x0 ../lib/rootdir.o
 .data          0x40000008        0x0 ../lib/sd_raw.o
 .data          0x40000008        0x0 ../lib/fat16.o
 .data          0x40000008        0x0 ../lib/partition.o
 .data          0x40000008        0x0 ../lib/MMA7260.o
 .data          0x40000008        0x2 ../lib/LCD_driver.o
                0x40000009                black
                0x40000008                red
 .data          0x4000000a        0x0 ../lib/vs1002.o
 .data          0x4000000a        0x0 ../lib/NS73.o
 .data          0x4000000a       0x75 ../Bootloader/LPCUSB/main_msc.o
 .data          0x4000007f        0x0 ../Bootloader/LPCUSB/msc_bot.o
 .data          0x4000007f        0x0 ../Bootloader/LPCUSB/msc_scsi.o
 .data          0x4000007f        0x0 ../Bootloader/LPCUSB/blockdev_sd.o
 .data          0x4000007f        0x0 ../Bootloader/LPCUSB/lpc2000_spi.o
 .data          0x4000007f        0x0 ../Bootloader/LPCUSB/usbinit.o
 .data          0x4000007f        0x0 ../Bootloader/LPCUSB/usbhw_lpc.o
 .data          0x4000007f        0x0 ../Bootloader/LPCUSB/usbcontrol.o
 .data          0x4000007f        0x0 ../Bootloader/LPCUSB/usbstdreq.o
 .data          0x4000007f        0x0 c:/winarm/bin/../lib/gcc/arm-elf/4.1.1/../../../../arm-elf/lib/interwork\libc.a(malloc.o)
 *fill*         0x4000007f        0x1 00
 .data          0x40000080      0x410 c:/winarm/bin/../lib/gcc/arm-elf/4.1.1/../../../../arm-elf/lib/interwork\libc.a(mallocr.o)
                0x4000048c                __malloc_sbrk_base
                0x40000080                __malloc_av_
                0x40000488                __malloc_trim_threshold
 .data          0x40000490        0x0 c:/winarm/bin/../lib/gcc/arm-elf/4.1.1/../../../../arm-elf/lib/interwork\libc.a(memcpy.o)
 .data          0x40000490        0x0 c:/winarm/bin/../lib/gcc/arm-elf/4.1.1/../../../../arm-elf/lib/interwork\libc.a(memset.o)
 .data          0x40000490        0x0 c:/winarm/bin/../lib/gcc/arm-elf/4.1.1/../../../../arm-elf/lib/interwork\libc.a(mlock.o)
 .data          0x40000490        0x0 c:/winarm/bin/../lib/gcc/arm-elf/4.1.1/../../../../arm-elf/lib/interwork\libc.a(strchr.o)
 .data          0x40000490        0x0 c:/winarm/bin/../lib/gcc/arm-elf/4.1.1/../../../../arm-elf/lib/interwork\libc.a(strcmp.o)
 .data          0x40000490        0x0 c:/winarm/bin/../lib/gcc/arm-elf/4.1.1/../../../../arm-elf/lib/interwork\libc.a(strlen.o)
 .data          0x40000490        0x0 c:/winarm/bin/../lib/gcc/arm-elf/4.1.1/../../../../arm-elf/lib/interwork\libc.a(strncmp.o)
 .data          0x40000490        0x0 c:/winarm/bin/../lib/gcc/arm-elf/4.1.1/../../../../arm-elf/lib/interwork\libc.a(strncpy.o)
 .data          0x40000490        0x0 c:/winarm/bin/../lib/gcc/arm-elf/4.1.1/../../../../arm-elf/lib/interwork\libc.a(strrchr.o)
 .data          0x40000490        0x0 c:/winarm/bin/../lib/gcc/arm-elf/4.1.1/../../../../arm-elf/lib/interwork\libc.a(freer.o)
 .data          0x40000490      0x404 c:/winarm/bin/../lib/gcc/arm-elf/4.1.1/../../../../arm-elf/lib/interwork\libc.a(impure.o)
                0x40000490                _impure_ptr
 .data          0x40000894        0x0 c:/winarm/bin/../lib/gcc/arm-elf/4.1.1/interwork\libgcc.a(_udivsi3.o)
 .data          0x40000894        0x0 c:/winarm/bin/../lib/gcc/arm-elf/4.1.1/interwork\libgcc.a(_divsi3.o)
 .data          0x40000894        0x0 c:/winarm/bin/../lib/gcc/arm-elf/4.1.1/interwork\libgcc.a(_umodsi3.o)
 .data          0x40000894        0x0 c:/winarm/bin/../lib/gcc/arm-elf/4.1.1/interwork\libgcc.a(_modsi3.o)
 .data          0x40000894        0x0 c:/winarm/bin/../lib/gcc/arm-elf/4.1.1/interwork\libgcc.a(_dvmd_tls.o)
 *(.data.*)
 *(.gnu.linkonce.d*)
                0x40000894                . = ALIGN (0x4)
                0x40000894                . = ALIGN (0x4)
                0x40000894                _edata = .
                0x40000894                PROVIDE (edata, .)

.bss            0x40000894      0x9e0
                0x40000894                __bss_start = .
                0x40000894                __bss_start__ = .
 *(.bss)
 .bss           0x40000894        0x0 Startup.o
 .bss           0x40000894      0x480 main.o
                0x40000894                radio_enable
 .bss           0x40000d14        0x4 ../lib/syscalls.o
 .bss           0x40000d18        0x4 ../lib/rprintf.o
 .bss           0x40000d1c        0x0 ../lib/serial.o
 .bss           0x40000d1c        0x0 ../lib/spi0.o
 .bss           0x40000d1c        0x4 ../lib/rootdir.o
 .bss           0x40000d20      0x208 ../lib/sd_raw.o
 .bss           0x40000f28        0x0 ../lib/fat16.o
 .bss           0x40000f28        0x0 ../lib/partition.o
 .bss           0x40000f28        0x0 ../lib/MMA7260.o
 .bss           0x40000f28        0x3 ../lib/LCD_driver.o
                0x40000f28                white
 .bss           0x40000f2b        0x0 ../lib/vs1002.o
 .bss           0x40000f2b        0x0 ../lib/NS73.o
 .bss           0x40000f2b        0x4 ../Bootloader/LPCUSB/main_msc.o
 *fill*         0x40000f2f        0x1 00
 .bss           0x40000f30       0x40 ../Bootloader/LPCUSB/msc_bot.o
 .bss           0x40000f70      0x204 ../Bootloader/LPCUSB/msc_scsi.o
 .bss           0x40001174        0x0 ../Bootloader/LPCUSB/blockdev_sd.o
 .bss           0x40001174        0x0 ../Bootloader/LPCUSB/lpc2000_spi.o
 .bss           0x40001174        0x8 ../Bootloader/LPCUSB/usbinit.o
 .bss           0x4000117c       0x48 ../Bootloader/LPCUSB/usbhw_lpc.o
 .bss           0x400011c4       0x34 ../Bootloader/LPCUSB/usbcontrol.o
 .bss           0x400011f8        0xc ../Bootloader/LPCUSB/usbstdreq.o
 .bss           0x40001204        0x0 c:/winarm/bin/../lib/gcc/arm-elf/4.1.1/../../../../arm-elf/lib/interwork\libc.a(malloc.o)
 .bss           0x40001204       0x34 c:/winarm/bin/../lib/gcc/arm-elf/4.1.1/../../../../arm-elf/lib/interwork\libc.a(mallocr.o)
                0x40001204                __malloc_top_pad
                0x40001208                __malloc_max_sbrked_mem
                0x40001210                __malloc_current_mallinfo
                0x4000120c                __malloc_max_total_mem
 .bss           0x40001238        0x0 c:/winarm/bin/../lib/gcc/arm-elf/4.1.1/../../../../arm-elf/lib/interwork\libc.a(memcpy.o)
 .bss           0x40001238        0x0 c:/winarm/bin/../lib/gcc/arm-elf/4.1.1/../../../../arm-elf/lib/interwork\libc.a(memset.o)
 .bss           0x40001238        0x0 c:/winarm/bin/../lib/gcc/arm-elf/4.1.1/../../../../arm-elf/lib/interwork\libc.a(mlock.o)
 .bss           0x40001238        0x0 c:/winarm/bin/../lib/gcc/arm-elf/4.1.1/../../../../arm-elf/lib/interwork\libc.a(strchr.o)
 .bss           0x40001238        0x0 c:/winarm/bin/../lib/gcc/arm-elf/4.1.1/../../../../arm-elf/lib/interwork\libc.a(strcmp.o)
 .bss           0x40001238        0x0 c:/winarm/bin/../lib/gcc/arm-elf/4.1.1/../../../../arm-elf/lib/interwork\libc.a(strlen.o)
 .bss           0x40001238        0x0 c:/winarm/bin/../lib/gcc/arm-elf/4.1.1/../../../../arm-elf/lib/interwork\libc.a(strncmp.o)
 .bss           0x40001238        0x0 c:/winarm/bin/../lib/gcc/arm-elf/4.1.1/../../../../arm-elf/lib/interwork\libc.a(strncpy.o)
 .bss           0x40001238        0x0 c:/winarm/bin/../lib/gcc/arm-elf/4.1.1/../../../../arm-elf/lib/interwork\libc.a(strrchr.o)
 .bss           0x40001238        0x0 c:/winarm/bin/../lib/gcc/arm-elf/4.1.1/../../../../arm-elf/lib/interwork\libc.a(freer.o)
 .bss           0x40001238        0x0 c:/winarm/bin/../lib/gcc/arm-elf/4.1.1/../../../../arm-elf/lib/interwork\libc.a(impure.o)
 .bss           0x40001238        0x0 c:/winarm/bin/../lib/gcc/arm-elf/4.1.1/interwork\libgcc.a(_udivsi3.o)
 .bss           0x40001238        0x0 c:/winarm/bin/../lib/gcc/arm-elf/4.1.1/interwork\libgcc.a(_divsi3.o)
 .bss           0x40001238        0x0 c:/winarm/bin/../lib/gcc/arm-elf/4.1.1/interwork\libgcc.a(_umodsi3.o)
 .bss           0x40001238        0x0 c:/winarm/bin/../lib/gcc/arm-elf/4.1.1/interwork\libgcc.a(_modsi3.o)
 .bss           0x40001238        0x0 c:/winarm/bin/../lib/gcc/arm-elf/4.1.1/interwork\libgcc.a(_dvmd_tls.o)
 *(.gnu.linkonce.b*)
 *(COMMON)
 COMMON         0x40001238       0x3c ../lib/rootdir.o
                0x40001238                fs
                0x4000123c                dir_entry
                0x40001268                fd
                0x4000126c                partition
                0x40001270                dd
                0x40001274                . = ALIGN (0x4)
                0x40001274                . = ALIGN (0x4)
                0x40001274                __bss_end__ = .
                0x40001274                PROVIDE (__bss_end, .)

.stack          0x40001300      0xc00
 *(.stack)
 .stack         0x40001300      0xc00 Startup.o
                0x40001f00                PROVIDE (_stack, .)
                0x40001f00                . = ALIGN (0x4)
                0x40001f00                _end = .
                0x40001f00                PROVIDE (end, .)

.stab
 *(.stab)

.stabstr
 *(.stabstr)

.stab.excl
 *(.stab.excl)

.stab.exclstr
 *(.stab.exclstr)

.stab.index
 *(.stab.index)

.stab.indexstr
 *(.stab.indexstr)

.comment        0x00000000      0x3b1
 *(.comment)
 .comment       0x00000000       0x1b main.o
 .comment       0x0000001b       0x1b ../lib/syscalls.o
 .comment       0x00000036       0x1b ../lib/rprintf.o
 .comment       0x00000051       0x1b ../lib/serial.o
 .comment       0x0000006c       0x1b ../lib/spi0.o
 .comment       0x00000087       0x1b ../lib/rootdir.o
 .comment       0x000000a2       0x1b ../lib/sd_raw.o
 .comment       0x000000bd       0x1b ../lib/fat16.o
 .comment       0x000000d8       0x1b ../lib/partition.o
 .comment       0x000000f3       0x1b ../lib/MMA7260.o
 .comment       0x0000010e       0x1b ../lib/LCD_driver.o
 .comment       0x00000129       0x1b ../lib/vs1002.o
 .comment       0x00000144       0x1b ../lib/NS73.o
 .comment       0x0000015f       0x1b ../Bootloader/LPCUSB/main_msc.o
 .comment       0x0000017a       0x1b ../Bootloader/LPCUSB/msc_bot.o
 .comment       0x00000195       0x1b ../Bootloader/LPCUSB/msc_scsi.o
 .comment       0x000001b0       0x1b ../Bootloader/LPCUSB/blockdev_sd.o
 .comment       0x000001cb       0x1b ../Bootloader/LPCUSB/lpc2000_spi.o
 .comment       0x000001e6       0x1b ../Bootloader/LPCUSB/usbinit.o
 .comment       0x00000201       0x1b ../Bootloader/LPCUSB/usbhw_lpc.o
 .comment       0x0000021c       0x1b ../Bootloader/LPCUSB/usbcontrol.o
 .comment       0x00000237       0x1b ../Bootloader/LPCUSB/usbstdreq.o
 .comment       0x00000252       0x1b c:/winarm/bin/../lib/gcc/arm-elf/4.1.1/../../../../arm-elf/lib/interwork\libc.a(malloc.o)
 .comment       0x0000026d       0x1b c:/winarm/bin/../lib/gcc/arm-elf/4.1.1/../../../../arm-elf/lib/interwork\libc.a(mallocr.o)
 .comment       0x00000288       0x1b c:/winarm/bin/../lib/gcc/arm-elf/4.1.1/../../../../arm-elf/lib/interwork\libc.a(memcpy.o)
 .comment       0x000002a3       0x1b c:/winarm/bin/../lib/gcc/arm-elf/4.1.1/../../../../arm-elf/lib/interwork\libc.a(memset.o)
 .comment       0x000002be       0x1b c:/winarm/bin/../lib/gcc/arm-elf/4.1.1/../../../../arm-elf/lib/interwork\libc.a(mlock.o)
 .comment       0x000002d9       0x1b c:/winarm/bin/../lib/gcc/arm-elf/4.1.1/../../../../arm-elf/lib/interwork\libc.a(strchr.o)
 .comment       0x000002f4       0x1b c:/winarm/bin/../lib/gcc/arm-elf/4.1.1/../../../../arm-elf/lib/interwork\libc.a(strcmp.o)
 .comment       0x0000030f       0x1b c:/winarm/bin/../lib/gcc/arm-elf/4.1.1/../../../../arm-elf/lib/interwork\libc.a(strlen.o)
 .comment       0x0000032a       0x1b c:/winarm/bin/../lib/gcc/arm-elf/4.1.1/../../../../arm-elf/lib/interwork\libc.a(strncmp.o)
 .comment       0x00000345       0x1b c:/winarm/bin/../lib/gcc/arm-elf/4.1.1/../../../../arm-elf/lib/interwork\libc.a(strncpy.o)
 .comment       0x00000360       0x1b c:/winarm/bin/../lib/gcc/arm-elf/4.1.1/../../../../arm-elf/lib/interwork\libc.a(strrchr.o)
 .comment       0x0000037b       0x1b c:/winarm/bin/../lib/gcc/arm-elf/4.1.1/../../../../arm-elf/lib/interwork\libc.a(freer.o)
 .comment       0x00000396       0x1b c:/winarm/bin/../lib/gcc/arm-elf/4.1.1/../../../../arm-elf/lib/interwork\libc.a(impure.o)

.debug
 *(.debug)

.line
 *(.line)

.debug_srcinfo
 *(.debug_srcinfo)

.debug_sfnames
 *(.debug_sfnames)

.debug_aranges  0x00000000      0x388
 *(.debug_aranges)
 .debug_aranges
                0x00000000       0x28 Startup.o
 .debug_aranges
                0x00000028       0x20 main.o
 .debug_aranges
                0x00000048       0x20 ../lib/syscalls.o
 .debug_aranges
                0x00000068       0x20 ../lib/rprintf.o
 .debug_aranges
                0x00000088       0x20 ../lib/serial.o
 .debug_aranges
                0x000000a8       0x20 ../lib/spi0.o
 .debug_aranges
                0x000000c8       0x20 ../lib/rootdir.o
 .debug_aranges
                0x000000e8       0x20 ../lib/sd_raw.o
 .debug_aranges
                0x00000108       0x20 ../lib/fat16.o
 .debug_aranges
                0x00000128       0x20 ../lib/partition.o
 .debug_aranges
                0x00000148       0x20 ../lib/MMA7260.o
 .debug_aranges
                0x00000168       0x20 ../lib/LCD_driver.o
 .debug_aranges
                0x00000188       0x20 ../lib/vs1002.o
 .debug_aranges
                0x000001a8       0x20 ../lib/NS73.o
 .debug_aranges
                0x000001c8       0x20 ../Bootloader/LPCUSB/main_msc.o
 .debug_aranges
                0x000001e8       0x20 ../Bootloader/LPCUSB/msc_bot.o
 .debug_aranges
                0x00000208       0x20 ../Bootloader/LPCUSB/msc_scsi.o
 .debug_aranges
                0x00000228       0x20 ../Bootloader/LPCUSB/blockdev_sd.o
 .debug_aranges
                0x00000248       0x20 ../Bootloader/LPCUSB/lpc2000_spi.o
 .debug_aranges
                0x00000268       0x20 ../Bootloader/LPCUSB/usbinit.o
 .debug_aranges
                0x00000288       0x20 ../Bootloader/LPCUSB/usbhw_lpc.o
 .debug_aranges
                0x000002a8       0x20 ../Bootloader/LPCUSB/usbcontrol.o
 .debug_aranges
                0x000002c8       0x20 ../Bootloader/LPCUSB/usbstdreq.o
 .debug_aranges
                0x000002e8       0x20 c:/winarm/bin/../lib/gcc/arm-elf/4.1.1/interwork\libgcc.a(_udivsi3.o)
 .debug_aranges
                0x00000308       0x20 c:/winarm/bin/../lib/gcc/arm-elf/4.1.1/interwork\libgcc.a(_divsi3.o)
 .debug_aranges
                0x00000328       0x20 c:/winarm/bin/../lib/gcc/arm-elf/4.1.1/interwork\libgcc.a(_umodsi3.o)
 .debug_aranges
                0x00000348       0x20 c:/winarm/bin/../lib/gcc/arm-elf/4.1.1/interwork\libgcc.a(_modsi3.o)
 .debug_aranges
                0x00000368       0x20 c:/winarm/bin/../lib/gcc/arm-elf/4.1.1/interwork\libgcc.a(_dvmd_tls.o)

.debug_pubnames
                0x00000000      0xc21
 *(.debug_pubnames)
 .debug_pubnames
                0x00000000      0x1a7 main.o
 .debug_pubnames
                0x000001a7       0x69 ../lib/syscalls.o
 .debug_pubnames
                0x00000210       0x32 ../lib/rprintf.o
 .debug_pubnames
                0x00000242       0x7b ../lib/serial.o
 .debug_pubnames
                0x000002bd       0x41 ../lib/spi0.o
 .debug_pubnames
                0x000002fe      0x103 ../lib/rootdir.o
 .debug_pubnames
                0x00000401       0xc1 ../lib/sd_raw.o
 .debug_pubnames
                0x000004c2      0x1b1 ../lib/fat16.o
 .debug_pubnames
                0x00000673       0x39 ../lib/partition.o
 .debug_pubnames
                0x000006ac       0x50 ../lib/MMA7260.o
 .debug_pubnames
                0x000006fc       0x8e ../lib/LCD_driver.o
 .debug_pubnames
                0x0000078a       0xc2 ../lib/vs1002.o
 .debug_pubnames
                0x0000084c       0x62 ../lib/NS73.o
 .debug_pubnames
                0x000008ae       0x1f ../Bootloader/LPCUSB/main_msc.o
 .debug_pubnames
                0x000008cd       0x45 ../Bootloader/LPCUSB/msc_bot.o
 .debug_pubnames
                0x00000912       0x45 ../Bootloader/LPCUSB/msc_scsi.o
 .debug_pubnames
                0x00000957       0x5a ../Bootloader/LPCUSB/blockdev_sd.o
 .debug_pubnames
                0x000009b1       0x54 ../Bootloader/LPCUSB/lpc2000_spi.o
 .debug_pubnames
                0x00000a05       0x1e ../Bootloader/LPCUSB/usbinit.o
 .debug_pubnames
                0x00000a23      0x132 ../Bootloader/LPCUSB/usbhw_lpc.o
 .debug_pubnames
                0x00000b55       0x4d ../Bootloader/LPCUSB/usbcontrol.o
 .debug_pubnames
                0x00000ba2       0x7f ../Bootloader/LPCUSB/usbstdreq.o

.debug_info     0x00000000     0x63d2
 *(.debug_info .gnu.linkonce.wi.*)
 .debug_info    0x00000000       0x9a Startup.o
 .debug_info    0x0000009a      0x8dc main.o
 .debug_info    0x00000976      0xc8e ../lib/syscalls.o
 .debug_info    0x00001604      0x201 ../lib/rprintf.o
 .debug_info    0x00001805      0x133 ../lib/serial.o
 .debug_info    0x00001938       0xe7 ../lib/spi0.o
 .debug_info    0x00001a1f      0x554 ../lib/rootdir.o
 .debug_info    0x00001f73      0x693 ../lib/sd_raw.o
 .debug_info    0x00002606     0x1443 ../lib/fat16.o
 .debug_info    0x00003a49      0x28b ../lib/partition.o
 .debug_info    0x00003cd4      0x103 ../lib/MMA7260.o
 .debug_info    0x00003dd7      0x51a ../lib/LCD_driver.o
 .debug_info    0x000042f1      0x1cd ../lib/vs1002.o
 .debug_info    0x000044be      0x136 ../lib/NS73.o
 .debug_info    0x000045f4      0x1b1 ../Bootloader/LPCUSB/main_msc.o
 .debug_info    0x000047a5      0x3be ../Bootloader/LPCUSB/msc_bot.o
 .debug_info    0x00004b63      0x2e8 ../Bootloader/LPCUSB/msc_scsi.o
 .debug_info    0x00004e4b      0x368 ../Bootloader/LPCUSB/blockdev_sd.o
 .debug_info    0x000051b3      0x1d9 ../Bootloader/LPCUSB/lpc2000_spi.o
 .debug_info    0x0000538c       0xbc ../Bootloader/LPCUSB/usbinit.o
 .debug_info    0x00005448      0x601 ../Bootloader/LPCUSB/usbhw_lpc.o
 .debug_info    0x00005a49      0x2e2 ../Bootloader/LPCUSB/usbcontrol.o
 .debug_info    0x00005d2b      0x463 ../Bootloader/LPCUSB/usbstdreq.o
 .debug_info    0x0000618e       0x74 c:/winarm/bin/../lib/gcc/arm-elf/4.1.1/interwork\libgcc.a(_udivsi3.o)
 .debug_info    0x00006202       0x74 c:/winarm/bin/../lib/gcc/arm-elf/4.1.1/interwork\libgcc.a(_divsi3.o)
 .debug_info    0x00006276       0x74 c:/winarm/bin/../lib/gcc/arm-elf/4.1.1/interwork\libgcc.a(_umodsi3.o)
 .debug_info    0x000062ea       0x74 c:/winarm/bin/../lib/gcc/arm-elf/4.1.1/interwork\libgcc.a(_modsi3.o)
 .debug_info    0x0000635e       0x74 c:/winarm/bin/../lib/gcc/arm-elf/4.1.1/interwork\libgcc.a(_dvmd_tls.o)

.debug_abbrev   0x00000000     0x1f8c
 *(.debug_abbrev)
 .debug_abbrev  0x00000000       0x10 Startup.o
 .debug_abbrev  0x00000010      0x22d main.o
 .debug_abbrev  0x0000023d      0x1c5 ../lib/syscalls.o
 .debug_abbrev  0x00000402      0x144 ../lib/rprintf.o
 .debug_abbrev  0x00000546       0xbb ../lib/serial.o
 .debug_abbrev  0x00000601       0x8b ../lib/spi0.o
 .debug_abbrev  0x0000068c      0x16d ../lib/rootdir.o
 .debug_abbrev  0x000007f9      0x270 ../lib/sd_raw.o
 .debug_abbrev  0x00000a69      0x2fa ../lib/fat16.o
 .debug_abbrev  0x00000d63       0xd4 ../lib/partition.o
 .debug_abbrev  0x00000e37       0xa9 ../lib/MMA7260.o
 .debug_abbrev  0x00000ee0      0x1ce ../lib/LCD_driver.o
 .debug_abbrev  0x000010ae       0xc3 ../lib/vs1002.o
 .debug_abbrev  0x00001171       0xc1 ../lib/NS73.o
 .debug_abbrev  0x00001232       0xc7 ../Bootloader/LPCUSB/main_msc.o
 .debug_abbrev  0x000012f9      0x1e3 ../Bootloader/LPCUSB/msc_bot.o
 .debug_abbrev  0x000014dc      0x10f ../Bootloader/LPCUSB/msc_scsi.o
 .debug_abbrev  0x000015eb      0x1bd ../Bootloader/LPCUSB/blockdev_sd.o
 .debug_abbrev  0x000017a8      0x12f ../Bootloader/LPCUSB/lpc2000_spi.o
 .debug_abbrev  0x000018d7       0xa0 ../Bootloader/LPCUSB/usbinit.o
 .debug_abbrev  0x00001977      0x25b ../Bootloader/LPCUSB/usbhw_lpc.o
 .debug_abbrev  0x00001bd2      0x14c ../Bootloader/LPCUSB/usbcontrol.o
 .debug_abbrev  0x00001d1e      0x20a ../Bootloader/LPCUSB/usbstdreq.o
 .debug_abbrev  0x00001f28       0x14 c:/winarm/bin/../lib/gcc/arm-elf/4.1.1/interwork\libgcc.a(_udivsi3.o)
 .debug_abbrev  0x00001f3c       0x14 c:/winarm/bin/../lib/gcc/arm-elf/4.1.1/interwork\libgcc.a(_divsi3.o)
 .debug_abbrev  0x00001f50       0x14 c:/winarm/bin/../lib/gcc/arm-elf/4.1.1/interwork\libgcc.a(_umodsi3.o)
 .debug_abbrev  0x00001f64       0x14 c:/winarm/bin/../lib/gcc/arm-elf/4.1.1/interwork\libgcc.a(_modsi3.o)
 .debug_abbrev  0x00001f78       0x14 c:/winarm/bin/../lib/gcc/arm-elf/4.1.1/interwork\libgcc.a(_dvmd_tls.o)

.debug_line     0x00000000     0x1d7d
 *(.debug_line)
 .debug_line    0x00000000       0xa3 Startup.o
 .debug_line    0x000000a3      0x318 main.o
 .debug_line    0x000003bb      0x164 ../lib/syscalls.o
 .debug_line    0x0000051f       0xc8 ../lib/rprintf.o
 .debug_line    0x000005e7       0x63 ../lib/serial.o
 .debug_line    0x0000064a       0x4c ../lib/spi0.o
 .debug_line    0x00000696      0x157 ../lib/rootdir.o
 .debug_line    0x000007ed      0x22b ../lib/sd_raw.o
 .debug_line    0x00000a18      0x4ba ../lib/fat16.o
 .debug_line    0x00000ed2       0xcb ../lib/partition.o
 .debug_line    0x00000f9d       0x6c ../lib/MMA7260.o
 .debug_line    0x00001009      0x1d8 ../lib/LCD_driver.o
 .debug_line    0x000011e1       0xad ../lib/vs1002.o
 .debug_line    0x0000128e       0xc2 ../lib/NS73.o
 .debug_line    0x00001350       0x8d ../Bootloader/LPCUSB/main_msc.o
 .debug_line    0x000013dd      0x10e ../Bootloader/LPCUSB/msc_bot.o
 .debug_line    0x000014eb       0xd1 ../Bootloader/LPCUSB/msc_scsi.o
 .debug_line    0x000015bc      0x113 ../Bootloader/LPCUSB/blockdev_sd.o
 .debug_line    0x000016cf       0x9b ../Bootloader/LPCUSB/lpc2000_spi.o
 .debug_line    0x0000176a       0x66 ../Bootloader/LPCUSB/usbinit.o
 .debug_line    0x000017d0      0x181 ../Bootloader/LPCUSB/usbhw_lpc.o
 .debug_line    0x00001951       0xc8 ../Bootloader/LPCUSB/usbcontrol.o
 .debug_line    0x00001a19      0x102 ../Bootloader/LPCUSB/usbstdreq.o
 .debug_line    0x00001b1b       0x87 c:/winarm/bin/../lib/gcc/arm-elf/4.1.1/interwork\libgcc.a(_udivsi3.o)
 .debug_line    0x00001ba2       0x93 c:/winarm/bin/../lib/gcc/arm-elf/4.1.1/interwork\libgcc.a(_divsi3.o)
 .debug_line    0x00001c35       0x71 c:/winarm/bin/../lib/gcc/arm-elf/4.1.1/interwork\libgcc.a(_umodsi3.o)
 .debug_line    0x00001ca6       0x77 c:/winarm/bin/../lib/gcc/arm-elf/4.1.1/interwork\libgcc.a(_modsi3.o)
 .debug_line    0x00001d1d       0x60 c:/winarm/bin/../lib/gcc/arm-elf/4.1.1/interwork\libgcc.a(_dvmd_tls.o)

.debug_frame    0x00000000     0x1260
 *(.debug_frame)
 .debug_frame   0x00000000      0x1d8 main.o
 .debug_frame   0x000001d8       0x80 ../lib/syscalls.o
 .debug_frame   0x00000258       0x68 ../lib/rprintf.o
 .debug_frame   0x000002c0       0x80 ../lib/serial.o
 .debug_frame   0x00000340       0x48 ../lib/spi0.o
 .debug_frame   0x00000388      0x108 ../lib/rootdir.o
 .debug_frame   0x00000490      0x154 ../lib/sd_raw.o
 .debug_frame   0x000005e4      0x33c ../lib/fat16.o
 .debug_frame   0x00000920       0x4c ../lib/partition.o
 .debug_frame   0x0000096c       0x60 ../lib/MMA7260.o
 .debug_frame   0x000009cc      0x134 ../lib/LCD_driver.o
 .debug_frame   0x00000b00      0x104 ../lib/vs1002.o
 .debug_frame   0x00000c04       0x94 ../lib/NS73.o
 .debug_frame   0x00000c98       0x40 ../Bootloader/LPCUSB/main_msc.o
 .debug_frame   0x00000cd8       0xac ../Bootloader/LPCUSB/msc_bot.o
 .debug_frame   0x00000d84       0x64 ../Bootloader/LPCUSB/msc_scsi.o
 .debug_frame   0x00000de8       0xc8 ../Bootloader/LPCUSB/blockdev_sd.o
 .debug_frame   0x00000eb0       0x68 ../Bootloader/LPCUSB/lpc2000_spi.o
 .debug_frame   0x00000f18       0x38 ../Bootloader/LPCUSB/usbinit.o
 .debug_frame   0x00000f50      0x168 ../Bootloader/LPCUSB/usbhw_lpc.o
 .debug_frame   0x000010b8       0x8c ../Bootloader/LPCUSB/usbcontrol.o
 .debug_frame   0x00001144       0x6c ../Bootloader/LPCUSB/usbstdreq.o
 .debug_frame   0x000011b0       0x2c c:/winarm/bin/../lib/gcc/arm-elf/4.1.1/interwork\libgcc.a(_udivsi3.o)
 .debug_frame   0x000011dc       0x2c c:/winarm/bin/../lib/gcc/arm-elf/4.1.1/interwork\libgcc.a(_divsi3.o)
 .debug_frame   0x00001208       0x2c c:/winarm/bin/../lib/gcc/arm-elf/4.1.1/interwork\libgcc.a(_umodsi3.o)
 .debug_frame   0x00001234       0x2c c:/winarm/bin/../lib/gcc/arm-elf/4.1.1/interwork\libgcc.a(_modsi3.o)

.debug_str      0x00000000     0x1ef2
 *(.debug_str)
 .debug_str     0x00000000      0x3b3 main.o
                                0x42b (size before relaxing)
 .debug_str     0x000003b3      0x491 ../lib/syscalls.o
                                0x5fe (size before relaxing)
 .debug_str     0x00000844       0x99 ../lib/rprintf.o
                                0x1af (size before relaxing)
 .debug_str     0x000008dd       0x76 ../lib/serial.o
                                0x112 (size before relaxing)
 .debug_str     0x00000953       0x31 ../lib/spi0.o
                                0x13f (size before relaxing)
 .debug_str     0x00000984      0x246 ../lib/rootdir.o
                                0x3c3 (size before relaxing)
 .debug_str     0x00000bca      0x196 ../lib/sd_raw.o
                                0x374 (size before relaxing)
 .debug_str     0x00000d60      0x5ba ../lib/fat16.o
                                0x880 (size before relaxing)
 .debug_str     0x0000131a       0x47 ../lib/partition.o
                                0x224 (size before relaxing)
 .debug_str     0x00001361       0x49 ../lib/MMA7260.o
                                 0xe6 (size before relaxing)
 .debug_str     0x000013aa      0x107 ../lib/LCD_driver.o
                                0x248 (size before relaxing)
 .debug_str     0x000014b1       0xb5 ../lib/vs1002.o
                                0x186 (size before relaxing)
 .debug_str     0x00001566       0x8a ../lib/NS73.o
                                0x13c (size before relaxing)
 .debug_str     0x000015f0       0x9f ../Bootloader/LPCUSB/main_msc.o
                                0x1bb (size before relaxing)
 .debug_str     0x0000168f      0x17b ../Bootloader/LPCUSB/msc_bot.o
                                0x2b2 (size before relaxing)
 .debug_str     0x0000180a       0xf2 ../Bootloader/LPCUSB/msc_scsi.o
                                0x215 (size before relaxing)
 .debug_str     0x000018fc       0xc4 ../Bootloader/LPCUSB/blockdev_sd.o
                                0x20a (size before relaxing)
 .debug_str     0x000019c0       0x6c ../Bootloader/LPCUSB/lpc2000_spi.o
                                0x18d (size before relaxing)
 .debug_str     0x00001a2c       0x4e ../Bootloader/LPCUSB/usbinit.o
                                0x118 (size before relaxing)
 .debug_str     0x00001a7a      0x25a ../Bootloader/LPCUSB/usbhw_lpc.o
                                0x340 (size before relaxing)
 .debug_str     0x00001cd4       0xa9 ../Bootloader/LPCUSB/usbcontrol.o
                                0x20a (size before relaxing)
 .debug_str     0x00001d7d      0x175 ../Bootloader/LPCUSB/usbstdreq.o
                                0x29f (size before relaxing)

.debug_loc      0x00000000     0x3dab
 *(.debug_loc)
 .debug_loc     0x00000000      0x587 main.o
 .debug_loc     0x00000587       0x98 ../lib/syscalls.o
 .debug_loc     0x0000061f      0x2a4 ../lib/rprintf.o
 .debug_loc     0x000008c3       0xc9 ../lib/serial.o
 .debug_loc     0x0000098c       0x45 ../lib/spi0.o
 .debug_loc     0x000009d1      0x23f ../lib/rootdir.o
 .debug_loc     0x00000c10      0x5c8 ../lib/sd_raw.o
 .debug_loc     0x000011d8     0x1211 ../lib/fat16.o
 .debug_loc     0x000023e9      0x114 ../lib/partition.o
 .debug_loc     0x000024fd       0x13 ../lib/MMA7260.o
 .debug_loc     0x00002510      0x58e ../lib/LCD_driver.o
 .debug_loc     0x00002a9e      0x1e7 ../lib/vs1002.o
 .debug_loc     0x00002c85      0x126 ../lib/NS73.o
 .debug_loc     0x00002dab       0xae ../Bootloader/LPCUSB/main_msc.o
 .debug_loc     0x00002e59      0x263 ../Bootloader/LPCUSB/msc_bot.o
 .debug_loc     0x000030bc      0x1b8 ../Bootloader/LPCUSB/msc_scsi.o
 .debug_loc     0x00003274      0x2dc ../Bootloader/LPCUSB/blockdev_sd.o
 .debug_loc     0x00003550       0x45 ../Bootloader/LPCUSB/lpc2000_spi.o
 .debug_loc     0x00003595       0x1f ../Bootloader/LPCUSB/usbinit.o
 .debug_loc     0x000035b4      0x36d ../Bootloader/LPCUSB/usbhw_lpc.o
 .debug_loc     0x00003921      0x1cf ../Bootloader/LPCUSB/usbcontrol.o
 .debug_loc     0x00003af0      0x2bb ../Bootloader/LPCUSB/usbstdreq.o

.debug_macinfo
 *(.debug_macinfo)

.debug_weaknames
 *(.debug_weaknames)

.debug_funcnames
 *(.debug_funcnames)

.debug_typenames
 *(.debug_typenames)

.debug_varnames
 *(.debug_varnames)
OUTPUT(main.elf elf32-littlearm)

.debug_ranges   0x00000000      0x3b8
 .debug_ranges  0x00000000       0x78 main.o
 .debug_ranges  0x00000078       0x18 ../lib/rprintf.o
 .debug_ranges  0x00000090       0x48 ../lib/sd_raw.o
 .debug_ranges  0x000000d8      0x1a8 ../lib/fat16.o
 .debug_ranges  0x00000280       0x30 ../Bootloader/LPCUSB/msc_bot.o
 .debug_ranges  0x000002b0       0x18 ../Bootloader/LPCUSB/blockdev_sd.o
 .debug_ranges  0x000002c8       0x18 ../Bootloader/LPCUSB/lpc2000_spi.o
 .debug_ranges  0x000002e0       0x78 ../Bootloader/LPCUSB/usbhw_lpc.o
 .debug_ranges  0x00000358       0x60 ../Bootloader/LPCUSB/usbstdreq.o

Cross Reference Table

Symbol                                            File
BlockDevGetSize                                   ../Bootloader/LPCUSB/blockdev_sd.o
                                                  ../Bootloader/LPCUSB/msc_scsi.o
BlockDevInit                                      ../Bootloader/LPCUSB/blockdev_sd.o
                                                  ../Bootloader/LPCUSB/main_msc.o
BlockDevRead                                      ../Bootloader/LPCUSB/blockdev_sd.o
                                                  ../Bootloader/LPCUSB/msc_scsi.o
BlockDevWrite                                     ../Bootloader/LPCUSB/blockdev_sd.o
                                                  ../Bootloader/LPCUSB/msc_scsi.o
LCDClear                                          ../lib/LCD_driver.o
                                                  main.o
LCDContrast                                       ../lib/LCD_driver.o
LCDInit                                           ../lib/LCD_driver.o
                                                  main.o
LCDPrintLogo                                      ../lib/LCD_driver.o
                                                  main.o
LCDPrintString                                    ../lib/LCD_driver.o
                                                  main.o
LCDSetRowColor                                    ../lib/LCD_driver.o
                                                  main.o
MMA_change_mode                                   ../lib/MMA7260.o
MMA_get_x                                         ../lib/MMA7260.o
MMA_get_y                                         ../lib/MMA7260.o
                                                  main.o
MMA_get_z                                         ../lib/MMA7260.o
MSCBotBulkIn                                      ../Bootloader/LPCUSB/msc_bot.o
                                                  ../Bootloader/LPCUSB/main_msc.o
MSCBotBulkOut                                     ../Bootloader/LPCUSB/msc_bot.o
                                                  ../Bootloader/LPCUSB/main_msc.o
MSCBotReset                                       ../Bootloader/LPCUSB/msc_bot.o
                                                  ../Bootloader/LPCUSB/main_msc.o
NotFound                                          main.o
SCSIHandleCmd                                     ../Bootloader/LPCUSB/msc_scsi.o
                                                  ../Bootloader/LPCUSB/msc_bot.o
SCSIHandleData                                    ../Bootloader/LPCUSB/msc_scsi.o
                                                  ../Bootloader/LPCUSB/msc_bot.o
SCSIReset                                         ../Bootloader/LPCUSB/msc_scsi.o
                                                  ../Bootloader/LPCUSB/msc_bot.o
SDoff                                             ../lib/sd_raw.o
SPI0_recv                                         ../lib/spi0.o
                                                  ../lib/vs1002.o
SPI0_send                                         ../lib/spi0.o
                                                  ../lib/vs1002.o
SPI0_send_recv                                    ../lib/spi0.o
SPIInit                                           ../Bootloader/LPCUSB/lpc2000_spi.o
                                                  ../Bootloader/LPCUSB/blockdev_sd.o
SPIRecvN                                          ../Bootloader/LPCUSB/lpc2000_spi.o
                                                  ../Bootloader/LPCUSB/blockdev_sd.o
SPISend                                           ../Bootloader/LPCUSB/lpc2000_spi.o
                                                  ../Bootloader/LPCUSB/blockdev_sd.o
SPISendN                                          ../Bootloader/LPCUSB/lpc2000_spi.o
                                                  ../Bootloader/LPCUSB/blockdev_sd.o
SPISetSpeed                                       ../Bootloader/LPCUSB/lpc2000_spi.o
                                                  ../Bootloader/LPCUSB/blockdev_sd.o
USB                                               main.o
USBGetDescriptor                                  ../Bootloader/LPCUSB/usbstdreq.o
USBHandleControlTransfer                          ../Bootloader/LPCUSB/usbcontrol.o
                                                  ../Bootloader/LPCUSB/usbinit.o
USBHandleStandardRequest                          ../Bootloader/LPCUSB/usbstdreq.o
                                                  ../Bootloader/LPCUSB/usbinit.o
USBHwConfigDevice                                 ../Bootloader/LPCUSB/usbhw_lpc.o
                                                  ../Bootloader/LPCUSB/usbstdreq.o
USBHwConnect                                      ../Bootloader/LPCUSB/usbhw_lpc.o
                                                  ../Bootloader/LPCUSB/main_msc.o
USBHwEPConfig                                     ../Bootloader/LPCUSB/usbhw_lpc.o
                                                  ../Bootloader/LPCUSB/usbstdreq.o
                                                  ../Bootloader/LPCUSB/usbinit.o
USBHwEPGetStatus                                  ../Bootloader/LPCUSB/usbhw_lpc.o
                                                  ../Bootloader/LPCUSB/usbstdreq.o
USBHwEPRead                                       ../Bootloader/LPCUSB/usbhw_lpc.o
                                                  ../Bootloader/LPCUSB/usbcontrol.o
                                                  ../Bootloader/LPCUSB/msc_bot.o
USBHwEPStall                                      ../Bootloader/LPCUSB/usbhw_lpc.o
                                                  ../Bootloader/LPCUSB/usbstdreq.o
                                                  ../Bootloader/LPCUSB/usbcontrol.o
                                                  ../Bootloader/LPCUSB/msc_bot.o
USBHwEPWrite                                      ../Bootloader/LPCUSB/usbhw_lpc.o
                                                  ../Bootloader/LPCUSB/usbcontrol.o
                                                  ../Bootloader/LPCUSB/msc_bot.o
USBHwISR                                          ../Bootloader/LPCUSB/usbhw_lpc.o
                                                  ../Bootloader/LPCUSB/main_msc.o
USBHwInit                                         ../Bootloader/LPCUSB/usbhw_lpc.o
                                                  ../Bootloader/LPCUSB/usbinit.o
USBHwNakIntEnable                                 ../Bootloader/LPCUSB/usbhw_lpc.o
                                                  ../Bootloader/LPCUSB/main_msc.o
USBHwRegisterDevIntHandler                        ../Bootloader/LPCUSB/usbhw_lpc.o
                                                  ../Bootloader/LPCUSB/usbinit.o
USBHwRegisterEPIntHandler                         ../Bootloader/LPCUSB/usbhw_lpc.o
                                                  ../Bootloader/LPCUSB/usbinit.o
                                                  ../Bootloader/LPCUSB/main_msc.o
USBHwRegisterFrameHandler                         ../Bootloader/LPCUSB/usbhw_lpc.o
USBHwSetAddress                                   ../Bootloader/LPCUSB/usbhw_lpc.o
                                                  ../Bootloader/LPCUSB/usbstdreq.o
USBInit                                           ../Bootloader/LPCUSB/usbinit.o
                                                  ../Bootloader/LPCUSB/main_msc.o
USBRegisterCustomReqHandler                       ../Bootloader/LPCUSB/usbstdreq.o
USBRegisterDescriptors                            ../Bootloader/LPCUSB/usbstdreq.o
                                                  ../Bootloader/LPCUSB/main_msc.o
USBRegisterRequestHandler                         ../Bootloader/LPCUSB/usbcontrol.o
                                                  ../Bootloader/LPCUSB/usbinit.o
                                                  ../Bootloader/LPCUSB/main_msc.o
__IRQ_Wrapper                                     Startup.o
__aeabi_idiv                                      c:/winarm/bin/../lib/gcc/arm-elf/4.1.1/interwork\libgcc.a(_divsi3.o)
__aeabi_idiv0                                     c:/winarm/bin/../lib/gcc/arm-elf/4.1.1/interwork\libgcc.a(_dvmd_tls.o)
__aeabi_idivmod                                   c:/winarm/bin/../lib/gcc/arm-elf/4.1.1/interwork\libgcc.a(_divsi3.o)
__aeabi_ldiv0                                     c:/winarm/bin/../lib/gcc/arm-elf/4.1.1/interwork\libgcc.a(_dvmd_tls.o)
__aeabi_uidiv                                     c:/winarm/bin/../lib/gcc/arm-elf/4.1.1/interwork\libgcc.a(_udivsi3.o)
__aeabi_uidivmod                                  c:/winarm/bin/../lib/gcc/arm-elf/4.1.1/interwork\libgcc.a(_udivsi3.o)
__bss_end__                                       Startup.o
__bss_start__                                     Startup.o
__ctors_end__                                     Startup.o
__ctors_start__                                   Startup.o
__div0                                            c:/winarm/bin/../lib/gcc/arm-elf/4.1.1/interwork\libgcc.a(_dvmd_tls.o)
                                                  c:/winarm/bin/../lib/gcc/arm-elf/4.1.1/interwork\libgcc.a(_modsi3.o)
                                                  c:/winarm/bin/../lib/gcc/arm-elf/4.1.1/interwork\libgcc.a(_umodsi3.o)
                                                  c:/winarm/bin/../lib/gcc/arm-elf/4.1.1/interwork\libgcc.a(_divsi3.o)
                                                  c:/winarm/bin/../lib/gcc/arm-elf/4.1.1/interwork\libgcc.a(_udivsi3.o)
__divsi3                                          c:/winarm/bin/../lib/gcc/arm-elf/4.1.1/interwork\libgcc.a(_divsi3.o)
                                                  ../lib/LCD_driver.o
                                                  ../lib/fat16.o
                                                  main.o
__exit_ARM                                        Startup.o
__exit_THUMB                                      Startup.o
__malloc_av_                                      c:/winarm/bin/../lib/gcc/arm-elf/4.1.1/../../../../arm-elf/lib/interwork\libc.a(mallocr.o)
                                                  c:/winarm/bin/../lib/gcc/arm-elf/4.1.1/../../../../arm-elf/lib/interwork\libc.a(freer.o)
__malloc_current_mallinfo                         c:/winarm/bin/../lib/gcc/arm-elf/4.1.1/../../../../arm-elf/lib/interwork\libc.a(mallocr.o)
                                                  c:/winarm/bin/../lib/gcc/arm-elf/4.1.1/../../../../arm-elf/lib/interwork\libc.a(freer.o)
__malloc_lock                                     c:/winarm/bin/../lib/gcc/arm-elf/4.1.1/../../../../arm-elf/lib/interwork\libc.a(mlock.o)
                                                  c:/winarm/bin/../lib/gcc/arm-elf/4.1.1/../../../../arm-elf/lib/interwork\libc.a(freer.o)
                                                  c:/winarm/bin/../lib/gcc/arm-elf/4.1.1/../../../../arm-elf/lib/interwork\libc.a(mallocr.o)
__malloc_max_sbrked_mem                           c:/winarm/bin/../lib/gcc/arm-elf/4.1.1/../../../../arm-elf/lib/interwork\libc.a(mallocr.o)
__malloc_max_total_mem                            c:/winarm/bin/../lib/gcc/arm-elf/4.1.1/../../../../arm-elf/lib/interwork\libc.a(mallocr.o)
__malloc_sbrk_base                                c:/winarm/bin/../lib/gcc/arm-elf/4.1.1/../../../../arm-elf/lib/interwork\libc.a(mallocr.o)
                                                  c:/winarm/bin/../lib/gcc/arm-elf/4.1.1/../../../../arm-elf/lib/interwork\libc.a(freer.o)
__malloc_top_pad                                  c:/winarm/bin/../lib/gcc/arm-elf/4.1.1/../../../../arm-elf/lib/interwork\libc.a(mallocr.o)
                                                  c:/winarm/bin/../lib/gcc/arm-elf/4.1.1/../../../../arm-elf/lib/interwork\libc.a(freer.o)
__malloc_trim_threshold                           c:/winarm/bin/../lib/gcc/arm-elf/4.1.1/../../../../arm-elf/lib/interwork\libc.a(mallocr.o)
                                                  c:/winarm/bin/../lib/gcc/arm-elf/4.1.1/../../../../arm-elf/lib/interwork\libc.a(freer.o)
__malloc_unlock                                   c:/winarm/bin/../lib/gcc/arm-elf/4.1.1/../../../../arm-elf/lib/interwork\libc.a(mlock.o)
                                                  c:/winarm/bin/../lib/gcc/arm-elf/4.1.1/../../../../arm-elf/lib/interwork\libc.a(freer.o)
                                                  c:/winarm/bin/../lib/gcc/arm-elf/4.1.1/../../../../arm-elf/lib/interwork\libc.a(mallocr.o)
__modsi3                                          c:/winarm/bin/../lib/gcc/arm-elf/4.1.1/interwork\libgcc.a(_modsi3.o)
                                                  ../lib/LCD_driver.o
                                                  main.o
__startup                                         Startup.o
__udivsi3                                         c:/winarm/bin/../lib/gcc/arm-elf/4.1.1/interwork\libgcc.a(_udivsi3.o)
                                                  ../lib/fat16.o
                                                  ../lib/serial.o
                                                  ../lib/rprintf.o
__umodsi3                                         c:/winarm/bin/../lib/gcc/arm-elf/4.1.1/interwork\libgcc.a(_umodsi3.o)
                                                  ../lib/fat16.o
                                                  ../lib/rprintf.o
_close_r                                          ../lib/syscalls.o
_data                                             Startup.o
_edata                                            Startup.o
_etext                                            Startup.o
_free_r                                           c:/winarm/bin/../lib/gcc/arm-elf/4.1.1/../../../../arm-elf/lib/interwork\libc.a(freer.o)
                                                  c:/winarm/bin/../lib/gcc/arm-elf/4.1.1/../../../../arm-elf/lib/interwork\libc.a(mallocr.o)
                                                  c:/winarm/bin/../lib/gcc/arm-elf/4.1.1/../../../../arm-elf/lib/interwork\libc.a(malloc.o)
_fstat_r                                          ../lib/syscalls.o
_global_impure_ptr                                c:/winarm/bin/../lib/gcc/arm-elf/4.1.1/../../../../arm-elf/lib/interwork\libc.a(impure.o)
_impure_ptr                                       c:/winarm/bin/../lib/gcc/arm-elf/4.1.1/../../../../arm-elf/lib/interwork\libc.a(impure.o)
                                                  c:/winarm/bin/../lib/gcc/arm-elf/4.1.1/../../../../arm-elf/lib/interwork\libc.a(malloc.o)
_lseek_r                                          ../lib/syscalls.o
_malloc_r                                         c:/winarm/bin/../lib/gcc/arm-elf/4.1.1/../../../../arm-elf/lib/interwork\libc.a(mallocr.o)
                                                  c:/winarm/bin/../lib/gcc/arm-elf/4.1.1/../../../../arm-elf/lib/interwork\libc.a(malloc.o)
_malloc_trim_r                                    c:/winarm/bin/../lib/gcc/arm-elf/4.1.1/../../../../arm-elf/lib/interwork\libc.a(freer.o)
_read_r                                           ../lib/syscalls.o
_sbrk_r                                           ../lib/syscalls.o
                                                  c:/winarm/bin/../lib/gcc/arm-elf/4.1.1/../../../../arm-elf/lib/interwork\libc.a(freer.o)
                                                  c:/winarm/bin/../lib/gcc/arm-elf/4.1.1/../../../../arm-elf/lib/interwork\libc.a(mallocr.o)
_write_r                                          ../lib/syscalls.o
black                                             ../lib/LCD_driver.o
                                                  main.o
bootUp                                            main.o
closeSong                                         main.o
contrast                                          main.o
dd                                                ../lib/rootdir.o
delay_ms                                          main.o
                                                  ../lib/NS73.o
                                                  ../lib/vs1002.o
                                                  ../lib/LCD_driver.o
                                                  ../lib/rprintf.o
dir_entry                                         ../lib/rootdir.o
end                                               ../lib/syscalls.o
fat16_close                                       ../lib/fat16.o
fat16_close_dir                                   ../lib/fat16.o
fat16_close_file                                  ../lib/fat16.o
                                                  main.o
fat16_create_file                                 ../lib/fat16.o
                                                  ../lib/rootdir.o
fat16_delete_file                                 ../lib/fat16.o
                                                  ../lib/rootdir.o
fat16_file_size                                   ../lib/fat16.o
                                                  main.o
fat16_get_dir_entry_of_path                       ../lib/fat16.o
                                                  ../lib/rootdir.o
fat16_get_fs_free                                 ../lib/fat16.o
                                                  ../lib/rootdir.o
fat16_get_fs_size                                 ../lib/fat16.o
                                                  ../lib/rootdir.o
fat16_open                                        ../lib/fat16.o
                                                  ../lib/rootdir.o
fat16_open_dir                                    ../lib/fat16.o
                                                  ../lib/rootdir.o
fat16_open_file                                   ../lib/fat16.o
fat16_read_dir                                    ../lib/fat16.o
                                                  ../lib/rootdir.o
fat16_read_file                                   ../lib/fat16.o
                                                  main.o
fat16_reset_dir                                   ../lib/fat16.o
                                                  ../lib/rootdir.o
fat16_resize_file                                 ../lib/fat16.o
fat16_seek_file                                   ../lib/fat16.o
fat16_write_file                                  ../lib/fat16.o
fd                                                ../lib/rootdir.o
fillSettings                                      main.o
find_file_in_dir                                  ../lib/fat16.o
                                                  ../lib/rootdir.o
format_card                                       ../lib/sd_raw.o
free                                              c:/winarm/bin/../lib/gcc/arm-elf/4.1.1/../../../../arm-elf/lib/interwork\libc.a(malloc.o)
                                                  ../lib/partition.o
                                                  ../lib/fat16.o
fs                                                ../lib/rootdir.o
getButton                                         main.o
getNewFiles                                       main.o
getc0                                             ../lib/serial.o
getkey_serial0                                    ../lib/serial.o
handleDownButton                                  main.o
handleMiddleButton                                main.o
handleUpButton                                    main.o
highlightRow                                      main.o
init_serial0                                      ../lib/serial.o
isatty                                            ../lib/syscalls.o
loadSongInfo                                      main.o
main                                              main.o
                                                  Startup.o
main_msc                                          ../Bootloader/LPCUSB/main_msc.o
                                                  main.o
malloc                                            c:/winarm/bin/../lib/gcc/arm-elf/4.1.1/../../../../arm-elf/lib/interwork\libc.a(malloc.o)
                                                  ../lib/partition.o
                                                  ../lib/fat16.o
memcpy                                            c:/winarm/bin/../lib/gcc/arm-elf/4.1.1/../../../../arm-elf/lib/interwork\libc.a(memcpy.o)
                                                  ../Bootloader/LPCUSB/msc_scsi.o
                                                  ../lib/fat16.o
                                                  ../lib/sd_raw.o
memset                                            c:/winarm/bin/../lib/gcc/arm-elf/4.1.1/../../../../arm-elf/lib/interwork\libc.a(memset.o)
                                                  ../lib/partition.o
                                                  ../lib/fat16.o
                                                  ../lib/sd_raw.o
newline                                           main.o
ns73Config                                        ../lib/NS73.o
                                                  main.o
ns73Init                                          ../lib/NS73.o
                                                  main.o
ns73Send                                          ../lib/NS73.o
                                                  main.o
ns73SerialReset                                   ../lib/NS73.o
ns73SetChannel                                    ../lib/NS73.o
                                                  main.o
open_file_in_dir                                  ../lib/fat16.o
                                                  ../lib/rootdir.o
openroot                                          ../lib/rootdir.o
                                                  main.o
partition                                         ../lib/rootdir.o
partition_close                                   ../lib/partition.o
partition_open                                    ../lib/partition.o
                                                  ../lib/rootdir.o
printMenu                                         main.o
print_disk_info                                   ../lib/rootdir.o
putc_serial0                                      ../lib/serial.o
                                                  main.o
putchar_serial0                                   ../lib/serial.o
putstring_serial0                                 ../lib/serial.o
quickClear                                        main.o
radio_channel                                     main.o
radio_channel_menu                                main.o
radio_enable                                      main.o
radio_power                                       main.o
red                                               ../lib/LCD_driver.o
reset                                             main.o
rootDirectory_files                               ../lib/rootdir.o
                                                  main.o
rootDirectory_files_stream                        ../lib/rootdir.o
                                                  main.o
root_delete                                       ../lib/rootdir.o
root_disk_info                                    ../lib/rootdir.o
root_file_exists                                  ../lib/rootdir.o
                                                  main.o
root_format                                       ../lib/rootdir.o
root_open                                         ../lib/rootdir.o
                                                  main.o
root_open_new                                     ../lib/rootdir.o
rprintf                                           ../lib/rprintf.o
                                                  ../Bootloader/LPCUSB/lpc2000_spi.o
                                                  ../Bootloader/LPCUSB/blockdev_sd.o
                                                  ../Bootloader/LPCUSB/main_msc.o
                                                  ../lib/fat16.o
                                                  ../lib/sd_raw.o
                                                  ../lib/rootdir.o
                                                  main.o
rprintf_devopen                                   ../lib/rprintf.o
                                                  main.o
sd_raw_available                                  ../lib/sd_raw.o
sd_raw_get_info                                   ../lib/sd_raw.o
                                                  ../lib/rootdir.o
sd_raw_init                                       ../lib/sd_raw.o
                                                  main.o
sd_raw_locked                                     ../lib/sd_raw.o
sd_raw_read                                       ../lib/sd_raw.o
                                                  ../lib/rootdir.o
sd_raw_read_interval                              ../lib/sd_raw.o
                                                  ../lib/rootdir.o
sd_raw_sync                                       ../lib/sd_raw.o
sd_raw_write                                      ../lib/sd_raw.o
                                                  ../lib/rootdir.o
settings                                          main.o
strchr                                            c:/winarm/bin/../lib/gcc/arm-elf/4.1.1/../../../../arm-elf/lib/interwork\libc.a(strchr.o)
                                                  c:/winarm/bin/../lib/gcc/arm-elf/4.1.1/../../../../arm-elf/lib/interwork\libc.a(strrchr.o)
                                                  ../lib/fat16.o
strcmp                                            c:/winarm/bin/../lib/gcc/arm-elf/4.1.1/../../../../arm-elf/lib/interwork\libc.a(strcmp.o)
                                                  ../lib/fat16.o
strlen                                            c:/winarm/bin/../lib/gcc/arm-elf/4.1.1/../../../../arm-elf/lib/interwork\libc.a(strlen.o)
                                                  ../lib/fat16.o
strncmp                                           c:/winarm/bin/../lib/gcc/arm-elf/4.1.1/../../../../arm-elf/lib/interwork\libc.a(strncmp.o)
                                                  ../lib/fat16.o
strncpy                                           c:/winarm/bin/../lib/gcc/arm-elf/4.1.1/../../../../arm-elf/lib/interwork\libc.a(strncpy.o)
                                                  ../lib/fat16.o
strrchr                                           c:/winarm/bin/../lib/gcc/arm-elf/4.1.1/../../../../arm-elf/lib/interwork\libc.a(strrchr.o)
                                                  ../lib/fat16.o
volume                                            main.o
volume_setting                                    main.o
vs1002Config                                      ../lib/vs1002.o
                                                  main.o
vs1002Finish                                      ../lib/vs1002.o
                                                  main.o
vs1002Init                                        ../lib/vs1002.o
                                                  main.o
vs1002Mute                                        ../lib/vs1002.o
vs1002Reset                                       ../lib/vs1002.o
                                                  main.o
vs1002SCIRead                                     ../lib/vs1002.o
vs1002SCIWrite                                    ../lib/vs1002.o
                                                  main.o
vs1002SendMusic                                   ../lib/vs1002.o
                                                  main.o
vs1002SetVolume                                   ../lib/vs1002.o
                                                  main.o
vs1002SineTest                                    ../lib/vs1002.o
welcome                                           main.o
white                                             ../lib/LCD_driver.o
                                                  main.o
