Archive member included because of file (symbol)

/opt/local/lib/gcc/arm-elf/4.3.2/../../../../arm-elf/lib/libc.a(lib_a-malloc.o)
                              ../lib/fat16.o (free)
/opt/local/lib/gcc/arm-elf/4.3.2/../../../../arm-elf/lib/libc.a(lib_a-mallocr.o)
                              /opt/local/lib/gcc/arm-elf/4.3.2/../../../../arm-elf/lib/libc.a(lib_a-malloc.o) (_malloc_r)
/opt/local/lib/gcc/arm-elf/4.3.2/../../../../arm-elf/lib/libc.a(lib_a-memcpy.o)
                              ../lib/sd_raw.o (memcpy)
/opt/local/lib/gcc/arm-elf/4.3.2/../../../../arm-elf/lib/libc.a(lib_a-memset.o)
                              ../lib/sd_raw.o (memset)
/opt/local/lib/gcc/arm-elf/4.3.2/../../../../arm-elf/lib/libc.a(lib_a-mlock.o)
                              /opt/local/lib/gcc/arm-elf/4.3.2/../../../../arm-elf/lib/libc.a(lib_a-mallocr.o) (__malloc_lock)
/opt/local/lib/gcc/arm-elf/4.3.2/../../../../arm-elf/lib/libc.a(lib_a-strchr.o)
                              ../lib/fat16.o (strchr)
/opt/local/lib/gcc/arm-elf/4.3.2/../../../../arm-elf/lib/libc.a(lib_a-strcmp.o)
                              ../lib/fat16.o (strcmp)
/opt/local/lib/gcc/arm-elf/4.3.2/../../../../arm-elf/lib/libc.a(lib_a-strlen.o)
                              ../lib/fat16.o (strlen)
/opt/local/lib/gcc/arm-elf/4.3.2/../../../../arm-elf/lib/libc.a(lib_a-strncmp.o)
                              ../lib/fat16.o (strncmp)
/opt/local/lib/gcc/arm-elf/4.3.2/../../../../arm-elf/lib/libc.a(lib_a-strncpy.o)
                              ../lib/fat16.o (strncpy)
/opt/local/lib/gcc/arm-elf/4.3.2/../../../../arm-elf/lib/libc.a(lib_a-strrchr.o)
                              ../lib/fat16.o (strrchr)
/opt/local/lib/gcc/arm-elf/4.3.2/../../../../arm-elf/lib/libc.a(lib_a-freer.o)
                              /opt/local/lib/gcc/arm-elf/4.3.2/../../../../arm-elf/lib/libc.a(lib_a-malloc.o) (_free_r)
/opt/local/lib/gcc/arm-elf/4.3.2/../../../../arm-elf/lib/libc.a(lib_a-impure.o)
                              /opt/local/lib/gcc/arm-elf/4.3.2/../../../../arm-elf/lib/libc.a(lib_a-malloc.o) (_impure_ptr)
/opt/local/lib/gcc/arm-elf/4.3.2/libgcc.a(_udivsi3.o)
                              ../lib/rprintf.o (__udivsi3)
/opt/local/lib/gcc/arm-elf/4.3.2/libgcc.a(_divsi3.o)
                              main.o (__divsi3)
/opt/local/lib/gcc/arm-elf/4.3.2/libgcc.a(_umodsi3.o)
                              ../lib/rprintf.o (__umodsi3)
/opt/local/lib/gcc/arm-elf/4.3.2/libgcc.a(_modsi3.o)
                              main.o (__modsi3)
/opt/local/lib/gcc/arm-elf/4.3.2/libgcc.a(_dvmd_tls.o)
                              /opt/local/lib/gcc/arm-elf/4.3.2/libgcc.a(_udivsi3.o) (__div0)

Allocating common symbols
Common symbol       size              file

fs                  0x4               ../lib/rootdir.o
dir_entry           0x2c              ../lib/rootdir.o
fd                  0x4               ../lib/rootdir.o
partition           0x4               ../lib/rootdir.o
dd                  0x4               ../lib/rootdir.o

Memory Configuration

Name             Origin             Length             Attributes
ROM              0x00010000         0x0005f000         xr
RAM              0x40000000         0x00008000         rw
*default*        0x00000000         0xffffffff

Linker script and memory map

LOAD Startup.o
LOAD main.o
LOAD ../lib/syscalls.o
LOAD ../lib/rprintf.o
LOAD ../lib/serial.o
LOAD ../lib/spi0.o
LOAD ../lib/rootdir.o
LOAD ../lib/sd_raw.o
LOAD ../lib/fat16.o
LOAD ../lib/partition.o
LOAD ../lib/MMA7260.o
LOAD ../lib/LCD_driver.o
LOAD ../lib/vs1002.o
LOAD ../lib/NS73.o
LOAD ../Bootloader/LPCUSB/main_msc.o
LOAD ../Bootloader/LPCUSB/msc_bot.o
LOAD ../Bootloader/LPCUSB/msc_scsi.o
LOAD ../Bootloader/LPCUSB/blockdev_sd.o
LOAD ../Bootloader/LPCUSB/lpc2000_spi.o
LOAD ../Bootloader/LPCUSB/usbinit.o
LOAD ../Bootloader/LPCUSB/usbhw_lpc.o
LOAD ../Bootloader/LPCUSB/usbcontrol.o
LOAD ../Bootloader/LPCUSB/usbstdreq.o
LOAD /opt/local/lib/gcc/arm-elf/4.3.2/../../../../arm-elf/lib/libc.a
LOAD /opt/local/lib/gcc/arm-elf/4.3.2/../../../../arm-elf/lib/libm.a
LOAD /opt/local/lib/gcc/arm-elf/4.3.2/../../../../arm-elf/lib/libc.a
LOAD /opt/local/lib/gcc/arm-elf/4.3.2/libgcc.a
START GROUP
LOAD /opt/local/lib/gcc/arm-elf/4.3.2/libgcc.a
LOAD /opt/local/lib/gcc/arm-elf/4.3.2/../../../../arm-elf/lib/libg.a
LOAD /opt/local/lib/gcc/arm-elf/4.3.2/../../../../arm-elf/lib/libc.a
END GROUP

.text           0x00010000     0x93d4
 *(.vectorg)
 .vectorg       0x00010000       0x98 Startup.o
                0x00010050                __IRQ_Wrapper
                0x00010098                . = ALIGN (0x4)
 *(.init)
 .init          0x00010098       0xfc Startup.o
                0x00010164                __exit_THUMB
                0x00010098                __startup
                0x00010160                __exit_ARM
 *(.text .text.*)
 .text          0x00010194        0x0 Startup.o
 .text          0x00010194     0x1694 main.o
                0x00010f94                bootUp
                0x000108d4                handleMiddleButton
                0x000103a4                reset
                0x0001056c                highlightRow
                0x000106c4                handleUpButton
                0x000101f8                getNewFiles
                0x00010648                handleDownButton
                0x00011248                main
                0x00010194                delay_ms
                0x000102dc                fillSettings
                0x000104a0                printMenu
                0x000107c4                closeSong
                0x000101bc                getButton
                0x000107fc                loadSongInfo
                0x000103d4                quickClear
 .text          0x00011828       0x64 ../lib/syscalls.o
                0x00011840                _lseek_r
                0x00011848                _fstat_r
                0x00011858                isatty
                0x00011860                _sbrk_r
                0x00011828                _read_r
                0x00011838                _close_r
                0x00011830                _write_r
 .text          0x0001188c      0x2c8 ../lib/rprintf.o
                0x0001188c                rprintf_devopen
                0x000118dc                rprintf
 .text          0x00011b54      0x114 ../lib/serial.o
                0x00011c30                getkey_serial0
                0x00011c08                putstring_serial0
                0x00011c4c                getc0
                0x00011b54                init_serial0
                0x00011ba8                putchar_serial0
                0x00011be8                putc_serial0
 .text          0x00011c68       0x4c ../lib/spi0.o
                0x00011c98                SPI0_recv
                0x00011c68                SPI0_send_recv
                0x00011cac                SPI0_send
 .text          0x00011cb4      0x484 ../lib/rootdir.o
                0x00011fcc                root_disk_info
                0x00011cb4                root_file_exists
                0x00011d8c                rootDirectory_files
                0x00011ce8                root_delete
                0x00011d38                root_format
                0x00012008                root_open_new
                0x00011e3c                rootDirectory_files_stream
                0x00011ec0                print_disk_info
                0x00011fdc                root_open
                0x00012050                openroot
 .text          0x00012138      0xc74 ../lib/sd_raw.o
                0x00012138                sd_raw_available
                0x0001253c                sd_raw_read
                0x00012bcc                format_card
                0x000129a8                sd_raw_init
                0x000128f8                sd_raw_read_interval
                0x00012280                SDoff
                0x000122a8                sd_raw_get_info
                0x000128b0                sd_raw_sync
                0x0001216c                sd_raw_locked
                0x0001269c                sd_raw_write
 .text          0x00012dac     0x1860 ../lib/fat16.o
                0x00013b50                fat16_resize_file
                0x00013868                find_file_in_dir
                0x00013fcc                fat16_close
                0x00013458                fat16_reset_dir
                0x00013474                fat16_delete_file
                0x00013544                fat16_get_fs_free
                0x00013650                fat16_read_dir
                0x00013cf4                fat16_seek_file
                0x00013520                fat16_get_fs_size
                0x00013fb8                fat16_close_file
                0x00014060                fat16_open_file
                0x000132bc                fat16_read_file
                0x00014248                fat16_open
                0x0001443c                fat16_create_file
                0x000140e0                open_file_in_dir
                0x00014124                fat16_get_dir_entry_of_path
                0x00013d8c                fat16_write_file
                0x00013fe0                fat16_open_dir
                0x00013fa4                fat16_close_dir
                0x00013648                fat16_file_size
 .text          0x0001460c      0x130 ../lib/partition.o
                0x0001460c                partition_close
                0x0001462c                partition_open
 .text          0x0001473c       0xcc ../lib/MMA7260.o
                0x00014798                MMA_get_x
                0x00014790                MMA_get_y
                0x000147a0                MMA_change_mode
                0x00014788                MMA_get_z
 .text          0x00014808      0xa24 ../lib/LCD_driver.o
                0x00015028                LCDContrast
                0x00014a24                LCDPrintLogo
                0x00015044                LCDInit
                0x00014c24                LCDPrintString
                0x0001492c                LCDClear
                0x00014f6c                LCDSetRowColor
 .text          0x0001522c      0x270 ../lib/vs1002.o
                0x00015444                vs1002SetVolume
                0x00015354                vs1002SCIWrite
                0x0001522c                vs1002Config
                0x000152ec                vs1002SineTest
                0x00015254                vs1002Finish
                0x000152a0                vs1002SendMusic
                0x000153e8                vs1002SCIRead
                0x000153ac                vs1002Mute
                0x00015270                vs1002Reset
                0x000153bc                vs1002Init
 .text          0x0001549c      0x31c ../lib/NS73.o
                0x000156f0                ns73Init
                0x000156a4                ns73SetChannel
                0x0001576c                ns73Config
                0x00015598                ns73Send
                0x0001549c                ns73SerialReset
 .text          0x000157b8      0x110 ../Bootloader/LPCUSB/main_msc.o
                0x000157b8                main_msc
 .text          0x000158c8      0x418 ../Bootloader/LPCUSB/msc_bot.o
                0x00015a14                MSCBotBulkIn
                0x00015cc0                MSCBotReset
                0x00015a78                MSCBotBulkOut
 .text          0x00015ce0      0x358 ../Bootloader/LPCUSB/msc_scsi.o
                0x00015e28                SCSIHandleData
                0x00015cf4                SCSIHandleCmd
                0x00015ce0                SCSIReset
 .text          0x00016038      0x510 ../Bootloader/LPCUSB/blockdev_sd.o
                0x000162d4                BlockDevRead
                0x00016368                BlockDevInit
                0x00016128                BlockDevGetSize
                0x000160c4                BlockDevWrite
 .text          0x00016548      0x1e8 ../Bootloader/LPCUSB/lpc2000_spi.o
                0x00016548                SPISetSpeed
                0x00016670                SPIInit
                0x0001660c                SPIRecvN
                0x00016564                SPISend
                0x000165b0                SPISendN
 .text          0x00016730       0x74 ../Bootloader/LPCUSB/usbinit.o
                0x00016734                USBInit
 .text          0x000167a4      0x558 ../Bootloader/LPCUSB/usbhw_lpc.o
                0x00016a5c                USBHwEPRead
                0x00016b10                USBHwISR
                0x000169d4                USBHwEPWrite
                0x00016874                USBHwEPConfig
                0x00016964                USBHwSetAddress
                0x00016974                USBHwConnect
                0x000169b4                USBHwEPStall
                0x0001691c                USBHwRegisterDevIntHandler
                0x000168d0                USBHwRegisterEPIntHandler
                0x00016b00                USBHwConfigDevice
                0x00016984                USBHwNakIntEnable
                0x00016c38                USBHwInit
                0x00016940                USBHwRegisterFrameHandler
                0x00016990                USBHwEPGetStatus
 .text          0x00016cfc      0x210 ../Bootloader/LPCUSB/usbcontrol.o
                0x00016dc0                USBHandleControlTransfer
                0x00016d3c                USBRegisterRequestHandler
 .text          0x00016f0c      0x31c ../Bootloader/LPCUSB/usbstdreq.o
                0x00016f1c                USBGetDescriptor
                0x00016fa0                USBRegisterCustomReqHandler
                0x00016f0c                USBRegisterDescriptors
                0x00016fb0                USBHandleStandardRequest
 .text          0x00017228       0x28 /opt/local/lib/gcc/arm-elf/4.3.2/../../../../arm-elf/lib/libc.a(lib_a-malloc.o)
                0x0001723c                malloc
                0x00017228                free
 .text          0x00017250      0x734 /opt/local/lib/gcc/arm-elf/4.3.2/../../../../arm-elf/lib/libc.a(lib_a-mallocr.o)
                0x00017250                _malloc_r
 .text          0x00017984       0xfc /opt/local/lib/gcc/arm-elf/4.3.2/../../../../arm-elf/lib/libc.a(lib_a-memcpy.o)
                0x00017984                memcpy
 .text          0x00017a80       0xd0 /opt/local/lib/gcc/arm-elf/4.3.2/../../../../arm-elf/lib/libc.a(lib_a-memset.o)
                0x00017a80                memset
 .text          0x00017b50        0x8 /opt/local/lib/gcc/arm-elf/4.3.2/../../../../arm-elf/lib/libc.a(lib_a-mlock.o)
                0x00017b54                __malloc_unlock
                0x00017b50                __malloc_lock
 .text          0x00017b58      0x134 /opt/local/lib/gcc/arm-elf/4.3.2/../../../../arm-elf/lib/libc.a(lib_a-strchr.o)
                0x00017b58                strchr
 .text          0x00017c8c       0xe8 /opt/local/lib/gcc/arm-elf/4.3.2/../../../../arm-elf/lib/libc.a(lib_a-strcmp.o)
                0x00017c8c                strcmp
 .text          0x00017d74       0x9c /opt/local/lib/gcc/arm-elf/4.3.2/../../../../arm-elf/lib/libc.a(lib_a-strlen.o)
                0x00017d74                strlen
 .text          0x00017e10      0x144 /opt/local/lib/gcc/arm-elf/4.3.2/../../../../arm-elf/lib/libc.a(lib_a-strncmp.o)
                0x00017e10                strncmp
 .text          0x00017f54      0x10c /opt/local/lib/gcc/arm-elf/4.3.2/../../../../arm-elf/lib/libc.a(lib_a-strncpy.o)
                0x00017f54                strncpy
 .text          0x00018060       0x44 /opt/local/lib/gcc/arm-elf/4.3.2/../../../../arm-elf/lib/libc.a(lib_a-strrchr.o)
                0x00018060                strrchr
 .text          0x000180a4      0x370 /opt/local/lib/gcc/arm-elf/4.3.2/../../../../arm-elf/lib/libc.a(lib_a-freer.o)
                0x0001819c                _free_r
                0x000180a4                _malloc_trim_r
 .text          0x00018414        0x0 /opt/local/lib/gcc/arm-elf/4.3.2/../../../../arm-elf/lib/libc.a(lib_a-impure.o)
 .text          0x00018414      0x110 /opt/local/lib/gcc/arm-elf/4.3.2/libgcc.a(_udivsi3.o)
                0x00018414                __udivsi3
                0x00018414                __aeabi_uidiv
                0x0001850c                __aeabi_uidivmod
 .text          0x00018524      0x140 /opt/local/lib/gcc/arm-elf/4.3.2/libgcc.a(_divsi3.o)
                0x00018524                __aeabi_idiv
                0x00018524                __divsi3
                0x0001864c                __aeabi_idivmod
 .text          0x00018664       0xcc /opt/local/lib/gcc/arm-elf/4.3.2/libgcc.a(_umodsi3.o)
                0x00018664                __umodsi3
 .text          0x00018730       0xe4 /opt/local/lib/gcc/arm-elf/4.3.2/libgcc.a(_modsi3.o)
                0x00018730                __modsi3
 .text          0x00018814        0x4 /opt/local/lib/gcc/arm-elf/4.3.2/libgcc.a(_dvmd_tls.o)
                0x00018814                __aeabi_ldiv0
                0x00018814                __div0
                0x00018814                __aeabi_idiv0
 *(.gnu.linkonce.t.*)
 *(.glue_7)
 .glue_7        0x00018818        0x0 Startup.o
 .glue_7        0x00018818        0x0 main.o
 .glue_7        0x00018818        0x0 ../lib/syscalls.o
 .glue_7        0x00018818        0x0 ../lib/rprintf.o
 .glue_7        0x00018818        0x0 ../lib/serial.o
 .glue_7        0x00018818        0x0 ../lib/spi0.o
 .glue_7        0x00018818        0x0 ../lib/rootdir.o
 .glue_7        0x00018818        0x0 ../lib/sd_raw.o
 .glue_7        0x00018818        0x0 ../lib/fat16.o
 .glue_7        0x00018818        0x0 ../lib/partition.o
 .glue_7        0x00018818        0x0 ../lib/MMA7260.o
 .glue_7        0x00018818        0x0 ../lib/LCD_driver.o
 .glue_7        0x00018818        0x0 ../lib/vs1002.o
 .glue_7        0x00018818        0x0 ../lib/NS73.o
 .glue_7        0x00018818        0x0 ../Bootloader/LPCUSB/main_msc.o
 .glue_7        0x00018818        0x0 ../Bootloader/LPCUSB/msc_bot.o
 .glue_7        0x00018818        0x0 ../Bootloader/LPCUSB/msc_scsi.o
 .glue_7        0x00018818        0x0 ../Bootloader/LPCUSB/blockdev_sd.o
 .glue_7        0x00018818        0x0 ../Bootloader/LPCUSB/lpc2000_spi.o
 .glue_7        0x00018818        0x0 ../Bootloader/LPCUSB/usbinit.o
 .glue_7        0x00018818        0x0 ../Bootloader/LPCUSB/usbhw_lpc.o
 .glue_7        0x00018818        0x0 ../Bootloader/LPCUSB/usbcontrol.o
 .glue_7        0x00018818        0x0 ../Bootloader/LPCUSB/usbstdreq.o
 .glue_7        0x00018818        0x0 /opt/local/lib/gcc/arm-elf/4.3.2/../../../../arm-elf/lib/libc.a(lib_a-malloc.o)
 .glue_7        0x00018818        0x0 /opt/local/lib/gcc/arm-elf/4.3.2/../../../../arm-elf/lib/libc.a(lib_a-mallocr.o)
 .glue_7        0x00018818        0x0 /opt/local/lib/gcc/arm-elf/4.3.2/../../../../arm-elf/lib/libc.a(lib_a-memcpy.o)
 .glue_7        0x00018818        0x0 /opt/local/lib/gcc/arm-elf/4.3.2/../../../../arm-elf/lib/libc.a(lib_a-memset.o)
 .glue_7        0x00018818        0x0 /opt/local/lib/gcc/arm-elf/4.3.2/../../../../arm-elf/lib/libc.a(lib_a-mlock.o)
 .glue_7        0x00018818        0x0 /opt/local/lib/gcc/arm-elf/4.3.2/../../../../arm-elf/lib/libc.a(lib_a-strchr.o)
 .glue_7        0x00018818        0x0 /opt/local/lib/gcc/arm-elf/4.3.2/../../../../arm-elf/lib/libc.a(lib_a-strcmp.o)
 .glue_7        0x00018818        0x0 /opt/local/lib/gcc/arm-elf/4.3.2/../../../../arm-elf/lib/libc.a(lib_a-strlen.o)
 .glue_7        0x00018818        0x0 /opt/local/lib/gcc/arm-elf/4.3.2/../../../../arm-elf/lib/libc.a(lib_a-strncmp.o)
 .glue_7        0x00018818        0x0 /opt/local/lib/gcc/arm-elf/4.3.2/../../../../arm-elf/lib/libc.a(lib_a-strncpy.o)
 .glue_7        0x00018818        0x0 /opt/local/lib/gcc/arm-elf/4.3.2/../../../../arm-elf/lib/libc.a(lib_a-strrchr.o)
 .glue_7        0x00018818        0x0 /opt/local/lib/gcc/arm-elf/4.3.2/../../../../arm-elf/lib/libc.a(lib_a-freer.o)
 .glue_7        0x00018818        0x0 /opt/local/lib/gcc/arm-elf/4.3.2/../../../../arm-elf/lib/libc.a(lib_a-impure.o)
 .glue_7        0x00018818        0x0 /opt/local/lib/gcc/arm-elf/4.3.2/libgcc.a(_udivsi3.o)
 .glue_7        0x00018818        0x0 /opt/local/lib/gcc/arm-elf/4.3.2/libgcc.a(_divsi3.o)
 .glue_7        0x00018818        0x0 /opt/local/lib/gcc/arm-elf/4.3.2/libgcc.a(_umodsi3.o)
 .glue_7        0x00018818        0x0 /opt/local/lib/gcc/arm-elf/4.3.2/libgcc.a(_modsi3.o)
 .glue_7        0x00018818        0x0 /opt/local/lib/gcc/arm-elf/4.3.2/libgcc.a(_dvmd_tls.o)
 *(.glue_7t)
 .glue_7t       0x00018818        0x0 Startup.o
 .glue_7t       0x00018818        0x0 main.o
 .glue_7t       0x00018818        0x0 ../lib/syscalls.o
 .glue_7t       0x00018818        0x0 ../lib/rprintf.o
 .glue_7t       0x00018818        0x0 ../lib/serial.o
 .glue_7t       0x00018818        0x0 ../lib/spi0.o
 .glue_7t       0x00018818        0x0 ../lib/rootdir.o
 .glue_7t       0x00018818        0x0 ../lib/sd_raw.o
 .glue_7t       0x00018818        0x0 ../lib/fat16.o
 .glue_7t       0x00018818        0x0 ../lib/partition.o
 .glue_7t       0x00018818        0x0 ../lib/MMA7260.o
 .glue_7t       0x00018818        0x0 ../lib/LCD_driver.o
 .glue_7t       0x00018818        0x0 ../lib/vs1002.o
 .glue_7t       0x00018818        0x0 ../lib/NS73.o
 .glue_7t       0x00018818        0x0 ../Bootloader/LPCUSB/main_msc.o
 .glue_7t       0x00018818        0x0 ../Bootloader/LPCUSB/msc_bot.o
 .glue_7t       0x00018818        0x0 ../Bootloader/LPCUSB/msc_scsi.o
 .glue_7t       0x00018818        0x0 ../Bootloader/LPCUSB/blockdev_sd.o
 .glue_7t       0x00018818        0x0 ../Bootloader/LPCUSB/lpc2000_spi.o
 .glue_7t       0x00018818        0x0 ../Bootloader/LPCUSB/usbinit.o
 .glue_7t       0x00018818        0x0 ../Bootloader/LPCUSB/usbhw_lpc.o
 .glue_7t       0x00018818        0x0 ../Bootloader/LPCUSB/usbcontrol.o
 .glue_7t       0x00018818        0x0 ../Bootloader/LPCUSB/usbstdreq.o
 .glue_7t       0x00018818        0x0 /opt/local/lib/gcc/arm-elf/4.3.2/../../../../arm-elf/lib/libc.a(lib_a-malloc.o)
 .glue_7t       0x00018818        0x0 /opt/local/lib/gcc/arm-elf/4.3.2/../../../../arm-elf/lib/libc.a(lib_a-mallocr.o)
 .glue_7t       0x00018818        0x0 /opt/local/lib/gcc/arm-elf/4.3.2/../../../../arm-elf/lib/libc.a(lib_a-memcpy.o)
 .glue_7t       0x00018818        0x0 /opt/local/lib/gcc/arm-elf/4.3.2/../../../../arm-elf/lib/libc.a(lib_a-memset.o)
 .glue_7t       0x00018818        0x0 /opt/local/lib/gcc/arm-elf/4.3.2/../../../../arm-elf/lib/libc.a(lib_a-mlock.o)
 .glue_7t       0x00018818        0x0 /opt/local/lib/gcc/arm-elf/4.3.2/../../../../arm-elf/lib/libc.a(lib_a-strchr.o)
 .glue_7t       0x00018818        0x0 /opt/local/lib/gcc/arm-elf/4.3.2/../../../../arm-elf/lib/libc.a(lib_a-strcmp.o)
 .glue_7t       0x00018818        0x0 /opt/local/lib/gcc/arm-elf/4.3.2/../../../../arm-elf/lib/libc.a(lib_a-strlen.o)
 .glue_7t       0x00018818        0x0 /opt/local/lib/gcc/arm-elf/4.3.2/../../../../arm-elf/lib/libc.a(lib_a-strncmp.o)
 .glue_7t       0x00018818        0x0 /opt/local/lib/gcc/arm-elf/4.3.2/../../../../arm-elf/lib/libc.a(lib_a-strncpy.o)
 .glue_7t       0x00018818        0x0 /opt/local/lib/gcc/arm-elf/4.3.2/../../../../arm-elf/lib/libc.a(lib_a-strrchr.o)
 .glue_7t       0x00018818        0x0 /opt/local/lib/gcc/arm-elf/4.3.2/../../../../arm-elf/lib/libc.a(lib_a-freer.o)
 .glue_7t       0x00018818        0x0 /opt/local/lib/gcc/arm-elf/4.3.2/../../../../arm-elf/lib/libc.a(lib_a-impure.o)
 .glue_7t       0x00018818        0x0 /opt/local/lib/gcc/arm-elf/4.3.2/libgcc.a(_udivsi3.o)
 .glue_7t       0x00018818        0x0 /opt/local/lib/gcc/arm-elf/4.3.2/libgcc.a(_divsi3.o)
 .glue_7t       0x00018818        0x0 /opt/local/lib/gcc/arm-elf/4.3.2/libgcc.a(_umodsi3.o)
 .glue_7t       0x00018818        0x0 /opt/local/lib/gcc/arm-elf/4.3.2/libgcc.a(_modsi3.o)
 .glue_7t       0x00018818        0x0 /opt/local/lib/gcc/arm-elf/4.3.2/libgcc.a(_dvmd_tls.o)
 *(.gcc_except_table)
 *(.rodata)
 .rodata        0x00018818       0x67 main.o
                0x0001882e                NotFound
                0x00018875                settings
                0x00018868                radio_channel_menu
                0x0001884d                volume
                0x0001883d                USB
                0x00018854                contrast
                0x0001885d                radio_power
                0x0001884b                newline
                0x00018818                welcome
 .rodata        0x0001887f      0x63b ../lib/LCD_driver.o
 .rodata        0x00018eba       0x36 ../Bootloader/LPCUSB/msc_scsi.o
 .rodata        0x00018ef0        0x4 /opt/local/lib/gcc/arm-elf/4.3.2/../../../../arm-elf/lib/libc.a(lib_a-impure.o)
                0x00018ef0                _global_impure_ptr
 *(.rodata*)
 .rodata.str1.1
                0x00018ef4       0x2c main.o
 .rodata.str1.4
                0x00018f20      0x11c ../lib/rootdir.o
 .rodata.str1.4
                0x0001903c       0x7c ../lib/sd_raw.o
 .rodata.str1.4
                0x000190b8       0x28 ../lib/fat16.o
 .rodata.str1.4
                0x000190e0       0x34 ../Bootloader/LPCUSB/main_msc.o
 .rodata.str1.4
                0x00019114      0x2a8 ../Bootloader/LPCUSB/blockdev_sd.o
                                0x2ac (size before relaxing)
 .rodata.str1.4
                0x000193bc       0x14 ../Bootloader/LPCUSB/lpc2000_spi.o
 .rodata.str1.4
                0x000193d0        0x4 /opt/local/lib/gcc/arm-elf/4.3.2/../../../../arm-elf/lib/libc.a(lib_a-impure.o)
 *(.gnu.linkonce.r.*)
                0x000193d4                . = ALIGN (0x4)

.vfp11_veneer   0x000193d4        0x0
 .vfp11_veneer  0x000193d4        0x0 Startup.o
 .vfp11_veneer  0x000193d4        0x0 main.o
 .vfp11_veneer  0x000193d4        0x0 ../lib/syscalls.o
 .vfp11_veneer  0x000193d4        0x0 ../lib/rprintf.o
 .vfp11_veneer  0x000193d4        0x0 ../lib/serial.o
 .vfp11_veneer  0x000193d4        0x0 ../lib/spi0.o
 .vfp11_veneer  0x000193d4        0x0 ../lib/rootdir.o
 .vfp11_veneer  0x000193d4        0x0 ../lib/sd_raw.o
 .vfp11_veneer  0x000193d4        0x0 ../lib/fat16.o
 .vfp11_veneer  0x000193d4        0x0 ../lib/partition.o
 .vfp11_veneer  0x000193d4        0x0 ../lib/MMA7260.o
 .vfp11_veneer  0x000193d4        0x0 ../lib/LCD_driver.o
 .vfp11_veneer  0x000193d4        0x0 ../lib/vs1002.o
 .vfp11_veneer  0x000193d4        0x0 ../lib/NS73.o
 .vfp11_veneer  0x000193d4        0x0 ../Bootloader/LPCUSB/main_msc.o
 .vfp11_veneer  0x000193d4        0x0 ../Bootloader/LPCUSB/msc_bot.o
 .vfp11_veneer  0x000193d4        0x0 ../Bootloader/LPCUSB/msc_scsi.o
 .vfp11_veneer  0x000193d4        0x0 ../Bootloader/LPCUSB/blockdev_sd.o
 .vfp11_veneer  0x000193d4        0x0 ../Bootloader/LPCUSB/lpc2000_spi.o
 .vfp11_veneer  0x000193d4        0x0 ../Bootloader/LPCUSB/usbinit.o
 .vfp11_veneer  0x000193d4        0x0 ../Bootloader/LPCUSB/usbhw_lpc.o
 .vfp11_veneer  0x000193d4        0x0 ../Bootloader/LPCUSB/usbcontrol.o
 .vfp11_veneer  0x000193d4        0x0 ../Bootloader/LPCUSB/usbstdreq.o
 .vfp11_veneer  0x000193d4        0x0 /opt/local/lib/gcc/arm-elf/4.3.2/../../../../arm-elf/lib/libc.a(lib_a-malloc.o)
 .vfp11_veneer  0x000193d4        0x0 /opt/local/lib/gcc/arm-elf/4.3.2/../../../../arm-elf/lib/libc.a(lib_a-mallocr.o)
 .vfp11_veneer  0x000193d4        0x0 /opt/local/lib/gcc/arm-elf/4.3.2/../../../../arm-elf/lib/libc.a(lib_a-memcpy.o)
 .vfp11_veneer  0x000193d4        0x0 /opt/local/lib/gcc/arm-elf/4.3.2/../../../../arm-elf/lib/libc.a(lib_a-memset.o)
 .vfp11_veneer  0x000193d4        0x0 /opt/local/lib/gcc/arm-elf/4.3.2/../../../../arm-elf/lib/libc.a(lib_a-mlock.o)
 .vfp11_veneer  0x000193d4        0x0 /opt/local/lib/gcc/arm-elf/4.3.2/../../../../arm-elf/lib/libc.a(lib_a-strchr.o)
 .vfp11_veneer  0x000193d4        0x0 /opt/local/lib/gcc/arm-elf/4.3.2/../../../../arm-elf/lib/libc.a(lib_a-strcmp.o)
 .vfp11_veneer  0x000193d4        0x0 /opt/local/lib/gcc/arm-elf/4.3.2/../../../../arm-elf/lib/libc.a(lib_a-strlen.o)
 .vfp11_veneer  0x000193d4        0x0 /opt/local/lib/gcc/arm-elf/4.3.2/../../../../arm-elf/lib/libc.a(lib_a-strncmp.o)
 .vfp11_veneer  0x000193d4        0x0 /opt/local/lib/gcc/arm-elf/4.3.2/../../../../arm-elf/lib/libc.a(lib_a-strncpy.o)
 .vfp11_veneer  0x000193d4        0x0 /opt/local/lib/gcc/arm-elf/4.3.2/../../../../arm-elf/lib/libc.a(lib_a-strrchr.o)
 .vfp11_veneer  0x000193d4        0x0 /opt/local/lib/gcc/arm-elf/4.3.2/../../../../arm-elf/lib/libc.a(lib_a-freer.o)
 .vfp11_veneer  0x000193d4        0x0 /opt/local/lib/gcc/arm-elf/4.3.2/../../../../arm-elf/lib/libc.a(lib_a-impure.o)
 .vfp11_veneer  0x000193d4        0x0 /opt/local/lib/gcc/arm-elf/4.3.2/libgcc.a(_udivsi3.o)
 .vfp11_veneer  0x000193d4        0x0 /opt/local/lib/gcc/arm-elf/4.3.2/libgcc.a(_divsi3.o)
 .vfp11_veneer  0x000193d4        0x0 /opt/local/lib/gcc/arm-elf/4.3.2/libgcc.a(_umodsi3.o)
 .vfp11_veneer  0x000193d4        0x0 /opt/local/lib/gcc/arm-elf/4.3.2/libgcc.a(_modsi3.o)
 .vfp11_veneer  0x000193d4        0x0 /opt/local/lib/gcc/arm-elf/4.3.2/libgcc.a(_dvmd_tls.o)

.v4_bx          0x000193d4        0x0
 .v4_bx         0x000193d4        0x0 Startup.o
 .v4_bx         0x000193d4        0x0 main.o
 .v4_bx         0x000193d4        0x0 ../lib/syscalls.o
 .v4_bx         0x000193d4        0x0 ../lib/rprintf.o
 .v4_bx         0x000193d4        0x0 ../lib/serial.o
 .v4_bx         0x000193d4        0x0 ../lib/spi0.o
 .v4_bx         0x000193d4        0x0 ../lib/rootdir.o
 .v4_bx         0x000193d4        0x0 ../lib/sd_raw.o
 .v4_bx         0x000193d4        0x0 ../lib/fat16.o
 .v4_bx         0x000193d4        0x0 ../lib/partition.o
 .v4_bx         0x000193d4        0x0 ../lib/MMA7260.o
 .v4_bx         0x000193d4        0x0 ../lib/LCD_driver.o
 .v4_bx         0x000193d4        0x0 ../lib/vs1002.o
 .v4_bx         0x000193d4        0x0 ../lib/NS73.o
 .v4_bx         0x000193d4        0x0 ../Bootloader/LPCUSB/main_msc.o
 .v4_bx         0x000193d4        0x0 ../Bootloader/LPCUSB/msc_bot.o
 .v4_bx         0x000193d4        0x0 ../Bootloader/LPCUSB/msc_scsi.o
 .v4_bx         0x000193d4        0x0 ../Bootloader/LPCUSB/blockdev_sd.o
 .v4_bx         0x000193d4        0x0 ../Bootloader/LPCUSB/lpc2000_spi.o
 .v4_bx         0x000193d4        0x0 ../Bootloader/LPCUSB/usbinit.o
 .v4_bx         0x000193d4        0x0 ../Bootloader/LPCUSB/usbhw_lpc.o
 .v4_bx         0x000193d4        0x0 ../Bootloader/LPCUSB/usbcontrol.o
 .v4_bx         0x000193d4        0x0 ../Bootloader/LPCUSB/usbstdreq.o
 .v4_bx         0x000193d4        0x0 /opt/local/lib/gcc/arm-elf/4.3.2/../../../../arm-elf/lib/libc.a(lib_a-malloc.o)
 .v4_bx         0x000193d4        0x0 /opt/local/lib/gcc/arm-elf/4.3.2/../../../../arm-elf/lib/libc.a(lib_a-mallocr.o)
 .v4_bx         0x000193d4        0x0 /opt/local/lib/gcc/arm-elf/4.3.2/../../../../arm-elf/lib/libc.a(lib_a-memcpy.o)
 .v4_bx         0x000193d4        0x0 /opt/local/lib/gcc/arm-elf/4.3.2/../../../../arm-elf/lib/libc.a(lib_a-memset.o)
 .v4_bx         0x000193d4        0x0 /opt/local/lib/gcc/arm-elf/4.3.2/../../../../arm-elf/lib/libc.a(lib_a-mlock.o)
 .v4_bx         0x000193d4        0x0 /opt/local/lib/gcc/arm-elf/4.3.2/../../../../arm-elf/lib/libc.a(lib_a-strchr.o)
 .v4_bx         0x000193d4        0x0 /opt/local/lib/gcc/arm-elf/4.3.2/../../../../arm-elf/lib/libc.a(lib_a-strcmp.o)
 .v4_bx         0x000193d4        0x0 /opt/local/lib/gcc/arm-elf/4.3.2/../../../../arm-elf/lib/libc.a(lib_a-strlen.o)
 .v4_bx         0x000193d4        0x0 /opt/local/lib/gcc/arm-elf/4.3.2/../../../../arm-elf/lib/libc.a(lib_a-strncmp.o)
 .v4_bx         0x000193d4        0x0 /opt/local/lib/gcc/arm-elf/4.3.2/../../../../arm-elf/lib/libc.a(lib_a-strncpy.o)
 .v4_bx         0x000193d4        0x0 /opt/local/lib/gcc/arm-elf/4.3.2/../../../../arm-elf/lib/libc.a(lib_a-strrchr.o)
 .v4_bx         0x000193d4        0x0 /opt/local/lib/gcc/arm-elf/4.3.2/../../../../arm-elf/lib/libc.a(lib_a-freer.o)
 .v4_bx         0x000193d4        0x0 /opt/local/lib/gcc/arm-elf/4.3.2/../../../../arm-elf/lib/libc.a(lib_a-impure.o)
 .v4_bx         0x000193d4        0x0 /opt/local/lib/gcc/arm-elf/4.3.2/libgcc.a(_udivsi3.o)
 .v4_bx         0x000193d4        0x0 /opt/local/lib/gcc/arm-elf/4.3.2/libgcc.a(_divsi3.o)
 .v4_bx         0x000193d4        0x0 /opt/local/lib/gcc/arm-elf/4.3.2/libgcc.a(_umodsi3.o)
 .v4_bx         0x000193d4        0x0 /opt/local/lib/gcc/arm-elf/4.3.2/libgcc.a(_modsi3.o)
 .v4_bx         0x000193d4        0x0 /opt/local/lib/gcc/arm-elf/4.3.2/libgcc.a(_dvmd_tls.o)
                0x000193d4                . = ALIGN (0x4)

.ctors          0x000193d4        0x0
                0x000193d4                PROVIDE (__ctors_start__, .)
 *(SORT(.ctors.*))
 *(.ctors)
                0x000193d4                . = ALIGN (0x4)
                0x000193d4                PROVIDE (__ctors_end__, .)
                0x000193d4                . = ALIGN (0x4)

.dtors          0x000193d4        0x0
                0x000193d4                PROVIDE (__dtors_start__, .)
 *(SORT(.dtors.*))
 *(.dtors)
                0x000193d4                . = ALIGN (0x4)
                0x000193d4                PROVIDE (__dtors_end__, .)
                0x000193d4                . = ALIGN (0x4)
                0x000193d4                . = ALIGN (0x4)
                0x000193d4                _etext = .
                0x000193d4                PROVIDE (etext, .)

.data           0x40000000      0x894 load address 0x000193d4
                0x40000000                _data = .
 *(.vectmapped)
                0x40000000                . = ALIGN (0x4)
 *(.fastrun)
                0x40000000                . = ALIGN (0x4)
                0x40000000                . = ALIGN (0x4)
 *(.data)
 .data          0x40000000        0x0 Startup.o
 .data          0x40000000        0x8 main.o
                0x40000000                volume_setting
                0x40000004                radio_channel
 .data          0x40000008        0x0 ../lib/syscalls.o
 .data          0x40000008        0x0 ../lib/rprintf.o
 .data          0x40000008        0x0 ../lib/serial.o
 .data          0x40000008        0x0 ../lib/spi0.o
 .data          0x40000008        0x0 ../lib/rootdir.o
 .data          0x40000008        0x0 ../lib/sd_raw.o
 .data          0x40000008        0x0 ../lib/fat16.o
 .data          0x40000008        0x0 ../lib/partition.o
 .data          0x40000008        0x0 ../lib/MMA7260.o
 .data          0x40000008        0x2 ../lib/LCD_driver.o
                0x40000009                black
                0x40000008                red
 .data          0x4000000a        0x0 ../lib/vs1002.o
 .data          0x4000000a        0x0 ../lib/NS73.o
 .data          0x4000000a       0x75 ../Bootloader/LPCUSB/main_msc.o
 .data          0x4000007f        0x0 ../Bootloader/LPCUSB/msc_bot.o
 .data          0x4000007f        0x0 ../Bootloader/LPCUSB/msc_scsi.o
 .data          0x4000007f        0x0 ../Bootloader/LPCUSB/blockdev_sd.o
 .data          0x4000007f        0x0 ../Bootloader/LPCUSB/lpc2000_spi.o
 .data          0x4000007f        0x0 ../Bootloader/LPCUSB/usbinit.o
 .data          0x4000007f        0x0 ../Bootloader/LPCUSB/usbhw_lpc.o
 .data          0x4000007f        0x0 ../Bootloader/LPCUSB/usbcontrol.o
 .data          0x4000007f        0x0 ../Bootloader/LPCUSB/usbstdreq.o
 .data          0x4000007f        0x0 /opt/local/lib/gcc/arm-elf/4.3.2/../../../../arm-elf/lib/libc.a(lib_a-malloc.o)
 *fill*         0x4000007f        0x1 00
 .data          0x40000080      0x410 /opt/local/lib/gcc/arm-elf/4.3.2/../../../../arm-elf/lib/libc.a(lib_a-mallocr.o)
                0x4000048c                __malloc_sbrk_base
                0x40000080                __malloc_av_
                0x40000488                __malloc_trim_threshold
 .data          0x40000490        0x0 /opt/local/lib/gcc/arm-elf/4.3.2/../../../../arm-elf/lib/libc.a(lib_a-memcpy.o)
 .data          0x40000490        0x0 /opt/local/lib/gcc/arm-elf/4.3.2/../../../../arm-elf/lib/libc.a(lib_a-memset.o)
 .data          0x40000490        0x0 /opt/local/lib/gcc/arm-elf/4.3.2/../../../../arm-elf/lib/libc.a(lib_a-mlock.o)
 .data          0x40000490        0x0 /opt/local/lib/gcc/arm-elf/4.3.2/../../../../arm-elf/lib/libc.a(lib_a-strchr.o)
 .data          0x40000490        0x0 /opt/local/lib/gcc/arm-elf/4.3.2/../../../../arm-elf/lib/libc.a(lib_a-strcmp.o)
 .data          0x40000490        0x0 /opt/local/lib/gcc/arm-elf/4.3.2/../../../../arm-elf/lib/libc.a(lib_a-strlen.o)
 .data          0x40000490        0x0 /opt/local/lib/gcc/arm-elf/4.3.2/../../../../arm-elf/lib/libc.a(lib_a-strncmp.o)
 .data          0x40000490        0x0 /opt/local/lib/gcc/arm-elf/4.3.2/../../../../arm-elf/lib/libc.a(lib_a-strncpy.o)
 .data          0x40000490        0x0 /opt/local/lib/gcc/arm-elf/4.3.2/../../../../arm-elf/lib/libc.a(lib_a-strrchr.o)
 .data          0x40000490        0x0 /opt/local/lib/gcc/arm-elf/4.3.2/../../../../arm-elf/lib/libc.a(lib_a-freer.o)
 .data          0x40000490      0x404 /opt/local/lib/gcc/arm-elf/4.3.2/../../../../arm-elf/lib/libc.a(lib_a-impure.o)
                0x40000490                _impure_ptr
 .data          0x40000894        0x0 /opt/local/lib/gcc/arm-elf/4.3.2/libgcc.a(_udivsi3.o)
 .data          0x40000894        0x0 /opt/local/lib/gcc/arm-elf/4.3.2/libgcc.a(_divsi3.o)
 .data          0x40000894        0x0 /opt/local/lib/gcc/arm-elf/4.3.2/libgcc.a(_umodsi3.o)
 .data          0x40000894        0x0 /opt/local/lib/gcc/arm-elf/4.3.2/libgcc.a(_modsi3.o)
 .data          0x40000894        0x0 /opt/local/lib/gcc/arm-elf/4.3.2/libgcc.a(_dvmd_tls.o)
 *(.data.*)
 *(.gnu.linkonce.d*)
                0x40000894                . = ALIGN (0x4)
                0x40000894                . = ALIGN (0x4)
                0x40000894                _edata = .
                0x40000894                PROVIDE (edata, .)

.bss            0x40000894      0x9e0 load address 0x00019c68
                0x40000894                __bss_start = .
                0x40000894                __bss_start__ = .
 *(.bss)
 .bss           0x40000894        0x0 Startup.o
 .bss           0x40000894      0x480 main.o
                0x40000894                radio_enable
 .bss           0x40000d14        0x4 ../lib/syscalls.o
 .bss           0x40000d18        0x4 ../lib/rprintf.o
 .bss           0x40000d1c        0x0 ../lib/serial.o
 .bss           0x40000d1c        0x0 ../lib/spi0.o
 .bss           0x40000d1c        0x4 ../lib/rootdir.o
 .bss           0x40000d20      0x208 ../lib/sd_raw.o
 .bss           0x40000f28        0x0 ../lib/fat16.o
 .bss           0x40000f28        0x0 ../lib/partition.o
 .bss           0x40000f28        0x0 ../lib/MMA7260.o
 .bss           0x40000f28        0x3 ../lib/LCD_driver.o
                0x40000f28                white
 .bss           0x40000f2b        0x0 ../lib/vs1002.o
 .bss           0x40000f2b        0x0 ../lib/NS73.o
 .bss           0x40000f2b        0x4 ../Bootloader/LPCUSB/main_msc.o
 *fill*         0x40000f2f        0x1 00
 .bss           0x40000f30       0x40 ../Bootloader/LPCUSB/msc_bot.o
 .bss           0x40000f70      0x204 ../Bootloader/LPCUSB/msc_scsi.o
 .bss           0x40001174        0x0 ../Bootloader/LPCUSB/blockdev_sd.o
 .bss           0x40001174        0x0 ../Bootloader/LPCUSB/lpc2000_spi.o
 .bss           0x40001174        0x8 ../Bootloader/LPCUSB/usbinit.o
 .bss           0x4000117c       0x48 ../Bootloader/LPCUSB/usbhw_lpc.o
 .bss           0x400011c4       0x34 ../Bootloader/LPCUSB/usbcontrol.o
 .bss           0x400011f8        0xc ../Bootloader/LPCUSB/usbstdreq.o
 .bss           0x40001204        0x0 /opt/local/lib/gcc/arm-elf/4.3.2/../../../../arm-elf/lib/libc.a(lib_a-malloc.o)
 .bss           0x40001204       0x34 /opt/local/lib/gcc/arm-elf/4.3.2/../../../../arm-elf/lib/libc.a(lib_a-mallocr.o)
                0x40001204                __malloc_top_pad
                0x40001208                __malloc_max_sbrked_mem
                0x40001210                __malloc_current_mallinfo
                0x4000120c                __malloc_max_total_mem
 .bss           0x40001238        0x0 /opt/local/lib/gcc/arm-elf/4.3.2/../../../../arm-elf/lib/libc.a(lib_a-memcpy.o)
 .bss           0x40001238        0x0 /opt/local/lib/gcc/arm-elf/4.3.2/../../../../arm-elf/lib/libc.a(lib_a-memset.o)
 .bss           0x40001238        0x0 /opt/local/lib/gcc/arm-elf/4.3.2/../../../../arm-elf/lib/libc.a(lib_a-mlock.o)
 .bss           0x40001238        0x0 /opt/local/lib/gcc/arm-elf/4.3.2/../../../../arm-elf/lib/libc.a(lib_a-strchr.o)
 .bss           0x40001238        0x0 /opt/local/lib/gcc/arm-elf/4.3.2/../../../../arm-elf/lib/libc.a(lib_a-strcmp.o)
 .bss           0x40001238        0x0 /opt/local/lib/gcc/arm-elf/4.3.2/../../../../arm-elf/lib/libc.a(lib_a-strlen.o)
 .bss           0x40001238        0x0 /opt/local/lib/gcc/arm-elf/4.3.2/../../../../arm-elf/lib/libc.a(lib_a-strncmp.o)
 .bss           0x40001238        0x0 /opt/local/lib/gcc/arm-elf/4.3.2/../../../../arm-elf/lib/libc.a(lib_a-strncpy.o)
 .bss           0x40001238        0x0 /opt/local/lib/gcc/arm-elf/4.3.2/../../../../arm-elf/lib/libc.a(lib_a-strrchr.o)
 .bss           0x40001238        0x0 /opt/local/lib/gcc/arm-elf/4.3.2/../../../../arm-elf/lib/libc.a(lib_a-freer.o)
 .bss           0x40001238        0x0 /opt/local/lib/gcc/arm-elf/4.3.2/../../../../arm-elf/lib/libc.a(lib_a-impure.o)
 .bss           0x40001238        0x0 /opt/local/lib/gcc/arm-elf/4.3.2/libgcc.a(_udivsi3.o)
 .bss           0x40001238        0x0 /opt/local/lib/gcc/arm-elf/4.3.2/libgcc.a(_divsi3.o)
 .bss           0x40001238        0x0 /opt/local/lib/gcc/arm-elf/4.3.2/libgcc.a(_umodsi3.o)
 .bss           0x40001238        0x0 /opt/local/lib/gcc/arm-elf/4.3.2/libgcc.a(_modsi3.o)
 .bss           0x40001238        0x0 /opt/local/lib/gcc/arm-elf/4.3.2/libgcc.a(_dvmd_tls.o)
 *(.gnu.linkonce.b*)
 *(COMMON)
 COMMON         0x40001238       0x3c ../lib/rootdir.o
                0x40001238                fs
                0x4000123c                dir_entry
                0x40001268                fd
                0x4000126c                partition
                0x40001270                dd
                0x40001274                . = ALIGN (0x4)
                0x40001274                . = ALIGN (0x4)
                0x40001274                __bss_end__ = .
                0x40001274                PROVIDE (__bss_end, .)

.stack          0x40001300      0xc00
 *(.stack)
 .stack         0x40001300      0xc00 Startup.o
                0x40001f00                PROVIDE (_stack, .)
                0x40001f00                . = ALIGN (0x4)
                0x40001f00                _end = .
                0x40001f00                PROVIDE (end, .)

.stab
 *(.stab)

.stabstr
 *(.stabstr)

.stab.excl
 *(.stab.excl)

.stab.exclstr
 *(.stab.exclstr)

.stab.index
 *(.stab.index)

.stab.indexstr
 *(.stab.indexstr)

.comment        0x00000000      0x333
 *(.comment)
 .comment       0x00000000       0x12 main.o
 .comment       0x00000012       0x1b ../lib/syscalls.o
 .comment       0x0000002d       0x1b ../lib/rprintf.o
 .comment       0x00000048       0x1b ../lib/serial.o
 .comment       0x00000063       0x1b ../lib/spi0.o
 .comment       0x0000007e       0x1b ../lib/rootdir.o
 .comment       0x00000099       0x1b ../lib/sd_raw.o
 .comment       0x000000b4       0x1b ../lib/fat16.o
 .comment       0x000000cf       0x1b ../lib/partition.o
 .comment       0x000000ea       0x1b ../lib/MMA7260.o
 .comment       0x00000105       0x1b ../lib/LCD_driver.o
 .comment       0x00000120       0x1b ../lib/vs1002.o
 .comment       0x0000013b       0x1b ../lib/NS73.o
 .comment       0x00000156       0x1b ../Bootloader/LPCUSB/main_msc.o
 .comment       0x00000171       0x1b ../Bootloader/LPCUSB/msc_bot.o
 .comment       0x0000018c       0x1b ../Bootloader/LPCUSB/msc_scsi.o
 .comment       0x000001a7       0x1b ../Bootloader/LPCUSB/blockdev_sd.o
 .comment       0x000001c2       0x1b ../Bootloader/LPCUSB/lpc2000_spi.o
 .comment       0x000001dd       0x1b ../Bootloader/LPCUSB/usbinit.o
 .comment       0x000001f8       0x1b ../Bootloader/LPCUSB/usbhw_lpc.o
 .comment       0x00000213       0x1b ../Bootloader/LPCUSB/usbcontrol.o
 .comment       0x0000022e       0x1b ../Bootloader/LPCUSB/usbstdreq.o
 .comment       0x00000249       0x12 /opt/local/lib/gcc/arm-elf/4.3.2/../../../../arm-elf/lib/libc.a(lib_a-malloc.o)
 .comment       0x0000025b       0x12 /opt/local/lib/gcc/arm-elf/4.3.2/../../../../arm-elf/lib/libc.a(lib_a-mallocr.o)
 .comment       0x0000026d       0x12 /opt/local/lib/gcc/arm-elf/4.3.2/../../../../arm-elf/lib/libc.a(lib_a-memcpy.o)
 .comment       0x0000027f       0x12 /opt/local/lib/gcc/arm-elf/4.3.2/../../../../arm-elf/lib/libc.a(lib_a-memset.o)
 .comment       0x00000291       0x12 /opt/local/lib/gcc/arm-elf/4.3.2/../../../../arm-elf/lib/libc.a(lib_a-mlock.o)
 .comment       0x000002a3       0x12 /opt/local/lib/gcc/arm-elf/4.3.2/../../../../arm-elf/lib/libc.a(lib_a-strchr.o)
 .comment       0x000002b5       0x12 /opt/local/lib/gcc/arm-elf/4.3.2/../../../../arm-elf/lib/libc.a(lib_a-strcmp.o)
 .comment       0x000002c7       0x12 /opt/local/lib/gcc/arm-elf/4.3.2/../../../../arm-elf/lib/libc.a(lib_a-strlen.o)
 .comment       0x000002d9       0x12 /opt/local/lib/gcc/arm-elf/4.3.2/../../../../arm-elf/lib/libc.a(lib_a-strncmp.o)
 .comment       0x000002eb       0x12 /opt/local/lib/gcc/arm-elf/4.3.2/../../../../arm-elf/lib/libc.a(lib_a-strncpy.o)
 .comment       0x000002fd       0x12 /opt/local/lib/gcc/arm-elf/4.3.2/../../../../arm-elf/lib/libc.a(lib_a-strrchr.o)
 .comment       0x0000030f       0x12 /opt/local/lib/gcc/arm-elf/4.3.2/../../../../arm-elf/lib/libc.a(lib_a-freer.o)
 .comment       0x00000321       0x12 /opt/local/lib/gcc/arm-elf/4.3.2/../../../../arm-elf/lib/libc.a(lib_a-impure.o)

.debug
 *(.debug)

.line
 *(.line)

.debug_srcinfo
 *(.debug_srcinfo)

.debug_sfnames
 *(.debug_sfnames)

.debug_aranges  0x00000000      0x508
 *(.debug_aranges)
 .debug_aranges
                0x00000000       0x28 Startup.o
 .debug_aranges
                0x00000028       0x20 main.o
 .debug_aranges
                0x00000048       0x20 ../lib/syscalls.o
 .debug_aranges
                0x00000068       0x20 ../lib/rprintf.o
 .debug_aranges
                0x00000088       0x20 ../lib/serial.o
 .debug_aranges
                0x000000a8       0x20 ../lib/spi0.o
 .debug_aranges
                0x000000c8       0x20 ../lib/rootdir.o
 .debug_aranges
                0x000000e8       0x20 ../lib/sd_raw.o
 .debug_aranges
                0x00000108       0x20 ../lib/fat16.o
 .debug_aranges
                0x00000128       0x20 ../lib/partition.o
 .debug_aranges
                0x00000148       0x20 ../lib/MMA7260.o
 .debug_aranges
                0x00000168       0x20 ../lib/LCD_driver.o
 .debug_aranges
                0x00000188       0x20 ../lib/vs1002.o
 .debug_aranges
                0x000001a8       0x20 ../lib/NS73.o
 .debug_aranges
                0x000001c8       0x20 ../Bootloader/LPCUSB/main_msc.o
 .debug_aranges
                0x000001e8       0x20 ../Bootloader/LPCUSB/msc_bot.o
 .debug_aranges
                0x00000208       0x20 ../Bootloader/LPCUSB/msc_scsi.o
 .debug_aranges
                0x00000228       0x20 ../Bootloader/LPCUSB/blockdev_sd.o
 .debug_aranges
                0x00000248       0x20 ../Bootloader/LPCUSB/lpc2000_spi.o
 .debug_aranges
                0x00000268       0x20 ../Bootloader/LPCUSB/usbinit.o
 .debug_aranges
                0x00000288       0x20 ../Bootloader/LPCUSB/usbhw_lpc.o
 .debug_aranges
                0x000002a8       0x20 ../Bootloader/LPCUSB/usbcontrol.o
 .debug_aranges
                0x000002c8       0x20 ../Bootloader/LPCUSB/usbstdreq.o
 .debug_aranges
                0x000002e8       0x20 /opt/local/lib/gcc/arm-elf/4.3.2/../../../../arm-elf/lib/libc.a(lib_a-malloc.o)
 .debug_aranges
                0x00000308       0x20 /opt/local/lib/gcc/arm-elf/4.3.2/../../../../arm-elf/lib/libc.a(lib_a-mallocr.o)
 .debug_aranges
                0x00000328       0x20 /opt/local/lib/gcc/arm-elf/4.3.2/../../../../arm-elf/lib/libc.a(lib_a-memcpy.o)
 .debug_aranges
                0x00000348       0x20 /opt/local/lib/gcc/arm-elf/4.3.2/../../../../arm-elf/lib/libc.a(lib_a-memset.o)
 .debug_aranges
                0x00000368       0x20 /opt/local/lib/gcc/arm-elf/4.3.2/../../../../arm-elf/lib/libc.a(lib_a-mlock.o)
 .debug_aranges
                0x00000388       0x20 /opt/local/lib/gcc/arm-elf/4.3.2/../../../../arm-elf/lib/libc.a(lib_a-strchr.o)
 .debug_aranges
                0x000003a8       0x20 /opt/local/lib/gcc/arm-elf/4.3.2/../../../../arm-elf/lib/libc.a(lib_a-strcmp.o)
 .debug_aranges
                0x000003c8       0x20 /opt/local/lib/gcc/arm-elf/4.3.2/../../../../arm-elf/lib/libc.a(lib_a-strlen.o)
 .debug_aranges
                0x000003e8       0x20 /opt/local/lib/gcc/arm-elf/4.3.2/../../../../arm-elf/lib/libc.a(lib_a-strncmp.o)
 .debug_aranges
                0x00000408       0x20 /opt/local/lib/gcc/arm-elf/4.3.2/../../../../arm-elf/lib/libc.a(lib_a-strncpy.o)
 .debug_aranges
                0x00000428       0x20 /opt/local/lib/gcc/arm-elf/4.3.2/../../../../arm-elf/lib/libc.a(lib_a-strrchr.o)
 .debug_aranges
                0x00000448       0x20 /opt/local/lib/gcc/arm-elf/4.3.2/../../../../arm-elf/lib/libc.a(lib_a-freer.o)
 .debug_aranges
                0x00000468       0x20 /opt/local/lib/gcc/arm-elf/4.3.2/libgcc.a(_udivsi3.o)
 .debug_aranges
                0x00000488       0x20 /opt/local/lib/gcc/arm-elf/4.3.2/libgcc.a(_divsi3.o)
 .debug_aranges
                0x000004a8       0x20 /opt/local/lib/gcc/arm-elf/4.3.2/libgcc.a(_umodsi3.o)
 .debug_aranges
                0x000004c8       0x20 /opt/local/lib/gcc/arm-elf/4.3.2/libgcc.a(_modsi3.o)
 .debug_aranges
                0x000004e8       0x20 /opt/local/lib/gcc/arm-elf/4.3.2/libgcc.a(_dvmd_tls.o)

.debug_pubnames
                0x00000000      0xea2
 *(.debug_pubnames)
 .debug_pubnames
                0x00000000      0x1a7 main.o
 .debug_pubnames
                0x000001a7       0x69 ../lib/syscalls.o
 .debug_pubnames
                0x00000210       0x32 ../lib/rprintf.o
 .debug_pubnames
                0x00000242       0x7b ../lib/serial.o
 .debug_pubnames
                0x000002bd       0x41 ../lib/spi0.o
 .debug_pubnames
                0x000002fe      0x103 ../lib/rootdir.o
 .debug_pubnames
                0x00000401       0xc1 ../lib/sd_raw.o
 .debug_pubnames
                0x000004c2      0x1b1 ../lib/fat16.o
 .debug_pubnames
                0x00000673       0x39 ../lib/partition.o
 .debug_pubnames
                0x000006ac       0x50 ../lib/MMA7260.o
 .debug_pubnames
                0x000006fc       0x8e ../lib/LCD_driver.o
 .debug_pubnames
                0x0000078a       0xc2 ../lib/vs1002.o
 .debug_pubnames
                0x0000084c       0x62 ../lib/NS73.o
 .debug_pubnames
                0x000008ae       0x1f ../Bootloader/LPCUSB/main_msc.o
 .debug_pubnames
                0x000008cd       0x45 ../Bootloader/LPCUSB/msc_bot.o
 .debug_pubnames
                0x00000912       0x45 ../Bootloader/LPCUSB/msc_scsi.o
 .debug_pubnames
                0x00000957       0x5a ../Bootloader/LPCUSB/blockdev_sd.o
 .debug_pubnames
                0x000009b1       0x54 ../Bootloader/LPCUSB/lpc2000_spi.o
 .debug_pubnames
                0x00000a05       0x1e ../Bootloader/LPCUSB/usbinit.o
 .debug_pubnames
                0x00000a23      0x132 ../Bootloader/LPCUSB/usbhw_lpc.o
 .debug_pubnames
                0x00000b55       0x4d ../Bootloader/LPCUSB/usbcontrol.o
 .debug_pubnames
                0x00000ba2       0x7f ../Bootloader/LPCUSB/usbstdreq.o
 .debug_pubnames
                0x00000c21       0x26 /opt/local/lib/gcc/arm-elf/4.3.2/../../../../arm-elf/lib/libc.a(lib_a-malloc.o)
 .debug_pubnames
                0x00000c47       0xce /opt/local/lib/gcc/arm-elf/4.3.2/../../../../arm-elf/lib/libc.a(lib_a-mallocr.o)
 .debug_pubnames
                0x00000d15       0x1d /opt/local/lib/gcc/arm-elf/4.3.2/../../../../arm-elf/lib/libc.a(lib_a-memcpy.o)
 .debug_pubnames
                0x00000d32       0x1d /opt/local/lib/gcc/arm-elf/4.3.2/../../../../arm-elf/lib/libc.a(lib_a-memset.o)
 .debug_pubnames
                0x00000d4f       0x38 /opt/local/lib/gcc/arm-elf/4.3.2/../../../../arm-elf/lib/libc.a(lib_a-mlock.o)
 .debug_pubnames
                0x00000d87       0x1d /opt/local/lib/gcc/arm-elf/4.3.2/../../../../arm-elf/lib/libc.a(lib_a-strchr.o)
 .debug_pubnames
                0x00000da4       0x1d /opt/local/lib/gcc/arm-elf/4.3.2/../../../../arm-elf/lib/libc.a(lib_a-strcmp.o)
 .debug_pubnames
                0x00000dc1       0x1d /opt/local/lib/gcc/arm-elf/4.3.2/../../../../arm-elf/lib/libc.a(lib_a-strlen.o)
 .debug_pubnames
                0x00000dde       0x1e /opt/local/lib/gcc/arm-elf/4.3.2/../../../../arm-elf/lib/libc.a(lib_a-strncmp.o)
 .debug_pubnames
                0x00000dfc       0x1e /opt/local/lib/gcc/arm-elf/4.3.2/../../../../arm-elf/lib/libc.a(lib_a-strncpy.o)
 .debug_pubnames
                0x00000e1a       0x1e /opt/local/lib/gcc/arm-elf/4.3.2/../../../../arm-elf/lib/libc.a(lib_a-strrchr.o)
 .debug_pubnames
                0x00000e38       0x31 /opt/local/lib/gcc/arm-elf/4.3.2/../../../../arm-elf/lib/libc.a(lib_a-freer.o)
 .debug_pubnames
                0x00000e69       0x39 /opt/local/lib/gcc/arm-elf/4.3.2/../../../../arm-elf/lib/libc.a(lib_a-impure.o)

.debug_info     0x00000000     0xa658
 *(.debug_info .gnu.linkonce.wi.*)
 .debug_info    0x00000000       0x9a Startup.o
 .debug_info    0x0000009a      0xab4 main.o
 .debug_info    0x00000b4e      0xc8e ../lib/syscalls.o
 .debug_info    0x000017dc      0x201 ../lib/rprintf.o
 .debug_info    0x000019dd      0x133 ../lib/serial.o
 .debug_info    0x00001b10       0xe7 ../lib/spi0.o
 .debug_info    0x00001bf7      0x554 ../lib/rootdir.o
 .debug_info    0x0000214b      0x693 ../lib/sd_raw.o
 .debug_info    0x000027de     0x1443 ../lib/fat16.o
 .debug_info    0x00003c21      0x28b ../lib/partition.o
 .debug_info    0x00003eac      0x103 ../lib/MMA7260.o
 .debug_info    0x00003faf      0x51a ../lib/LCD_driver.o
 .debug_info    0x000044c9      0x1cd ../lib/vs1002.o
 .debug_info    0x00004696      0x136 ../lib/NS73.o
 .debug_info    0x000047cc      0x1b1 ../Bootloader/LPCUSB/main_msc.o
 .debug_info    0x0000497d      0x3be ../Bootloader/LPCUSB/msc_bot.o
 .debug_info    0x00004d3b      0x2e8 ../Bootloader/LPCUSB/msc_scsi.o
 .debug_info    0x00005023      0x368 ../Bootloader/LPCUSB/blockdev_sd.o
 .debug_info    0x0000538b      0x1d9 ../Bootloader/LPCUSB/lpc2000_spi.o
 .debug_info    0x00005564       0xbc ../Bootloader/LPCUSB/usbinit.o
 .debug_info    0x00005620      0x601 ../Bootloader/LPCUSB/usbhw_lpc.o
 .debug_info    0x00005c21      0x2e2 ../Bootloader/LPCUSB/usbcontrol.o
 .debug_info    0x00005f03      0x463 ../Bootloader/LPCUSB/usbstdreq.o
 .debug_info    0x00006366      0x966 /opt/local/lib/gcc/arm-elf/4.3.2/../../../../arm-elf/lib/libc.a(lib_a-malloc.o)
 .debug_info    0x00006ccc      0xcc6 /opt/local/lib/gcc/arm-elf/4.3.2/../../../../arm-elf/lib/libc.a(lib_a-mallocr.o)
 .debug_info    0x00007992      0x10a /opt/local/lib/gcc/arm-elf/4.3.2/../../../../arm-elf/lib/libc.a(lib_a-memcpy.o)
 .debug_info    0x00007a9c      0x10f /opt/local/lib/gcc/arm-elf/4.3.2/../../../../arm-elf/lib/libc.a(lib_a-memset.o)
 .debug_info    0x00007bab      0x94f /opt/local/lib/gcc/arm-elf/4.3.2/../../../../arm-elf/lib/libc.a(lib_a-mlock.o)
 .debug_info    0x000084fa      0x110 /opt/local/lib/gcc/arm-elf/4.3.2/../../../../arm-elf/lib/libc.a(lib_a-strchr.o)
 .debug_info    0x0000860a       0xd7 /opt/local/lib/gcc/arm-elf/4.3.2/../../../../arm-elf/lib/libc.a(lib_a-strcmp.o)
 .debug_info    0x000086e1       0xd3 /opt/local/lib/gcc/arm-elf/4.3.2/../../../../arm-elf/lib/libc.a(lib_a-strlen.o)
 .debug_info    0x000087b4       0xef /opt/local/lib/gcc/arm-elf/4.3.2/../../../../arm-elf/lib/libc.a(lib_a-strncmp.o)
 .debug_info    0x000088a3      0x126 /opt/local/lib/gcc/arm-elf/4.3.2/../../../../arm-elf/lib/libc.a(lib_a-strncpy.o)
 .debug_info    0x000089c9       0xc4 /opt/local/lib/gcc/arm-elf/4.3.2/../../../../arm-elf/lib/libc.a(lib_a-strrchr.o)
 .debug_info    0x00008a8d      0xbbb /opt/local/lib/gcc/arm-elf/4.3.2/../../../../arm-elf/lib/libc.a(lib_a-freer.o)
 .debug_info    0x00009648      0x935 /opt/local/lib/gcc/arm-elf/4.3.2/../../../../arm-elf/lib/libc.a(lib_a-impure.o)
 .debug_info    0x00009f7d      0x15f /opt/local/lib/gcc/arm-elf/4.3.2/libgcc.a(_udivsi3.o)
 .debug_info    0x0000a0dc      0x15f /opt/local/lib/gcc/arm-elf/4.3.2/libgcc.a(_divsi3.o)
 .debug_info    0x0000a23b      0x15f /opt/local/lib/gcc/arm-elf/4.3.2/libgcc.a(_umodsi3.o)
 .debug_info    0x0000a39a      0x15f /opt/local/lib/gcc/arm-elf/4.3.2/libgcc.a(_modsi3.o)
 .debug_info    0x0000a4f9      0x15f /opt/local/lib/gcc/arm-elf/4.3.2/libgcc.a(_dvmd_tls.o)

.debug_abbrev   0x00000000     0x2d38
 *(.debug_abbrev)
 .debug_abbrev  0x00000000       0x10 Startup.o
 .debug_abbrev  0x00000010      0x2cd main.o
 .debug_abbrev  0x000002dd      0x1c5 ../lib/syscalls.o
 .debug_abbrev  0x000004a2      0x144 ../lib/rprintf.o
 .debug_abbrev  0x000005e6       0xbb ../lib/serial.o
 .debug_abbrev  0x000006a1       0x8b ../lib/spi0.o
 .debug_abbrev  0x0000072c      0x16d ../lib/rootdir.o
 .debug_abbrev  0x00000899      0x270 ../lib/sd_raw.o
 .debug_abbrev  0x00000b09      0x2fa ../lib/fat16.o
 .debug_abbrev  0x00000e03       0xd4 ../lib/partition.o
 .debug_abbrev  0x00000ed7       0xa9 ../lib/MMA7260.o
 .debug_abbrev  0x00000f80      0x1ce ../lib/LCD_driver.o
 .debug_abbrev  0x0000114e       0xc3 ../lib/vs1002.o
 .debug_abbrev  0x00001211       0xc1 ../lib/NS73.o
 .debug_abbrev  0x000012d2       0xc7 ../Bootloader/LPCUSB/main_msc.o
 .debug_abbrev  0x00001399      0x1e3 ../Bootloader/LPCUSB/msc_bot.o
 .debug_abbrev  0x0000157c      0x10f ../Bootloader/LPCUSB/msc_scsi.o
 .debug_abbrev  0x0000168b      0x1bd ../Bootloader/LPCUSB/blockdev_sd.o
 .debug_abbrev  0x00001848      0x12f ../Bootloader/LPCUSB/lpc2000_spi.o
 .debug_abbrev  0x00001977       0xa0 ../Bootloader/LPCUSB/usbinit.o
 .debug_abbrev  0x00001a17      0x25b ../Bootloader/LPCUSB/usbhw_lpc.o
 .debug_abbrev  0x00001c72      0x14c ../Bootloader/LPCUSB/usbcontrol.o
 .debug_abbrev  0x00001dbe      0x20a ../Bootloader/LPCUSB/usbstdreq.o
 .debug_abbrev  0x00001fc8      0x18e /opt/local/lib/gcc/arm-elf/4.3.2/../../../../arm-elf/lib/libc.a(lib_a-malloc.o)
 .debug_abbrev  0x00002156      0x22c /opt/local/lib/gcc/arm-elf/4.3.2/../../../../arm-elf/lib/libc.a(lib_a-mallocr.o)
 .debug_abbrev  0x00002382       0x97 /opt/local/lib/gcc/arm-elf/4.3.2/../../../../arm-elf/lib/libc.a(lib_a-memcpy.o)
 .debug_abbrev  0x00002419       0xb0 /opt/local/lib/gcc/arm-elf/4.3.2/../../../../arm-elf/lib/libc.a(lib_a-memset.o)
 .debug_abbrev  0x000024c9      0x171 /opt/local/lib/gcc/arm-elf/4.3.2/../../../../arm-elf/lib/libc.a(lib_a-mlock.o)
 .debug_abbrev  0x0000263a       0x96 /opt/local/lib/gcc/arm-elf/4.3.2/../../../../arm-elf/lib/libc.a(lib_a-strchr.o)
 .debug_abbrev  0x000026d0       0x78 /opt/local/lib/gcc/arm-elf/4.3.2/../../../../arm-elf/lib/libc.a(lib_a-strcmp.o)
 .debug_abbrev  0x00002748       0x92 /opt/local/lib/gcc/arm-elf/4.3.2/../../../../arm-elf/lib/libc.a(lib_a-strlen.o)
 .debug_abbrev  0x000027da       0x94 /opt/local/lib/gcc/arm-elf/4.3.2/../../../../arm-elf/lib/libc.a(lib_a-strncmp.o)
 .debug_abbrev  0x0000286e       0x94 /opt/local/lib/gcc/arm-elf/4.3.2/../../../../arm-elf/lib/libc.a(lib_a-strncpy.o)
 .debug_abbrev  0x00002902       0x76 /opt/local/lib/gcc/arm-elf/4.3.2/../../../../arm-elf/lib/libc.a(lib_a-strrchr.o)
 .debug_abbrev  0x00002978      0x1fe /opt/local/lib/gcc/arm-elf/4.3.2/../../../../arm-elf/lib/libc.a(lib_a-freer.o)
 .debug_abbrev  0x00002b76      0x15e /opt/local/lib/gcc/arm-elf/4.3.2/../../../../arm-elf/lib/libc.a(lib_a-impure.o)
 .debug_abbrev  0x00002cd4       0x14 /opt/local/lib/gcc/arm-elf/4.3.2/libgcc.a(_udivsi3.o)
 .debug_abbrev  0x00002ce8       0x14 /opt/local/lib/gcc/arm-elf/4.3.2/libgcc.a(_divsi3.o)
 .debug_abbrev  0x00002cfc       0x14 /opt/local/lib/gcc/arm-elf/4.3.2/libgcc.a(_umodsi3.o)
 .debug_abbrev  0x00002d10       0x14 /opt/local/lib/gcc/arm-elf/4.3.2/libgcc.a(_modsi3.o)
 .debug_abbrev  0x00002d24       0x14 /opt/local/lib/gcc/arm-elf/4.3.2/libgcc.a(_dvmd_tls.o)

.debug_line     0x00000000     0x3710
 *(.debug_line)
 .debug_line    0x00000000       0xa3 Startup.o
 .debug_line    0x000000a3      0x369 main.o
 .debug_line    0x0000040c      0x164 ../lib/syscalls.o
 .debug_line    0x00000570       0xc8 ../lib/rprintf.o
 .debug_line    0x00000638       0x63 ../lib/serial.o
 .debug_line    0x0000069b       0x4c ../lib/spi0.o
 .debug_line    0x000006e7      0x157 ../lib/rootdir.o
 .debug_line    0x0000083e      0x22b ../lib/sd_raw.o
 .debug_line    0x00000a69      0x4ba ../lib/fat16.o
 .debug_line    0x00000f23       0xcb ../lib/partition.o
 .debug_line    0x00000fee       0x6c ../lib/MMA7260.o
 .debug_line    0x0000105a      0x1d8 ../lib/LCD_driver.o
 .debug_line    0x00001232       0xad ../lib/vs1002.o
 .debug_line    0x000012df       0xc2 ../lib/NS73.o
 .debug_line    0x000013a1       0x8d ../Bootloader/LPCUSB/main_msc.o
 .debug_line    0x0000142e      0x10e ../Bootloader/LPCUSB/msc_bot.o
 .debug_line    0x0000153c       0xd1 ../Bootloader/LPCUSB/msc_scsi.o
 .debug_line    0x0000160d      0x113 ../Bootloader/LPCUSB/blockdev_sd.o
 .debug_line    0x00001720       0x9b ../Bootloader/LPCUSB/lpc2000_spi.o
 .debug_line    0x000017bb       0x66 ../Bootloader/LPCUSB/usbinit.o
 .debug_line    0x00001821      0x181 ../Bootloader/LPCUSB/usbhw_lpc.o
 .debug_line    0x000019a2       0xc8 ../Bootloader/LPCUSB/usbcontrol.o
 .debug_line    0x00001a6a      0x102 ../Bootloader/LPCUSB/usbstdreq.o
 .debug_line    0x00001b6c      0x228 /opt/local/lib/gcc/arm-elf/4.3.2/../../../../arm-elf/lib/libc.a(lib_a-malloc.o)
 .debug_line    0x00001d94      0x357 /opt/local/lib/gcc/arm-elf/4.3.2/../../../../arm-elf/lib/libc.a(lib_a-mallocr.o)
 .debug_line    0x000020eb      0x19f /opt/local/lib/gcc/arm-elf/4.3.2/../../../../arm-elf/lib/libc.a(lib_a-memcpy.o)
 .debug_line    0x0000228a      0x1a6 /opt/local/lib/gcc/arm-elf/4.3.2/../../../../arm-elf/lib/libc.a(lib_a-memset.o)
 .debug_line    0x00002430      0x21c /opt/local/lib/gcc/arm-elf/4.3.2/../../../../arm-elf/lib/libc.a(lib_a-mlock.o)
 .debug_line    0x0000264c       0xe1 /opt/local/lib/gcc/arm-elf/4.3.2/../../../../arm-elf/lib/libc.a(lib_a-strchr.o)
 .debug_line    0x0000272d       0xe9 /opt/local/lib/gcc/arm-elf/4.3.2/../../../../arm-elf/lib/libc.a(lib_a-strcmp.o)
 .debug_line    0x00002816      0x171 /opt/local/lib/gcc/arm-elf/4.3.2/../../../../arm-elf/lib/libc.a(lib_a-strlen.o)
 .debug_line    0x00002987      0x19f /opt/local/lib/gcc/arm-elf/4.3.2/../../../../arm-elf/lib/libc.a(lib_a-strncmp.o)
 .debug_line    0x00002b26      0x198 /opt/local/lib/gcc/arm-elf/4.3.2/../../../../arm-elf/lib/libc.a(lib_a-strncpy.o)
 .debug_line    0x00002cbe       0xd5 /opt/local/lib/gcc/arm-elf/4.3.2/../../../../arm-elf/lib/libc.a(lib_a-strrchr.o)
 .debug_line    0x00002d93      0x2ac /opt/local/lib/gcc/arm-elf/4.3.2/../../../../arm-elf/lib/libc.a(lib_a-freer.o)
 .debug_line    0x0000303f      0x20a /opt/local/lib/gcc/arm-elf/4.3.2/../../../../arm-elf/lib/libc.a(lib_a-impure.o)
 .debug_line    0x00003249      0x103 /opt/local/lib/gcc/arm-elf/4.3.2/libgcc.a(_udivsi3.o)
 .debug_line    0x0000334c      0x10f /opt/local/lib/gcc/arm-elf/4.3.2/libgcc.a(_divsi3.o)
 .debug_line    0x0000345b       0xec /opt/local/lib/gcc/arm-elf/4.3.2/libgcc.a(_umodsi3.o)
 .debug_line    0x00003547       0xf2 /opt/local/lib/gcc/arm-elf/4.3.2/libgcc.a(_modsi3.o)
 .debug_line    0x00003639       0xd7 /opt/local/lib/gcc/arm-elf/4.3.2/libgcc.a(_dvmd_tls.o)

.debug_frame    0x00000000     0x1490
 *(.debug_frame)
 .debug_frame   0x00000000      0x1f4 main.o
 .debug_frame   0x000001f4       0x80 ../lib/syscalls.o
 .debug_frame   0x00000274       0x68 ../lib/rprintf.o
 .debug_frame   0x000002dc       0x80 ../lib/serial.o
 .debug_frame   0x0000035c       0x48 ../lib/spi0.o
 .debug_frame   0x000003a4      0x108 ../lib/rootdir.o
 .debug_frame   0x000004ac      0x154 ../lib/sd_raw.o
 .debug_frame   0x00000600      0x33c ../lib/fat16.o
 .debug_frame   0x0000093c       0x4c ../lib/partition.o
 .debug_frame   0x00000988       0x60 ../lib/MMA7260.o
 .debug_frame   0x000009e8      0x134 ../lib/LCD_driver.o
 .debug_frame   0x00000b1c      0x104 ../lib/vs1002.o
 .debug_frame   0x00000c20       0x94 ../lib/NS73.o
 .debug_frame   0x00000cb4       0x40 ../Bootloader/LPCUSB/main_msc.o
 .debug_frame   0x00000cf4       0xac ../Bootloader/LPCUSB/msc_bot.o
 .debug_frame   0x00000da0       0x64 ../Bootloader/LPCUSB/msc_scsi.o
 .debug_frame   0x00000e04       0xc8 ../Bootloader/LPCUSB/blockdev_sd.o
 .debug_frame   0x00000ecc       0x68 ../Bootloader/LPCUSB/lpc2000_spi.o
 .debug_frame   0x00000f34       0x38 ../Bootloader/LPCUSB/usbinit.o
 .debug_frame   0x00000f6c      0x168 ../Bootloader/LPCUSB/usbhw_lpc.o
 .debug_frame   0x000010d4       0x8c ../Bootloader/LPCUSB/usbcontrol.o
 .debug_frame   0x00001160       0x6c ../Bootloader/LPCUSB/usbstdreq.o
 .debug_frame   0x000011cc       0x30 /opt/local/lib/gcc/arm-elf/4.3.2/../../../../arm-elf/lib/libc.a(lib_a-malloc.o)
 .debug_frame   0x000011fc       0x38 /opt/local/lib/gcc/arm-elf/4.3.2/../../../../arm-elf/lib/libc.a(lib_a-mallocr.o)
 .debug_frame   0x00001234       0x2c /opt/local/lib/gcc/arm-elf/4.3.2/../../../../arm-elf/lib/libc.a(lib_a-memcpy.o)
 .debug_frame   0x00001260       0x28 /opt/local/lib/gcc/arm-elf/4.3.2/../../../../arm-elf/lib/libc.a(lib_a-memset.o)
 .debug_frame   0x00001288       0x30 /opt/local/lib/gcc/arm-elf/4.3.2/../../../../arm-elf/lib/libc.a(lib_a-mlock.o)
 .debug_frame   0x000012b8       0x28 /opt/local/lib/gcc/arm-elf/4.3.2/../../../../arm-elf/lib/libc.a(lib_a-strchr.o)
 .debug_frame   0x000012e0       0x20 /opt/local/lib/gcc/arm-elf/4.3.2/../../../../arm-elf/lib/libc.a(lib_a-strcmp.o)
 .debug_frame   0x00001300       0x20 /opt/local/lib/gcc/arm-elf/4.3.2/../../../../arm-elf/lib/libc.a(lib_a-strlen.o)
 .debug_frame   0x00001320       0x2c /opt/local/lib/gcc/arm-elf/4.3.2/../../../../arm-elf/lib/libc.a(lib_a-strncmp.o)
 .debug_frame   0x0000134c       0x28 /opt/local/lib/gcc/arm-elf/4.3.2/../../../../arm-elf/lib/libc.a(lib_a-strncpy.o)
 .debug_frame   0x00001374       0x2c /opt/local/lib/gcc/arm-elf/4.3.2/../../../../arm-elf/lib/libc.a(lib_a-strrchr.o)
 .debug_frame   0x000013a0       0x50 /opt/local/lib/gcc/arm-elf/4.3.2/../../../../arm-elf/lib/libc.a(lib_a-freer.o)
 .debug_frame   0x000013f0       0x28 /opt/local/lib/gcc/arm-elf/4.3.2/libgcc.a(_udivsi3.o)
 .debug_frame   0x00001418       0x28 /opt/local/lib/gcc/arm-elf/4.3.2/libgcc.a(_divsi3.o)
 .debug_frame   0x00001440       0x28 /opt/local/lib/gcc/arm-elf/4.3.2/libgcc.a(_umodsi3.o)
 .debug_frame   0x00001468       0x28 /opt/local/lib/gcc/arm-elf/4.3.2/libgcc.a(_modsi3.o)

.debug_str      0x00000000     0x293d
 *(.debug_str)
 .debug_str     0x00000000      0x360 main.o
                                0x3d8 (size before relaxing)
 .debug_str     0x00000360      0x50a ../lib/syscalls.o
                                0x5fe (size before relaxing)
 .debug_str     0x0000086a       0x99 ../lib/rprintf.o
                                0x1af (size before relaxing)
 .debug_str     0x00000903       0x76 ../lib/serial.o
                                0x112 (size before relaxing)
 .debug_str     0x00000979       0x31 ../lib/spi0.o
                                0x13f (size before relaxing)
 .debug_str     0x000009aa      0x246 ../lib/rootdir.o
                                0x3c3 (size before relaxing)
 .debug_str     0x00000bf0      0x196 ../lib/sd_raw.o
                                0x374 (size before relaxing)
 .debug_str     0x00000d86      0x5ba ../lib/fat16.o
                                0x880 (size before relaxing)
 .debug_str     0x00001340       0x47 ../lib/partition.o
                                0x224 (size before relaxing)
 .debug_str     0x00001387       0x49 ../lib/MMA7260.o
                                 0xe6 (size before relaxing)
 .debug_str     0x000013d0      0x107 ../lib/LCD_driver.o
                                0x248 (size before relaxing)
 .debug_str     0x000014d7       0xb5 ../lib/vs1002.o
                                0x186 (size before relaxing)
 .debug_str     0x0000158c       0x8a ../lib/NS73.o
                                0x13c (size before relaxing)
 .debug_str     0x00001616       0x9f ../Bootloader/LPCUSB/main_msc.o
                                0x1bb (size before relaxing)
 .debug_str     0x000016b5      0x17b ../Bootloader/LPCUSB/msc_bot.o
                                0x2b2 (size before relaxing)
 .debug_str     0x00001830       0xf2 ../Bootloader/LPCUSB/msc_scsi.o
                                0x215 (size before relaxing)
 .debug_str     0x00001922       0xc4 ../Bootloader/LPCUSB/blockdev_sd.o
                                0x20a (size before relaxing)
 .debug_str     0x000019e6       0x6c ../Bootloader/LPCUSB/lpc2000_spi.o
                                0x18d (size before relaxing)
 .debug_str     0x00001a52       0x4e ../Bootloader/LPCUSB/usbinit.o
                                0x118 (size before relaxing)
 .debug_str     0x00001aa0      0x25a ../Bootloader/LPCUSB/usbhw_lpc.o
                                0x340 (size before relaxing)
 .debug_str     0x00001cfa       0xa9 ../Bootloader/LPCUSB/usbcontrol.o
                                0x20a (size before relaxing)
 .debug_str     0x00001da3      0x175 ../Bootloader/LPCUSB/usbstdreq.o
                                0x29f (size before relaxing)
 .debug_str     0x00001f18       0xa1 /opt/local/lib/gcc/arm-elf/4.3.2/../../../../arm-elf/lib/libc.a(lib_a-malloc.o)
                                0x4f1 (size before relaxing)
 .debug_str     0x00001fb9      0x263 /opt/local/lib/gcc/arm-elf/4.3.2/../../../../arm-elf/lib/libc.a(lib_a-mallocr.o)
                                0x6c6 (size before relaxing)
 .debug_str     0x0000221c       0xca /opt/local/lib/gcc/arm-elf/4.3.2/../../../../arm-elf/lib/libc.a(lib_a-memcpy.o)
                                 0xfd (size before relaxing)
 .debug_str     0x000022e6       0xb0 /opt/local/lib/gcc/arm-elf/4.3.2/../../../../arm-elf/lib/libc.a(lib_a-memset.o)
                                0x153 (size before relaxing)
 .debug_str     0x00002396       0xce /opt/local/lib/gcc/arm-elf/4.3.2/../../../../arm-elf/lib/libc.a(lib_a-mlock.o)
                                0x4f8 (size before relaxing)
 .debug_str     0x00002464       0xa8 /opt/local/lib/gcc/arm-elf/4.3.2/../../../../arm-elf/lib/libc.a(lib_a-strchr.o)
                                0x14a (size before relaxing)
 .debug_str     0x0000250c       0xa3 /opt/local/lib/gcc/arm-elf/4.3.2/../../../../arm-elf/lib/libc.a(lib_a-strcmp.o)
                                0x138 (size before relaxing)
 .debug_str     0x000025af       0xa9 /opt/local/lib/gcc/arm-elf/4.3.2/../../../../arm-elf/lib/libc.a(lib_a-strlen.o)
                                0x152 (size before relaxing)
 .debug_str     0x00002658       0xa5 /opt/local/lib/gcc/arm-elf/4.3.2/../../../../arm-elf/lib/libc.a(lib_a-strncmp.o)
                                0x141 (size before relaxing)
 .debug_str     0x000026fd       0xa5 /opt/local/lib/gcc/arm-elf/4.3.2/../../../../arm-elf/lib/libc.a(lib_a-strncpy.o)
                                0x169 (size before relaxing)
 .debug_str     0x000027a2       0xa5 /opt/local/lib/gcc/arm-elf/4.3.2/../../../../arm-elf/lib/libc.a(lib_a-strrchr.o)
                                0x13f (size before relaxing)
 .debug_str     0x00002847       0x3c /opt/local/lib/gcc/arm-elf/4.3.2/../../../../arm-elf/lib/libc.a(lib_a-freer.o)
                                0x618 (size before relaxing)
 .debug_str     0x00002883       0xba /opt/local/lib/gcc/arm-elf/4.3.2/../../../../arm-elf/lib/libc.a(lib_a-impure.o)
                                0x4f0 (size before relaxing)

.debug_loc      0x00000000     0x5019
 *(.debug_loc)
 .debug_loc     0x00000000      0x6ce main.o
 .debug_loc     0x000006ce       0x98 ../lib/syscalls.o
 .debug_loc     0x00000766      0x2a4 ../lib/rprintf.o
 .debug_loc     0x00000a0a       0xc9 ../lib/serial.o
 .debug_loc     0x00000ad3       0x45 ../lib/spi0.o
 .debug_loc     0x00000b18      0x23f ../lib/rootdir.o
 .debug_loc     0x00000d57      0x5c8 ../lib/sd_raw.o
 .debug_loc     0x0000131f     0x1211 ../lib/fat16.o
 .debug_loc     0x00002530      0x114 ../lib/partition.o
 .debug_loc     0x00002644       0x13 ../lib/MMA7260.o
 .debug_loc     0x00002657      0x58e ../lib/LCD_driver.o
 .debug_loc     0x00002be5      0x1e7 ../lib/vs1002.o
 .debug_loc     0x00002dcc      0x126 ../lib/NS73.o
 .debug_loc     0x00002ef2       0xae ../Bootloader/LPCUSB/main_msc.o
 .debug_loc     0x00002fa0      0x263 ../Bootloader/LPCUSB/msc_bot.o
 .debug_loc     0x00003203      0x1b8 ../Bootloader/LPCUSB/msc_scsi.o
 .debug_loc     0x000033bb      0x2dc ../Bootloader/LPCUSB/blockdev_sd.o
 .debug_loc     0x00003697       0x45 ../Bootloader/LPCUSB/lpc2000_spi.o
 .debug_loc     0x000036dc       0x1f ../Bootloader/LPCUSB/usbinit.o
 .debug_loc     0x000036fb      0x36d ../Bootloader/LPCUSB/usbhw_lpc.o
 .debug_loc     0x00003a68      0x1cf ../Bootloader/LPCUSB/usbcontrol.o
 .debug_loc     0x00003c37      0x2bb ../Bootloader/LPCUSB/usbstdreq.o
 .debug_loc     0x00003ef2       0x3c /opt/local/lib/gcc/arm-elf/4.3.2/../../../../arm-elf/lib/libc.a(lib_a-malloc.o)
 .debug_loc     0x00003f2e      0x75d /opt/local/lib/gcc/arm-elf/4.3.2/../../../../arm-elf/lib/libc.a(lib_a-mallocr.o)
 .debug_loc     0x0000468b      0x130 /opt/local/lib/gcc/arm-elf/4.3.2/../../../../arm-elf/lib/libc.a(lib_a-memcpy.o)
 .debug_loc     0x000047bb      0x12b /opt/local/lib/gcc/arm-elf/4.3.2/../../../../arm-elf/lib/libc.a(lib_a-memset.o)
 .debug_loc     0x000048e6       0xd3 /opt/local/lib/gcc/arm-elf/4.3.2/../../../../arm-elf/lib/libc.a(lib_a-strchr.o)
 .debug_loc     0x000049b9       0xba /opt/local/lib/gcc/arm-elf/4.3.2/../../../../arm-elf/lib/libc.a(lib_a-strcmp.o)
 .debug_loc     0x00004a73       0x47 /opt/local/lib/gcc/arm-elf/4.3.2/../../../../arm-elf/lib/libc.a(lib_a-strlen.o)
 .debug_loc     0x00004aba      0x105 /opt/local/lib/gcc/arm-elf/4.3.2/../../../../arm-elf/lib/libc.a(lib_a-strncmp.o)
 .debug_loc     0x00004bbf      0x128 /opt/local/lib/gcc/arm-elf/4.3.2/../../../../arm-elf/lib/libc.a(lib_a-strncpy.o)
 .debug_loc     0x00004ce7       0x87 /opt/local/lib/gcc/arm-elf/4.3.2/../../../../arm-elf/lib/libc.a(lib_a-strrchr.o)
 .debug_loc     0x00004d6e      0x2ab /opt/local/lib/gcc/arm-elf/4.3.2/../../../../arm-elf/lib/libc.a(lib_a-freer.o)

.debug_macinfo
 *(.debug_macinfo)

.debug_weaknames
 *(.debug_weaknames)

.debug_funcnames
 *(.debug_funcnames)

.debug_typenames
 *(.debug_typenames)

.debug_varnames
 *(.debug_varnames)
OUTPUT(main.elf elf32-littlearm)

.debug_ranges   0x00000000      0x628
 .debug_ranges  0x00000000      0x290 main.o
 .debug_ranges  0x00000290       0x18 ../lib/rprintf.o
 .debug_ranges  0x000002a8       0x48 ../lib/sd_raw.o
 .debug_ranges  0x000002f0      0x1a8 ../lib/fat16.o
 .debug_ranges  0x00000498       0x30 ../Bootloader/LPCUSB/msc_bot.o
 .debug_ranges  0x000004c8       0x18 ../Bootloader/LPCUSB/blockdev_sd.o
 .debug_ranges  0x000004e0       0x18 ../Bootloader/LPCUSB/lpc2000_spi.o
 .debug_ranges  0x000004f8       0x78 ../Bootloader/LPCUSB/usbhw_lpc.o
 .debug_ranges  0x00000570       0x60 ../Bootloader/LPCUSB/usbstdreq.o
 .debug_ranges  0x000005d0       0x58 /opt/local/lib/gcc/arm-elf/4.3.2/../../../../arm-elf/lib/libc.a(lib_a-mallocr.o)

.ARM.attributes
                0x00000000       0x10
 .ARM.attributes
                0x00000000       0x10 main.o
 .ARM.attributes
                0x00000010       0x10 /opt/local/lib/gcc/arm-elf/4.3.2/../../../../arm-elf/lib/libc.a(lib_a-malloc.o)
 .ARM.attributes
                0x00000020       0x10 /opt/local/lib/gcc/arm-elf/4.3.2/../../../../arm-elf/lib/libc.a(lib_a-mallocr.o)
 .ARM.attributes
                0x00000030       0x10 /opt/local/lib/gcc/arm-elf/4.3.2/../../../../arm-elf/lib/libc.a(lib_a-memcpy.o)
 .ARM.attributes
                0x00000040       0x10 /opt/local/lib/gcc/arm-elf/4.3.2/../../../../arm-elf/lib/libc.a(lib_a-memset.o)
 .ARM.attributes
                0x00000050       0x10 /opt/local/lib/gcc/arm-elf/4.3.2/../../../../arm-elf/lib/libc.a(lib_a-mlock.o)
 .ARM.attributes
                0x00000060       0x10 /opt/local/lib/gcc/arm-elf/4.3.2/../../../../arm-elf/lib/libc.a(lib_a-strchr.o)
 .ARM.attributes
                0x00000070       0x10 /opt/local/lib/gcc/arm-elf/4.3.2/../../../../arm-elf/lib/libc.a(lib_a-strcmp.o)
 .ARM.attributes
                0x00000080       0x10 /opt/local/lib/gcc/arm-elf/4.3.2/../../../../arm-elf/lib/libc.a(lib_a-strlen.o)
 .ARM.attributes
                0x00000090       0x10 /opt/local/lib/gcc/arm-elf/4.3.2/../../../../arm-elf/lib/libc.a(lib_a-strncmp.o)
 .ARM.attributes
                0x000000a0       0x10 /opt/local/lib/gcc/arm-elf/4.3.2/../../../../arm-elf/lib/libc.a(lib_a-strncpy.o)
 .ARM.attributes
                0x000000b0       0x10 /opt/local/lib/gcc/arm-elf/4.3.2/../../../../arm-elf/lib/libc.a(lib_a-strrchr.o)
 .ARM.attributes
                0x000000c0       0x10 /opt/local/lib/gcc/arm-elf/4.3.2/../../../../arm-elf/lib/libc.a(lib_a-freer.o)
 .ARM.attributes
                0x000000d0       0x10 /opt/local/lib/gcc/arm-elf/4.3.2/../../../../arm-elf/lib/libc.a(lib_a-impure.o)
 .ARM.attributes
                0x000000e0       0x10 /opt/local/lib/gcc/arm-elf/4.3.2/libgcc.a(_udivsi3.o)
 .ARM.attributes
                0x000000f0       0x10 /opt/local/lib/gcc/arm-elf/4.3.2/libgcc.a(_divsi3.o)
 .ARM.attributes
                0x00000100       0x10 /opt/local/lib/gcc/arm-elf/4.3.2/libgcc.a(_umodsi3.o)
 .ARM.attributes
                0x00000110       0x10 /opt/local/lib/gcc/arm-elf/4.3.2/libgcc.a(_modsi3.o)
 .ARM.attributes
                0x00000120       0x10 /opt/local/lib/gcc/arm-elf/4.3.2/libgcc.a(_dvmd_tls.o)

Cross Reference Table

Symbol                                            File
BlockDevGetSize                                   ../Bootloader/LPCUSB/blockdev_sd.o
                                                  ../Bootloader/LPCUSB/msc_scsi.o
BlockDevInit                                      ../Bootloader/LPCUSB/blockdev_sd.o
                                                  ../Bootloader/LPCUSB/main_msc.o
BlockDevRead                                      ../Bootloader/LPCUSB/blockdev_sd.o
                                                  ../Bootloader/LPCUSB/msc_scsi.o
BlockDevWrite                                     ../Bootloader/LPCUSB/blockdev_sd.o
                                                  ../Bootloader/LPCUSB/msc_scsi.o
LCDClear                                          ../lib/LCD_driver.o
                                                  main.o
LCDContrast                                       ../lib/LCD_driver.o
LCDInit                                           ../lib/LCD_driver.o
                                                  main.o
LCDPrintLogo                                      ../lib/LCD_driver.o
                                                  main.o
LCDPrintString                                    ../lib/LCD_driver.o
                                                  main.o
LCDSetRowColor                                    ../lib/LCD_driver.o
                                                  main.o
MMA_change_mode                                   ../lib/MMA7260.o
MMA_get_x                                         ../lib/MMA7260.o
MMA_get_y                                         ../lib/MMA7260.o
                                                  main.o
MMA_get_z                                         ../lib/MMA7260.o
MSCBotBulkIn                                      ../Bootloader/LPCUSB/msc_bot.o
[...]
                                                  ../Bootloader/LPCUSB/usbstdreq.o
USBInit                                           ../Bootloader/LPCUSB/usbinit.o
                                                  ../Bootloader/LPCUSB/main_msc.o
USBRegisterCustomReqHandler                       ../Bootloader/LPCUSB/usbstdreq.o
USBRegisterDescriptors                            ../Bootloader/LPCUSB/usbstdreq.o
                                                  ../Bootloader/LPCUSB/main_msc.o
USBRegisterRequestHandler                         ../Bootloader/LPCUSB/usbcontrol.o
                                                  ../Bootloader/LPCUSB/usbinit.o
                                                  ../Bootloader/LPCUSB/main_msc.o
__IRQ_Wrapper                                     Startup.o
__aeabi_idiv                                      /opt/local/lib/gcc/arm-elf/4.3.2/libgcc.a(_divsi3.o)
__aeabi_idiv0                                     /opt/local/lib/gcc/arm-elf/4.3.2/libgcc.a(_dvmd_tls.o)
__aeabi_idivmod                                   /opt/local/lib/gcc/arm-elf/4.3.2/libgcc.a(_divsi3.o)
__aeabi_ldiv0                                     /opt/local/lib/gcc/arm-elf/4.3.2/libgcc.a(_dvmd_tls.o)
__aeabi_uidiv                                     /opt/local/lib/gcc/arm-elf/4.3.2/libgcc.a(_udivsi3.o)
__aeabi_uidivmod                                  /opt/local/lib/gcc/arm-elf/4.3.2/libgcc.a(_udivsi3.o)
__bss_end__                                       Startup.o
__bss_start__                                     Startup.o
__ctors_end__                                     Startup.o
__ctors_start__                                   Startup.o
__div0                                            /opt/local/lib/gcc/arm-elf/4.3.2/libgcc.a(_dvmd_tls.o)
                                                  /opt/local/lib/gcc/arm-elf/4.3.2/libgcc.a(_modsi3.o)
                                                  /opt/local/lib/gcc/arm-elf/4.3.2/libgcc.a(_umodsi3.o)
                                                  /opt/local/lib/gcc/arm-elf/4.3.2/libgcc.a(_divsi3.o)
                                                  /opt/local/lib/gcc/arm-elf/4.3.2/libgcc.a(_udivsi3.o)
__divsi3                                          /opt/local/lib/gcc/arm-elf/4.3.2/libgcc.a(_divsi3.o)
                                                  ../lib/LCD_driver.o
                                                  ../lib/fat16.o
                                                  main.o
__exit_ARM                                        Startup.o
__exit_THUMB                                      Startup.o
__malloc_av_                                      /opt/local/lib/gcc/arm-elf/4.3.2/../../../../arm-elf/lib/libc.a(lib_a-mallocr.o)
                                                  /opt/local/lib/gcc/arm-elf/4.3.2/../../../../arm-elf/lib/libc.a(lib_a-freer.o)
__malloc_current_mallinfo                         /opt/local/lib/gcc/arm-elf/4.3.2/../../../../arm-elf/lib/libc.a(lib_a-mallocr.o)
                                                  /opt/local/lib/gcc/arm-elf/4.3.2/../../../../arm-elf/lib/libc.a(lib_a-freer.o)
__malloc_lock                                     /opt/local/lib/gcc/arm-elf/4.3.2/../../../../arm-elf/lib/libc.a(lib_a-mlock.o)
                                                  /opt/local/lib/gcc/arm-elf/4.3.2/../../../../arm-elf/lib/libc.a(lib_a-freer.o)
                                                  /opt/local/lib/gcc/arm-elf/4.3.2/../../../../arm-elf/lib/libc.a(lib_a-mallocr.o)
__malloc_max_sbrked_mem                           /opt/local/lib/gcc/arm-elf/4.3.2/../../../../arm-elf/lib/libc.a(lib_a-mallocr.o)
__malloc_max_total_mem                            /opt/local/lib/gcc/arm-elf/4.3.2/../../../../arm-elf/lib/libc.a(lib_a-mallocr.o)
__malloc_sbrk_base                                /opt/local/lib/gcc/arm-elf/4.3.2/../../../../arm-elf/lib/libc.a(lib_a-mallocr.o)
                                                  /opt/local/lib/gcc/arm-elf/4.3.2/../../../../arm-elf/lib/libc.a(lib_a-freer.o)
__malloc_top_pad                                  /opt/local/lib/gcc/arm-elf/4.3.2/../../../../arm-elf/lib/libc.a(lib_a-mallocr.o)
                                                  /opt/local/lib/gcc/arm-elf/4.3.2/../../../../arm-elf/lib/libc.a(lib_a-freer.o)
__malloc_trim_threshold                           /opt/local/lib/gcc/arm-elf/4.3.2/../../../../arm-elf/lib/libc.a(lib_a-mallocr.o)
                                                  /opt/local/lib/gcc/arm-elf/4.3.2/../../../../arm-elf/lib/libc.a(lib_a-freer.o)
__malloc_unlock                                   /opt/local/lib/gcc/arm-elf/4.3.2/../../../../arm-elf/lib/libc.a(lib_a-mlock.o)
                                                  /opt/local/lib/gcc/arm-elf/4.3.2/../../../../arm-elf/lib/libc.a(lib_a-freer.o)
                                                  /opt/local/lib/gcc/arm-elf/4.3.2/../../../../arm-elf/lib/libc.a(lib_a-mallocr.o)
__modsi3                                          /opt/local/lib/gcc/arm-elf/4.3.2/libgcc.a(_modsi3.o)
                                                  ../lib/LCD_driver.o
                                                  main.o
__startup                                         Startup.o
__udivsi3                                         /opt/local/lib/gcc/arm-elf/4.3.2/libgcc.a(_udivsi3.o)
                                                  ../lib/fat16.o
                                                  ../lib/serial.o
                                                  ../lib/rprintf.o
__umodsi3                                         /opt/local/lib/gcc/arm-elf/4.3.2/libgcc.a(_umodsi3.o)
                                                  ../lib/fat16.o
                                                  ../lib/rprintf.o
_close_r                                          ../lib/syscalls.o
_data                                             Startup.o
_edata                                            Startup.o
_etext                                            Startup.o
_free_r                                           /opt/local/lib/gcc/arm-elf/4.3.2/../../../../arm-elf/lib/libc.a(lib_a-freer.o)
                                                  /opt/local/lib/gcc/arm-elf/4.3.2/../../../../arm-elf/lib/libc.a(lib_a-mallocr.o)
                                                  /opt/local/lib/gcc/arm-elf/4.3.2/../../../../arm-elf/lib/libc.a(lib_a-malloc.o)
_fstat_r                                          ../lib/syscalls.o
_global_impure_ptr                                /opt/local/lib/gcc/arm-elf/4.3.2/../../../../arm-elf/lib/libc.a(lib_a-impure.o)
_impure_ptr                                       /opt/local/lib/gcc/arm-elf/4.3.2/../../../../arm-elf/lib/libc.a(lib_a-impure.o)
                                                  /opt/local/lib/gcc/arm-elf/4.3.2/../../../../arm-elf/lib/libc.a(lib_a-malloc.o)
_lseek_r                                          ../lib/syscalls.o
_malloc_r                                         /opt/local/lib/gcc/arm-elf/4.3.2/../../../../arm-elf/lib/libc.a(lib_a-mallocr.o)
                                                  /opt/local/lib/gcc/arm-elf/4.3.2/../../../../arm-elf/lib/libc.a(lib_a-malloc.o)
_malloc_trim_r                                    /opt/local/lib/gcc/arm-elf/4.3.2/../../../../arm-elf/lib/libc.a(lib_a-freer.o)
_read_r                                           ../lib/syscalls.o
_sbrk_r                                           ../lib/syscalls.o
                                                  /opt/local/lib/gcc/arm-elf/4.3.2/../../../../arm-elf/lib/libc.a(lib_a-freer.o)
                                                  /opt/local/lib/gcc/arm-elf/4.3.2/../../../../arm-elf/lib/libc.a(lib_a-mallocr.o)
_write_r                                          ../lib/syscalls.o
black                                             ../lib/LCD_driver.o
                                                  main.o
bootUp                                            main.o
closeSong                                         main.o
contrast                                          main.o
dd                                                ../lib/rootdir.o
delay_ms                                          main.o
                                                  ../lib/NS73.o
                                                  ../lib/vs1002.o
                                                  ../lib/LCD_driver.o
                                                  ../lib/rprintf.o
dir_entry                                         ../lib/rootdir.o
end                                               ../lib/syscalls.o
fat16_close                                       ../lib/fat16.o
fat16_close_dir                                   ../lib/fat16.o
fat16_close_file                                  ../lib/fat16.o
                                                  main.o
fat16_create_file                                 ../lib/fat16.o
                                                  ../lib/rootdir.o
fat16_delete_file                                 ../lib/fat16.o
                                                  ../lib/rootdir.o
fat16_file_size                                   ../lib/fat16.o
                                                  main.o
fat16_get_dir_entry_of_path                       ../lib/fat16.o
                                                  ../lib/rootdir.o
fat16_get_fs_free                                 ../lib/fat16.o
                                                  ../lib/rootdir.o
fat16_get_fs_size                                 ../lib/fat16.o
                                                  ../lib/rootdir.o
fat16_open                                        ../lib/fat16.o
                                                  ../lib/rootdir.o
fat16_open_dir                                    ../lib/fat16.o
                                                  ../lib/rootdir.o
fat16_open_file                                   ../lib/fat16.o
fat16_read_dir                                    ../lib/fat16.o
                                                  ../lib/rootdir.o
fat16_read_file                                   ../lib/fat16.o
                                                  main.o
fat16_reset_dir                                   ../lib/fat16.o
                                                  ../lib/rootdir.o
fat16_resize_file                                 ../lib/fat16.o
fat16_seek_file                                   ../lib/fat16.o
fat16_write_file                                  ../lib/fat16.o
fd                                                ../lib/rootdir.o
fillSettings                                      main.o
find_file_in_dir                                  ../lib/fat16.o
                                                  ../lib/rootdir.o
format_card                                       ../lib/sd_raw.o
free                                              /opt/local/lib/gcc/arm-elf/4.3.2/../../../../arm-elf/lib/libc.a(lib_a-malloc.o)
                                                  ../lib/partition.o
                                                  ../lib/fat16.o
fs                                                ../lib/rootdir.o
getButton                                         main.o
getNewFiles                                       main.o
getc0                                             ../lib/serial.o
getkey_serial0                                    ../lib/serial.o
handleDownButton                                  main.o
handleMiddleButton                                main.o
handleUpButton                                    main.o
highlightRow                                      main.o
init_serial0                                      ../lib/serial.o
isatty                                            ../lib/syscalls.o
loadSongInfo                                      main.o
main                                              main.o
                                                  Startup.o
main_msc                                          ../Bootloader/LPCUSB/main_msc.o
                                                  main.o
malloc                                            /opt/local/lib/gcc/arm-elf/4.3.2/../../../../arm-elf/lib/libc.a(lib_a-malloc.o)
                                                  ../lib/partition.o
                                                  ../lib/fat16.o
memcpy                                            /opt/local/lib/gcc/arm-elf/4.3.2/../../../../arm-elf/lib/libc.a(lib_a-memcpy.o)
                                                  ../Bootloader/LPCUSB/msc_scsi.o
                                                  ../lib/fat16.o
                                                  ../lib/sd_raw.o
memset                                            /opt/local/lib/gcc/arm-elf/4.3.2/../../../../arm-elf/lib/libc.a(lib_a-memset.o)
                                                  ../lib/partition.o
                                                  ../lib/fat16.o
                                                  ../lib/sd_raw.o
newline                                           main.o
ns73Config                                        ../lib/NS73.o
                                                  main.o
ns73Init                                          ../lib/NS73.o
                                                  main.o
ns73Send                                          ../lib/NS73.o
ns73SerialReset                                   ../lib/NS73.o
ns73SetChannel                                    ../lib/NS73.o
                                                  main.o
open_file_in_dir                                  ../lib/fat16.o
                                                  ../lib/rootdir.o
openroot                                          ../lib/rootdir.o
                                                  main.o
partition                                         ../lib/rootdir.o
partition_close                                   ../lib/partition.o
partition_open                                    ../lib/partition.o
                                                  ../lib/rootdir.o
printMenu                                         main.o
print_disk_info                                   ../lib/rootdir.o
putc_serial0                                      ../lib/serial.o
                                                  main.o
putchar_serial0                                   ../lib/serial.o
putstring_serial0                                 ../lib/serial.o
quickClear                                        main.o
radio_channel                                     main.o
radio_channel_menu                                main.o
radio_enable                                      main.o
radio_power                                       main.o
red                                               ../lib/LCD_driver.o
reset                                             main.o
rootDirectory_files                               ../lib/rootdir.o
                                                  main.o
rootDirectory_files_stream                        ../lib/rootdir.o
                                                  main.o
root_delete                                       ../lib/rootdir.o
root_disk_info                                    ../lib/rootdir.o
root_file_exists                                  ../lib/rootdir.o
                                                  main.o
root_format                                       ../lib/rootdir.o
root_open                                         ../lib/rootdir.o
                                                  main.o
root_open_new                                     ../lib/rootdir.o
rprintf                                           ../lib/rprintf.o
                                                  ../Bootloader/LPCUSB/lpc2000_spi.o
                                                  ../Bootloader/LPCUSB/blockdev_sd.o
                                                  ../Bootloader/LPCUSB/main_msc.o
                                                  ../lib/fat16.o
                                                  ../lib/sd_raw.o
                                                  ../lib/rootdir.o
                                                  main.o
rprintf_devopen                                   ../lib/rprintf.o
                                                  main.o
sd_raw_available                                  ../lib/sd_raw.o
sd_raw_get_info                                   ../lib/sd_raw.o
                                                  ../lib/rootdir.o
sd_raw_init                                       ../lib/sd_raw.o
                                                  main.o
sd_raw_locked                                     ../lib/sd_raw.o
sd_raw_read                                       ../lib/sd_raw.o
                                                  ../lib/rootdir.o
sd_raw_read_interval                              ../lib/sd_raw.o
                                                  ../lib/rootdir.o
sd_raw_sync                                       ../lib/sd_raw.o
sd_raw_write                                      ../lib/sd_raw.o
                                                  ../lib/rootdir.o
settings                                          main.o
strchr                                            /opt/local/lib/gcc/arm-elf/4.3.2/../../../../arm-elf/lib/libc.a(lib_a-strchr.o)
                                                  /opt/local/lib/gcc/arm-elf/4.3.2/../../../../arm-elf/lib/libc.a(lib_a-strrchr.o)
                                                  ../lib/fat16.o
strcmp                                            /opt/local/lib/gcc/arm-elf/4.3.2/../../../../arm-elf/lib/libc.a(lib_a-strcmp.o)
                                                  ../lib/fat16.o
strlen                                            /opt/local/lib/gcc/arm-elf/4.3.2/../../../../arm-elf/lib/libc.a(lib_a-strlen.o)
                                                  ../lib/fat16.o
strncmp                                           /opt/local/lib/gcc/arm-elf/4.3.2/../../../../arm-elf/lib/libc.a(lib_a-strncmp.o)
                                                  ../lib/fat16.o
strncpy                                           /opt/local/lib/gcc/arm-elf/4.3.2/../../../../arm-elf/lib/libc.a(lib_a-strncpy.o)
                                                  ../lib/fat16.o
strrchr                                           /opt/local/lib/gcc/arm-elf/4.3.2/../../../../arm-elf/lib/libc.a(lib_a-strrchr.o)
                                                  ../lib/fat16.o
volume                                            main.o
volume_setting                                    main.o
vs1002Config                                      ../lib/vs1002.o
                                                  main.o
vs1002Finish                                      ../lib/vs1002.o
                                                  main.o
vs1002Init                                        ../lib/vs1002.o
                                                  main.o
vs1002Mute                                        ../lib/vs1002.o
vs1002Reset                                       ../lib/vs1002.o
                                                  main.o
vs1002SCIRead                                     ../lib/vs1002.o
vs1002SCIWrite                                    ../lib/vs1002.o
                                                  main.o
vs1002SendMusic                                   ../lib/vs1002.o
                                                  main.o
vs1002SetVolume                                   ../lib/vs1002.o
                                                  main.o
vs1002SineTest                                    ../lib/vs1002.o
welcome                                           main.o
white                                             ../lib/LCD_driver.o
                                                  main.o
