Archive member included because of file (symbol)

/opt/local/lib/gcc/arm-elf/4.3.2/../../../../arm-elf/lib/libc.a(lib_a-malloc.o)
                              ../lib/fat16.o (free)
/opt/local/lib/gcc/arm-elf/4.3.2/../../../../arm-elf/lib/libc.a(lib_a-mallocr.o)
                              /opt/local/lib/gcc/arm-elf/4.3.2/../../../../arm-elf/lib/libc.a(lib_a-malloc.o) (_malloc_r)
/opt/local/lib/gcc/arm-elf/4.3.2/../../../../arm-elf/lib/libc.a(lib_a-memcpy.o)
                              ../lib/sd_raw.o (memcpy)
/opt/local/lib/gcc/arm-elf/4.3.2/../../../../arm-elf/lib/libc.a(lib_a-memset.o)
                              ../lib/sd_raw.o (memset)
/opt/local/lib/gcc/arm-elf/4.3.2/../../../../arm-elf/lib/libc.a(lib_a-mlock.o)
                              /opt/local/lib/gcc/arm-elf/4.3.2/../../../../arm-elf/lib/libc.a(lib_a-mallocr.o) (__malloc_lock)
/opt/local/lib/gcc/arm-elf/4.3.2/../../../../arm-elf/lib/libc.a(lib_a-strchr.o)
                              ../lib/fat16.o (strchr)
/opt/local/lib/gcc/arm-elf/4.3.2/../../../../arm-elf/lib/libc.a(lib_a-strcmp.o)
                              ../lib/fat16.o (strcmp)
/opt/local/lib/gcc/arm-elf/4.3.2/../../../../arm-elf/lib/libc.a(lib_a-strlen.o)
                              ../lib/fat16.o (strlen)
/opt/local/lib/gcc/arm-elf/4.3.2/../../../../arm-elf/lib/libc.a(lib_a-strncmp.o)
                              ../lib/fat16.o (strncmp)
/opt/local/lib/gcc/arm-elf/4.3.2/../../../../arm-elf/lib/libc.a(lib_a-strncpy.o)
                              ../lib/fat16.o (strncpy)
/opt/local/lib/gcc/arm-elf/4.3.2/../../../../arm-elf/lib/libc.a(lib_a-strrchr.o)
                              ../lib/fat16.o (strrchr)
/opt/local/lib/gcc/arm-elf/4.3.2/../../../../arm-elf/lib/libc.a(lib_a-freer.o)
                              /opt/local/lib/gcc/arm-elf/4.3.2/../../../../arm-elf/lib/libc.a(lib_a-malloc.o) (_free_r)
/opt/local/lib/gcc/arm-elf/4.3.2/../../../../arm-elf/lib/libc.a(lib_a-impure.o)
                              /opt/local/lib/gcc/arm-elf/4.3.2/../../../../arm-elf/lib/libc.a(lib_a-malloc.o) (_impure_ptr)
/opt/local/lib/gcc/arm-elf/4.3.2/libgcc.a(_udivsi3.o)
                              ../lib/rprintf.o (__udivsi3)
/opt/local/lib/gcc/arm-elf/4.3.2/libgcc.a(_divsi3.o)
                              main.o (__divsi3)
/opt/local/lib/gcc/arm-elf/4.3.2/libgcc.a(_umodsi3.o)
                              ../lib/rprintf.o (__umodsi3)
/opt/local/lib/gcc/arm-elf/4.3.2/libgcc.a(_modsi3.o)
                              main.o (__modsi3)
/opt/local/lib/gcc/arm-elf/4.3.2/libgcc.a(_dvmd_tls.o)
                              /opt/local/lib/gcc/arm-elf/4.3.2/libgcc.a(_udivsi3.o) (__div0)

Allocating common symbols
Common symbol       size              file

fs                  0x4               ../lib/rootdir.o
dir_entry           0x2c              ../lib/rootdir.o
fd                  0x4               ../lib/rootdir.o
partition           0x4               ../lib/rootdir.o
dd                  0x4               ../lib/rootdir.o

Memory Configuration

Name             Origin             Length             Attributes
ROM              0x00010000         0x0005f000         xr
RAM              0x40000000         0x00008000         rw
*default*        0x00000000         0xffffffff

Linker script and memory map

LOAD Startup.o
LOAD main.o
LOAD ../lib/syscalls.o
LOAD ../lib/rprintf.o
LOAD ../lib/serial.o
LOAD ../lib/spi0.o
LOAD ../lib/rootdir.o
LOAD ../lib/sd_raw.o
LOAD ../lib/fat16.o
LOAD ../lib/partition.o
LOAD ../lib/MMA7260.o
LOAD ../lib/LCD_driver.o
LOAD ../lib/vs1002.o
LOAD ../lib/NS73.o
LOAD ../Bootloader/LPCUSB/main_msc.o
LOAD ../Bootloader/LPCUSB/msc_bot.o
LOAD ../Bootloader/LPCUSB/msc_scsi.o
LOAD ../Bootloader/LPCUSB/blockdev_sd.o
LOAD ../Bootloader/LPCUSB/lpc2000_spi.o
LOAD ../Bootloader/LPCUSB/usbinit.o
LOAD ../Bootloader/LPCUSB/usbhw_lpc.o
LOAD ../Bootloader/LPCUSB/usbcontrol.o
LOAD ../Bootloader/LPCUSB/usbstdreq.o
LOAD /opt/local/lib/gcc/arm-elf/4.3.2/../../../../arm-elf/lib/libc.a
LOAD /opt/local/lib/gcc/arm-elf/4.3.2/../../../../arm-elf/lib/libm.a
LOAD /opt/local/lib/gcc/arm-elf/4.3.2/../../../../arm-elf/lib/libc.a
LOAD /opt/local/lib/gcc/arm-elf/4.3.2/libgcc.a
START GROUP
LOAD /opt/local/lib/gcc/arm-elf/4.3.2/libgcc.a
LOAD /opt/local/lib/gcc/arm-elf/4.3.2/../../../../arm-elf/lib/libg.a
LOAD /opt/local/lib/gcc/arm-elf/4.3.2/../../../../arm-elf/lib/libc.a
END GROUP

.text           0x00010000     0x95c4
 *(.vectorg)
 .vectorg       0x00010000       0x98 Startup.o
                0x00010050                __IRQ_Wrapper
                0x00010098                . = ALIGN (0x4)
 *(.init)
 .init          0x00010098       0xfc Startup.o
                0x00010164                __exit_THUMB
                0x00010098                __startup
                0x00010160                __exit_ARM
 *(.text .text.*)
 .text          0x00010194        0x0 Startup.o
 .text          0x00010194     0x1878 main.o
                0x00011198                bootUp
                0x00010ad8                handleMiddleButton
                0x000103a4                reset
                0x000103d4                initializeFMTransmitter
                0x00010688                highlightRow
                0x000107e0                handleUpButton
                0x0001090c                enableRadio
                0x000101f8                getNewFiles
                0x00010764                handleDownButton
                0x00010854                disableRadio
                0x0001144c                main
                0x00010194                delay_ms
                0x00010450                sendMP3Data
                0x000102dc                fillSettings
                0x000105bc                printMenu
                0x000109c8                closeSong
                0x000101bc                getButton
                0x00010a00                loadSongInfo
                0x000104f0                quickClear
 .text          0x00011a0c       0x64 ../lib/syscalls.o
                0x00011a24                _lseek_r
                0x00011a2c                _fstat_r
                0x00011a3c                isatty
                0x00011a44                _sbrk_r
                0x00011a0c                _read_r
                0x00011a1c                _close_r
                0x00011a14                _write_r
 .text          0x00011a70      0x2c8 ../lib/rprintf.o
                0x00011a70                rprintf_devopen
                0x00011ac0                rprintf
 .text          0x00011d38      0x114 ../lib/serial.o
                0x00011e14                getkey_serial0
                0x00011dec                putstring_serial0
                0x00011e30                getc0
                0x00011d38                init_serial0
                0x00011d8c                putchar_serial0
                0x00011dcc                putc_serial0
 .text          0x00011e4c       0x4c ../lib/spi0.o
                0x00011e7c                SPI0_recv
                0x00011e4c                SPI0_send_recv
                0x00011e90                SPI0_send
 .text          0x00011e98      0x484 ../lib/rootdir.o
                0x000121b0                root_disk_info
                0x00011e98                root_file_exists
                0x00011f70                rootDirectory_files
                0x00011ecc                root_delete
                0x00011f1c                root_format
                0x000121ec                root_open_new
                0x00012020                rootDirectory_files_stream
                0x000120a4                print_disk_info
                0x000121c0                root_open
                0x00012234                openroot
 .text          0x0001231c      0xc74 ../lib/sd_raw.o
                0x0001231c                sd_raw_available
                0x00012720                sd_raw_read
                0x00012db0                format_card
                0x00012b8c                sd_raw_init
                0x00012adc                sd_raw_read_interval
                0x00012464                SDoff
                0x0001248c                sd_raw_get_info
                0x00012a94                sd_raw_sync
                0x00012350                sd_raw_locked
                0x00012880                sd_raw_write
 .text          0x00012f90     0x1860 ../lib/fat16.o
                0x00013d34                fat16_resize_file
                0x00013a4c                find_file_in_dir
                0x000141b0                fat16_close
                0x0001363c                fat16_reset_dir
                0x00013658                fat16_delete_file
                0x00013728                fat16_get_fs_free
                0x00013834                fat16_read_dir
                0x00013ed8                fat16_seek_file
                0x00013704                fat16_get_fs_size
                0x0001419c                fat16_close_file
                0x00014244                fat16_open_file
                0x000134a0                fat16_read_file
                0x0001442c                fat16_open
                0x00014620                fat16_create_file
                0x000142c4                open_file_in_dir
                0x00014308                fat16_get_dir_entry_of_path
                0x00013f70                fat16_write_file
                0x000141c4                fat16_open_dir
                0x00014188                fat16_close_dir
                0x0001382c                fat16_file_size
 .text          0x000147f0      0x130 ../lib/partition.o
                0x000147f0                partition_close
                0x00014810                partition_open
 .text          0x00014920       0xcc ../lib/MMA7260.o
                0x0001497c                MMA_get_x
                0x00014974                MMA_get_y
                0x00014984                MMA_change_mode
                0x0001496c                MMA_get_z
 .text          0x000149ec      0xa24 ../lib/LCD_driver.o
                0x0001520c                LCDContrast
                0x00014c08                LCDPrintLogo
                0x00015228                LCDInit
                0x00014e08                LCDPrintString
                0x00014b10                LCDClear
                0x00015150                LCDSetRowColor
 .text          0x00015410      0x270 ../lib/vs1002.o
                0x00015628                vs1002SetVolume
                0x00015538                vs1002SCIWrite
                0x00015410                vs1002Config
                0x000154d0                vs1002SineTest
                0x00015438                vs1002Finish
                0x00015484                vs1002SendMusic
                0x000155cc                vs1002SCIRead
                0x00015590                vs1002Mute
                0x00015454                vs1002Reset
                0x000155a0                vs1002Init
 .text          0x00015680      0x31c ../lib/NS73.o
                0x000158d4                ns73Init
                0x00015888                ns73SetChannel
                0x00015950                ns73Config
                0x0001577c                ns73Send
                0x00015680                ns73SerialReset
 .text          0x0001599c      0x110 ../Bootloader/LPCUSB/main_msc.o
                0x0001599c                main_msc
 .text          0x00015aac      0x418 ../Bootloader/LPCUSB/msc_bot.o
                0x00015bf8                MSCBotBulkIn
                0x00015ea4                MSCBotReset
                0x00015c5c                MSCBotBulkOut
 .text          0x00015ec4      0x358 ../Bootloader/LPCUSB/msc_scsi.o
                0x0001600c                SCSIHandleData
                0x00015ed8                SCSIHandleCmd
                0x00015ec4                SCSIReset
 .text          0x0001621c      0x510 ../Bootloader/LPCUSB/blockdev_sd.o
                0x000164b8                BlockDevRead
                0x0001654c                BlockDevInit
                0x0001630c                BlockDevGetSize
                0x000162a8                BlockDevWrite
 .text          0x0001672c      0x1e8 ../Bootloader/LPCUSB/lpc2000_spi.o
                0x0001672c                SPISetSpeed
                0x00016854                SPIInit
                0x000167f0                SPIRecvN
                0x00016748                SPISend
                0x00016794                SPISendN
 .text          0x00016914       0x74 ../Bootloader/LPCUSB/usbinit.o
                0x00016918                USBInit
 .text          0x00016988      0x558 ../Bootloader/LPCUSB/usbhw_lpc.o
                0x00016c40                USBHwEPRead
                0x00016cf4                USBHwISR
                0x00016bb8                USBHwEPWrite
                0x00016a58                USBHwEPConfig
                0x00016b48                USBHwSetAddress
                0x00016b58                USBHwConnect
                0x00016b98                USBHwEPStall
                0x00016b00                USBHwRegisterDevIntHandler
                0x00016ab4                USBHwRegisterEPIntHandler
                0x00016ce4                USBHwConfigDevice
                0x00016b68                USBHwNakIntEnable
                0x00016e1c                USBHwInit
                0x00016b24                USBHwRegisterFrameHandler
                0x00016b74                USBHwEPGetStatus
 .text          0x00016ee0      0x210 ../Bootloader/LPCUSB/usbcontrol.o
                0x00016fa4                USBHandleControlTransfer
                0x00016f20                USBRegisterRequestHandler
 .text          0x000170f0      0x31c ../Bootloader/LPCUSB/usbstdreq.o
                0x00017100                USBGetDescriptor
                0x00017184                USBRegisterCustomReqHandler
                0x000170f0                USBRegisterDescriptors
                0x00017194                USBHandleStandardRequest
 .text          0x0001740c       0x28 /opt/local/lib/gcc/arm-elf/4.3.2/../../../../arm-elf/lib/libc.a(lib_a-malloc.o)
                0x00017420                malloc
                0x0001740c                free
 .text          0x00017434      0x734 /opt/local/lib/gcc/arm-elf/4.3.2/../../../../arm-elf/lib/libc.a(lib_a-mallocr.o)
                0x00017434                _malloc_r
 .text          0x00017b68       0xfc /opt/local/lib/gcc/arm-elf/4.3.2/../../../../arm-elf/lib/libc.a(lib_a-memcpy.o)
                0x00017b68                memcpy
 .text          0x00017c64       0xd0 /opt/local/lib/gcc/arm-elf/4.3.2/../../../../arm-elf/lib/libc.a(lib_a-memset.o)
                0x00017c64                memset
 .text          0x00017d34        0x8 /opt/local/lib/gcc/arm-elf/4.3.2/../../../../arm-elf/lib/libc.a(lib_a-mlock.o)
                0x00017d38                __malloc_unlock
                0x00017d34                __malloc_lock
 .text          0x00017d3c      0x134 /opt/local/lib/gcc/arm-elf/4.3.2/../../../../arm-elf/lib/libc.a(lib_a-strchr.o)
                0x00017d3c                strchr
 .text          0x00017e70       0xe8 /opt/local/lib/gcc/arm-elf/4.3.2/../../../../arm-elf/lib/libc.a(lib_a-strcmp.o)
                0x00017e70                strcmp
 .text          0x00017f58       0x9c /opt/local/lib/gcc/arm-elf/4.3.2/../../../../arm-elf/lib/libc.a(lib_a-strlen.o)
                0x00017f58                strlen
 .text          0x00017ff4      0x144 /opt/local/lib/gcc/arm-elf/4.3.2/../../../../arm-elf/lib/libc.a(lib_a-strncmp.o)
                0x00017ff4                strncmp
 .text          0x00018138      0x10c /opt/local/lib/gcc/arm-elf/4.3.2/../../../../arm-elf/lib/libc.a(lib_a-strncpy.o)
                0x00018138                strncpy
 .text          0x00018244       0x44 /opt/local/lib/gcc/arm-elf/4.3.2/../../../../arm-elf/lib/libc.a(lib_a-strrchr.o)
                0x00018244                strrchr
 .text          0x00018288      0x370 /opt/local/lib/gcc/arm-elf/4.3.2/../../../../arm-elf/lib/libc.a(lib_a-freer.o)
                0x00018380                _free_r
                0x00018288                _malloc_trim_r
 .text          0x000185f8        0x0 /opt/local/lib/gcc/arm-elf/4.3.2/../../../../arm-elf/lib/libc.a(lib_a-impure.o)
 .text          0x000185f8      0x110 /opt/local/lib/gcc/arm-elf/4.3.2/libgcc.a(_udivsi3.o)
                0x000185f8                __udivsi3
                0x000185f8                __aeabi_uidiv
                0x000186f0                __aeabi_uidivmod
 .text          0x00018708      0x140 /opt/local/lib/gcc/arm-elf/4.3.2/libgcc.a(_divsi3.o)
                0x00018708                __aeabi_idiv
                0x00018708                __divsi3
                0x00018830                __aeabi_idivmod
 .text          0x00018848       0xcc /opt/local/lib/gcc/arm-elf/4.3.2/libgcc.a(_umodsi3.o)
                0x00018848                __umodsi3
 .text          0x00018914       0xe4 /opt/local/lib/gcc/arm-elf/4.3.2/libgcc.a(_modsi3.o)
                0x00018914                __modsi3
 .text          0x000189f8        0x4 /opt/local/lib/gcc/arm-elf/4.3.2/libgcc.a(_dvmd_tls.o)
                0x000189f8                __aeabi_ldiv0
                0x000189f8                __div0
                0x000189f8                __aeabi_idiv0
 *(.gnu.linkonce.t.*)
 *(.glue_7)
 .glue_7        0x000189fc        0x0 Startup.o
 .glue_7        0x000189fc        0x0 main.o
 .glue_7        0x000189fc        0x0 ../lib/syscalls.o
 .glue_7        0x000189fc        0x0 ../lib/rprintf.o
 .glue_7        0x000189fc        0x0 ../lib/serial.o
 .glue_7        0x000189fc        0x0 ../lib/spi0.o
 .glue_7        0x000189fc        0x0 ../lib/rootdir.o
 .glue_7        0x000189fc        0x0 ../lib/sd_raw.o
 .glue_7        0x000189fc        0x0 ../lib/fat16.o
 .glue_7        0x000189fc        0x0 ../lib/partition.o
 .glue_7        0x000189fc        0x0 ../lib/MMA7260.o
 .glue_7        0x000189fc        0x0 ../lib/LCD_driver.o
 .glue_7        0x000189fc        0x0 ../lib/vs1002.o
 .glue_7        0x000189fc        0x0 ../lib/NS73.o
 .glue_7        0x000189fc        0x0 ../Bootloader/LPCUSB/main_msc.o
 .glue_7        0x000189fc        0x0 ../Bootloader/LPCUSB/msc_bot.o
 .glue_7        0x000189fc        0x0 ../Bootloader/LPCUSB/msc_scsi.o
 .glue_7        0x000189fc        0x0 ../Bootloader/LPCUSB/blockdev_sd.o
 .glue_7        0x000189fc        0x0 ../Bootloader/LPCUSB/lpc2000_spi.o
 .glue_7        0x000189fc        0x0 ../Bootloader/LPCUSB/usbinit.o
 .glue_7        0x000189fc        0x0 ../Bootloader/LPCUSB/usbhw_lpc.o
 .glue_7        0x000189fc        0x0 ../Bootloader/LPCUSB/usbcontrol.o
 .glue_7        0x000189fc        0x0 ../Bootloader/LPCUSB/usbstdreq.o
 .glue_7        0x000189fc        0x0 /opt/local/lib/gcc/arm-elf/4.3.2/../../../../arm-elf/lib/libc.a(lib_a-malloc.o)
 .glue_7        0x000189fc        0x0 /opt/local/lib/gcc/arm-elf/4.3.2/../../../../arm-elf/lib/libc.a(lib_a-mallocr.o)
 .glue_7        0x000189fc        0x0 /opt/local/lib/gcc/arm-elf/4.3.2/../../../../arm-elf/lib/libc.a(lib_a-memcpy.o)
 .glue_7        0x000189fc        0x0 /opt/local/lib/gcc/arm-elf/4.3.2/../../../../arm-elf/lib/libc.a(lib_a-memset.o)
 .glue_7        0x000189fc        0x0 /opt/local/lib/gcc/arm-elf/4.3.2/../../../../arm-elf/lib/libc.a(lib_a-mlock.o)
 .glue_7        0x000189fc        0x0 /opt/local/lib/gcc/arm-elf/4.3.2/../../../../arm-elf/lib/libc.a(lib_a-strchr.o)
 .glue_7        0x000189fc        0x0 /opt/local/lib/gcc/arm-elf/4.3.2/../../../../arm-elf/lib/libc.a(lib_a-strcmp.o)
 .glue_7        0x000189fc        0x0 /opt/local/lib/gcc/arm-elf/4.3.2/../../../../arm-elf/lib/libc.a(lib_a-strlen.o)
 .glue_7        0x000189fc        0x0 /opt/local/lib/gcc/arm-elf/4.3.2/../../../../arm-elf/lib/libc.a(lib_a-strncmp.o)
 .glue_7        0x000189fc        0x0 /opt/local/lib/gcc/arm-elf/4.3.2/../../../../arm-elf/lib/libc.a(lib_a-strncpy.o)
 .glue_7        0x000189fc        0x0 /opt/local/lib/gcc/arm-elf/4.3.2/../../../../arm-elf/lib/libc.a(lib_a-strrchr.o)
 .glue_7        0x000189fc        0x0 /opt/local/lib/gcc/arm-elf/4.3.2/../../../../arm-elf/lib/libc.a(lib_a-freer.o)
 .glue_7        0x000189fc        0x0 /opt/local/lib/gcc/arm-elf/4.3.2/../../../../arm-elf/lib/libc.a(lib_a-impure.o)
 .glue_7        0x000189fc        0x0 /opt/local/lib/gcc/arm-elf/4.3.2/libgcc.a(_udivsi3.o)
 .glue_7        0x000189fc        0x0 /opt/local/lib/gcc/arm-elf/4.3.2/libgcc.a(_divsi3.o)
 .glue_7        0x000189fc        0x0 /opt/local/lib/gcc/arm-elf/4.3.2/libgcc.a(_umodsi3.o)
 .glue_7        0x000189fc        0x0 /opt/local/lib/gcc/arm-elf/4.3.2/libgcc.a(_modsi3.o)
 .glue_7        0x000189fc        0x0 /opt/local/lib/gcc/arm-elf/4.3.2/libgcc.a(_dvmd_tls.o)
 *(.glue_7t)
 .glue_7t       0x000189fc        0x0 Startup.o
 .glue_7t       0x000189fc        0x0 main.o
 .glue_7t       0x000189fc        0x0 ../lib/syscalls.o
 .glue_7t       0x000189fc        0x0 ../lib/rprintf.o
 .glue_7t       0x000189fc        0x0 ../lib/serial.o
 .glue_7t       0x000189fc        0x0 ../lib/spi0.o
 .glue_7t       0x000189fc        0x0 ../lib/rootdir.o
 .glue_7t       0x000189fc        0x0 ../lib/sd_raw.o
 .glue_7t       0x000189fc        0x0 ../lib/fat16.o
 .glue_7t       0x000189fc        0x0 ../lib/partition.o
 .glue_7t       0x000189fc        0x0 ../lib/MMA7260.o
 .glue_7t       0x000189fc        0x0 ../lib/LCD_driver.o
 .glue_7t       0x000189fc        0x0 ../lib/vs1002.o
 .glue_7t       0x000189fc        0x0 ../lib/NS73.o
 .glue_7t       0x000189fc        0x0 ../Bootloader/LPCUSB/main_msc.o
 .glue_7t       0x000189fc        0x0 ../Bootloader/LPCUSB/msc_bot.o
 .glue_7t       0x000189fc        0x0 ../Bootloader/LPCUSB/msc_scsi.o
 .glue_7t       0x000189fc        0x0 ../Bootloader/LPCUSB/blockdev_sd.o
 .glue_7t       0x000189fc        0x0 ../Bootloader/LPCUSB/lpc2000_spi.o
 .glue_7t       0x000189fc        0x0 ../Bootloader/LPCUSB/usbinit.o
 .glue_7t       0x000189fc        0x0 ../Bootloader/LPCUSB/usbhw_lpc.o
 .glue_7t       0x000189fc        0x0 ../Bootloader/LPCUSB/usbcontrol.o
 .glue_7t       0x000189fc        0x0 ../Bootloader/LPCUSB/usbstdreq.o
 .glue_7t       0x000189fc        0x0 /opt/local/lib/gcc/arm-elf/4.3.2/../../../../arm-elf/lib/libc.a(lib_a-malloc.o)
 .glue_7t       0x000189fc        0x0 /opt/local/lib/gcc/arm-elf/4.3.2/../../../../arm-elf/lib/libc.a(lib_a-mallocr.o)
 .glue_7t       0x000189fc        0x0 /opt/local/lib/gcc/arm-elf/4.3.2/../../../../arm-elf/lib/libc.a(lib_a-memcpy.o)
 .glue_7t       0x000189fc        0x0 /opt/local/lib/gcc/arm-elf/4.3.2/../../../../arm-elf/lib/libc.a(lib_a-memset.o)
 .glue_7t       0x000189fc        0x0 /opt/local/lib/gcc/arm-elf/4.3.2/../../../../arm-elf/lib/libc.a(lib_a-mlock.o)
 .glue_7t       0x000189fc        0x0 /opt/local/lib/gcc/arm-elf/4.3.2/../../../../arm-elf/lib/libc.a(lib_a-strchr.o)
 .glue_7t       0x000189fc        0x0 /opt/local/lib/gcc/arm-elf/4.3.2/../../../../arm-elf/lib/libc.a(lib_a-strcmp.o)
 .glue_7t       0x000189fc        0x0 /opt/local/lib/gcc/arm-elf/4.3.2/../../../../arm-elf/lib/libc.a(lib_a-strlen.o)
 .glue_7t       0x000189fc        0x0 /opt/local/lib/gcc/arm-elf/4.3.2/../../../../arm-elf/lib/libc.a(lib_a-strncmp.o)
 .glue_7t       0x000189fc        0x0 /opt/local/lib/gcc/arm-elf/4.3.2/../../../../arm-elf/lib/libc.a(lib_a-strncpy.o)
 .glue_7t       0x000189fc        0x0 /opt/local/lib/gcc/arm-elf/4.3.2/../../../../arm-elf/lib/libc.a(lib_a-strrchr.o)
 .glue_7t       0x000189fc        0x0 /opt/local/lib/gcc/arm-elf/4.3.2/../../../../arm-elf/lib/libc.a(lib_a-freer.o)
 .glue_7t       0x000189fc        0x0 /opt/local/lib/gcc/arm-elf/4.3.2/../../../../arm-elf/lib/libc.a(lib_a-impure.o)
 .glue_7t       0x000189fc        0x0 /opt/local/lib/gcc/arm-elf/4.3.2/libgcc.a(_udivsi3.o)
 .glue_7t       0x000189fc        0x0 /opt/local/lib/gcc/arm-elf/4.3.2/libgcc.a(_divsi3.o)
 .glue_7t       0x000189fc        0x0 /opt/local/lib/gcc/arm-elf/4.3.2/libgcc.a(_umodsi3.o)
 .glue_7t       0x000189fc        0x0 /opt/local/lib/gcc/arm-elf/4.3.2/libgcc.a(_modsi3.o)
 .glue_7t       0x000189fc        0x0 /opt/local/lib/gcc/arm-elf/4.3.2/libgcc.a(_dvmd_tls.o)
 *(.gcc_except_table)
 *(.rodata)
 .rodata        0x000189fc       0x67 main.o
                0x00018a12                NotFound
                0x00018a59                settings
                0x00018a4c                radio_channel_menu
                0x00018a31                volume
                0x00018a21                USB
                0x00018a38                contrast
                0x00018a41                radio_power
                0x00018a2f                newline
                0x000189fc                welcome
 .rodata        0x00018a63      0x63b ../lib/LCD_driver.o
 .rodata        0x0001909e       0x36 ../Bootloader/LPCUSB/msc_scsi.o
 .rodata        0x000190d4        0x4 /opt/local/lib/gcc/arm-elf/4.3.2/../../../../arm-elf/lib/libc.a(lib_a-impure.o)
                0x000190d4                _global_impure_ptr
 *(.rodata*)
 .rodata.str1.1
                0x000190d8       0x37 main.o
 *fill*         0x0001910f        0x1 00
 .rodata.str1.4
                0x00019110      0x11c ../lib/rootdir.o
 .rodata.str1.4
                0x0001922c       0x7c ../lib/sd_raw.o
 .rodata.str1.4
                0x000192a8       0x28 ../lib/fat16.o
 .rodata.str1.4
                0x000192d0       0x34 ../Bootloader/LPCUSB/main_msc.o
 .rodata.str1.4
                0x00019304      0x2a8 ../Bootloader/LPCUSB/blockdev_sd.o
                                0x2ac (size before relaxing)
 .rodata.str1.4
                0x000195ac       0x14 ../Bootloader/LPCUSB/lpc2000_spi.o
 .rodata.str1.4
                0x000195c0        0x4 /opt/local/lib/gcc/arm-elf/4.3.2/../../../../arm-elf/lib/libc.a(lib_a-impure.o)
 *(.gnu.linkonce.r.*)
                0x000195c4                . = ALIGN (0x4)

.vfp11_veneer   0x000195c4        0x0
 .vfp11_veneer  0x000195c4        0x0 Startup.o
 .vfp11_veneer  0x000195c4        0x0 main.o
 .vfp11_veneer  0x000195c4        0x0 ../lib/syscalls.o
 .vfp11_veneer  0x000195c4        0x0 ../lib/rprintf.o
 .vfp11_veneer  0x000195c4        0x0 ../lib/serial.o
 .vfp11_veneer  0x000195c4        0x0 ../lib/spi0.o
 .vfp11_veneer  0x000195c4        0x0 ../lib/rootdir.o
 .vfp11_veneer  0x000195c4        0x0 ../lib/sd_raw.o
 .vfp11_veneer  0x000195c4        0x0 ../lib/fat16.o
 .vfp11_veneer  0x000195c4        0x0 ../lib/partition.o
 .vfp11_veneer  0x000195c4        0x0 ../lib/MMA7260.o
 .vfp11_veneer  0x000195c4        0x0 ../lib/LCD_driver.o
 .vfp11_veneer  0x000195c4        0x0 ../lib/vs1002.o
 .vfp11_veneer  0x000195c4        0x0 ../lib/NS73.o
 .vfp11_veneer  0x000195c4        0x0 ../Bootloader/LPCUSB/main_msc.o
 .vfp11_veneer  0x000195c4        0x0 ../Bootloader/LPCUSB/msc_bot.o
 .vfp11_veneer  0x000195c4        0x0 ../Bootloader/LPCUSB/msc_scsi.o
 .vfp11_veneer  0x000195c4        0x0 ../Bootloader/LPCUSB/blockdev_sd.o
 .vfp11_veneer  0x000195c4        0x0 ../Bootloader/LPCUSB/lpc2000_spi.o
 .vfp11_veneer  0x000195c4        0x0 ../Bootloader/LPCUSB/usbinit.o
 .vfp11_veneer  0x000195c4        0x0 ../Bootloader/LPCUSB/usbhw_lpc.o
 .vfp11_veneer  0x000195c4        0x0 ../Bootloader/LPCUSB/usbcontrol.o
 .vfp11_veneer  0x000195c4        0x0 ../Bootloader/LPCUSB/usbstdreq.o
 .vfp11_veneer  0x000195c4        0x0 /opt/local/lib/gcc/arm-elf/4.3.2/../../../../arm-elf/lib/libc.a(lib_a-malloc.o)
 .vfp11_veneer  0x000195c4        0x0 /opt/local/lib/gcc/arm-elf/4.3.2/../../../../arm-elf/lib/libc.a(lib_a-mallocr.o)
 .vfp11_veneer  0x000195c4        0x0 /opt/local/lib/gcc/arm-elf/4.3.2/../../../../arm-elf/lib/libc.a(lib_a-memcpy.o)
 .vfp11_veneer  0x000195c4        0x0 /opt/local/lib/gcc/arm-elf/4.3.2/../../../../arm-elf/lib/libc.a(lib_a-memset.o)
 .vfp11_veneer  0x000195c4        0x0 /opt/local/lib/gcc/arm-elf/4.3.2/../../../../arm-elf/lib/libc.a(lib_a-mlock.o)
 .vfp11_veneer  0x000195c4        0x0 /opt/local/lib/gcc/arm-elf/4.3.2/../../../../arm-elf/lib/libc.a(lib_a-strchr.o)
 .vfp11_veneer  0x000195c4        0x0 /opt/local/lib/gcc/arm-elf/4.3.2/../../../../arm-elf/lib/libc.a(lib_a-strcmp.o)
 .vfp11_veneer  0x000195c4        0x0 /opt/local/lib/gcc/arm-elf/4.3.2/../../../../arm-elf/lib/libc.a(lib_a-strlen.o)
 .vfp11_veneer  0x000195c4        0x0 /opt/local/lib/gcc/arm-elf/4.3.2/../../../../arm-elf/lib/libc.a(lib_a-strncmp.o)
 .vfp11_veneer  0x000195c4        0x0 /opt/local/lib/gcc/arm-elf/4.3.2/../../../../arm-elf/lib/libc.a(lib_a-strncpy.o)
 .vfp11_veneer  0x000195c4        0x0 /opt/local/lib/gcc/arm-elf/4.3.2/../../../../arm-elf/lib/libc.a(lib_a-strrchr.o)
 .vfp11_veneer  0x000195c4        0x0 /opt/local/lib/gcc/arm-elf/4.3.2/../../../../arm-elf/lib/libc.a(lib_a-freer.o)
 .vfp11_veneer  0x000195c4        0x0 /opt/local/lib/gcc/arm-elf/4.3.2/../../../../arm-elf/lib/libc.a(lib_a-impure.o)
 .vfp11_veneer  0x000195c4        0x0 /opt/local/lib/gcc/arm-elf/4.3.2/libgcc.a(_udivsi3.o)
 .vfp11_veneer  0x000195c4        0x0 /opt/local/lib/gcc/arm-elf/4.3.2/libgcc.a(_divsi3.o)
 .vfp11_veneer  0x000195c4        0x0 /opt/local/lib/gcc/arm-elf/4.3.2/libgcc.a(_umodsi3.o)
 .vfp11_veneer  0x000195c4        0x0 /opt/local/lib/gcc/arm-elf/4.3.2/libgcc.a(_modsi3.o)
 .vfp11_veneer  0x000195c4        0x0 /opt/local/lib/gcc/arm-elf/4.3.2/libgcc.a(_dvmd_tls.o)

.v4_bx          0x000195c4        0x0
 .v4_bx         0x000195c4        0x0 Startup.o
 .v4_bx         0x000195c4        0x0 main.o
 .v4_bx         0x000195c4        0x0 ../lib/syscalls.o
 .v4_bx         0x000195c4        0x0 ../lib/rprintf.o
 .v4_bx         0x000195c4        0x0 ../lib/serial.o
 .v4_bx         0x000195c4        0x0 ../lib/spi0.o
 .v4_bx         0x000195c4        0x0 ../lib/rootdir.o
 .v4_bx         0x000195c4        0x0 ../lib/sd_raw.o
 .v4_bx         0x000195c4        0x0 ../lib/fat16.o
 .v4_bx         0x000195c4        0x0 ../lib/partition.o
 .v4_bx         0x000195c4        0x0 ../lib/MMA7260.o
 .v4_bx         0x000195c4        0x0 ../lib/LCD_driver.o
 .v4_bx         0x000195c4        0x0 ../lib/vs1002.o
 .v4_bx         0x000195c4        0x0 ../lib/NS73.o
 .v4_bx         0x000195c4        0x0 ../Bootloader/LPCUSB/main_msc.o
 .v4_bx         0x000195c4        0x0 ../Bootloader/LPCUSB/msc_bot.o
 .v4_bx         0x000195c4        0x0 ../Bootloader/LPCUSB/msc_scsi.o
 .v4_bx         0x000195c4        0x0 ../Bootloader/LPCUSB/blockdev_sd.o
 .v4_bx         0x000195c4        0x0 ../Bootloader/LPCUSB/lpc2000_spi.o
 .v4_bx         0x000195c4        0x0 ../Bootloader/LPCUSB/usbinit.o
 .v4_bx         0x000195c4        0x0 ../Bootloader/LPCUSB/usbhw_lpc.o
 .v4_bx         0x000195c4        0x0 ../Bootloader/LPCUSB/usbcontrol.o
 .v4_bx         0x000195c4        0x0 ../Bootloader/LPCUSB/usbstdreq.o
 .v4_bx         0x000195c4        0x0 /opt/local/lib/gcc/arm-elf/4.3.2/../../../../arm-elf/lib/libc.a(lib_a-malloc.o)
 .v4_bx         0x000195c4        0x0 /opt/local/lib/gcc/arm-elf/4.3.2/../../../../arm-elf/lib/libc.a(lib_a-mallocr.o)
 .v4_bx         0x000195c4        0x0 /opt/local/lib/gcc/arm-elf/4.3.2/../../../../arm-elf/lib/libc.a(lib_a-memcpy.o)
 .v4_bx         0x000195c4        0x0 /opt/local/lib/gcc/arm-elf/4.3.2/../../../../arm-elf/lib/libc.a(lib_a-memset.o)
 .v4_bx         0x000195c4        0x0 /opt/local/lib/gcc/arm-elf/4.3.2/../../../../arm-elf/lib/libc.a(lib_a-mlock.o)
 .v4_bx         0x000195c4        0x0 /opt/local/lib/gcc/arm-elf/4.3.2/../../../../arm-elf/lib/libc.a(lib_a-strchr.o)
 .v4_bx         0x000195c4        0x0 /opt/local/lib/gcc/arm-elf/4.3.2/../../../../arm-elf/lib/libc.a(lib_a-strcmp.o)
 .v4_bx         0x000195c4        0x0 /opt/local/lib/gcc/arm-elf/4.3.2/../../../../arm-elf/lib/libc.a(lib_a-strlen.o)
 .v4_bx         0x000195c4        0x0 /opt/local/lib/gcc/arm-elf/4.3.2/../../../../arm-elf/lib/libc.a(lib_a-strncmp.o)
 .v4_bx         0x000195c4        0x0 /opt/local/lib/gcc/arm-elf/4.3.2/../../../../arm-elf/lib/libc.a(lib_a-strncpy.o)
 .v4_bx         0x000195c4        0x0 /opt/local/lib/gcc/arm-elf/4.3.2/../../../../arm-elf/lib/libc.a(lib_a-strrchr.o)
 .v4_bx         0x000195c4        0x0 /opt/local/lib/gcc/arm-elf/4.3.2/../../../../arm-elf/lib/libc.a(lib_a-freer.o)
 .v4_bx         0x000195c4        0x0 /opt/local/lib/gcc/arm-elf/4.3.2/../../../../arm-elf/lib/libc.a(lib_a-impure.o)
 .v4_bx         0x000195c4        0x0 /opt/local/lib/gcc/arm-elf/4.3.2/libgcc.a(_udivsi3.o)
 .v4_bx         0x000195c4        0x0 /opt/local/lib/gcc/arm-elf/4.3.2/libgcc.a(_divsi3.o)
 .v4_bx         0x000195c4        0x0 /opt/local/lib/gcc/arm-elf/4.3.2/libgcc.a(_umodsi3.o)
 .v4_bx         0x000195c4        0x0 /opt/local/lib/gcc/arm-elf/4.3.2/libgcc.a(_modsi3.o)
 .v4_bx         0x000195c4        0x0 /opt/local/lib/gcc/arm-elf/4.3.2/libgcc.a(_dvmd_tls.o)
                0x000195c4                . = ALIGN (0x4)

.ctors          0x000195c4        0x0
                0x000195c4                PROVIDE (__ctors_start__, .)
 *(SORT(.ctors.*))
 *(.ctors)
                0x000195c4                . = ALIGN (0x4)
                0x000195c4                PROVIDE (__ctors_end__, .)
                0x000195c4                . = ALIGN (0x4)

.dtors          0x000195c4        0x0
                0x000195c4                PROVIDE (__dtors_start__, .)
 *(SORT(.dtors.*))
 *(.dtors)
                0x000195c4                . = ALIGN (0x4)
                0x000195c4                PROVIDE (__dtors_end__, .)
                0x000195c4                . = ALIGN (0x4)
                0x000195c4                . = ALIGN (0x4)
                0x000195c4                _etext = .
                0x000195c4                PROVIDE (etext, .)

.data           0x40000000      0x894 load address 0x000195c4
                0x40000000                _data = .
 *(.vectmapped)
                0x40000000                . = ALIGN (0x4)
 *(.fastrun)
                0x40000000                . = ALIGN (0x4)
                0x40000000                . = ALIGN (0x4)
 *(.data)
 .data          0x40000000        0x0 Startup.o
 .data          0x40000000        0x8 main.o
                0x40000000                volume_setting
                0x40000004                radio_channel
 .data          0x40000008        0x0 ../lib/syscalls.o
 .data          0x40000008        0x0 ../lib/rprintf.o
 .data          0x40000008        0x0 ../lib/serial.o
 .data          0x40000008        0x0 ../lib/spi0.o
 .data          0x40000008        0x0 ../lib/rootdir.o
 .data          0x40000008        0x0 ../lib/sd_raw.o
 .data          0x40000008        0x0 ../lib/fat16.o
 .data          0x40000008        0x0 ../lib/partition.o
 .data          0x40000008        0x0 ../lib/MMA7260.o
 .data          0x40000008        0x2 ../lib/LCD_driver.o
                0x40000009                black
                0x40000008                red
 .data          0x4000000a        0x0 ../lib/vs1002.o
 .data          0x4000000a        0x0 ../lib/NS73.o
 .data          0x4000000a       0x75 ../Bootloader/LPCUSB/main_msc.o
 .data          0x4000007f        0x0 ../Bootloader/LPCUSB/msc_bot.o
 .data          0x4000007f        0x0 ../Bootloader/LPCUSB/msc_scsi.o
 .data          0x4000007f        0x0 ../Bootloader/LPCUSB/blockdev_sd.o
 .data          0x4000007f        0x0 ../Bootloader/LPCUSB/lpc2000_spi.o
 .data          0x4000007f        0x0 ../Bootloader/LPCUSB/usbinit.o
 .data          0x4000007f        0x0 ../Bootloader/LPCUSB/usbhw_lpc.o
 .data          0x4000007f        0x0 ../Bootloader/LPCUSB/usbcontrol.o
 .data          0x4000007f        0x0 ../Bootloader/LPCUSB/usbstdreq.o
 .data          0x4000007f        0x0 /opt/local/lib/gcc/arm-elf/4.3.2/../../../../arm-elf/lib/libc.a(lib_a-malloc.o)
 *fill*         0x4000007f        0x1 00
 .data          0x40000080      0x410 /opt/local/lib/gcc/arm-elf/4.3.2/../../../../arm-elf/lib/libc.a(lib_a-mallocr.o)
                0x4000048c                __malloc_sbrk_base
                0x40000080                __malloc_av_
                0x40000488                __malloc_trim_threshold
 .data          0x40000490        0x0 /opt/local/lib/gcc/arm-elf/4.3.2/../../../../arm-elf/lib/libc.a(lib_a-memcpy.o)
 .data          0x40000490        0x0 /opt/local/lib/gcc/arm-elf/4.3.2/../../../../arm-elf/lib/libc.a(lib_a-memset.o)
 .data          0x40000490        0x0 /opt/local/lib/gcc/arm-elf/4.3.2/../../../../arm-elf/lib/libc.a(lib_a-mlock.o)
 .data          0x40000490        0x0 /opt/local/lib/gcc/arm-elf/4.3.2/../../../../arm-elf/lib/libc.a(lib_a-strchr.o)
 .data          0x40000490        0x0 /opt/local/lib/gcc/arm-elf/4.3.2/../../../../arm-elf/lib/libc.a(lib_a-strcmp.o)
 .data          0x40000490        0x0 /opt/local/lib/gcc/arm-elf/4.3.2/../../../../arm-elf/lib/libc.a(lib_a-strlen.o)
 .data          0x40000490        0x0 /opt/local/lib/gcc/arm-elf/4.3.2/../../../../arm-elf/lib/libc.a(lib_a-strncmp.o)
 .data          0x40000490        0x0 /opt/local/lib/gcc/arm-elf/4.3.2/../../../../arm-elf/lib/libc.a(lib_a-strncpy.o)
 .data          0x40000490        0x0 /opt/local/lib/gcc/arm-elf/4.3.2/../../../../arm-elf/lib/libc.a(lib_a-strrchr.o)
 .data          0x40000490        0x0 /opt/local/lib/gcc/arm-elf/4.3.2/../../../../arm-elf/lib/libc.a(lib_a-freer.o)
 .data          0x40000490      0x404 /opt/local/lib/gcc/arm-elf/4.3.2/../../../../arm-elf/lib/libc.a(lib_a-impure.o)
                0x40000490                _impure_ptr
 .data          0x40000894        0x0 /opt/local/lib/gcc/arm-elf/4.3.2/libgcc.a(_udivsi3.o)
 .data          0x40000894        0x0 /opt/local/lib/gcc/arm-elf/4.3.2/libgcc.a(_divsi3.o)
 .data          0x40000894        0x0 /opt/local/lib/gcc/arm-elf/4.3.2/libgcc.a(_umodsi3.o)
 .data          0x40000894        0x0 /opt/local/lib/gcc/arm-elf/4.3.2/libgcc.a(_modsi3.o)
 .data          0x40000894        0x0 /opt/local/lib/gcc/arm-elf/4.3.2/libgcc.a(_dvmd_tls.o)
 *(.data.*)
 *(.gnu.linkonce.d*)
                0x40000894                . = ALIGN (0x4)
                0x40000894                . = ALIGN (0x4)
                0x40000894                _edata = .
                0x40000894                PROVIDE (edata, .)

.bss            0x40000894      0x9e0 load address 0x00019e58
                0x40000894                __bss_start = .
                0x40000894                __bss_start__ = .
 *(.bss)
 .bss           0x40000894        0x0 Startup.o
 .bss           0x40000894      0x480 main.o
                0x40000894                radio_enable
 .bss           0x40000d14        0x4 ../lib/syscalls.o
 .bss           0x40000d18        0x4 ../lib/rprintf.o
 .bss           0x40000d1c        0x0 ../lib/serial.o
 .bss           0x40000d1c        0x0 ../lib/spi0.o
 .bss           0x40000d1c        0x4 ../lib/rootdir.o
 .bss           0x40000d20      0x208 ../lib/sd_raw.o
 .bss           0x40000f28        0x0 ../lib/fat16.o
 .bss           0x40000f28        0x0 ../lib/partition.o
 .bss           0x40000f28        0x0 ../lib/MMA7260.o
 .bss           0x40000f28        0x3 ../lib/LCD_driver.o
                0x40000f28                white
 .bss           0x40000f2b        0x0 ../lib/vs1002.o
 .bss           0x40000f2b        0x0 ../lib/NS73.o
 .bss           0x40000f2b        0x4 ../Bootloader/LPCUSB/main_msc.o
 *fill*         0x40000f2f        0x1 00
 .bss           0x40000f30       0x40 ../Bootloader/LPCUSB/msc_bot.o
 .bss           0x40000f70      0x204 ../Bootloader/LPCUSB/msc_scsi.o
 .bss           0x40001174        0x0 ../Bootloader/LPCUSB/blockdev_sd.o
 .bss           0x40001174        0x0 ../Bootloader/LPCUSB/lpc2000_spi.o
 .bss           0x40001174        0x8 ../Bootloader/LPCUSB/usbinit.o
 .bss           0x4000117c       0x48 ../Bootloader/LPCUSB/usbhw_lpc.o
 .bss           0x400011c4       0x34 ../Bootloader/LPCUSB/usbcontrol.o
 .bss           0x400011f8        0xc ../Bootloader/LPCUSB/usbstdreq.o
 .bss           0x40001204        0x0 /opt/local/lib/gcc/arm-elf/4.3.2/../../../../arm-elf/lib/libc.a(lib_a-malloc.o)
 .bss           0x40001204       0x34 /opt/local/lib/gcc/arm-elf/4.3.2/../../../../arm-elf/lib/libc.a(lib_a-mallocr.o)
                0x40001204                __malloc_top_pad
                0x40001208                __malloc_max_sbrked_mem
                0x40001210                __malloc_current_mallinfo
                0x4000120c                __malloc_max_total_mem
 .bss           0x40001238        0x0 /opt/local/lib/gcc/arm-elf/4.3.2/../../../../arm-elf/lib/libc.a(lib_a-memcpy.o)
 .bss           0x40001238        0x0 /opt/local/lib/gcc/arm-elf/4.3.2/../../../../arm-elf/lib/libc.a(lib_a-memset.o)
 .bss           0x40001238        0x0 /opt/local/lib/gcc/arm-elf/4.3.2/../../../../arm-elf/lib/libc.a(lib_a-mlock.o)
 .bss           0x40001238        0x0 /opt/local/lib/gcc/arm-elf/4.3.2/../../../../arm-elf/lib/libc.a(lib_a-strchr.o)
 .bss           0x40001238        0x0 /opt/local/lib/gcc/arm-elf/4.3.2/../../../../arm-elf/lib/libc.a(lib_a-strcmp.o)
 .bss           0x40001238        0x0 /opt/local/lib/gcc/arm-elf/4.3.2/../../../../arm-elf/lib/libc.a(lib_a-strlen.o)
 .bss           0x40001238        0x0 /opt/local/lib/gcc/arm-elf/4.3.2/../../../../arm-elf/lib/libc.a(lib_a-strncmp.o)
 .bss           0x40001238        0x0 /opt/local/lib/gcc/arm-elf/4.3.2/../../../../arm-elf/lib/libc.a(lib_a-strncpy.o)
 .bss           0x40001238        0x0 /opt/local/lib/gcc/arm-elf/4.3.2/../../../../arm-elf/lib/libc.a(lib_a-strrchr.o)
 .bss           0x40001238        0x0 /opt/local/lib/gcc/arm-elf/4.3.2/../../../../arm-elf/lib/libc.a(lib_a-freer.o)
 .bss           0x40001238        0x0 /opt/local/lib/gcc/arm-elf/4.3.2/../../../../arm-elf/lib/libc.a(lib_a-impure.o)
 .bss           0x40001238        0x0 /opt/local/lib/gcc/arm-elf/4.3.2/libgcc.a(_udivsi3.o)
 .bss           0x40001238        0x0 /opt/local/lib/gcc/arm-elf/4.3.2/libgcc.a(_divsi3.o)
 .bss           0x40001238        0x0 /opt/local/lib/gcc/arm-elf/4.3.2/libgcc.a(_umodsi3.o)
 .bss           0x40001238        0x0 /opt/local/lib/gcc/arm-elf/4.3.2/libgcc.a(_modsi3.o)
 .bss           0x40001238        0x0 /opt/local/lib/gcc/arm-elf/4.3.2/libgcc.a(_dvmd_tls.o)
 *(.gnu.linkonce.b*)
 *(COMMON)
 COMMON         0x40001238       0x3c ../lib/rootdir.o
                0x40001238                fs
                0x4000123c                dir_entry
                0x40001268                fd
                0x4000126c                partition
                0x40001270                dd
                0x40001274                . = ALIGN (0x4)
                0x40001274                . = ALIGN (0x4)
                0x40001274                __bss_end__ = .
                0x40001274                PROVIDE (__bss_end, .)

.stack          0x40001300      0xc00
 *(.stack)
 .stack         0x40001300      0xc00 Startup.o
                0x40001f00                PROVIDE (_stack, .)
                0x40001f00                . = ALIGN (0x4)
                0x40001f00                _end = .
                0x40001f00                PROVIDE (end, .)

.stab
 *(.stab)

.stabstr
 *(.stabstr)

.stab.excl
 *(.stab.excl)

.stab.exclstr
 *(.stab.exclstr)

.stab.index
 *(.stab.index)

.stab.indexstr
 *(.stab.indexstr)

.comment        0x00000000      0x333
 *(.comment)
 .comment       0x00000000       0x12 main.o
 .comment       0x00000012       0x1b ../lib/syscalls.o
 .comment       0x0000002d       0x1b ../lib/rprintf.o
 .comment       0x00000048       0x1b ../lib/serial.o
 .comment       0x00000063       0x1b ../lib/spi0.o
 .comment       0x0000007e       0x1b ../lib/rootdir.o
 .comment       0x00000099       0x1b ../lib/sd_raw.o
 .comment       0x000000b4       0x1b ../lib/fat16.o
 .comment       0x000000cf       0x1b ../lib/partition.o
 .comment       0x000000ea       0x1b ../lib/MMA7260.o
 .comment       0x00000105       0x1b ../lib/LCD_driver.o
 .comment       0x00000120       0x1b ../lib/vs1002.o
 .comment       0x0000013b       0x1b ../lib/NS73.o
 .comment       0x00000156       0x1b ../Bootloader/LPCUSB/main_msc.o
 .comment       0x00000171       0x1b ../Bootloader/LPCUSB/msc_bot.o
 .comment       0x0000018c       0x1b ../Bootloader/LPCUSB/msc_scsi.o
 .comment       0x000001a7       0x1b ../Bootloader/LPCUSB/blockdev_sd.o
 .comment       0x000001c2       0x1b ../Bootloader/LPCUSB/lpc2000_spi.o
 .comment       0x000001dd       0x1b ../Bootloader/LPCUSB/usbinit.o
 .comment       0x000001f8       0x1b ../Bootloader/LPCUSB/usbhw_lpc.o
 .comment       0x00000213       0x1b ../Bootloader/LPCUSB/usbcontrol.o
 .comment       0x0000022e       0x1b ../Bootloader/LPCUSB/usbstdreq.o
 .comment       0x00000249       0x12 /opt/local/lib/gcc/arm-elf/4.3.2/../../../../arm-elf/lib/libc.a(lib_a-malloc.o)
 .comment       0x0000025b       0x12 /opt/local/lib/gcc/arm-elf/4.3.2/../../../../arm-elf/lib/libc.a(lib_a-mallocr.o)
 .comment       0x0000026d       0x12 /opt/local/lib/gcc/arm-elf/4.3.2/../../../../arm-elf/lib/libc.a(lib_a-memcpy.o)
 .comment       0x0000027f       0x12 /opt/local/lib/gcc/arm-elf/4.3.2/../../../../arm-elf/lib/libc.a(lib_a-memset.o)
 .comment       0x00000291       0x12 /opt/local/lib/gcc/arm-elf/4.3.2/../../../../arm-elf/lib/libc.a(lib_a-mlock.o)
 .comment       0x000002a3       0x12 /opt/local/lib/gcc/arm-elf/4.3.2/../../../../arm-elf/lib/libc.a(lib_a-strchr.o)
 .comment       0x000002b5       0x12 /opt/local/lib/gcc/arm-elf/4.3.2/../../../../arm-elf/lib/libc.a(lib_a-strcmp.o)
 .comment       0x000002c7       0x12 /opt/local/lib/gcc/arm-elf/4.3.2/../../../../arm-elf/lib/libc.a(lib_a-strlen.o)
 .comment       0x000002d9       0x12 /opt/local/lib/gcc/arm-elf/4.3.2/../../../../arm-elf/lib/libc.a(lib_a-strncmp.o)
 .comment       0x000002eb       0x12 /opt/local/lib/gcc/arm-elf/4.3.2/../../../../arm-elf/lib/libc.a(lib_a-strncpy.o)
 .comment       0x000002fd       0x12 /opt/local/lib/gcc/arm-elf/4.3.2/../../../../arm-elf/lib/libc.a(lib_a-strrchr.o)
 .comment       0x0000030f       0x12 /opt/local/lib/gcc/arm-elf/4.3.2/../../../../arm-elf/lib/libc.a(lib_a-freer.o)
 .comment       0x00000321       0x12 /opt/local/lib/gcc/arm-elf/4.3.2/../../../../arm-elf/lib/libc.a(lib_a-impure.o)

.debug
 *(.debug)

.line
 *(.line)

.debug_srcinfo
 *(.debug_srcinfo)

.debug_sfnames
 *(.debug_sfnames)

.debug_aranges  0x00000000      0x508
 *(.debug_aranges)
 .debug_aranges
                0x00000000       0x28 Startup.o
 .debug_aranges
                0x00000028       0x20 main.o
 .debug_aranges
                0x00000048       0x20 ../lib/syscalls.o
 .debug_aranges
                0x00000068       0x20 ../lib/rprintf.o
 .debug_aranges
                0x00000088       0x20 ../lib/serial.o
 .debug_aranges
                0x000000a8       0x20 ../lib/spi0.o
 .debug_aranges
                0x000000c8       0x20 ../lib/rootdir.o
 .debug_aranges
                0x000000e8       0x20 ../lib/sd_raw.o
 .debug_aranges
                0x00000108       0x20 ../lib/fat16.o
 .debug_aranges
                0x00000128       0x20 ../lib/partition.o
 .debug_aranges
                0x00000148       0x20 ../lib/MMA7260.o
 .debug_aranges
                0x00000168       0x20 ../lib/LCD_driver.o
 .debug_aranges
                0x00000188       0x20 ../lib/vs1002.o
 .debug_aranges
                0x000001a8       0x20 ../lib/NS73.o
 .debug_aranges
                0x000001c8       0x20 ../Bootloader/LPCUSB/main_msc.o
 .debug_aranges
                0x000001e8       0x20 ../Bootloader/LPCUSB/msc_bot.o
 .debug_aranges
                0x00000208       0x20 ../Bootloader/LPCUSB/msc_scsi.o
 .debug_aranges
                0x00000228       0x20 ../Bootloader/LPCUSB/blockdev_sd.o
 .debug_aranges
                0x00000248       0x20 ../Bootloader/LPCUSB/lpc2000_spi.o
 .debug_aranges
                0x00000268       0x20 ../Bootloader/LPCUSB/usbinit.o
 .debug_aranges
                0x00000288       0x20 ../Bootloader/LPCUSB/usbhw_lpc.o
 .debug_aranges
                0x000002a8       0x20 ../Bootloader/LPCUSB/usbcontrol.o
 .debug_aranges
                0x000002c8       0x20 ../Bootloader/LPCUSB/usbstdreq.o
 .debug_aranges
                0x000002e8       0x20 /opt/local/lib/gcc/arm-elf/4.3.2/../../../../arm-elf/lib/libc.a(lib_a-malloc.o)
 .debug_aranges
                0x00000308       0x20 /opt/local/lib/gcc/arm-elf/4.3.2/../../../../arm-elf/lib/libc.a(lib_a-mallocr.o)
 .debug_aranges
                0x00000328       0x20 /opt/local/lib/gcc/arm-elf/4.3.2/../../../../arm-elf/lib/libc.a(lib_a-memcpy.o)
 .debug_aranges
                0x00000348       0x20 /opt/local/lib/gcc/arm-elf/4.3.2/../../../../arm-elf/lib/libc.a(lib_a-memset.o)
 .debug_aranges
                0x00000368       0x20 /opt/local/lib/gcc/arm-elf/4.3.2/../../../../arm-elf/lib/libc.a(lib_a-mlock.o)
 .debug_aranges
                0x00000388       0x20 /opt/local/lib/gcc/arm-elf/4.3.2/../../../../arm-elf/lib/libc.a(lib_a-strchr.o)
 .debug_aranges
                0x000003a8       0x20 /opt/local/lib/gcc/arm-elf/4.3.2/../../../../arm-elf/lib/libc.a(lib_a-strcmp.o)
 .debug_aranges
                0x000003c8       0x20 /opt/local/lib/gcc/arm-elf/4.3.2/../../../../arm-elf/lib/libc.a(lib_a-strlen.o)
 .debug_aranges
                0x000003e8       0x20 /opt/local/lib/gcc/arm-elf/4.3.2/../../../../arm-elf/lib/libc.a(lib_a-strncmp.o)
 .debug_aranges
                0x00000408       0x20 /opt/local/lib/gcc/arm-elf/4.3.2/../../../../arm-elf/lib/libc.a(lib_a-strncpy.o)
 .debug_aranges
                0x00000428       0x20 /opt/local/lib/gcc/arm-elf/4.3.2/../../../../arm-elf/lib/libc.a(lib_a-strrchr.o)
 .debug_aranges
                0x00000448       0x20 /opt/local/lib/gcc/arm-elf/4.3.2/../../../../arm-elf/lib/libc.a(lib_a-freer.o)
 .debug_aranges
                0x00000468       0x20 /opt/local/lib/gcc/arm-elf/4.3.2/libgcc.a(_udivsi3.o)
 .debug_aranges
                0x00000488       0x20 /opt/local/lib/gcc/arm-elf/4.3.2/libgcc.a(_divsi3.o)
 .debug_aranges
                0x000004a8       0x20 /opt/local/lib/gcc/arm-elf/4.3.2/libgcc.a(_umodsi3.o)
 .debug_aranges
                0x000004c8       0x20 /opt/local/lib/gcc/arm-elf/4.3.2/libgcc.a(_modsi3.o)
 .debug_aranges
                0x000004e8       0x20 /opt/local/lib/gcc/arm-elf/4.3.2/libgcc.a(_dvmd_tls.o)

.debug_pubnames
                0x00000000      0xeef
 *(.debug_pubnames)
 .debug_pubnames
                0x00000000      0x1f4 main.o
 .debug_pubnames
                0x000001f4       0x69 ../lib/syscalls.o
 .debug_pubnames
                0x0000025d       0x32 ../lib/rprintf.o
 .debug_pubnames
                0x0000028f       0x7b ../lib/serial.o
 .debug_pubnames
                0x0000030a       0x41 ../lib/spi0.o
 .debug_pubnames
                0x0000034b      0x103 ../lib/rootdir.o
 .debug_pubnames
                0x0000044e       0xc1 ../lib/sd_raw.o
 .debug_pubnames
                0x0000050f      0x1b1 ../lib/fat16.o
 .debug_pubnames
                0x000006c0       0x39 ../lib/partition.o
 .debug_pubnames
                0x000006f9       0x50 ../lib/MMA7260.o
 .debug_pubnames
                0x00000749       0x8e ../lib/LCD_driver.o
 .debug_pubnames
                0x000007d7       0xc2 ../lib/vs1002.o
 .debug_pubnames
                0x00000899       0x62 ../lib/NS73.o
 .debug_pubnames
                0x000008fb       0x1f ../Bootloader/LPCUSB/main_msc.o
 .debug_pubnames
                0x0000091a       0x45 ../Bootloader/LPCUSB/msc_bot.o
 .debug_pubnames
                0x0000095f       0x45 ../Bootloader/LPCUSB/msc_scsi.o
 .debug_pubnames
                0x000009a4       0x5a ../Bootloader/LPCUSB/blockdev_sd.o
 .debug_pubnames
                0x000009fe       0x54 ../Bootloader/LPCUSB/lpc2000_spi.o
 .debug_pubnames
                0x00000a52       0x1e ../Bootloader/LPCUSB/usbinit.o
 .debug_pubnames
                0x00000a70      0x132 ../Bootloader/LPCUSB/usbhw_lpc.o
 .debug_pubnames
                0x00000ba2       0x4d ../Bootloader/LPCUSB/usbcontrol.o
 .debug_pubnames
                0x00000bef       0x7f ../Bootloader/LPCUSB/usbstdreq.o
 .debug_pubnames
                0x00000c6e       0x26 /opt/local/lib/gcc/arm-elf/4.3.2/../../../../arm-elf/lib/libc.a(lib_a-malloc.o)
 .debug_pubnames
                0x00000c94       0xce /opt/local/lib/gcc/arm-elf/4.3.2/../../../../arm-elf/lib/libc.a(lib_a-mallocr.o)
 .debug_pubnames
                0x00000d62       0x1d /opt/local/lib/gcc/arm-elf/4.3.2/../../../../arm-elf/lib/libc.a(lib_a-memcpy.o)
 .debug_pubnames
                0x00000d7f       0x1d /opt/local/lib/gcc/arm-elf/4.3.2/../../../../arm-elf/lib/libc.a(lib_a-memset.o)
 .debug_pubnames
                0x00000d9c       0x38 /opt/local/lib/gcc/arm-elf/4.3.2/../../../../arm-elf/lib/libc.a(lib_a-mlock.o)
 .debug_pubnames
                0x00000dd4       0x1d /opt/local/lib/gcc/arm-elf/4.3.2/../../../../arm-elf/lib/libc.a(lib_a-strchr.o)
 .debug_pubnames
                0x00000df1       0x1d /opt/local/lib/gcc/arm-elf/4.3.2/../../../../arm-elf/lib/libc.a(lib_a-strcmp.o)
 .debug_pubnames
                0x00000e0e       0x1d /opt/local/lib/gcc/arm-elf/4.3.2/../../../../arm-elf/lib/libc.a(lib_a-strlen.o)
 .debug_pubnames
                0x00000e2b       0x1e /opt/local/lib/gcc/arm-elf/4.3.2/../../../../arm-elf/lib/libc.a(lib_a-strncmp.o)
 .debug_pubnames
                0x00000e49       0x1e /opt/local/lib/gcc/arm-elf/4.3.2/../../../../arm-elf/lib/libc.a(lib_a-strncpy.o)
 .debug_pubnames
                0x00000e67       0x1e /opt/local/lib/gcc/arm-elf/4.3.2/../../../../arm-elf/lib/libc.a(lib_a-strrchr.o)
 .debug_pubnames
                0x00000e85       0x31 /opt/local/lib/gcc/arm-elf/4.3.2/../../../../arm-elf/lib/libc.a(lib_a-freer.o)
 .debug_pubnames
                0x00000eb6       0x39 /opt/local/lib/gcc/arm-elf/4.3.2/../../../../arm-elf/lib/libc.a(lib_a-impure.o)

.debug_info     0x00000000     0xa719
 *(.debug_info .gnu.linkonce.wi.*)
 .debug_info    0x00000000       0x9a Startup.o
 .debug_info    0x0000009a      0xb75 main.o
 .debug_info    0x00000c0f      0xc8e ../lib/syscalls.o
 .debug_info    0x0000189d      0x201 ../lib/rprintf.o
 .debug_info    0x00001a9e      0x133 ../lib/serial.o
 .debug_info    0x00001bd1       0xe7 ../lib/spi0.o
 .debug_info    0x00001cb8      0x554 ../lib/rootdir.o
 .debug_info    0x0000220c      0x693 ../lib/sd_raw.o
 .debug_info    0x0000289f     0x1443 ../lib/fat16.o
 .debug_info    0x00003ce2      0x28b ../lib/partition.o
 .debug_info    0x00003f6d      0x103 ../lib/MMA7260.o
 .debug_info    0x00004070      0x51a ../lib/LCD_driver.o
 .debug_info    0x0000458a      0x1cd ../lib/vs1002.o
 .debug_info    0x00004757      0x136 ../lib/NS73.o
 .debug_info    0x0000488d      0x1b1 ../Bootloader/LPCUSB/main_msc.o
 .debug_info    0x00004a3e      0x3be ../Bootloader/LPCUSB/msc_bot.o
 .debug_info    0x00004dfc      0x2e8 ../Bootloader/LPCUSB/msc_scsi.o
 .debug_info    0x000050e4      0x368 ../Bootloader/LPCUSB/blockdev_sd.o
 .debug_info    0x0000544c      0x1d9 ../Bootloader/LPCUSB/lpc2000_spi.o
 .debug_info    0x00005625       0xbc ../Bootloader/LPCUSB/usbinit.o
 .debug_info    0x000056e1      0x601 ../Bootloader/LPCUSB/usbhw_lpc.o
 .debug_info    0x00005ce2      0x2e2 ../Bootloader/LPCUSB/usbcontrol.o
 .debug_info    0x00005fc4      0x463 ../Bootloader/LPCUSB/usbstdreq.o
 .debug_info    0x00006427      0x966 /opt/local/lib/gcc/arm-elf/4.3.2/../../../../arm-elf/lib/libc.a(lib_a-malloc.o)
 .debug_info    0x00006d8d      0xcc6 /opt/local/lib/gcc/arm-elf/4.3.2/../../../../arm-elf/lib/libc.a(lib_a-mallocr.o)
 .debug_info    0x00007a53      0x10a /opt/local/lib/gcc/arm-elf/4.3.2/../../../../arm-elf/lib/libc.a(lib_a-memcpy.o)
 .debug_info    0x00007b5d      0x10f /opt/local/lib/gcc/arm-elf/4.3.2/../../../../arm-elf/lib/libc.a(lib_a-memset.o)
 .debug_info    0x00007c6c      0x94f /opt/local/lib/gcc/arm-elf/4.3.2/../../../../arm-elf/lib/libc.a(lib_a-mlock.o)
 .debug_info    0x000085bb      0x110 /opt/local/lib/gcc/arm-elf/4.3.2/../../../../arm-elf/lib/libc.a(lib_a-strchr.o)
 .debug_info    0x000086cb       0xd7 /opt/local/lib/gcc/arm-elf/4.3.2/../../../../arm-elf/lib/libc.a(lib_a-strcmp.o)
 .debug_info    0x000087a2       0xd3 /opt/local/lib/gcc/arm-elf/4.3.2/../../../../arm-elf/lib/libc.a(lib_a-strlen.o)
 .debug_info    0x00008875       0xef /opt/local/lib/gcc/arm-elf/4.3.2/../../../../arm-elf/lib/libc.a(lib_a-strncmp.o)
 .debug_info    0x00008964      0x126 /opt/local/lib/gcc/arm-elf/4.3.2/../../../../arm-elf/lib/libc.a(lib_a-strncpy.o)
 .debug_info    0x00008a8a       0xc4 /opt/local/lib/gcc/arm-elf/4.3.2/../../../../arm-elf/lib/libc.a(lib_a-strrchr.o)
 .debug_info    0x00008b4e      0xbbb /opt/local/lib/gcc/arm-elf/4.3.2/../../../../arm-elf/lib/libc.a(lib_a-freer.o)
 .debug_info    0x00009709      0x935 /opt/local/lib/gcc/arm-elf/4.3.2/../../../../arm-elf/lib/libc.a(lib_a-impure.o)
 .debug_info    0x0000a03e      0x15f /opt/local/lib/gcc/arm-elf/4.3.2/libgcc.a(_udivsi3.o)
 .debug_info    0x0000a19d      0x15f /opt/local/lib/gcc/arm-elf/4.3.2/libgcc.a(_divsi3.o)
 .debug_info    0x0000a2fc      0x15f /opt/local/lib/gcc/arm-elf/4.3.2/libgcc.a(_umodsi3.o)
 .debug_info    0x0000a45b      0x15f /opt/local/lib/gcc/arm-elf/4.3.2/libgcc.a(_modsi3.o)
 .debug_info    0x0000a5ba      0x15f /opt/local/lib/gcc/arm-elf/4.3.2/libgcc.a(_dvmd_tls.o)

.debug_abbrev   0x00000000     0x2d4d
 *(.debug_abbrev)
 .debug_abbrev  0x00000000       0x10 Startup.o
 .debug_abbrev  0x00000010      0x2e2 main.o
 .debug_abbrev  0x000002f2      0x1c5 ../lib/syscalls.o
 .debug_abbrev  0x000004b7      0x144 ../lib/rprintf.o
 .debug_abbrev  0x000005fb       0xbb ../lib/serial.o
 .debug_abbrev  0x000006b6       0x8b ../lib/spi0.o
 .debug_abbrev  0x00000741      0x16d ../lib/rootdir.o
 .debug_abbrev  0x000008ae      0x270 ../lib/sd_raw.o
 .debug_abbrev  0x00000b1e      0x2fa ../lib/fat16.o
 .debug_abbrev  0x00000e18       0xd4 ../lib/partition.o
 .debug_abbrev  0x00000eec       0xa9 ../lib/MMA7260.o
 .debug_abbrev  0x00000f95      0x1ce ../lib/LCD_driver.o
 .debug_abbrev  0x00001163       0xc3 ../lib/vs1002.o
 .debug_abbrev  0x00001226       0xc1 ../lib/NS73.o
 .debug_abbrev  0x000012e7       0xc7 ../Bootloader/LPCUSB/main_msc.o
 .debug_abbrev  0x000013ae      0x1e3 ../Bootloader/LPCUSB/msc_bot.o
 .debug_abbrev  0x00001591      0x10f ../Bootloader/LPCUSB/msc_scsi.o
 .debug_abbrev  0x000016a0      0x1bd ../Bootloader/LPCUSB/blockdev_sd.o
 .debug_abbrev  0x0000185d      0x12f ../Bootloader/LPCUSB/lpc2000_spi.o
 .debug_abbrev  0x0000198c       0xa0 ../Bootloader/LPCUSB/usbinit.o
 .debug_abbrev  0x00001a2c      0x25b ../Bootloader/LPCUSB/usbhw_lpc.o
 .debug_abbrev  0x00001c87      0x14c ../Bootloader/LPCUSB/usbcontrol.o
 .debug_abbrev  0x00001dd3      0x20a ../Bootloader/LPCUSB/usbstdreq.o
 .debug_abbrev  0x00001fdd      0x18e /opt/local/lib/gcc/arm-elf/4.3.2/../../../../arm-elf/lib/libc.a(lib_a-malloc.o)
 .debug_abbrev  0x0000216b      0x22c /opt/local/lib/gcc/arm-elf/4.3.2/../../../../arm-elf/lib/libc.a(lib_a-mallocr.o)
 .debug_abbrev  0x00002397       0x97 /opt/local/lib/gcc/arm-elf/4.3.2/../../../../arm-elf/lib/libc.a(lib_a-memcpy.o)
 .debug_abbrev  0x0000242e       0xb0 /opt/local/lib/gcc/arm-elf/4.3.2/../../../../arm-elf/lib/libc.a(lib_a-memset.o)
 .debug_abbrev  0x000024de      0x171 /opt/local/lib/gcc/arm-elf/4.3.2/../../../../arm-elf/lib/libc.a(lib_a-mlock.o)
 .debug_abbrev  0x0000264f       0x96 /opt/local/lib/gcc/arm-elf/4.3.2/../../../../arm-elf/lib/libc.a(lib_a-strchr.o)
 .debug_abbrev  0x000026e5       0x78 /opt/local/lib/gcc/arm-elf/4.3.2/../../../../arm-elf/lib/libc.a(lib_a-strcmp.o)
 .debug_abbrev  0x0000275d       0x92 /opt/local/lib/gcc/arm-elf/4.3.2/../../../../arm-elf/lib/libc.a(lib_a-strlen.o)
 .debug_abbrev  0x000027ef       0x94 /opt/local/lib/gcc/arm-elf/4.3.2/../../../../arm-elf/lib/libc.a(lib_a-strncmp.o)
 .debug_abbrev  0x00002883       0x94 /opt/local/lib/gcc/arm-elf/4.3.2/../../../../arm-elf/lib/libc.a(lib_a-strncpy.o)
 .debug_abbrev  0x00002917       0x76 /opt/local/lib/gcc/arm-elf/4.3.2/../../../../arm-elf/lib/libc.a(lib_a-strrchr.o)
 .debug_abbrev  0x0000298d      0x1fe /opt/local/lib/gcc/arm-elf/4.3.2/../../../../arm-elf/lib/libc.a(lib_a-freer.o)
 .debug_abbrev  0x00002b8b      0x15e /opt/local/lib/gcc/arm-elf/4.3.2/../../../../arm-elf/lib/libc.a(lib_a-impure.o)
 .debug_abbrev  0x00002ce9       0x14 /opt/local/lib/gcc/arm-elf/4.3.2/libgcc.a(_udivsi3.o)
 .debug_abbrev  0x00002cfd       0x14 /opt/local/lib/gcc/arm-elf/4.3.2/libgcc.a(_divsi3.o)
 .debug_abbrev  0x00002d11       0x14 /opt/local/lib/gcc/arm-elf/4.3.2/libgcc.a(_umodsi3.o)
 .debug_abbrev  0x00002d25       0x14 /opt/local/lib/gcc/arm-elf/4.3.2/libgcc.a(_modsi3.o)
 .debug_abbrev  0x00002d39       0x14 /opt/local/lib/gcc/arm-elf/4.3.2/libgcc.a(_dvmd_tls.o)

.debug_line     0x00000000     0x3740
 *(.debug_line)
 .debug_line    0x00000000       0xa3 Startup.o
 .debug_line    0x000000a3      0x399 main.o
 .debug_line    0x0000043c      0x164 ../lib/syscalls.o
 .debug_line    0x000005a0       0xc8 ../lib/rprintf.o
 .debug_line    0x00000668       0x63 ../lib/serial.o
 .debug_line    0x000006cb       0x4c ../lib/spi0.o
 .debug_line    0x00000717      0x157 ../lib/rootdir.o
 .debug_line    0x0000086e      0x22b ../lib/sd_raw.o
 .debug_line    0x00000a99      0x4ba ../lib/fat16.o
 .debug_line    0x00000f53       0xcb ../lib/partition.o
 .debug_line    0x0000101e       0x6c ../lib/MMA7260.o
 .debug_line    0x0000108a      0x1d8 ../lib/LCD_driver.o
 .debug_line    0x00001262       0xad ../lib/vs1002.o
 .debug_line    0x0000130f       0xc2 ../lib/NS73.o
 .debug_line    0x000013d1       0x8d ../Bootloader/LPCUSB/main_msc.o
 .debug_line    0x0000145e      0x10e ../Bootloader/LPCUSB/msc_bot.o
 .debug_line    0x0000156c       0xd1 ../Bootloader/LPCUSB/msc_scsi.o
 .debug_line    0x0000163d      0x113 ../Bootloader/LPCUSB/blockdev_sd.o
 .debug_line    0x00001750       0x9b ../Bootloader/LPCUSB/lpc2000_spi.o
 .debug_line    0x000017eb       0x66 ../Bootloader/LPCUSB/usbinit.o
 .debug_line    0x00001851      0x181 ../Bootloader/LPCUSB/usbhw_lpc.o
 .debug_line    0x000019d2       0xc8 ../Bootloader/LPCUSB/usbcontrol.o
 .debug_line    0x00001a9a      0x102 ../Bootloader/LPCUSB/usbstdreq.o
 .debug_line    0x00001b9c      0x228 /opt/local/lib/gcc/arm-elf/4.3.2/../../../../arm-elf/lib/libc.a(lib_a-malloc.o)
 .debug_line    0x00001dc4      0x357 /opt/local/lib/gcc/arm-elf/4.3.2/../../../../arm-elf/lib/libc.a(lib_a-mallocr.o)
 .debug_line    0x0000211b      0x19f /opt/local/lib/gcc/arm-elf/4.3.2/../../../../arm-elf/lib/libc.a(lib_a-memcpy.o)
 .debug_line    0x000022ba      0x1a6 /opt/local/lib/gcc/arm-elf/4.3.2/../../../../arm-elf/lib/libc.a(lib_a-memset.o)
 .debug_line    0x00002460      0x21c /opt/local/lib/gcc/arm-elf/4.3.2/../../../../arm-elf/lib/libc.a(lib_a-mlock.o)
 .debug_line    0x0000267c       0xe1 /opt/local/lib/gcc/arm-elf/4.3.2/../../../../arm-elf/lib/libc.a(lib_a-strchr.o)
 .debug_line    0x0000275d       0xe9 /opt/local/lib/gcc/arm-elf/4.3.2/../../../../arm-elf/lib/libc.a(lib_a-strcmp.o)
 .debug_line    0x00002846      0x171 /opt/local/lib/gcc/arm-elf/4.3.2/../../../../arm-elf/lib/libc.a(lib_a-strlen.o)
 .debug_line    0x000029b7      0x19f /opt/local/lib/gcc/arm-elf/4.3.2/../../../../arm-elf/lib/libc.a(lib_a-strncmp.o)
 .debug_line    0x00002b56      0x198 /opt/local/lib/gcc/arm-elf/4.3.2/../../../../arm-elf/lib/libc.a(lib_a-strncpy.o)
 .debug_line    0x00002cee       0xd5 /opt/local/lib/gcc/arm-elf/4.3.2/../../../../arm-elf/lib/libc.a(lib_a-strrchr.o)
 .debug_line    0x00002dc3      0x2ac /opt/local/lib/gcc/arm-elf/4.3.2/../../../../arm-elf/lib/libc.a(lib_a-freer.o)
 .debug_line    0x0000306f      0x20a /opt/local/lib/gcc/arm-elf/4.3.2/../../../../arm-elf/lib/libc.a(lib_a-impure.o)
 .debug_line    0x00003279      0x103 /opt/local/lib/gcc/arm-elf/4.3.2/libgcc.a(_udivsi3.o)
 .debug_line    0x0000337c      0x10f /opt/local/lib/gcc/arm-elf/4.3.2/libgcc.a(_divsi3.o)
 .debug_line    0x0000348b       0xec /opt/local/lib/gcc/arm-elf/4.3.2/libgcc.a(_umodsi3.o)
 .debug_line    0x00003577       0xf2 /opt/local/lib/gcc/arm-elf/4.3.2/libgcc.a(_modsi3.o)
 .debug_line    0x00003669       0xd7 /opt/local/lib/gcc/arm-elf/4.3.2/libgcc.a(_dvmd_tls.o)

.debug_frame    0x00000000     0x14f4
 *(.debug_frame)
 .debug_frame   0x00000000      0x258 main.o
 .debug_frame   0x00000258       0x80 ../lib/syscalls.o
 .debug_frame   0x000002d8       0x68 ../lib/rprintf.o
 .debug_frame   0x00000340       0x80 ../lib/serial.o
 .debug_frame   0x000003c0       0x48 ../lib/spi0.o
 .debug_frame   0x00000408      0x108 ../lib/rootdir.o
 .debug_frame   0x00000510      0x154 ../lib/sd_raw.o
 .debug_frame   0x00000664      0x33c ../lib/fat16.o
 .debug_frame   0x000009a0       0x4c ../lib/partition.o
 .debug_frame   0x000009ec       0x60 ../lib/MMA7260.o
 .debug_frame   0x00000a4c      0x134 ../lib/LCD_driver.o
 .debug_frame   0x00000b80      0x104 ../lib/vs1002.o
 .debug_frame   0x00000c84       0x94 ../lib/NS73.o
 .debug_frame   0x00000d18       0x40 ../Bootloader/LPCUSB/main_msc.o
 .debug_frame   0x00000d58       0xac ../Bootloader/LPCUSB/msc_bot.o
 .debug_frame   0x00000e04       0x64 ../Bootloader/LPCUSB/msc_scsi.o
 .debug_frame   0x00000e68       0xc8 ../Bootloader/LPCUSB/blockdev_sd.o
 .debug_frame   0x00000f30       0x68 ../Bootloader/LPCUSB/lpc2000_spi.o
 .debug_frame   0x00000f98       0x38 ../Bootloader/LPCUSB/usbinit.o
 .debug_frame   0x00000fd0      0x168 ../Bootloader/LPCUSB/usbhw_lpc.o
 .debug_frame   0x00001138       0x8c ../Bootloader/LPCUSB/usbcontrol.o
 .debug_frame   0x000011c4       0x6c ../Bootloader/LPCUSB/usbstdreq.o
 .debug_frame   0x00001230       0x30 /opt/local/lib/gcc/arm-elf/4.3.2/../../../../arm-elf/lib/libc.a(lib_a-malloc.o)
 .debug_frame   0x00001260       0x38 /opt/local/lib/gcc/arm-elf/4.3.2/../../../../arm-elf/lib/libc.a(lib_a-mallocr.o)
 .debug_frame   0x00001298       0x2c /opt/local/lib/gcc/arm-elf/4.3.2/../../../../arm-elf/lib/libc.a(lib_a-memcpy.o)
 .debug_frame   0x000012c4       0x28 /opt/local/lib/gcc/arm-elf/4.3.2/../../../../arm-elf/lib/libc.a(lib_a-memset.o)
 .debug_frame   0x000012ec       0x30 /opt/local/lib/gcc/arm-elf/4.3.2/../../../../arm-elf/lib/libc.a(lib_a-mlock.o)
 .debug_frame   0x0000131c       0x28 /opt/local/lib/gcc/arm-elf/4.3.2/../../../../arm-elf/lib/libc.a(lib_a-strchr.o)
 .debug_frame   0x00001344       0x20 /opt/local/lib/gcc/arm-elf/4.3.2/../../../../arm-elf/lib/libc.a(lib_a-strcmp.o)
 .debug_frame   0x00001364       0x20 /opt/local/lib/gcc/arm-elf/4.3.2/../../../../arm-elf/lib/libc.a(lib_a-strlen.o)
 .debug_frame   0x00001384       0x2c /opt/local/lib/gcc/arm-elf/4.3.2/../../../../arm-elf/lib/libc.a(lib_a-strncmp.o)
 .debug_frame   0x000013b0       0x28 /opt/local/lib/gcc/arm-elf/4.3.2/../../../../arm-elf/lib/libc.a(lib_a-strncpy.o)
 .debug_frame   0x000013d8       0x2c /opt/local/lib/gcc/arm-elf/4.3.2/../../../../arm-elf/lib/libc.a(lib_a-strrchr.o)
 .debug_frame   0x00001404       0x50 /opt/local/lib/gcc/arm-elf/4.3.2/../../../../arm-elf/lib/libc.a(lib_a-freer.o)
 .debug_frame   0x00001454       0x28 /opt/local/lib/gcc/arm-elf/4.3.2/libgcc.a(_udivsi3.o)
 .debug_frame   0x0000147c       0x28 /opt/local/lib/gcc/arm-elf/4.3.2/libgcc.a(_divsi3.o)
 .debug_frame   0x000014a4       0x28 /opt/local/lib/gcc/arm-elf/4.3.2/libgcc.a(_umodsi3.o)
 .debug_frame   0x000014cc       0x28 /opt/local/lib/gcc/arm-elf/4.3.2/libgcc.a(_modsi3.o)

.debug_str      0x00000000     0x2984
 *(.debug_str)
 .debug_str     0x00000000      0x3a7 main.o
                                0x41f (size before relaxing)
 .debug_str     0x000003a7      0x50a ../lib/syscalls.o
                                0x5fe (size before relaxing)
 .debug_str     0x000008b1       0x99 ../lib/rprintf.o
                                0x1af (size before relaxing)
 .debug_str     0x0000094a       0x76 ../lib/serial.o
                                0x112 (size before relaxing)
 .debug_str     0x000009c0       0x31 ../lib/spi0.o
                                0x13f (size before relaxing)
 .debug_str     0x000009f1      0x246 ../lib/rootdir.o
                                0x3c3 (size before relaxing)
 .debug_str     0x00000c37      0x196 ../lib/sd_raw.o
                                0x374 (size before relaxing)
 .debug_str     0x00000dcd      0x5ba ../lib/fat16.o
                                0x880 (size before relaxing)
 .debug_str     0x00001387       0x47 ../lib/partition.o
                                0x224 (size before relaxing)
 .debug_str     0x000013ce       0x49 ../lib/MMA7260.o
                                 0xe6 (size before relaxing)
 .debug_str     0x00001417      0x107 ../lib/LCD_driver.o
                                0x248 (size before relaxing)
 .debug_str     0x0000151e       0xb5 ../lib/vs1002.o
                                0x186 (size before relaxing)
 .debug_str     0x000015d3       0x8a ../lib/NS73.o
                                0x13c (size before relaxing)
 .debug_str     0x0000165d       0x9f ../Bootloader/LPCUSB/main_msc.o
                                0x1bb (size before relaxing)
 .debug_str     0x000016fc      0x17b ../Bootloader/LPCUSB/msc_bot.o
                                0x2b2 (size before relaxing)
 .debug_str     0x00001877       0xf2 ../Bootloader/LPCUSB/msc_scsi.o
                                0x215 (size before relaxing)
 .debug_str     0x00001969       0xc4 ../Bootloader/LPCUSB/blockdev_sd.o
                                0x20a (size before relaxing)
 .debug_str     0x00001a2d       0x6c ../Bootloader/LPCUSB/lpc2000_spi.o
                                0x18d (size before relaxing)
 .debug_str     0x00001a99       0x4e ../Bootloader/LPCUSB/usbinit.o
                                0x118 (size before relaxing)
 .debug_str     0x00001ae7      0x25a ../Bootloader/LPCUSB/usbhw_lpc.o
                                0x340 (size before relaxing)
 .debug_str     0x00001d41       0xa9 ../Bootloader/LPCUSB/usbcontrol.o
                                0x20a (size before relaxing)
 .debug_str     0x00001dea      0x175 ../Bootloader/LPCUSB/usbstdreq.o
                                0x29f (size before relaxing)
 .debug_str     0x00001f5f       0xa1 /opt/local/lib/gcc/arm-elf/4.3.2/../../../../arm-elf/lib/libc.a(lib_a-malloc.o)
                                0x4f1 (size before relaxing)
 .debug_str     0x00002000      0x263 /opt/local/lib/gcc/arm-elf/4.3.2/../../../../arm-elf/lib/libc.a(lib_a-mallocr.o)
                                0x6c6 (size before relaxing)
 .debug_str     0x00002263       0xca /opt/local/lib/gcc/arm-elf/4.3.2/../../../../arm-elf/lib/libc.a(lib_a-memcpy.o)
                                 0xfd (size before relaxing)
 .debug_str     0x0000232d       0xb0 /opt/local/lib/gcc/arm-elf/4.3.2/../../../../arm-elf/lib/libc.a(lib_a-memset.o)
                                0x153 (size before relaxing)
 .debug_str     0x000023dd       0xce /opt/local/lib/gcc/arm-elf/4.3.2/../../../../arm-elf/lib/libc.a(lib_a-mlock.o)
                                0x4f8 (size before relaxing)
 .debug_str     0x000024ab       0xa8 /opt/local/lib/gcc/arm-elf/4.3.2/../../../../arm-elf/lib/libc.a(lib_a-strchr.o)
                                0x14a (size before relaxing)
 .debug_str     0x00002553       0xa3 /opt/local/lib/gcc/arm-elf/4.3.2/../../../../arm-elf/lib/libc.a(lib_a-strcmp.o)
                                0x138 (size before relaxing)
 .debug_str     0x000025f6       0xa9 /opt/local/lib/gcc/arm-elf/4.3.2/../../../../arm-elf/lib/libc.a(lib_a-strlen.o)
                                0x152 (size before relaxing)
 .debug_str     0x0000269f       0xa5 /opt/local/lib/gcc/arm-elf/4.3.2/../../../../arm-elf/lib/libc.a(lib_a-strncmp.o)
                                0x141 (size before relaxing)
 .debug_str     0x00002744       0xa5 /opt/local/lib/gcc/arm-elf/4.3.2/../../../../arm-elf/lib/libc.a(lib_a-strncpy.o)
                                0x169 (size before relaxing)
 .debug_str     0x000027e9       0xa5 /opt/local/lib/gcc/arm-elf/4.3.2/../../../../arm-elf/lib/libc.a(lib_a-strrchr.o)
                                0x13f (size before relaxing)
 .debug_str     0x0000288e       0x3c /opt/local/lib/gcc/arm-elf/4.3.2/../../../../arm-elf/lib/libc.a(lib_a-freer.o)
                                0x618 (size before relaxing)
 .debug_str     0x000028ca       0xba /opt/local/lib/gcc/arm-elf/4.3.2/../../../../arm-elf/lib/libc.a(lib_a-impure.o)
                                0x4f0 (size before relaxing)

.debug_loc      0x00000000     0x50b8
 *(.debug_loc)
 .debug_loc     0x00000000      0x76d main.o
 .debug_loc     0x0000076d       0x98 ../lib/syscalls.o
 .debug_loc     0x00000805      0x2a4 ../lib/rprintf.o
 .debug_loc     0x00000aa9       0xc9 ../lib/serial.o
 .debug_loc     0x00000b72       0x45 ../lib/spi0.o
 .debug_loc     0x00000bb7      0x23f ../lib/rootdir.o
 .debug_loc     0x00000df6      0x5c8 ../lib/sd_raw.o
 .debug_loc     0x000013be     0x1211 ../lib/fat16.o
 .debug_loc     0x000025cf      0x114 ../lib/partition.o
 .debug_loc     0x000026e3       0x13 ../lib/MMA7260.o
 .debug_loc     0x000026f6      0x58e ../lib/LCD_driver.o
 .debug_loc     0x00002c84      0x1e7 ../lib/vs1002.o
 .debug_loc     0x00002e6b      0x126 ../lib/NS73.o
 .debug_loc     0x00002f91       0xae ../Bootloader/LPCUSB/main_msc.o
 .debug_loc     0x0000303f      0x263 ../Bootloader/LPCUSB/msc_bot.o
 .debug_loc     0x000032a2      0x1b8 ../Bootloader/LPCUSB/msc_scsi.o
 .debug_loc     0x0000345a      0x2dc ../Bootloader/LPCUSB/blockdev_sd.o
 .debug_loc     0x00003736       0x45 ../Bootloader/LPCUSB/lpc2000_spi.o
 .debug_loc     0x0000377b       0x1f ../Bootloader/LPCUSB/usbinit.o
 .debug_loc     0x0000379a      0x36d ../Bootloader/LPCUSB/usbhw_lpc.o
 .debug_loc     0x00003b07      0x1cf ../Bootloader/LPCUSB/usbcontrol.o
 .debug_loc     0x00003cd6      0x2bb ../Bootloader/LPCUSB/usbstdreq.o
 .debug_loc     0x00003f91       0x3c /opt/local/lib/gcc/arm-elf/4.3.2/../../../../arm-elf/lib/libc.a(lib_a-malloc.o)
 .debug_loc     0x00003fcd      0x75d /opt/local/lib/gcc/arm-elf/4.3.2/../../../../arm-elf/lib/libc.a(lib_a-mallocr.o)
 .debug_loc     0x0000472a      0x130 /opt/local/lib/gcc/arm-elf/4.3.2/../../../../arm-elf/lib/libc.a(lib_a-memcpy.o)
 .debug_loc     0x0000485a      0x12b /opt/local/lib/gcc/arm-elf/4.3.2/../../../../arm-elf/lib/libc.a(lib_a-memset.o)
 .debug_loc     0x00004985       0xd3 /opt/local/lib/gcc/arm-elf/4.3.2/../../../../arm-elf/lib/libc.a(lib_a-strchr.o)
 .debug_loc     0x00004a58       0xba /opt/local/lib/gcc/arm-elf/4.3.2/../../../../arm-elf/lib/libc.a(lib_a-strcmp.o)
 .debug_loc     0x00004b12       0x47 /opt/local/lib/gcc/arm-elf/4.3.2/../../../../arm-elf/lib/libc.a(lib_a-strlen.o)
 .debug_loc     0x00004b59      0x105 /opt/local/lib/gcc/arm-elf/4.3.2/../../../../arm-elf/lib/libc.a(lib_a-strncmp.o)
 .debug_loc     0x00004c5e      0x128 /opt/local/lib/gcc/arm-elf/4.3.2/../../../../arm-elf/lib/libc.a(lib_a-strncpy.o)
 .debug_loc     0x00004d86       0x87 /opt/local/lib/gcc/arm-elf/4.3.2/../../../../arm-elf/lib/libc.a(lib_a-strrchr.o)
 .debug_loc     0x00004e0d      0x2ab /opt/local/lib/gcc/arm-elf/4.3.2/../../../../arm-elf/lib/libc.a(lib_a-freer.o)

.debug_macinfo
 *(.debug_macinfo)

.debug_weaknames
 *(.debug_weaknames)

.debug_funcnames
 *(.debug_funcnames)

.debug_typenames
 *(.debug_typenames)

.debug_varnames
 *(.debug_varnames)
OUTPUT(main.elf elf32-littlearm)

.debug_ranges   0x00000000      0x628
 .debug_ranges  0x00000000      0x290 main.o
 .debug_ranges  0x00000290       0x18 ../lib/rprintf.o
 .debug_ranges  0x000002a8       0x48 ../lib/sd_raw.o
 .debug_ranges  0x000002f0      0x1a8 ../lib/fat16.o
 .debug_ranges  0x00000498       0x30 ../Bootloader/LPCUSB/msc_bot.o
 .debug_ranges  0x000004c8       0x18 ../Bootloader/LPCUSB/blockdev_sd.o
 .debug_ranges  0x000004e0       0x18 ../Bootloader/LPCUSB/lpc2000_spi.o
 .debug_ranges  0x000004f8       0x78 ../Bootloader/LPCUSB/usbhw_lpc.o
 .debug_ranges  0x00000570       0x60 ../Bootloader/LPCUSB/usbstdreq.o
 .debug_ranges  0x000005d0       0x58 /opt/local/lib/gcc/arm-elf/4.3.2/../../../../arm-elf/lib/libc.a(lib_a-mallocr.o)

.ARM.attributes
                0x00000000       0x10
 .ARM.attributes
                0x00000000       0x10 main.o
 .ARM.attributes
                0x00000010       0x10 /opt/local/lib/gcc/arm-elf/4.3.2/../../../../arm-elf/lib/libc.a(lib_a-malloc.o)
 .ARM.attributes
                0x00000020       0x10 /opt/local/lib/gcc/arm-elf/4.3.2/../../../../arm-elf/lib/libc.a(lib_a-mallocr.o)
 .ARM.attributes
                0x00000030       0x10 /opt/local/lib/gcc/arm-elf/4.3.2/../../../../arm-elf/lib/libc.a(lib_a-memcpy.o)
 .ARM.attributes
                0x00000040       0x10 /opt/local/lib/gcc/arm-elf/4.3.2/../../../../arm-elf/lib/libc.a(lib_a-memset.o)
 .ARM.attributes
                0x00000050       0x10 /opt/local/lib/gcc/arm-elf/4.3.2/../../../../arm-elf/lib/libc.a(lib_a-mlock.o)
 .ARM.attributes
                0x00000060       0x10 /opt/local/lib/gcc/arm-elf/4.3.2/../../../../arm-elf/lib/libc.a(lib_a-strchr.o)
 .ARM.attributes
                0x00000070       0x10 /opt/local/lib/gcc/arm-elf/4.3.2/../../../../arm-elf/lib/libc.a(lib_a-strcmp.o)
 .ARM.attributes
                0x00000080       0x10 /opt/local/lib/gcc/arm-elf/4.3.2/../../../../arm-elf/lib/libc.a(lib_a-strlen.o)
 .ARM.attributes
                0x00000090       0x10 /opt/local/lib/gcc/arm-elf/4.3.2/../../../../arm-elf/lib/libc.a(lib_a-strncmp.o)
 .ARM.attributes
                0x000000a0       0x10 /opt/local/lib/gcc/arm-elf/4.3.2/../../../../arm-elf/lib/libc.a(lib_a-strncpy.o)
 .ARM.attributes
                0x000000b0       0x10 /opt/local/lib/gcc/arm-elf/4.3.2/../../../../arm-elf/lib/libc.a(lib_a-strrchr.o)
 .ARM.attributes
                0x000000c0       0x10 /opt/local/lib/gcc/arm-elf/4.3.2/../../../../arm-elf/lib/libc.a(lib_a-freer.o)
 .ARM.attributes
                0x000000d0       0x10 /opt/local/lib/gcc/arm-elf/4.3.2/../../../../arm-elf/lib/libc.a(lib_a-impure.o)
 .ARM.attributes
                0x000000e0       0x10 /opt/local/lib/gcc/arm-elf/4.3.2/libgcc.a(_udivsi3.o)
 .ARM.attributes
                0x000000f0       0x10 /opt/local/lib/gcc/arm-elf/4.3.2/libgcc.a(_divsi3.o)
 .ARM.attributes
                0x00000100       0x10 /opt/local/lib/gcc/arm-elf/4.3.2/libgcc.a(_umodsi3.o)
 .ARM.attributes
                0x00000110       0x10 /opt/local/lib/gcc/arm-elf/4.3.2/libgcc.a(_modsi3.o)
 .ARM.attributes
                0x00000120       0x10 /opt/local/lib/gcc/arm-elf/4.3.2/libgcc.a(_dvmd_tls.o)

Cross Reference Table

Symbol                                            File
BlockDevGetSize                                   ../Bootloader/LPCUSB/blockdev_sd.o
                                                  ../Bootloader/LPCUSB/msc_scsi.o
BlockDevInit                                      ../Bootloader/LPCUSB/blockdev_sd.o
                                                  ../Bootloader/LPCUSB/main_msc.o
BlockDevRead                                      ../Bootloader/LPCUSB/blockdev_sd.o
                                                  ../Bootloader/LPCUSB/msc_scsi.o
BlockDevWrite                                     ../Bootloader/LPCUSB/blockdev_sd.o
                                                  ../Bootloader/LPCUSB/msc_scsi.o
LCDClear                                          ../lib/LCD_driver.o
                                                  main.o
LCDContrast                                       ../lib/LCD_driver.o
LCDInit                                           ../lib/LCD_driver.o
                                                  main.o
LCDPrintLogo                                      ../lib/LCD_driver.o
                                                  main.o
LCDPrintString                                    ../lib/LCD_driver.o
                                                  main.o
LCDSetRowColor                                    ../lib/LCD_driver.o
                                                  main.o
MMA_change_mode                                   ../lib/MMA7260.o
MMA_get_x                                         ../lib/MMA7260.o
MMA_get_y                                         ../lib/MMA7260.o
[...]
USBRegisterDescriptors                            ../Bootloader/LPCUSB/usbstdreq.o
                                                  ../Bootloader/LPCUSB/main_msc.o
USBRegisterRequestHandler                         ../Bootloader/LPCUSB/usbcontrol.o
                                                  ../Bootloader/LPCUSB/usbinit.o
                                                  ../Bootloader/LPCUSB/main_msc.o
__IRQ_Wrapper                                     Startup.o
__aeabi_idiv                                      /opt/local/lib/gcc/arm-elf/4.3.2/libgcc.a(_divsi3.o)
__aeabi_idiv0                                     /opt/local/lib/gcc/arm-elf/4.3.2/libgcc.a(_dvmd_tls.o)
__aeabi_idivmod                                   /opt/local/lib/gcc/arm-elf/4.3.2/libgcc.a(_divsi3.o)
__aeabi_ldiv0                                     /opt/local/lib/gcc/arm-elf/4.3.2/libgcc.a(_dvmd_tls.o)
__aeabi_uidiv                                     /opt/local/lib/gcc/arm-elf/4.3.2/libgcc.a(_udivsi3.o)
__aeabi_uidivmod                                  /opt/local/lib/gcc/arm-elf/4.3.2/libgcc.a(_udivsi3.o)
__bss_end__                                       Startup.o
__bss_start__                                     Startup.o
__ctors_end__                                     Startup.o
__ctors_start__                                   Startup.o
__div0                                            /opt/local/lib/gcc/arm-elf/4.3.2/libgcc.a(_dvmd_tls.o)
                                                  /opt/local/lib/gcc/arm-elf/4.3.2/libgcc.a(_modsi3.o)
                                                  /opt/local/lib/gcc/arm-elf/4.3.2/libgcc.a(_umodsi3.o)
                                                  /opt/local/lib/gcc/arm-elf/4.3.2/libgcc.a(_divsi3.o)
                                                  /opt/local/lib/gcc/arm-elf/4.3.2/libgcc.a(_udivsi3.o)
__divsi3                                          /opt/local/lib/gcc/arm-elf/4.3.2/libgcc.a(_divsi3.o)
                                                  ../lib/LCD_driver.o
                                                  ../lib/fat16.o
                                                  main.o
__exit_ARM                                        Startup.o
__exit_THUMB                                      Startup.o
__malloc_av_                                      /opt/local/lib/gcc/arm-elf/4.3.2/../../../../arm-elf/lib/libc.a(lib_a-mallocr.o)
                                                  /opt/local/lib/gcc/arm-elf/4.3.2/../../../../arm-elf/lib/libc.a(lib_a-freer.o)
__malloc_current_mallinfo                         /opt/local/lib/gcc/arm-elf/4.3.2/../../../../arm-elf/lib/libc.a(lib_a-mallocr.o)
                                                  /opt/local/lib/gcc/arm-elf/4.3.2/../../../../arm-elf/lib/libc.a(lib_a-freer.o)
__malloc_lock                                     /opt/local/lib/gcc/arm-elf/4.3.2/../../../../arm-elf/lib/libc.a(lib_a-mlock.o)
                                                  /opt/local/lib/gcc/arm-elf/4.3.2/../../../../arm-elf/lib/libc.a(lib_a-freer.o)
                                                  /opt/local/lib/gcc/arm-elf/4.3.2/../../../../arm-elf/lib/libc.a(lib_a-mallocr.o)
__malloc_max_sbrked_mem                           /opt/local/lib/gcc/arm-elf/4.3.2/../../../../arm-elf/lib/libc.a(lib_a-mallocr.o)
__malloc_max_total_mem                            /opt/local/lib/gcc/arm-elf/4.3.2/../../../../arm-elf/lib/libc.a(lib_a-mallocr.o)
__malloc_sbrk_base                                /opt/local/lib/gcc/arm-elf/4.3.2/../../../../arm-elf/lib/libc.a(lib_a-mallocr.o)
                                                  /opt/local/lib/gcc/arm-elf/4.3.2/../../../../arm-elf/lib/libc.a(lib_a-freer.o)
__malloc_top_pad                                  /opt/local/lib/gcc/arm-elf/4.3.2/../../../../arm-elf/lib/libc.a(lib_a-mallocr.o)
                                                  /opt/local/lib/gcc/arm-elf/4.3.2/../../../../arm-elf/lib/libc.a(lib_a-freer.o)
__malloc_trim_threshold                           /opt/local/lib/gcc/arm-elf/4.3.2/../../../../arm-elf/lib/libc.a(lib_a-mallocr.o)
                                                  /opt/local/lib/gcc/arm-elf/4.3.2/../../../../arm-elf/lib/libc.a(lib_a-freer.o)
__malloc_unlock                                   /opt/local/lib/gcc/arm-elf/4.3.2/../../../../arm-elf/lib/libc.a(lib_a-mlock.o)
                                                  /opt/local/lib/gcc/arm-elf/4.3.2/../../../../arm-elf/lib/libc.a(lib_a-freer.o)
                                                  /opt/local/lib/gcc/arm-elf/4.3.2/../../../../arm-elf/lib/libc.a(lib_a-mallocr.o)
__modsi3                                          /opt/local/lib/gcc/arm-elf/4.3.2/libgcc.a(_modsi3.o)
                                                  ../lib/LCD_driver.o
                                                  main.o
__startup                                         Startup.o
__udivsi3                                         /opt/local/lib/gcc/arm-elf/4.3.2/libgcc.a(_udivsi3.o)
                                                  ../lib/fat16.o
                                                  ../lib/serial.o
                                                  ../lib/rprintf.o
__umodsi3                                         /opt/local/lib/gcc/arm-elf/4.3.2/libgcc.a(_umodsi3.o)
                                                  ../lib/fat16.o
                                                  ../lib/rprintf.o
_close_r                                          ../lib/syscalls.o
_data                                             Startup.o
_edata                                            Startup.o
_etext                                            Startup.o
_free_r                                           /opt/local/lib/gcc/arm-elf/4.3.2/../../../../arm-elf/lib/libc.a(lib_a-freer.o)
                                                  /opt/local/lib/gcc/arm-elf/4.3.2/../../../../arm-elf/lib/libc.a(lib_a-mallocr.o)
                                                  /opt/local/lib/gcc/arm-elf/4.3.2/../../../../arm-elf/lib/libc.a(lib_a-malloc.o)
_fstat_r                                          ../lib/syscalls.o
_global_impure_ptr                                /opt/local/lib/gcc/arm-elf/4.3.2/../../../../arm-elf/lib/libc.a(lib_a-impure.o)
_impure_ptr                                       /opt/local/lib/gcc/arm-elf/4.3.2/../../../../arm-elf/lib/libc.a(lib_a-impure.o)
                                                  /opt/local/lib/gcc/arm-elf/4.3.2/../../../../arm-elf/lib/libc.a(lib_a-malloc.o)
_lseek_r                                          ../lib/syscalls.o
_malloc_r                                         /opt/local/lib/gcc/arm-elf/4.3.2/../../../../arm-elf/lib/libc.a(lib_a-mallocr.o)
                                                  /opt/local/lib/gcc/arm-elf/4.3.2/../../../../arm-elf/lib/libc.a(lib_a-malloc.o)
_malloc_trim_r                                    /opt/local/lib/gcc/arm-elf/4.3.2/../../../../arm-elf/lib/libc.a(lib_a-freer.o)
_read_r                                           ../lib/syscalls.o
_sbrk_r                                           ../lib/syscalls.o
                                                  /opt/local/lib/gcc/arm-elf/4.3.2/../../../../arm-elf/lib/libc.a(lib_a-freer.o)
                                                  /opt/local/lib/gcc/arm-elf/4.3.2/../../../../arm-elf/lib/libc.a(lib_a-mallocr.o)
_write_r                                          ../lib/syscalls.o
black                                             ../lib/LCD_driver.o
                                                  main.o
bootUp                                            main.o
closeSong                                         main.o
contrast                                          main.o
dd                                                ../lib/rootdir.o
delay_ms                                          main.o
                                                  ../lib/NS73.o
                                                  ../lib/vs1002.o
                                                  ../lib/LCD_driver.o
                                                  ../lib/rprintf.o
dir_entry                                         ../lib/rootdir.o
disableRadio                                      main.o
enableRadio                                       main.o
end                                               ../lib/syscalls.o
fat16_close                                       ../lib/fat16.o
fat16_close_dir                                   ../lib/fat16.o
fat16_close_file                                  ../lib/fat16.o
                                                  main.o
fat16_create_file                                 ../lib/fat16.o
                                                  ../lib/rootdir.o
fat16_delete_file                                 ../lib/fat16.o
                                                  ../lib/rootdir.o
fat16_file_size                                   ../lib/fat16.o
                                                  main.o
fat16_get_dir_entry_of_path                       ../lib/fat16.o
                                                  ../lib/rootdir.o
fat16_get_fs_free                                 ../lib/fat16.o
                                                  ../lib/rootdir.o
fat16_get_fs_size                                 ../lib/fat16.o
                                                  ../lib/rootdir.o
fat16_open                                        ../lib/fat16.o
                                                  ../lib/rootdir.o
fat16_open_dir                                    ../lib/fat16.o
                                                  ../lib/rootdir.o
fat16_open_file                                   ../lib/fat16.o
fat16_read_dir                                    ../lib/fat16.o
                                                  ../lib/rootdir.o
fat16_read_file                                   ../lib/fat16.o
                                                  main.o
fat16_reset_dir                                   ../lib/fat16.o
                                                  ../lib/rootdir.o
fat16_resize_file                                 ../lib/fat16.o
fat16_seek_file                                   ../lib/fat16.o
fat16_write_file                                  ../lib/fat16.o
fd                                                ../lib/rootdir.o
fillSettings                                      main.o
find_file_in_dir                                  ../lib/fat16.o
                                                  ../lib/rootdir.o
format_card                                       ../lib/sd_raw.o
free                                              /opt/local/lib/gcc/arm-elf/4.3.2/../../../../arm-elf/lib/libc.a(lib_a-malloc.o)
                                                  ../lib/partition.o
                                                  ../lib/fat16.o
fs                                                ../lib/rootdir.o
getButton                                         main.o
getNewFiles                                       main.o
getc0                                             ../lib/serial.o
getkey_serial0                                    ../lib/serial.o
handleDownButton                                  main.o
handleMiddleButton                                main.o
handleUpButton                                    main.o
highlightRow                                      main.o
init_serial0                                      ../lib/serial.o
initializeFMTransmitter                           main.o
isatty                                            ../lib/syscalls.o
loadSongInfo                                      main.o
main                                              main.o
                                                  Startup.o
main_msc                                          ../Bootloader/LPCUSB/main_msc.o
                                                  main.o
malloc                                            /opt/local/lib/gcc/arm-elf/4.3.2/../../../../arm-elf/lib/libc.a(lib_a-malloc.o)
                                                  ../lib/partition.o
                                                  ../lib/fat16.o
memcpy                                            /opt/local/lib/gcc/arm-elf/4.3.2/../../../../arm-elf/lib/libc.a(lib_a-memcpy.o)
                                                  ../Bootloader/LPCUSB/msc_scsi.o
                                                  ../lib/fat16.o
                                                  ../lib/sd_raw.o
memset                                            /opt/local/lib/gcc/arm-elf/4.3.2/../../../../arm-elf/lib/libc.a(lib_a-memset.o)
                                                  ../lib/partition.o
                                                  ../lib/fat16.o
                                                  ../lib/sd_raw.o
newline                                           main.o
ns73Config                                        ../lib/NS73.o
                                                  main.o
ns73Init                                          ../lib/NS73.o
                                                  main.o
ns73Send                                          ../lib/NS73.o
                                                  main.o
ns73SerialReset                                   ../lib/NS73.o
ns73SetChannel                                    ../lib/NS73.o
                                                  main.o
open_file_in_dir                                  ../lib/fat16.o
                                                  ../lib/rootdir.o
openroot                                          ../lib/rootdir.o
                                                  main.o
partition                                         ../lib/rootdir.o
partition_close                                   ../lib/partition.o
partition_open                                    ../lib/partition.o
                                                  ../lib/rootdir.o
printMenu                                         main.o
print_disk_info                                   ../lib/rootdir.o
putc_serial0                                      ../lib/serial.o
                                                  main.o
putchar_serial0                                   ../lib/serial.o
putstring_serial0                                 ../lib/serial.o
quickClear                                        main.o
radio_channel                                     main.o
radio_channel_menu                                main.o
radio_enable                                      main.o
radio_power                                       main.o
red                                               ../lib/LCD_driver.o
reset                                             main.o
rootDirectory_files                               ../lib/rootdir.o
                                                  main.o
rootDirectory_files_stream                        ../lib/rootdir.o
                                                  main.o
root_delete                                       ../lib/rootdir.o
root_disk_info                                    ../lib/rootdir.o
root_file_exists                                  ../lib/rootdir.o
                                                  main.o
root_format                                       ../lib/rootdir.o
root_open                                         ../lib/rootdir.o
                                                  main.o
root_open_new                                     ../lib/rootdir.o
rprintf                                           ../lib/rprintf.o
                                                  ../Bootloader/LPCUSB/lpc2000_spi.o
                                                  ../Bootloader/LPCUSB/blockdev_sd.o
                                                  ../Bootloader/LPCUSB/main_msc.o
                                                  ../lib/fat16.o
                                                  ../lib/sd_raw.o
                                                  ../lib/rootdir.o
                                                  main.o
rprintf_devopen                                   ../lib/rprintf.o
                                                  main.o
sd_raw_available                                  ../lib/sd_raw.o
sd_raw_get_info                                   ../lib/sd_raw.o
                                                  ../lib/rootdir.o
sd_raw_init                                       ../lib/sd_raw.o
                                                  main.o
sd_raw_locked                                     ../lib/sd_raw.o
sd_raw_read                                       ../lib/sd_raw.o
                                                  ../lib/rootdir.o
sd_raw_read_interval                              ../lib/sd_raw.o
                                                  ../lib/rootdir.o
sd_raw_sync                                       ../lib/sd_raw.o
sd_raw_write                                      ../lib/sd_raw.o
                                                  ../lib/rootdir.o
sendMP3Data                                       main.o
settings                                          main.o
strchr                                            /opt/local/lib/gcc/arm-elf/4.3.2/../../../../arm-elf/lib/libc.a(lib_a-strchr.o)
                                                  /opt/local/lib/gcc/arm-elf/4.3.2/../../../../arm-elf/lib/libc.a(lib_a-strrchr.o)
                                                  ../lib/fat16.o
strcmp                                            /opt/local/lib/gcc/arm-elf/4.3.2/../../../../arm-elf/lib/libc.a(lib_a-strcmp.o)
                                                  ../lib/fat16.o
strlen                                            /opt/local/lib/gcc/arm-elf/4.3.2/../../../../arm-elf/lib/libc.a(lib_a-strlen.o)
                                                  ../lib/fat16.o
strncmp                                           /opt/local/lib/gcc/arm-elf/4.3.2/../../../../arm-elf/lib/libc.a(lib_a-strncmp.o)
                                                  ../lib/fat16.o
strncpy                                           /opt/local/lib/gcc/arm-elf/4.3.2/../../../../arm-elf/lib/libc.a(lib_a-strncpy.o)
                                                  ../lib/fat16.o
strrchr                                           /opt/local/lib/gcc/arm-elf/4.3.2/../../../../arm-elf/lib/libc.a(lib_a-strrchr.o)
                                                  ../lib/fat16.o
volume                                            main.o
volume_setting                                    main.o
vs1002Config                                      ../lib/vs1002.o
                                                  main.o
vs1002Finish                                      ../lib/vs1002.o
                                                  main.o
vs1002Init                                        ../lib/vs1002.o
                                                  main.o
vs1002Mute                                        ../lib/vs1002.o
vs1002Reset                                       ../lib/vs1002.o
                                                  main.o
vs1002SCIRead                                     ../lib/vs1002.o
vs1002SCIWrite                                    ../lib/vs1002.o
                                                  main.o
vs1002SendMusic                                   ../lib/vs1002.o
                                                  main.o
vs1002SetVolume                                   ../lib/vs1002.o
                                                  main.o
vs1002SineTest                                    ../lib/vs1002.o
welcome                                           main.o
white                                             ../lib/LCD_driver.o
                                                  main.o
